early console in setup code
early console in decompress_kernel

Decompressing Linux... Parsing ELF... done.
Booting the kernel.
[    0.000000] Initializing cgroup subsys cpuset
[    0.000000] Initializing cgroup subsys cpu
[    0.000000] Initializing cgroup subsys cpuacct
[    0.000000] Linux version 4.2.0-team50-tsan (progman@m91p) (gcc version 6.0.0 20150825 (experimental) (GCC) ) #228 SMP Mon Oct 31 18:18:19 EDT 2016
[    0.000000] Command line: console=ttyS0 root=/dev/sda debug earlyprintk=serial slub_debug=QUZ
[    0.000000] x86/fpu: Legacy x87 FPU detected.
[    0.000000] x86/fpu: Using 'lazy' FPU context switches.
[    0.000000] e820: BIOS-provided physical RAM map:
[    0.000000] BIOS-e820: [mem 0x0000000000000000-0x000000000009fbff] usable
[    0.000000] BIOS-e820: [mem 0x000000000009fc00-0x000000000009ffff] reserved
[    0.000000] BIOS-e820: [mem 0x00000000000f0000-0x00000000000fffff] reserved
[    0.000000] BIOS-e820: [mem 0x0000000000100000-0x00000000bffdefff] usable
[    0.000000] BIOS-e820: [mem 0x00000000bffdf000-0x00000000bfffffff] reserved
[    0.000000] BIOS-e820: [mem 0x00000000feffc000-0x00000000feffffff] reserved
[    0.000000] BIOS-e820: [mem 0x00000000fffc0000-0x00000000ffffffff] reserved
[    0.000000] BIOS-e820: [mem 0x0000000100000000-0x000000053fffffff] usable
[    0.000000] bootconsole [earlyser0] enabled
[    0.000000] NX (Execute Disable) protection: active
[    0.000000] SMBIOS 2.8 present.
[    0.000000] DMI: QEMU Standard PC (i440FX + PIIX, 1996), BIOS Ubuntu-1.8.2-1ubuntu2 04/01/2014
[    0.000000] Hypervisor detected: KVM
[    0.000000] e820: update [mem 0x00000000-0x00000fff] usable ==> reserved
[    0.000000] e820: remove [mem 0x000a0000-0x000fffff] usable
[    0.000000] e820: last_pfn = 0x540000 max_arch_pfn = 0x400000000
[    0.000000] MTRR default type: write-back
[    0.000000] MTRR fixed ranges enabled:
[    0.000000]   00000-9FFFF write-back
[    0.000000]   A0000-BFFFF uncachable
[    0.000000]   C0000-FFFFF write-protect
[    0.000000] MTRR variable ranges enabled:
[    0.000000]   0 base 00C0000000 mask FFC0000000 uncachable
[    0.000000]   1 disabled
[    0.000000]   2 disabled
[    0.000000]   3 disabled
[    0.000000]   4 disabled
[    0.000000]   5 disabled
[    0.000000]   6 disabled
[    0.000000]   7 disabled
[    0.000000] x86/PAT: PAT not supported by CPU.
[    0.000000] e820: last_pfn = 0xbffdf max_arch_pfn = 0x400000000
[    0.000000] found SMP MP-table at [mem 0x000f64c0-0x000f64cf] mapped at [ffff8800000f64c0]
[    0.000000] Scanning 1 areas for low memory corruption
[    0.000000] Base memory trampoline at [ffff880000099000] 99000 size 24576
[    0.000000] init_memory_mapping: [mem 0x00000000-0x000fffff]
[    0.000000]  [mem 0x00000000-0x000fffff] page 4k
[    0.000000] BRK [0x028d5000, 0x028d5fff] PGTABLE
[    0.000000] BRK [0x028d6000, 0x028d6fff] PGTABLE
[    0.000000] BRK [0x028d7000, 0x028d7fff] PGTABLE
[    0.000000] init_memory_mapping: [mem 0x53fe00000-0x53fffffff]
[    0.000000]  [mem 0x53fe00000-0x53fffffff] page 2M
[    0.000000] BRK [0x028d8000, 0x028d8fff] PGTABLE
[    0.000000] init_memory_mapping: [mem 0x520000000-0x53fdfffff]
[    0.000000]  [mem 0x520000000-0x53fdfffff] page 2M
[    0.000000] init_memory_mapping: [mem 0x00100000-0xbffdefff]
[    0.000000]  [mem 0x00100000-0x001fffff] page 4k
[    0.000000]  [mem 0x00200000-0xbfdfffff] page 2M
[    0.000000]  [mem 0xbfe00000-0xbffdefff] page 4k
[    0.000000] init_memory_mapping: [mem 0x100000000-0x51fffffff]
[    0.000000]  [mem 0x100000000-0x51fffffff] page 2M
[    0.000000] BRK [0x028d9000, 0x028d9fff] PGTABLE
[    0.000000] BRK [0x028da000, 0x028dafff] PGTABLE
[    0.000000] ACPI: Early table checksum verification disabled
[    0.000000] ACPI: RSDP 0x00000000000F6470 000014 (v00 BOCHS )
[    0.000000] ACPI: RSDT 0x00000000BFFE155A 000030 (v01 BOCHS  BXPCRSDT 00000001 BXPC 00000001)
[    0.000000] ACPI: FACP 0x00000000BFFE141E 000074 (v01 BOCHS  BXPCFACP 00000001 BXPC 00000001)
[    0.000000] ACPI: DSDT 0x00000000BFFDFD80 00169E (v01 BOCHS  BXPCDSDT 00000001 BXPC 00000001)
[    0.000000] ACPI: FACS 0x00000000BFFDFD40 000040
[    0.000000] ACPI: APIC 0x00000000BFFE1492 000090 (v01 BOCHS  BXPCAPIC 00000001 BXPC 00000001)
[    0.000000] ACPI: HPET 0x00000000BFFE1522 000038 (v01 BOCHS  BXPCHPET 00000001 BXPC 00000001)
[    0.000000] ACPI: Local APIC address 0xfee00000
[    0.000000] No NUMA configuration found
[    0.000000] Faking a node at [mem 0x0000000000000000-0x000000053fffffff]
[    0.000000] NODE_DATA(0) allocated [mem 0x53ffeb000-0x53ffeefff]
[    0.000000] kvm-clock: Using msrs 4b564d01 and 4b564d00
[    0.000000] kvm-clock: cpu 0, msr 5:3ffea001, primary cpu clock
[    0.000000] clocksource: kvm-clock: mask: 0xffffffffffffffff max_cycles: 0x1cd42e4dffb, max_idle_ns: 881590591483 ns
[    0.000000]  [ffffea0000000000-ffffea0014ffffff] PMD -> [ffff88052b600000-ffff88053f5fffff] on node 0
[    0.000000] Zone ranges:
[    0.000000]   DMA      [mem 0x0000000000001000-0x0000000000ffffff]
[    0.000000]   DMA32    [mem 0x0000000001000000-0x00000000ffffffff]
[    0.000000]   Normal   [mem 0x0000000100000000-0x000000053fffffff]
[    0.000000] Movable zone start for each node
[    0.000000] Early memory node ranges
[    0.000000]   node   0: [mem 0x0000000000001000-0x000000000009efff]
[    0.000000]   node   0: [mem 0x0000000000100000-0x00000000bffdefff]
[    0.000000]   node   0: [mem 0x0000000100000000-0x000000053fffffff]
[    0.000000] Initmem setup node 0 [mem 0x0000000000001000-0x000000053fffffff]
[    0.000000] On node 0 totalpages: 5242749
[    0.000000]   DMA zone: 64 pages used for memmap
[    0.000000]   DMA zone: 21 pages reserved
[    0.000000]   DMA zone: 3998 pages, LIFO batch:0
[    0.000000]   DMA32 zone: 12224 pages used for memmap
[    0.000000]   DMA32 zone: 782303 pages, LIFO batch:31
[    0.000000]   Normal zone: 69632 pages used for memmap
[    0.000000]   Normal zone: 4456448 pages, LIFO batch:31
[    0.000000] ACPI: PM-Timer IO Port: 0x608
[    0.000000] ACPI: Local APIC address 0xfee00000
[    0.000000] ACPI: LAPIC_NMI (acpi_id[0xff] dfl dfl lint[0x1])
[    0.000000] IOAPIC[0]: apic_id 0, version 17, address 0xfec00000, GSI 0-23
[    0.000000] ACPI: INT_SRC_OVR (bus 0 bus_irq 0 global_irq 2 dfl dfl)
[    0.000000] ACPI: INT_SRC_OVR (bus 0 bus_irq 5 global_irq 5 high level)
[    0.000000] ACPI: INT_SRC_OVR (bus 0 bus_irq 9 global_irq 9 high level)
[    0.000000] ACPI: INT_SRC_OVR (bus 0 bus_irq 10 global_irq 10 high level)
[    0.000000] ACPI: INT_SRC_OVR (bus 0 bus_irq 11 global_irq 11 high level)
[    0.000000] ACPI: IRQ0 used by override.
[    0.000000] ACPI: IRQ5 used by override.
[    0.000000] ACPI: IRQ9 used by override.
[    0.000000] ACPI: IRQ10 used by override.
[    0.000000] ACPI: IRQ11 used by override.
[    0.000000] Using ACPI (MADT) for SMP configuration information
[    0.000000] ACPI: HPET id: 0x8086a201 base: 0xfed00000
[    0.000000] smpboot: Allowing 4 CPUs, 0 hotplug CPUs
[    0.000000] PM: Registered nosave memory: [mem 0x00000000-0x00000fff]
[    0.000000] PM: Registered nosave memory: [mem 0x0009f000-0x0009ffff]
[    0.000000] PM: Registered nosave memory: [mem 0x000a0000-0x000effff]
[    0.000000] PM: Registered nosave memory: [mem 0x000f0000-0x000fffff]
[    0.000000] PM: Registered nosave memory: [mem 0xbffdf000-0xbfffffff]
[    0.000000] PM: Registered nosave memory: [mem 0xc0000000-0xfeffbfff]
[    0.000000] PM: Registered nosave memory: [mem 0xfeffc000-0xfeffffff]
[    0.000000] PM: Registered nosave memory: [mem 0xff000000-0xfffbffff]
[    0.000000] PM: Registered nosave memory: [mem 0xfffc0000-0xffffffff]
[    0.000000] e820: [mem 0xc0000000-0xfeffbfff] available for PCI devices
[    0.000000] Booting paravirtualized kernel on KVM
[    0.000000] clocksource: refined-jiffies: mask: 0xffffffff max_cycles: 0xffffffff, max_idle_ns: 1910969940391419 ns
[    0.000000] setup_percpu: NR_CPUS:64 nr_cpumask_bits:64 nr_cpu_ids:4 nr_node_ids:1
[    0.000000] PERCPU: Embedded 32 pages/cpu @ffff88053fc00000 s90328 r8192 d32552 u524288
[    0.000000] pcpu-alloc: s90328 r8192 d32552 u524288 alloc=1*2097152
[    0.000000] pcpu-alloc: [0] 0 1 2 3 
[    0.000000] KVM setup async PF for cpu 0
[    0.000000] kvm-stealtime: cpu 0, msr 53fc0d440
[    0.000000] Built 1 zonelists in Node order, mobility grouping on.  Total pages: 5160808
[    0.000000] Policy zone: Normal
[    0.000000] Kernel command line: console=ttyS0 root=/dev/sda debug earlyprintk=serial slub_debug=QUZ
[    0.000000] PID hash table entries: 4096 (order: 3, 32768 bytes)
[    0.000000] Calgary: detecting Calgary via BIOS EBDA area
[    0.000000] Calgary: Unable to locate Rio Grande table in EBDA - bailing!
[    0.000000] Memory: 5718644K/20970996K available (15275K kernel code, 1106K rwdata, 2804K rodata, 1348K init, 2476K bss, 15252352K reserved, 0K cma-reserved)
[    0.000000] Hierarchical RCU implementation.
[    0.000000] 	Additional per-CPU info printed with stalls.
[    0.000000] 	Build-time adjustment of leaf fanout to 64.
[    0.000000] 	RCU restricting CPUs from NR_CPUS=64 to nr_cpu_ids=4.
[    0.000000] RCU: Adjusting geometry for rcu_fanout_leaf=64, nr_cpu_ids=4
[    0.000000] NR_IRQS:4352 nr_irqs:456 16
[    0.000000] Console: colour VGA+ 80x25
[    0.000000] console [ttyS0] enabled
[    0.000000] console [ttyS0] enabled
[    0.000000] bootconsole [earlyser0] disabled
[    0.000000] bootconsole [earlyser0] disabled
[    0.000000] clocksource: hpet: mask: 0xffffffff max_cycles: 0xffffffff, max_idle_ns: 19112604467 ns
[    0.000000] hpet clockevent registered
[    0.000000] tsc: Detected 2659.998 MHz processor
[    0.003000] Calibrating delay loop (skipped) preset value.. 5319.99 BogoMIPS (lpj=2659998)
[    0.003472] pid_max: default: 32768 minimum: 301
[    0.004059] ACPI: Core revision 20150619
[    0.028044] ACPI: All ACPI Tables successfully acquired
[    0.029045] Security Framework initialized
[    0.029738] SELinux:  Initializing.
[    0.030074] SELinux:  Starting in permissive mode
[    0.130839] Dentry cache hash table entries: 4194304 (order: 13, 33554432 bytes)
[    0.372230] Inode-cache hash table entries: 2097152 (order: 12, 16777216 bytes)
[    0.472594] Mount-cache hash table entries: 65536 (order: 7, 524288 bytes)
[    0.475284] Mountpoint-cache hash table entries: 65536 (order: 7, 524288 bytes)
[    0.484398] Initializing cgroup subsys freezer
[    0.485216] mce: CPU supports 10 MCE banks
[    0.486071] Last level iTLB entries: 4KB 0, 2MB 0, 4MB 0
[    0.487018] Last level dTLB entries: 4KB 0, 2MB 0, 4MB 0, 1GB 0
[    0.489184] Freeing SMP alternatives memory: 4K (ffffffff82667000 - ffffffff82668000)
[    0.579222] KTSAN: enabled
[    0.579678] ktsan memory usage: 14 GB + shadow.
[    0.580011]              syncs: 13413 MB 
[    0.581011]           memblock: 13 MB 
[    0.581626]       percpu syncs: 0 MB
[    0.582010]              tasks: 0 MB
[    0.582572]       thrs (trace): 544 MB
[    0.583010]        stack depot: 512 MB
[    0.590000] ..TIMER: vector=0x30 apic1=0 pin1=2 apic2=-1 pin2=-1
[    0.590000] smpboot: CPU0: Intel QEMU Virtual CPU version 2.5+ (fam: 06, model: 06, stepping: 03)
[    0.591511] Performance Events: Broken PMU hardware detected, using software events only.
[    0.593124] Failed to access perfctr msr (MSR c2 is 0)
[    0.618632] x86: Booting SMP configuration:
[    0.619125] .... node  #0, CPUs:      #1
[    0.003000] kvm-clock: cpu 1, msr 5:3ffea041, secondary cpu clock
[    0.625047] KVM setup async PF for cpu 1
[    0.626000] kvm-stealtime: cpu 1, msr 53fc8d440
[    0.633547]  #2
[    0.003000] kvm-clock: cpu 2, msr 5:3ffea081, secondary cpu clock
[    0.639044] KVM setup async PF for cpu 2
[    0.639962] kvm-stealtime: cpu 2, msr 53fd0d440
[    0.648159]  #3
[    0.003000] kvm-clock: cpu 3, msr 5:3ffea0c1, secondary cpu clock
[    0.653688] x86: Booted up 1 node, 4 CPUs
[    0.653396] KVM setup async PF for cpu 3
[    0.653396] kvm-stealtime: cpu 3, msr 53fd8d440
[    0.656154] smpboot: Total of 4 processors activated (21279.98 BogoMIPS)
[    0.658562] ==================================================================
[    0.659000] ThreadSanitizer: data-race in multi_cpu_stop
[    0.659000] 
[    0.659000] Write at 0xffff8801925dbdd0 of size 4 by thread 18 on CPU 3:
[    0.659000]  [<ffffffff8115ff09>] multi_cpu_stop+0x159/0x1a0
[    0.659000]  [<ffffffff811602b1>] cpu_stopper_thread+0x131/0x1f0
[    0.659000]  [<ffffffff810c1356>] smpboot_thread_fn+0x206/0x270
[    0.659000]  [<ffffffff810bb9e0>] kthread+0x150/0x170
[    0.659000]  [<ffffffff81ee5e3f>] ret_from_fork+0x3f/0x70
[    0.659000] 
[    0.659000] Previous read at 0xffff8801925dbdd0 of size 4 by thread 14 on CPU 2:
[    0.659000]  [<ffffffff8115fe3f>] multi_cpu_stop+0x8f/0x1a0
[    0.659000]  [<ffffffff811602b1>] cpu_stopper_thread+0x131/0x1f0
[    0.659000]  [<ffffffff810c1356>] smpboot_thread_fn+0x206/0x270
[    0.659000]  [<ffffffff810bb9e0>] kthread+0x150/0x170
[    0.659000]  [<ffffffff81ee5e3f>] ret_from_fork+0x3f/0x70
[    0.659000] 
[    0.659000] ==================================================================
[    0.677731] ==================================================================
[    0.678000] ThreadSanitizer: data-race in cpu_stop_signal_done
[    0.678000] 
[    0.678000] Write at 0xffff8801925dbd1c of size 1 by thread 9 on CPU 0:
[    0.678000]  [<ffffffff8115fbea>] cpu_stop_signal_done+0x4a/0x70
[    0.678000]  [<ffffffff811601d6>] cpu_stopper_thread+0x56/0x1f0
[    0.678000]  [<ffffffff810c1356>] smpboot_thread_fn+0x206/0x270
[    0.678000]  [<ffffffff810bb9e0>] kthread+0x150/0x170
[    0.678000]  [<ffffffff81ee5e3f>] ret_from_fork+0x3f/0x70
[    0.678000] 
[    0.678000] Previous write at 0xffff8801925dbd1c of size 1 by thread 18 on CPU 3:
[    0.678000]  [<ffffffff8115fbea>] cpu_stop_signal_done+0x4a/0x70
[    0.678000]  [<ffffffff811601d6>] cpu_stopper_thread+0x56/0x1f0
[    0.678000]  [<ffffffff810c1356>] smpboot_thread_fn+0x206/0x270
[    0.678000]  [<ffffffff810bb9e0>] kthread+0x150/0x170
[    0.678000]  [<ffffffff81ee5e3f>] ret_from_fork+0x3f/0x70
[    0.678000] 
[    0.678000] ==================================================================
[    0.689238] devtmpfs: initialized
[    0.716401] kworker/u8:0 (26) used greatest stack depth: 12888 bytes left
[    0.717738] clocksource: jiffies: mask: 0xffffffff max_cycles: 0xffffffff, max_idle_ns: 1911260446275000 ns
[    0.724836] RTC time:  9:31:48, date: 11/01/16
[    0.734355] NET: Registered protocol family 16
[    0.760242] cpuidle: using governor ladder
[    0.768253] cpuidle: using governor menu
[    0.773604] ACPI: bus type PCI registered
[    0.779287] PCI: Using configuration type 1 for base access
[    0.787728] kworker/u8:1 (43) used greatest stack depth: 16 bytes left
[    1.110861] kworker/u8:1 (233) used greatest stack depth: 8 bytes left
[    1.369074] ACPI: Added _OSI(Module Device)
[    1.369930] ACPI: Added _OSI(Processor Device)
[    1.371189] ACPI: Added _OSI(3.0 _SCP Extensions)
[    1.372182] ACPI: Added _OSI(Processor Aggregator Device)
[    1.560175] ACPI: Interpreter enabled
[    1.561149] ACPI Exception: AE_NOT_FOUND, While evaluating Sleep State [\_S1_] (20150619/hwxface-580)
[    1.563198] ACPI Exception: AE_NOT_FOUND, While evaluating Sleep State [\_S2_] (20150619/hwxface-580)
[    1.566551] ACPI: (supports S0 S3 S4 S5)
[    1.567178] ACPI: Using IOAPIC for interrupt routing
[    1.571430] PCI: Using host bridge windows from ACPI; if necessary, use "pci=nocrs" and report a bug
[    2.208382] ACPI: PCI Root Bridge [PCI0] (domain 0000 [bus 00-ff])
[    2.210329] acpi PNP0A03:00: _OSC: OS supports [ASPM ClockPM Segments MSI]
[    2.211549] acpi PNP0A03:00: _OSC failed (AE_NOT_FOUND); disabling ASPM
[    2.213764] acpi PNP0A03:00: fail to add MMCONFIG information, can't access extended PCI configuration space under this bridge.
[    2.220280] PCI host bridge to bus 0000:00
[    2.221327] pci_bus 0000:00: root bus resource [bus 00-ff]
[    2.222237] pci_bus 0000:00: root bus resource [io  0x0000-0x0cf7 window]
[    2.224257] pci_bus 0000:00: root bus resource [io  0x0d00-0xffff window]
[    2.225247] pci_bus 0000:00: root bus resource [mem 0x000a0000-0x000bffff window]
[    2.226247] pci_bus 0000:00: root bus resource [mem 0xc0000000-0xfebfffff window]
[    2.227637] pci 0000:00:00.0: [8086:1237] type 00 class 0x060000
[    2.247474] pci 0000:00:01.0: [8086:7000] type 00 class 0x060100
[    2.264736] pci 0000:00:01.1: [8086:7010] type 00 class 0x010180
[    2.270627] pci 0000:00:01.1: reg 0x20: [io  0xc040-0xc04f]
[    2.274214] pci 0000:00:01.1: legacy IDE quirk: reg 0x10: [io  0x01f0-0x01f7]
[    2.276183] pci 0000:00:01.1: legacy IDE quirk: reg 0x14: [io  0x03f6]
[    2.278175] pci 0000:00:01.1: legacy IDE quirk: reg 0x18: [io  0x0170-0x0177]
[    2.279226] pci 0000:00:01.1: legacy IDE quirk: reg 0x1c: [io  0x0376]
[    2.292834] pci 0000:00:01.3: [8086:7113] type 00 class 0x068000
[    2.295580] pci 0000:00:01.3: quirk: [io  0x0600-0x063f] claimed by PIIX4 ACPI
[    2.297217] pci 0000:00:01.3: quirk: [io  0x0700-0x070f] claimed by PIIX4 SMB
[    2.312571] pci 0000:00:02.0: [1234:1111] type 00 class 0x030000
[    2.316235] pci 0000:00:02.0: reg 0x10: [mem 0xfd000000-0xfdffffff pref]
[    2.320240] pci 0000:00:02.0: reg 0x18: [mem 0xfebf0000-0xfebf0fff]
[    2.328245] pci 0000:00:02.0: reg 0x30: [mem 0xfebe0000-0xfebeffff pref]
[    2.343686] pci 0000:00:03.0: [8086:100e] type 00 class 0x020000
[    2.346765] pci 0000:00:03.0: reg 0x10: [mem 0xfebc0000-0xfebdffff]
[    2.348202] pci 0000:00:03.0: reg 0x14: [io  0xc000-0xc03f]
[    2.358176] pci 0000:00:03.0: reg 0x30: [mem 0xfeb80000-0xfebbffff pref]
[    2.417739] ACPI: PCI Interrupt Link [LNKA] (IRQs 5 *10 11)
[    2.425868] ACPI: PCI Interrupt Link [LNKB] (IRQs 5 *10 11)
[    2.434290] ACPI: PCI Interrupt Link [LNKC] (IRQs 5 10 *11)
[    2.442733] ACPI: PCI Interrupt Link [LNKD] (IRQs 5 10 *11)
[    2.447626] ACPI: PCI Interrupt Link [LNKS] (IRQs *9)
[    2.490923] ACPI: Enabled 16 GPEs in block 00 to 0F
[    2.499790] vgaarb: setting as boot device: PCI:0000:00:02.0
[    2.500000] vgaarb: device added: PCI:0000:00:02.0,decodes=io+mem,owns=io+mem,locks=none
[    2.504294] vgaarb: loaded
[    2.505185] vgaarb: bridge control possible 0000:00:02.0
[    2.517822] SCSI subsystem initialized
[    2.523823] libata version 3.00 loaded.
[    2.532585] ACPI: bus type USB registered
[    2.538432] usbcore: registered new interface driver usbfs
[    2.541782] usbcore: registered new interface driver hub
[    2.546367] usbcore: registered new device driver usb
[    2.553244] pps_core: LinuxPPS API ver. 1 registered
[    2.555251] pps_core: Software ver. 5.3.6 - Copyright 2005-2007 Rodolfo Giometti <giometti@linux.it>
[    2.558697] PTP clock support registered
[    2.571325] Advanced Linux Sound Architecture Driver Initialized.
[    2.576736] PCI: Using ACPI for IRQ routing
[    2.578223] PCI: pci_cache_line_size set to 64 bytes
[    2.580444] e820: reserve RAM buffer [mem 0x0009fc00-0x0009ffff]
[    2.582254] e820: reserve RAM buffer [mem 0xbffdf000-0xbfffffff]
[    2.614487] NetLabel: Initializing
[    2.616219] NetLabel:  domain hash size = 128
[    2.617171] NetLabel:  protocols = UNLABELED CIPSOv4
[    2.619840] NetLabel:  unlabeled traffic allowed by default
[    2.629291] HPET: 3 timers in total, 0 timers will be used for per-cpu timer
[    2.631187] hpet0: at MMIO 0xfed00000, IRQs 2, 8, 0
[    2.632531] hpet0: 3 comparators, 64-bit 100.000000 MHz counter
[    2.645782] clocksource: Switched to clocksource kvm-clock
[    4.255726] pnp: PnP ACPI init
[    4.262657] pnp 00:00: Plug and Play ACPI device, IDs PNP0b00 (active)
[    4.269482] pnp 00:01: Plug and Play ACPI device, IDs PNP0303 (active)
[    4.274800] pnp 00:02: Plug and Play ACPI device, IDs PNP0f13 (active)
[    4.276944] pnp 00:03: [dma 2]
[    4.280042] pnp 00:03: Plug and Play ACPI device, IDs PNP0700 (active)
[    4.286475] pnp 00:04: Plug and Play ACPI device, IDs PNP0400 (active)
[    4.292572] pnp 00:05: Plug and Play ACPI device, IDs PNP0501 (active)
[    4.312961] pnp: PnP ACPI: found 6 devices
[    4.622333] clocksource: acpi_pm: mask: 0xffffff max_cycles: 0xffffff, max_idle_ns: 2085701024 ns
[    4.624509] pci_bus 0000:00: resource 4 [io  0x0000-0x0cf7 window]
[    4.625857] pci_bus 0000:00: resource 5 [io  0x0d00-0xffff window]
[    4.627393] pci_bus 0000:00: resource 6 [mem 0x000a0000-0x000bffff window]
[    4.628876] pci_bus 0000:00: resource 7 [mem 0xc0000000-0xfebfffff window]
[    4.632787] NET: Registered protocol family 2
[    4.708501] TCP established hash table entries: 262144 (order: 9, 2097152 bytes)
[    4.769925] TCP bind hash table entries: 65536 (order: 8, 1048576 bytes)
[    4.783414] TCP: Hash tables configured (established 262144 bind 65536)
[    4.801946] UDP hash table entries: 16384 (order: 7, 524288 bytes)
[    4.827390] UDP-Lite hash table entries: 16384 (order: 7, 524288 bytes)
[    4.841562] NET: Registered protocol family 1
[    4.849962] RPC: Registered named UNIX socket transport module.
[    4.851280] RPC: Registered udp transport module.
[    4.852538] RPC: Registered tcp transport module.
[    4.853657] RPC: Registered tcp NFSv4.1 backchannel transport module.
[    4.855518] pci 0000:00:00.0: Limiting direct PCI/PCI transfers
[    4.857009] pci 0000:00:01.0: PIIX3: Enabling Passive Release
[    4.858713] pci 0000:00:01.0: Activating ISA DMA hang workarounds
[    4.860629] pci 0000:00:02.0: Video device with shadowed ROM
[    4.862009] PCI: CLS 0 bytes, default 64
[    4.869854] PCI-DMA: Using software bounce buffering for IO (SWIOTLB)
[    4.871488] software IO TLB [mem 0xbbfdf000-0xbffdf000] (64MB) mapped at [ffff8800bbfdf000-ffff8800bffdefff]
[    4.878995] microcode: CPU0 sig=0x663, pf=0x1, revision=0x1
[    4.880795] microcode: CPU1 sig=0x663, pf=0x1, revision=0x1
[    4.882537] microcode: CPU2 sig=0x663, pf=0x1, revision=0x1
[    4.884589] microcode: CPU3 sig=0x663, pf=0x1, revision=0x1
[    4.890616] microcode: Microcode Update Driver: v2.00 <tigran@aivazian.fsnet.co.uk>, Peter Oruba
[    4.937685] Scanning for low memory corruption every 60 seconds
[    4.978986] futex hash table entries: 1024 (order: 4, 65536 bytes)
[    4.982452] audit: initializing netlink subsys (disabled)
[    4.984525] audit: type=2000 audit(1477992712.511:1): initialized
[    5.003964] HugeTLB registered 2 MB page size, pre-allocated 0 pages
[    5.014745] VFS: Disk quotas dquot_6.6.0
[    5.016708] VFS: Dquot-cache hash table entries: 512 (order 0, 4096 bytes)
[    5.036531] NFS: Registering the id_resolver key type
[    5.037897] Key type id_resolver registered
[    5.038914] Key type id_legacy registered
[    5.044578] 9p: Installing v9fs 9p2000 file system support
[    5.049719] SELinux:  Registering netfilter hooks
[    5.125421] Block layer SCSI generic (bsg) driver version 0.4 loaded (major 251)
[    5.127425] io scheduler noop registered
[    5.128569] io scheduler deadline registered
[    5.130728] io scheduler cfq registered (default)
[    5.138951] pci_hotplug: PCI Hot Plug PCI Core version: 0.5
[    5.153821] input: Power Button as /devices/LNXSYSTM:00/LNXPWRBN:00/input/input0
[    5.155602] ACPI: Power Button [PWRF]
[    5.197562] Serial: 8250/16550 driver, 4 ports, IRQ sharing enabled
[    5.224903] 00:05: ttyS0 at I/O 0x3f8 (irq = 4, base_baud = 115200) is a 16550A
[    5.284428] Non-volatile memory driver v1.3
[    5.289663] Linux agpgart interface v0.103
[    5.305623] [drm] Initialized drm 1.1.0 20060810
[    5.524729] loop: module loaded
[    5.539665] ata_piix 0000:00:01.1: version 2.13
[    5.589889] scsi host0: ata_piix
[    5.601769] scsi host1: ata_piix
[    5.611684] ata1: PATA max MWDMA2 cmd 0x1f0 ctl 0x3f6 bmdma 0xc040 irq 14
[    5.613692] ata2: PATA max MWDMA2 cmd 0x170 ctl 0x376 bmdma 0xc048 irq 15
[    5.616542] ==================================================================
[    5.617390] ThreadSanitizer: data-race in scsi_error_handler
[    5.617390] 
[    5.617972] Read at 0xffff8800bb8d61a9 of size 1 by thread 740 on CPU 3:
[    5.617972]  [<ffffffff8189d67d>] scsi_error_handler+0x12d/0x9b0
[    5.617972]  [<ffffffff810bb9e0>] kthread+0x150/0x170
[    5.617972]  [<ffffffff81ee5e3f>] ret_from_fork+0x3f/0x70
[    5.617972] 
[    5.617972] Previous write at 0xffff8800bb8d61a9 of size 2 by thread 1 on CPU 2:
[    5.617972]  [<ffffffff818dfbf2>] ata_scsi_add_hosts+0x1d2/0x320
[    5.617972]  [<ffffffff818d716c>] ata_host_register+0x1fc/0x440
[    5.617972]  [<ffffffff818eec43>] ata_pci_sff_activate_host+0xa3/0x2b0
[    5.617972]  [<ffffffff819009ee>] piix_init_one+0x5ee/0xe50
[    5.627804] e100: Intel(R) PRO/100 Network Driver, 3.5.24-k2-NAPI
[    5.627855] e100: Copyright(c) 1999-2006 Intel Corporation
[    5.629963] e1000: Intel(R) PRO/1000 Network Driver - version 7.3.21-k8-NAPI
[    5.630010] e1000: Copyright (c) 1999-2006 Intel Corporation.
[    5.617972]  [<ffffffff815a16be>] local_pci_probe+0x7e/0xe0
[    5.617972]  [<ffffffff815a3b91>] pci_device_probe+0x151/0x190
[    5.617972]  [<ffffffff8185918a>] driver_probe_device+0x1ea/0x470
[    5.617972]  [<ffffffff818594d4>] __driver_attach+0xc4/0xd0
[    5.617972]  [<ffffffff81855dd3>] bus_for_each_dev+0x93/0xe0
[    5.617972]  [<ffffffff818586f3>] driver_attach+0x33/0x50
[    5.617972]  [<ffffffff81858039>] bus_add_driver+0x1f9/0x320
[    5.617972]  [<ffffffff8185a2bb>] driver_register+0xdb/0x190
[    5.617972]  [<ffffffff815a0cf8>] __pci_register_driver+0xb8/0xd0
[    5.617972]  [<ffffffff82595ea5>] piix_init+0x24/0x4b
[    5.617972]  [<ffffffff81000337>] do_one_initcall+0xb7/0x210
[    5.617972]  [<ffffffff8252e9f8>] kernel_init_freeable+0x2b5/0x380
[    5.617972]  [<ffffffff81ed2166>] kernel_init+0x16/0x140
[    5.617972]  [<ffffffff81ee5e3f>] ret_from_fork+0x3f/0x70
[    5.617972] 
[    5.617972] Mutexes locked by thread 1:
[    5.617972] Mutex 94278 is locked here:
[    5.617972]  [<ffffffff81ee2037>] mutex_lock+0x57/0x70
[    5.617972]  [<ffffffff81859484>] __driver_attach+0x74/0xd0
[    5.617972]  [<ffffffff81855dd3>] bus_for_each_dev+0x93/0xe0
[    5.617972]  [<ffffffff818586f3>] driver_attach+0x33/0x50
[    5.617972]  [<ffffffff81858039>] bus_add_driver+0x1f9/0x320
[    5.617972]  [<ffffffff8185a2bb>] driver_register+0xdb/0x190
[    5.617972]  [<ffffffff815a0cf8>] __pci_register_driver+0xb8/0xd0
[    5.617972]  [<ffffffff82595ea5>] piix_init+0x24/0x4b
[    5.617972]  [<ffffffff81000337>] do_one_initcall+0xb7/0x210
[    5.617972]  [<ffffffff8252e9f8>] kernel_init_freeable+0x2b5/0x380
[    5.617972]  [<ffffffff81ed2166>] kernel_init+0x16/0x140
[    5.617972]  [<ffffffff81ee5e3f>] ret_from_fork+0x3f/0x70
[    5.617972] 
[    5.617972] Mutex 43874 is locked here:
[    5.617972]  [<ffffffff81ee2037>] mutex_lock+0x57/0x70
[    5.617972]  [<ffffffff81859490>] __driver_attach+0x80/0xd0
[    5.617972]  [<ffffffff81855dd3>] bus_for_each_dev+0x93/0xe0
[    5.617972]  [<ffffffff818586f3>] driver_attach+0x33/0x50
[    5.617972]  [<ffffffff81858039>] bus_add_driver+0x1f9/0x320
[    5.617972]  [<ffffffff8185a2bb>] driver_register+0xdb/0x190
[    5.617972]  [<ffffffff815a0cf8>] __pci_register_driver+0xb8/0xd0
[    5.617972]  [<ffffffff82595ea5>] piix_init+0x24/0x4b
[    5.617972]  [<ffffffff81000337>] do_one_initcall+0xb7/0x210
[    5.617972]  [<ffffffff8252e9f8>] kernel_init_freeable+0x2b5/0x380
[    5.617972]  [<ffffffff81ed2166>] kernel_init+0x16/0x140
[    5.617972]  [<ffffffff81ee5e3f>] ret_from_fork+0x3f/0x70
[    5.617972] 
[    5.617972] ==================================================================
[    5.617117] ==================================================================
[    5.617117] ThreadSanitizer: data-race in scsi_error_handler
[    5.617117] 
[    5.617117] Read at 0xffff8800bb9408c8 of size 8 by thread 744 on CPU 1:
[    5.617117]  [<ffffffff8189d697>] scsi_error_handler+0x147/0x9b0
[    5.617117]  [<ffffffff810bb9e0>] kthread+0x150/0x170
[    5.677612]  [<ffffffff81ee5e3f>] ret_from_fork+0x3f/0x70
[    5.678572] 
[    5.678572] Previous write at 0xffff8800bb9408c8 of size 8 by thread 1 on CPU 1:
[    5.678572]  [<ffffffff818dfb59>] ata_scsi_add_hosts+0x139/0x320
[    5.678572]  [<ffffffff818d716c>] ata_host_register+0x1fc/0x440
[    5.678572]  [<ffffffff818eec43>] ata_pci_sff_activate_host+0xa3/0x2b0
[    5.678572]  [<ffffffff819009ee>] piix_init_one+0x5ee/0xe50
[    5.683964]  [<ffffffff815a16be>] local_pci_probe+0x7e/0xe0
[    5.683964]  [<ffffffff815a3b91>] pci_device_probe+0x151/0x190
[    5.683964]  [<ffffffff8185918a>] driver_probe_device+0x1ea/0x470
[    5.683964]  [<ffffffff818594d4>] __driver_attach+0xc4/0xd0
[    5.683964]  [<ffffffff81855dd3>] bus_for_each_dev+0x93/0xe0
[    5.683964]  [<ffffffff818586f3>] driver_attach+0x33/0x50
[    5.683964]  [<ffffffff81858039>] bus_add_driver+0x1f9/0x320
[    5.683964]  [<ffffffff8185a2bb>] driver_register+0xdb/0x190
[    5.683964]  [<ffffffff815a0cf8>] __pci_register_driver+0xb8/0xd0
[    5.683964]  [<ffffffff82595ea5>] piix_init+0x24/0x4b
[    5.683964]  [<ffffffff81000337>] do_one_initcall+0xb7/0x210
[    5.683964]  [<ffffffff8252e9f8>] kernel_init_freeable+0x2b5/0x380
[    5.683964]  [<ffffffff81ed2166>] kernel_init+0x16/0x140
[    5.683964]  [<ffffffff81ee5e3f>] ret_from_fork+0x3f/0x70
[    5.683964] 
[    5.683964] Mutexes locked by thread 1:
[    5.683964] Mutex 94278 is locked here:
[    5.683964]  [<ffffffff81ee2037>] mutex_lock+0x57/0x70
[    5.683964]  [<ffffffff81859484>] __driver_attach+0x74/0xd0
[    5.683964]  [<ffffffff81855dd3>] bus_for_each_dev+0x93/0xe0
[    5.683964]  [<ffffffff818586f3>] driver_attach+0x33/0x50
[    5.683964]  [<ffffffff81858039>] bus_add_driver+0x1f9/0x320
[    5.683964]  [<ffffffff8185a2bb>] driver_register+0xdb/0x190
[    5.683964]  [<ffffffff815a0cf8>] __pci_register_driver+0xb8/0xd0
[    5.683964]  [<ffffffff82595ea5>] piix_init+0x24/0x4b
[    5.683964]  [<ffffffff81000337>] do_one_initcall+0xb7/0x210
[    5.683964]  [<ffffffff8252e9f8>] kernel_init_freeable+0x2b5/0x380
[    5.683964]  [<ffffffff81ed2166>] kernel_init+0x16/0x140
[    5.683964]  [<ffffffff81ee5e3f>] ret_from_fork+0x3f/0x70
[    5.683964] 
[    5.683964] Mutex 43874 is locked here:
[    5.683964]  [<ffffffff81ee2037>] mutex_lock+0x57/0x70
[    5.683964]  [<ffffffff81859490>] __driver_attach+0x80/0xd0
[    5.683964]  [<ffffffff81855dd3>] bus_for_each_dev+0x93/0xe0
[    5.683964]  [<ffffffff818586f3>] driver_attach+0x33/0x50
[    5.683964]  [<ffffffff81858039>] bus_add_driver+0x1f9/0x320
[    5.683964]  [<ffffffff8185a2bb>] driver_register+0xdb/0x190
[    5.683964]  [<ffffffff815a0cf8>] __pci_register_driver+0xb8/0xd0
[    5.683964]  [<ffffffff82595ea5>] piix_init+0x24/0x4b
[    5.683964]  [<ffffffff81000337>] do_one_initcall+0xb7/0x210
[    5.683964]  [<ffffffff8252e9f8>] kernel_init_freeable+0x2b5/0x380
[    5.683964]  [<ffffffff81ed2166>] kernel_init+0x16/0x140
[    5.683964]  [<ffffffff81ee5e3f>] ret_from_fork+0x3f/0x70
[    5.683964] 
[    5.683964] ==================================================================
[    5.827523] ata1.01: NODEV after polling detection
[    5.830810] ata1.00: ATA-7: QEMU HARDDISK, 2.5+, max UDMA/100
[    5.833558] ata1.00: 2099200 sectors, multi 16: LBA48 
[    5.837687] ata1.00: configured for MWDMA2
[    5.843293] scsi 0:0:0:0: Direct-Access     ATA      QEMU HARDDISK    2.5+ PQ: 0 ANSI: 5
[    5.863898] sd 0:0:0:0: [sda] 2099200 512-byte logical blocks: (1.07 GB/1.00 GiB)
[    5.865268] sd 0:0:0:0: Attached scsi generic sg0 type 0
[    5.876636] tsc: Refined TSC clocksource calibration: 2659.990 MHz
[    5.876758] ata2.01: NODEV after polling detection
[    5.878046] ata2.00: ATAPI: QEMU DVD-ROM, 2.5+, max UDMA/100
[    5.880858] ata2.00: configured for MWDMA2
[    5.884071] clocksource: tsc: mask: 0xffffffffffffffff max_cycles: 0x26579a4f84f, max_idle_ns: 440795241742 ns
[    5.887739] sd 0:0:0:0: [sda] Write Protect is off
[    5.889377] scsi 1:0:0:0: CD-ROM            QEMU     QEMU DVD-ROM     2.5+ PQ: 0 ANSI: 5
[    5.892632] sd 0:0:0:0: [sda] Mode Sense: 00 3a 00 00
[    5.897879] sd 0:0:0:0: [sda] Write cache: enabled, read cache: enabled, doesn't support DPO or FUA
[    5.929666] sr 1:0:0:0: [sr0] scsi3-mmc drive: 4x/4x cd/rw xa/form2 tray
[    5.931536] cdrom: Uniform CD-ROM driver Revision: 3.20
[    5.962911] sr 1:0:0:0: Attached scsi CD-ROM sr0
[    5.973784] sd 0:0:0:0: [sda] Attached SCSI disk
[    5.979709] sr 1:0:0:0: Attached scsi generic sg1 type 5
[   12.817945] ACPI: PCI Interrupt Link [LNKC] enabled at IRQ 11
[   13.256043] e1000 0000:00:03.0 eth0: (PCI:33MHz:32-bit) 52:54:00:12:34:56
[   13.258552] e1000 0000:00:03.0 eth0: Intel(R) PRO/1000 Network Connection
[   13.262412] sky2: driver version 1.30
[   13.277598] ehci_hcd: USB 2.0 'Enhanced' Host Controller (EHCI) Driver
[   13.279640] ehci-pci: EHCI PCI platform driver
[   13.282577] ohci_hcd: USB 1.1 'Open' Host Controller (OHCI) Driver
[   13.284838] ohci-pci: OHCI PCI platform driver
[   13.287649] uhci_hcd: USB Universal Host Controller Interface driver
[   13.293774] usbcore: registered new interface driver usblp
[   13.297529] usbcore: registered new interface driver usb-storage
[   13.302620] i8042: PNP: PS/2 Controller [PNP0303:KBD,PNP0f13:MOU] at 0x60,0x64 irq 1,12
[   13.311546] serio: i8042 KBD port at 0x60,0x64 irq 1
[   13.313607] serio: i8042 AUX port at 0x60,0x64 irq 12
[   13.326546] mousedev: PS/2 mouse device common for all mice
[   13.341582] rtc_cmos 00:00: RTC can wake from S4
[   13.347663] input: AT Translated Set 2 keyboard as /devices/platform/i8042/serio0/input/input1
[   13.352799] rtc_cmos 00:00: rtc core: registered rtc_cmos as rtc0
[   13.355625] rtc_cmos 00:00: alarms up to one day, y3k, 114 bytes nvram, hpet irqs
[   13.371044] device-mapper: ioctl: 4.32.0-ioctl (2015-6-26) initialised: dm-devel@redhat.com
[   13.379498] hidraw: raw HID events driver (C) Jiri Kosina
[   13.422978] usbcore: registered new interface driver usbhid
[   13.424760] usbhid: USB HID core driver
[   13.456841] Netfilter messages via NETLINK v0.30.
[   13.460909] nf_conntrack version 0.5.0 (65536 buckets, 262144 max)
[   13.469878] ctnetlink v0.93: registering with nfnetlink.
[   13.477780] ip_tables: (C) 2000-2006 Netfilter Core Team
[   13.480677] Initializing XFRM netlink socket
[   13.483719] NET: Registered protocol family 10
[   13.500429] ip6_tables: (C) 2000-2006 Netfilter Core Team
[   13.504462] sit: IPv6 over IPv4 tunneling driver
[   13.519904] NET: Registered protocol family 17
[   13.522594] 9pnet: Installing 9P2000 support
[   13.524899] Key type dns_resolver registered
[   13.573771] registered taskstats version 1
[   13.584847]   Magic number: 8:535:524
[   13.586861] console [netcon0] enabled
[   13.587820] netconsole: network logging started
[   13.604950] PM: Hibernation image not present or could not be loaded.
[   13.606453] ALSA device list:
[   13.607335]   No soundcards found.
[   14.022549] input: ImExPS/2 Generic Explorer Mouse as /devices/platform/i8042/serio1/input/input3
[   14.035814] md: Waiting for all devices to be available before autodetect
[   14.037308] md: If you don't use raid, use raid=noautodetect
[   14.052953] md: Autodetecting RAID arrays.
[   14.054301] md: Scanned 0 and added 0 devices.
[   14.055373] md: autorun ...
[   14.055925] md: ... autorun DONE.
[   14.064955] EXT4-fs (sda): couldn't mount as ext3 due to feature incompatibilities
[   14.071619] EXT4-fs (sda): couldn't mount as ext2 due to feature incompatibilities
[   14.141730] ==================================================================
[   14.142538] ThreadSanitizer: data-race in jbd2_journal_load
[   14.142538] 
[   14.142538] Write at 0xffff8800bb28c800 of size 8 by thread 1 on CPU 1:
[   14.142538]  [<ffffffff813cf6ad>] jbd2_journal_load+0x30d/0x500
[   14.142538]  [<ffffffff8137dbd8>] ext4_fill_super+0x38f8/0x53e0
[   14.142538]  [<ffffffff8126c272>] mount_bdev+0x1d2/0x230
[   14.142538]  [<ffffffff813605d8>] ext4_mount+0x38/0x50
[   14.142538]  [<ffffffff8126d18d>] mount_fs+0x5d/0x1c0
[   14.142538]  [<ffffffff8129bb1f>] vfs_kern_mount+0x6f/0x240
[   14.142538]  [<ffffffff8129ff35>] do_mount+0x275/0x1450
[   14.142538]  [<ffffffff812a1683>] SyS_mount+0xa3/0x100
[   14.142538]  [<ffffffff8252f010>] mount_block_root+0x1ab/0x2f6
[   14.142538]  [<ffffffff8252f2c9>] mount_root+0x16e/0x182
[   14.142538]  [<ffffffff8252f4a8>] prepare_namespace+0x1cb/0x20a
[   14.142538]  [<ffffffff8252eaa5>] kernel_init_freeable+0x362/0x380
[   14.142538]  [<ffffffff81ed2166>] kernel_init+0x16/0x140
[   14.142538]  [<ffffffff81ee5e3f>] ret_from_fork+0x3f/0x70
[   14.142538] 
[   14.142538] Previous read at 0xffff8800bb28c800 of size 8 by thread 876 on CPU 3:
[   14.142538]  [<ffffffff813ccb63>] kjournald2+0x363/0x420
[   14.142538]  [<ffffffff810bb9e0>] kthread+0x150/0x170
[   14.142538]  [<ffffffff81ee5e3f>] ret_from_fork+0x3f/0x70
[   14.142538] 
[   14.142538] Mutexes locked by thread 1:
[   14.142538] Mutex 111874 is locked here:
[   14.142538]  [<ffffffff81ee2975>] down_write+0x65/0x80
[   14.142538]  [<ffffffff8126bbd0>] sget+0x290/0x5b0
[   14.142538]  [<ffffffff8126c174>] mount_bdev+0xd4/0x230
[   14.142538]  [<ffffffff813605d8>] ext4_mount+0x38/0x50
[   14.142538]  [<ffffffff8126d18d>] mount_fs+0x5d/0x1c0
[   14.142538]  [<ffffffff8129bb1f>] vfs_kern_mount+0x6f/0x240
[   14.142538]  [<ffffffff8129ff35>] do_mount+0x275/0x1450
[   14.142538]  [<ffffffff812a1683>] SyS_mount+0xa3/0x100
[   14.142538]  [<ffffffff8252f010>] mount_block_root+0x1ab/0x2f6
[   14.142538]  [<ffffffff8252f2c9>] mount_root+0x16e/0x182
[   14.142538]  [<ffffffff8252f4a8>] prepare_namespace+0x1cb/0x20a
[   14.142538]  [<ffffffff8252eaa5>] kernel_init_freeable+0x362/0x380
[   14.142538]  [<ffffffff81ed2166>] kernel_init+0x16/0x140
[   14.142538]  [<ffffffff81ee5e3f>] ret_from_fork+0x3f/0x70
[   14.142538] 
[   14.142538] Mutexes locked by thread 876:
[   14.142538] Mutex 111422 is locked here:
[   14.142538]  [<ffffffff81ee5568>] _raw_write_lock+0x58/0x70
[   14.142538]  [<ffffffff813cc8b9>] kjournald2+0xb9/0x420
[   14.142538]  [<ffffffff810bb9e0>] kthread+0x150/0x170
[   14.142538]  [<ffffffff81ee5e3f>] ret_from_fork+0x3f/0x70
[   14.142538] 
[   14.142538] ==================================================================
[   14.190966] EXT4-fs (sda): mounted filesystem with ordered data mode. Opts: (null)
[   14.192886] VFS: Mounted root (ext4 filesystem) readonly on device 8:0.
[   14.199722] devtmpfs: mounted
[   14.220363] Freeing unused kernel memory: 1348K (ffffffff82516000 - ffffffff82667000)
[   14.221932] Write protecting the kernel read-only data: 20480k
[   14.251930] Freeing unused kernel memory: 1096K (ffff880001eee000 - ffff880002000000)
[   14.273940] Freeing unused kernel memory: 1292K (ffff8800022bd000 - ffff880002400000)
[   14.532055] ==================================================================
[   14.532962] ThreadSanitizer: data-race in flush_tlb_func
[   14.532962] 
[   14.532962] Read at 0xffff8801925dbbd0 of size 8 by thread -2 on CPU 1:
[   14.532962]  [<ffffffff81081d96>] flush_tlb_func+0x76/0x270
[   14.532962]  [<ffffffff8113ab40>] flush_smp_call_function_queue+0x70/0x1c0
[   14.532962]  [<ffffffff8113b977>] generic_smp_call_function_single_interrupt+0x17/0x80
[   14.532962]  [<ffffffff8105a398>] smp_call_function_single_interrupt+0x48/0x70
[   14.532962]  [<ffffffff8105a3dd>] smp_call_function_interrupt+0x1d/0x30
[   14.532962]  [<ffffffff81ee71ca>] call_function_interrupt+0x8a/0xa0
[   14.532962] 
[   14.532962] Previous write at 0xffff8801925dbbd0 of size 8 by thread 65532 on CPU 3:
[   14.532962]  [<ffffffff81081dbc>] flush_tlb_func+0x9c/0x270
[   14.532962]  [<ffffffff8113ab40>] flush_smp_call_function_queue+0x70/0x1c0
[   14.532962]  [<ffffffff8113b977>] generic_smp_call_function_single_interrupt+0x17/0x80
[   14.532962]  [<ffffffff8105a398>] smp_call_function_single_interrupt+0x48/0x70
[   14.532962]  [<ffffffff8105a3dd>] smp_call_function_interrupt+0x1d/0x30
[   14.532962]  [<ffffffff81ee71ca>] call_function_interrupt+0x8a/0xa0
[   14.532962] 
[   14.532962] ==================================================================
SELinux:  Could not open policy file <= /etc/selinux/targeted/policy/policy.29:  No such file or directory
INIT: version 2.88 booting
[   15.010549] random: nonblocking pool is initialized
[[36minfo[39;49m] Using makefile-style concurrent boot in runlevel S.
[....] Starting the hotplug events dispatcher: udevd[   17.994571] udevd[990]: starting version 175
[?25l[?1c7[1G[[32m ok [39;49m8[?25h[?0c[   18.485988] ==================================================================
[   18.486550] ThreadSanitizer: data-race in poll_schedule_timeout
[   18.486550] 
[   18.486550] Atomic read at 0xffff8800baedbc88 of size 4 by thread 1002 on CPU 3:
[   18.486550]  [<ffffffff8128742c>] poll_schedule_timeout+0x9c/0xc0
[   18.486550]  [<ffffffff812893e8>] do_sys_poll+0x6e8/0x7b0
[   18.486550]  [<ffffffff812895e9>] SyS_poll+0x69/0x1b0
[   18.486550]  [<ffffffff81ee5a51>] entry_SYSCALL_64_fastpath+0x31/0x95
[   18.486550] 
[   18.486550] Previous write at 0xffff8800baedbc88 of size 4 by thread 1003 on CPU 2:
[   18.486550]  [<ffffffff81287747>] pollwake+0xc7/0x100
[   18.486550]  [<ffffffff810e3858>] __wake_up_common+0x48/0x80
[   18.486550]  [<ffffffff8109ed0f>] send_signal+0x3f/0x90
[   18.486550]  [<ffffffff810a159e>] do_notify_parent+0x47e/0x4c0
[   18.486550]  [<ffffffff8108e411>] do_exit+0x12a1/0x13b0
[   18.486550]  [<ffffffff810902f5>] do_group_exit+0x85/0x130
[   18.486550]  [<ffffffff810903c0>] __wake_up_parent+0x0/0x50
[   18.486550]  [<ffffffff81ee5a51>] entry_SYSCALL_64_fastpath+0x31/0x95
[   18.486550] 
[   18.486550] Mutexes locked by thread 1003:
[   18.486550] Mutex 190 is locked here:
[   18.486550]  [<ffffffff81ee5504>] _raw_write_lock_irq+0x64/0x70
[   18.486550]  [<ffffffff8108d658>] do_exit+0x4e8/0x13b0
[   18.486550]  [<ffffffff810902f5>] do_group_exit+0x85/0x130
[   18.486550]  [<ffffffff810903c0>] __wake_up_parent+0x0/0x50
[   18.486550]  [<ffffffff81ee5a51>] entry_SYSCALL_64_fastpath+0x31/0x95
[   18.486550] 
[   18.486550] Mutex 136539 is locked here:
[   18.486550]  [<ffffffff81ee57b4>] _raw_spin_lock_irqsave+0x64/0x80
[   18.486550]  [<ffffffff810a145f>] do_notify_parent+0x33f/0x4c0
[   18.486550]  [<ffffffff8108e411>] do_exit+0x12a1/0x13b0
[   18.486550]  [<ffffffff810902f5>] do_group_exit+0x85/0x130
[   18.486550]  [<ffffffff810903c0>] __wake_up_parent+0x0/0x50
[   18.486550]  [<ffffffff81ee5a51>] entry_SYSCALL_64_fastpath+0x31/0x95
[   18.486550] 
[   18.486550] Mutex 136538 is locked here:
[   18.486550]  [<ffffffff81ee57b4>] _raw_spin_lock_irqsave+0x64/0x80
[   18.486550]  [<ffffffff810e38b2>] __wake_up+0x22/0x60
[   18.486550]  [<ffffffff8109ed0f>] send_signal+0x3f/0x90
[   18.486550]  [<ffffffff810a159e>] do_notify_parent+0x47e/0x4c0
[   18.486550]  [<ffffffff8108e411>] do_exit+0x12a1/0x13b0
[   18.486550]  [<ffffffff810902f5>] do_group_exit+0x85/0x130
[   18.486550]  [<ffffffff810903c0>] __wake_up_parent+0x0/0x50
[   18.486550]  [<ffffffff81ee5a51>] entry_SYSCALL_64_fastpath+0x31/0x95
[   18.486550] 
[   18.486550] ==================================================================
.
[....] Synthesizing the initial hotplug events...[?25l[?1c7[1G[[32m ok [39;49m[   21.666123] ==================================================================
[   21.666135] ThreadSanitizer: data-race in ata_bmdma_interrupt
[   21.666135] 
[   21.666135] Read at 0xffff88018e0181a8 of size 8 by thread 1112 on CPU 2:
[   21.666135]  [<ffffffff818f2593>] ata_bmdma_interrupt+0x103/0x2e0
[   21.666135]  [<ffffffff810fdf32>] handle_irq_event_percpu+0x62/0x2b0
[   21.666135]  [<ffffffff810fe21b>] handle_irq_event+0x9b/0xd0
[   21.666135]  [<ffffffff81102ecf>] handle_edge_irq+0x11f/0x370
[   21.666135]  [<ffffffff8100a15f>] handle_irq+0x9f/0x230
[   21.666135]  [<ffffffff8100946a>] do_IRQ+0x8a/0x170
[   21.666135]  [<ffffffff81ee658a>] common_interrupt+0x8a/0x8f
[   21.666135] 
[   21.666135] Previous write at 0xffff88018e0181a8 of size 8 by thread 744 on CPU 1:
[   21.666135]  [<ffffffff818e4dee>] ata_eh_link_autopsy+0x123e/0x1290
[   21.666135]  [<ffffffff818e4e79>] ata_eh_autopsy+0x39/0x210
[   21.666135]  [<ffffffff818ea6e0>] ata_do_eh+0x30/0xb0
[   21.666135]  [<ffffffff818ee675>] ata_sff_error_handler+0x155/0x190
[   21.666135]  [<ffffffff818eeeed>] ata_bmdma_error_handler+0x9d/0x230
[   21.666135]  [<ffffffff818ea006>] ata_scsi_port_error_handler+0x716/0xc30
[   21.666135]  [<ffffffff818ea662>] ata_scsi_error+0x142/0x190
[   21.666135]  [<ffffffff8189d6bf>] scsi_error_handler+0x16f/0x9b0
[   21.666135]  [<ffffffff810bb9e0>] kthread+0x150/0x170
[   21.666135]  [<ffffffff81ee5e3f>] ret_from_fork+0x3f/0x70
[   21.691495] 
[   21.691495] Mutexes locked by thread 1112:
[   21.691495] Mutex 96855 is locked here:
[   21.691495]  [<ffffffff81ee57b4>] _raw_spin_lock_irqsave+0x64/0x80
[   21.691495]  [<ffffffff818f24b5>] ata_bmdma_interrupt+0x25/0x2e0
[   21.691495]  [<ffffffff810fdf32>] handle_irq_event_percpu+0x62/0x2b0
[   21.691495]  [<ffffffff810fe21b>] handle_irq_event+0x9b/0xd0
[   21.691495]  [<ffffffff81102ecf>] handle_edge_irq+0x11f/0x370
[   21.691495]  [<ffffffff8100a15f>] handle_irq+0x9f/0x230
[   21.691495]  [<ffffffff8100946a>] do_IRQ+0x8a/0x170
[   21.691495]  [<ffffffff81ee658a>] common_interrupt+0x8a/0x8f
[   21.691495] 
[   21.691495] Mutexes locked by thread 744:
[   21.691495] Mutex 98424 is locked here:
[   21.691495]  [<ffffffff81ee2037>] mutex_lock+0x57/0x70
[   21.691495]  [<ffffffff818e1da8>] ata_eh_acquire+0x38/0xd0
[   21.691495]  [<ffffffff818d1128>] ata_exec_internal_sg+0x7e8/0xc40
[   21.691495]  [<ffffffff818d15eb>] ata_exec_internal+0x6b/0xb0
[   21.691495]  [<ffffffff818e36c3>] atapi_eh_request_sense+0x1b3/0x200
[   21.691495]  [<ffffffff818e4dd3>] ata_eh_link_autopsy+0x1223/0x1290
[   21.691495]  [<ffffffff818e4e79>] ata_eh_autopsy+0x39/0x210
[   21.691495]  [<ffffffff818ea6e0>] ata_do_eh+0x30/0xb0
[   21.691495]  [<ffffffff818ee675>] ata_sff_error_handler+0x155/0x190
[   21.691495]  [<ffffffff818eeeed>] ata_bmdma_error_handler+0x9d/0x230
[   21.691495]  [<ffffffff818ea006>] ata_scsi_port_error_handler+0x716/0xc30
[   21.691495]  [<ffffffff818ea662>] ata_scsi_error+0x142/0x190
[   21.691495]  [<ffffffff8189d6bf>] scsi_error_handler+0x16f/0x9b0
[   21.691495]  [<ffffffff810bb9e0>] kthread+0x150/0x170
[   21.691495]  [<ffffffff81ee5e3f>] ret_from_fork+0x3f/0x70
[   21.691495] 
[   21.691495] ==================================================================
8[?25h[?0cdone.
[   21.995832] ==================================================================
[   21.996871] ThreadSanitizer: data-race in scsi_set_medium_removal.part.2
[   21.996871] 
[   21.996871] Write at 0xffff8800bb806908 of size 8 by thread 1109 on CPU 1:
[   21.996871]  [<ffffffff81897df2>] scsi_set_medium_removal.part.2+0xa2/0xe0
[   21.996871]  [<ffffffff81897e89>] scsi_set_medium_removal+0x59/0x60
[   21.996871]  [<ffffffff818c0b1e>] sr_lock_door+0x3e/0x50
[   22.006001]  [<ffffffff8198dac1>] cdrom_release+0x161/0x330
[   22.006001]  [<ffffffff818bf1e1>] sr_block_release+0x41/0x60
[   22.009277]  [<ffffffff812c648c>] __blkdev_put+0x3ac/0x400
[   22.009277]  [<ffffffff812c6b97>] blkdev_put+0x67/0x260
[   22.009277]  [<ffffffff812c6ddd>] blkdev_close+0x4d/0x60
[   22.009277]  [<ffffffff8126993f>] __fput+0x15f/0x310
[   22.009277]  [<ffffffff81269b5d>] ____fput+0x1d/0x30
[   22.009277]  [<ffffffff810b9175>] task_work_run+0x115/0x130
[   22.009277]  [<ffffffff81006d33>] do_notify_resume+0x73/0x80
[   22.009277]  [<ffffffff81ee5c21>] int_signal+0x12/0x17
[   22.009277] 
[   22.009277] Previous read at 0xffff8800bb806908 of size 1 by thread 1116 on CPU 3:
[   22.009277]  [<ffffffff818a3995>] scsi_request_fn+0x8a5/0xb20
[   22.022521]  [<ffffffff8151193f>] __blk_run_queue+0x6f/0xa0
[   22.022521]  [<ffffffff815119af>] blk_run_queue+0x3f/0x70
[   22.022521]  [<ffffffff8189ec6a>] scsi_run_queue+0x51a/0x5f0
[   22.022521]  [<ffffffff818a026b>] scsi_end_request+0x1db/0x300
[   22.022521]  [<ffffffff818a3e27>] scsi_io_completion+0x137/0x8e0
[   22.022521]  [<ffffffff8189638e>] scsi_finish_command+0x15e/0x1f0
[   22.031017]  [<ffffffff818a30a2>] scsi_softirq_done+0x182/0x1d0
[   22.033984]  [<ffffffff81525556>] blk_done_softirq+0x136/0x160
[   22.033984]  [<ffffffff81091c1e>] __do_softirq+0xbe/0x2f0
[   22.033984]  [<ffffffff81ee658a>] common_interrupt+0x8a/0x8f
[   22.033984] 
[   22.033984] Mutexes locked by thread 1109:
[   22.033984] Mutex 164029 is locked here:
[   22.033984]  [<ffffffff81ee2037>] mutex_lock+0x57/0x70
[   22.033984]  [<ffffffff812c6133>] __blkdev_put+0x53/0x400
[   22.033984]  [<ffffffff812c6b97>] blkdev_put+0x67/0x260
[   22.033984]  [<ffffffff812c6ddd>] blkdev_close+0x4d/0x60
[   22.033984]  [<ffffffff8126993f>] __fput+0x15f/0x310
[   22.033984]  [<ffffffff81269b5d>] ____fput+0x1d/0x30
[   22.048574]  [<ffffffff810b9175>] task_work_run+0x115/0x130
[   22.048574]  [<ffffffff81006d33>] do_notify_resume+0x73/0x80
[   22.048574]  [<ffffffff81ee5c21>] int_signal+0x12/0x17
[   22.048574] 
[   22.048574] Mutex 164030 is locked here:
[   22.048574]  [<ffffffff81ee2037>] mutex_lock+0x57/0x70
[   22.048574]  [<ffffffff818bf1d5>] sr_block_release+0x35/0x60
[   22.048574]  [<ffffffff812c648c>] __blkdev_put+0x3ac/0x400
[   22.048574]  [<ffffffff812c6b97>] blkdev_put+0x67/0x260
[   22.048574]  [<ffffffff812c6ddd>] blkdev_close+0x4d/0x60
[   22.048574]  [<ffffffff8126993f>] __fput+0x15f/0x310
[   22.048574]  [<ffffffff81269b5d>] ____fput+0x1d/0x30
[   22.048574]  [<ffffffff810b9175>] task_work_run+0x115/0x130
[   22.048574]  [<ffffffff81006d33>] do_notify_resume+0x73/0x80
[   22.048574]  [<ffffffff81ee5c21>] int_signal+0x12/0x17
[   22.048574] 
[   22.048574] ==================================================================
[   22.048574] ==================================================================
[   22.048574] ThreadSanitizer: data-race in scsi_set_medium_removal.part.2
[   22.048574] 
[   22.048574] Write at 0xffff8800bb806908 of size 8 by thread 1109 on CPU 1:
[   22.048574]  [<ffffffff81897df2>] scsi_set_medium_removal.part.2+0xa2/0xe0
[   22.048574]  [<ffffffff81897e89>] scsi_set_medium_removal+0x59/0x60
[   22.048574]  [<ffffffff818c0b1e>] sr_lock_door+0x3e/0x50
[   22.048574]  [<ffffffff8198dac1>] cdrom_release+0x161/0x330
[   22.048574]  [<ffffffff818bf1e1>] sr_block_release+0x41/0x60
[   22.048574]  [<ffffffff812c648c>] __blkdev_put+0x3ac/0x400
[   22.048574]  [<ffffffff812c6b97>] blkdev_put+0x67/0x260
[   22.048574]  [<ffffffff812c6ddd>] blkdev_close+0x4d/0x60
[   22.048574]  [<ffffffff8126993f>] __fput+0x15f/0x310
[   22.048574]  [<ffffffff81269b5d>] ____fput+0x1d/0x30
[   22.048574]  [<ffffffff810b9175>] task_work_run+0x115/0x130
[   22.048574]  [<ffffffff81006d33>] do_notify_resume+0x73/0x80
[   22.048574]  [<ffffffff81ee5c21>] int_signal+0x12/0x17
[   22.048574] 
[   22.048574] Previous read at 0xffff8800bb806908 of size 1 by thread 1116 on CPU 3:
[   22.048574]  [<ffffffff8189f2aa>] scsi_dispatch_cmd+0x8a/0x2f0
[   22.048574]  [<ffffffff818a39f3>] scsi_request_fn+0x903/0xb20
[   22.048574]  [<ffffffff8151193f>] __blk_run_queue+0x6f/0xa0
[   22.048574]  [<ffffffff815119af>] blk_run_queue+0x3f/0x70
[   22.048574]  [<ffffffff8189ec6a>] scsi_run_queue+0x51a/0x5f0
[   22.048574]  [<ffffffff818a026b>] scsi_end_request+0x1db/0x300
[   22.048574]  [<ffffffff818a3e27>] scsi_io_completion+0x137/0x8e0
[   22.048574]  [<ffffffff8189638e>] scsi_finish_command+0x15e/0x1f0
[   22.048574]  [<ffffffff818a30a2>] scsi_softirq_done+0x182/0x1d0
[   22.048574]  [<ffffffff81525556>] blk_done_softirq+0x136/0x160
[   22.048574]  [<ffffffff81091c1e>] __do_softirq+0xbe/0x2f0
[   22.048574]  [<ffffffff81ee658a>] common_interrupt+0x8a/0x8f
[   22.048574] 
[   22.048574] Mutexes locked by thread 1109:
[   22.048574] Mutex 164029 is locked here:
[   22.048574]  [<ffffffff81ee2037>] mutex_lock+0x57/0x70
[   22.048574]  [<ffffffff812c6133>] __blkdev_put+0x53/0x400
[   22.048574]  [<ffffffff812c6b97>] blkdev_put+0x67/0x260
[   22.048574]  [<ffffffff812c6ddd>] blkdev_close+0x4d/0x60
[   22.048574]  [<ffffffff8126993f>] __fput+0x15f/0x310
[   22.048574]  [<ffffffff81269b5d>] ____fput+0x1d/0x30
[   22.048574]  [<ffffffff810b9175>] task_work_run+0x115/0x130
[   22.048574]  [<ffffffff81006d33>] do_notify_resume+0x73/0x80
[   22.048574]  [<ffffffff81ee5c21>] int_signal+0x12/0x17
[   22.048574] 
[   22.048574] Mutex 164030 is locked here:
[   22.048574]  [<ffffffff81ee2037>] mutex_lock+0x57/0x70
[   22.048574]  [<ffffffff818bf1d5>] sr_block_release+0x35/0x60
[   22.048574]  [<ffffffff812c648c>] __blkdev_put+0x3ac/0x400
[   22.048574]  [<ffffffff812c6b97>] blkdev_put+0x67/0x260
[   22.048574]  [<ffffffff812c6ddd>] blkdev_close+0x4d/0x60
[   22.048574]  [<ffffffff8126993f>] __fput+0x15f/0x310
[   22.048574]  [<ffffffff81269b5d>] ____fput+0x1d/0x30
[   22.048574]  [<ffffffff810b9175>] task_work_run+0x115/0x130
[   22.048574]  [<ffffffff81006d33>] do_notify_resume+0x73/0x80
[   22.048574]  [<ffffffff81ee5c21>] int_signal+0x12/0x17
[   22.048574] 
[   22.048574] ==================================================================
[....] Waiting for /dev to be fully populated...[   23.043709] ==================================================================
[   23.044153] ThreadSanitizer: data-race in unix_dgram_poll
[   23.044153] 
[   23.044153] Read at 0xffff8800bae2ac88 of size 1 by thread 1144 on CPU 1:
[   23.044153]  [<ffffffff81ce206d>] unix_dgram_poll+0xdd/0x300
[   23.048317]  [<ffffffff81b608f4>] sock_poll+0xf4/0x240
[   23.048317]  [<ffffffff8128918b>] do_sys_poll+0x48b/0x7b0
[   23.048317]  [<ffffffff812895e9>] SyS_poll+0x69/0x1b0
[   23.048317]  [<ffffffff81ee5a51>] entry_SYSCALL_64_fastpath+0x31/0x95
[   23.048317] 
[   23.048317] Previous write at 0xffff8800bae2ac88 of size 4 by thread 990 on CPU 3:
[   23.048317]  [<ffffffff81ce2bc1>] unix_release_sock+0x341/0x450
[   23.055622]  [<ffffffff81ce2cff>] unix_release+0x2f/0x50
[   23.055622]  [<ffffffff81b5e83d>] sock_release+0x4d/0x100
[   23.055622]  [<ffffffff81b5e90e>] sock_close+0x1e/0x30
[   23.055622]  [<ffffffff8126993f>] __fput+0x15f/0x310
[   23.055622]  [<ffffffff81269b5d>] ____fput+0x1d/0x30
[   23.055622]  [<ffffffff810b9175>] task_work_run+0x115/0x130
[   23.055622]  [<ffffffff81006d33>] do_notify_resume+0x73/0x80
[   23.055622]  [<ffffffff81ee5c21>] int_signal+0x12/0x17
[   23.055622] 
[   23.055622] Mutexes locked by thread 990:
[   23.055622] Mutex 175366 is locked here:
[   23.055622]  [<ffffffff81ee5400>] _raw_spin_lock+0x50/0x70
[   23.055622]  [<ffffffff81ce2bb5>] unix_release_sock+0x335/0x450
[   23.055622]  [<ffffffff81ce2cff>] unix_release+0x2f/0x50
[   23.055622]  [<ffffffff81b5e83d>] sock_release+0x4d/0x100
[   23.055622]  [<ffffffff81b5e90e>] sock_close+0x1e/0x30
[   23.070403]  [<ffffffff8126993f>] __fput+0x15f/0x310
[   23.070403]  [<ffffffff81269b5d>] ____fput+0x1d/0x30
[   23.070403]  [<ffffffff810b9175>] task_work_run+0x115/0x130
[   23.070403]  [<ffffffff81006d33>] do_notify_resume+0x73/0x80
[   23.070403]  [<ffffffff81ee5c21>] int_signal+0x12/0x17
[   23.070403] 
[   23.070403] ==================================================================
[   23.099785] ==================================================================
[   23.100187] ThreadSanitizer: data-race in __fsnotify_parent
[   23.100187] 
[   23.101491] Read at 0xffff8801905bea98 of size 4 by thread 990 on CPU 3:
[   23.101491]  [<ffffffff812d1b67>] __fsnotify_parent+0x37/0x140
[   23.101491]  [<ffffffff8126752b>] vfs_write+0x1fb/0x280
[   23.101491]  [<ffffffff81268810>] SyS_write+0x70/0xd0
[   23.101491]  [<ffffffff81ee5a51>] entry_SYSCALL_64_fastpath+0x31/0x95
[   23.101491] 
[   23.101491] Previous write at 0xffff8801905bea98 of size 4 by thread 1144 on CPU 1:
[   23.101491]  [<ffffffff812d1a1f>] __fsnotify_update_child_dentry_flags.part.1+0xcf/0x1e0
[   23.101491]  [<ffffffff812d1cde>] __fsnotify_update_child_dentry_flags+0x3e/0x50
[   23.101491]  [<ffffffff812d3ac4>] fsnotify_add_mark_locked+0x1b4/0x380
[   23.101491]  [<ffffffff812d6899>] SyS_inotify_add_watch+0x3f9/0x450
[   23.101491]  [<ffffffff81ee5a51>] entry_SYSCALL_64_fastpath+0x31/0x95
[   23.101491] 
[   23.101491] Mutexes locked by thread 1144:
[   23.101491] Mutex 176322 is locked here:
[   23.101491]  [<ffffffff81ee2037>] mutex_lock+0x57/0x70
[   23.101491]  [<ffffffff812d6600>] SyS_inotify_add_watch+0x160/0x450
[   23.101491]  [<ffffffff81ee5a51>] entry_SYSCALL_64_fastpath+0x31/0x95
[   23.101491] 
[   23.101491] Mutex 133999 is locked here:
[   23.101491]  [<ffffffff81ee5400>] _raw_spin_lock+0x50/0x70
[   23.101491]  [<ffffffff812d19aa>] __fsnotify_update_child_dentry_flags.part.1+0x5a/0x1e0
[   23.101491]  [<ffffffff812d1cde>] __fsnotify_update_child_dentry_flags+0x3e/0x50
[   23.101491]  [<ffffffff812d3ac4>] fsnotify_add_mark_locked+0x1b4/0x380
[   23.101491]  [<ffffffff812d6899>] SyS_inotify_add_watch+0x3f9/0x450
[   23.101491]  [<ffffffff81ee5a51>] entry_SYSCALL_64_fastpath+0x31/0x95
[   23.101491] 
[   23.101491] Mutex 133997 is locked here:
[   23.101491]  [<ffffffff81ee5400>] _raw_spin_lock+0x50/0x70
[   23.101491]  [<ffffffff812d19ea>] __fsnotify_update_child_dentry_flags.part.1+0x9a/0x1e0
[   23.101491]  [<ffffffff812d1cde>] __fsnotify_update_child_dentry_flags+0x3e/0x50
[   23.101491]  [<ffffffff812d3ac4>] fsnotify_add_mark_locked+0x1b4/0x380
[   23.101491]  [<ffffffff812d6899>] SyS_inotify_add_watch+0x3f9/0x450
[   23.101491]  [<ffffffff81ee5a51>] entry_SYSCALL_64_fastpath+0x31/0x95
[   23.101491] 
[   23.101491] Mutex 137446 is locked here:
[   23.101491]  [<ffffffff81ee5400>] _raw_spin_lock+0x50/0x70
[   23.101491]  [<ffffffff812d1a88>] __fsnotify_update_child_dentry_flags.part.1+0x138/0x1e0
[   23.101491]  [<ffffffff812d1cde>] __fsnotify_update_child_dentry_flags+0x3e/0x50
[   23.101491]  [<ffffffff812d3ac4>] fsnotify_add_mark_locked+0x1b4/0x380
[   23.101491]  [<ffffffff812d6899>] SyS_inotify_add_watch+0x3f9/0x450
[   23.101491]  [<ffffffff81ee5a51>] entry_SYSCALL_64_fastpath+0x31/0x95
[   23.101491] 
[   23.101491] ==================================================================
[   23.863008] ==================================================================
[   23.863186] ThreadSanitizer: data-race in mmap_region
[   23.863186] 
[   23.863186] Write at 0xffff88018deb8130 of size 8 by thread 990 on CPU 3:
[   23.863186]  [<ffffffff8122360a>] mmap_region+0x21a/0xb00
[   23.863186]  [<ffffffff81224379>] do_mmap_pgoff+0x489/0x590
[   23.863186]  [<ffffffff811fe75a>] vm_mmap_pgoff+0xaa/0xe0
[   23.863186]  [<ffffffff812212bb>] SyS_mmap_pgoff+0x13b/0x2c0
[   23.863186]  [<ffffffff8100e85b>] SyS_mmap+0x5b/0x80
[   23.863186]  [<ffffffff81ee5a51>] entry_SYSCALL_64_fastpath+0x31/0x95
[   23.863186] 
[   23.863186] Previous read at 0xffff88018deb8130 of size 8 by thread 1146 on CPU 1:
[   23.863186]  [<ffffffff81312fd1>] task_vsize+0x21/0x40
[   23.863186]  [<ffffffff8131bc97>] do_task_stat+0xb7/0xda0
[   23.863186]  [<ffffffff8131d7e7>] proc_tgid_stat+0x37/0x50
[   23.863186]  [<ffffffff81316b7b>] proc_single_show+0x8b/0xd0
[   23.863186]  [<ffffffff812a2e4a>] seq_read+0x16a/0x780
[   23.863186]  [<ffffffff812662bf>] __vfs_read+0x5f/0x1e0
[   23.863186]  [<ffffffff81267207>] vfs_read+0xb7/0x1e0
[   23.863186]  [<ffffffff81268740>] SyS_read+0x70/0xd0
[   23.863186]  [<ffffffff81ee5a51>] entry_SYSCALL_64_fastpath+0x31/0x95
[   23.863186] 
[   23.863186] Mutexes locked by thread 990:
[   23.863186] Mutex 134213 is locked here:
[   23.863186]  [<ffffffff81ee2975>] down_write+0x65/0x80
[   23.863186]  [<ffffffff811fe73c>] vm_mmap_pgoff+0x8c/0xe0
[   23.863186]  [<ffffffff812212bb>] SyS_mmap_pgoff+0x13b/0x2c0
[   23.863186]  [<ffffffff8100e85b>] SyS_mmap+0x5b/0x80
[   23.863186]  [<ffffffff81ee5a51>] entry_SYSCALL_64_fastpath+0x31/0x95
[   23.863186] 
[   23.863186] Mutexes locked by thread 1146:
[   23.863186] Mutex 181371 is locked here:
[   23.902451]  [<ffffffff81ee2037>] mutex_lock+0x57/0x70
[   23.903865]  [<ffffffff812a2d3c>] seq_read+0x5c/0x780
[   23.903865]  [<ffffffff812662bf>] __vfs_read+0x5f/0x1e0
[   23.903865]  [<ffffffff81267207>] vfs_read+0xb7/0x1e0
[   23.903865]  [<ffffffff81268740>] SyS_read+0x70/0xd0
[   23.903865]  [<ffffffff81ee5a51>] entry_SYSCALL_64_fastpath+0x31/0x95
[   23.903865] 
[   23.903865] ==================================================================
[   23.903865] ==================================================================
[   23.903865] ThreadSanitizer: data-race in mmap_region
[   23.903865] 
[   23.903865] Write at 0xffff88018deb8130 of size 8 by thread 990 on CPU 3:
[   23.903865]  [<ffffffff8122360a>] mmap_region+0x21a/0xb00
[   23.903865]  [<ffffffff81224379>] do_mmap_pgoff+0x489/0x590
[   23.903865]  [<ffffffff811fe75a>] vm_mmap_pgoff+0xaa/0xe0
[   23.903865]  [<ffffffff812212bb>] SyS_mmap_pgoff+0x13b/0x2c0
[   23.903865]  [<ffffffff8100e85b>] SyS_mmap+0x5b/0x80
[   23.903865]  [<ffffffff81ee5a51>] entry_SYSCALL_64_fastpath+0x31/0x95
[   23.903865] 
[   23.903865] Previous read at 0xffff88018deb8130 of size 8 by thread 1156 on CPU 0:
[   23.903865]  [<ffffffff81312dd9>] task_mem+0xb9/0x290
[   23.903865]  [<ffffffff8131d16d>] proc_pid_status+0x73d/0xd30
[   23.903865]  [<ffffffff81316b7b>] proc_single_show+0x8b/0xd0
[   23.903865]  [<ffffffff812a2e4a>] seq_read+0x16a/0x780
[   23.903865]  [<ffffffff812662bf>] __vfs_read+0x5f/0x1e0
[   23.903865]  [<ffffffff81267207>] vfs_read+0xb7/0x1e0
[   23.903865]  [<ffffffff81268740>] SyS_read+0x70/0xd0
[   23.903865]  [<ffffffff81ee5a51>] entry_SYSCALL_64_fastpath+0x31/0x95
[   23.903865] 
[   23.903865] Mutexes locked by thread 990:
[   23.903865] Mutex 134213 is locked here:
[   23.903865]  [<ffffffff81ee2975>] down_write+0x65/0x80
[   23.903865]  [<ffffffff811fe73c>] vm_mmap_pgoff+0x8c/0xe0
[   23.903865]  [<ffffffff812212bb>] SyS_mmap_pgoff+0x13b/0x2c0
[   23.903865]  [<ffffffff8100e85b>] SyS_mmap+0x5b/0x80
[   23.903865]  [<ffffffff81ee5a51>] entry_SYSCALL_64_fastpath+0x31/0x95
[   23.903865] 
[   23.903865] Mutexes locked by thread 1156:
[   23.903865] Mutex 182072 is locked here:
[   23.903865]  [<ffffffff81ee2037>] mutex_lock+0x57/0x70
[   23.903865]  [<ffffffff812a2d3c>] seq_read+0x5c/0x780
[   23.903865]  [<ffffffff812662bf>] __vfs_read+0x5f/0x1e0
[   23.903865]  [<ffffffff81267207>] vfs_read+0xb7/0x1e0
[   23.903865]  [<ffffffff81268740>] SyS_read+0x70/0xd0
[   23.903865]  [<ffffffff81ee5a51>] entry_SYSCALL_64_fastpath+0x31/0x95
[   23.903865] 
[   23.903865] ==================================================================
[   23.903865] ==================================================================
[   23.903865] ThreadSanitizer: data-race in mmap_region
[   23.903865] 
[   23.903865] Write at 0xffff88018deb8130 of size 8 by thread 990 on CPU 3:
[   23.903865]  [<ffffffff8122360a>] mmap_region+0x21a/0xb00
[   23.903865]  [<ffffffff81224379>] do_mmap_pgoff+0x489/0x590
[   23.903865]  [<ffffffff811fe75a>] vm_mmap_pgoff+0xaa/0xe0
[   23.903865]  [<ffffffff812212bb>] SyS_mmap_pgoff+0x13b/0x2c0
[   23.903865]  [<ffffffff8100e85b>] SyS_mmap+0x5b/0x80
[   23.903865]  [<ffffffff81ee5a51>] entry_SYSCALL_64_fastpath+0x31/0x95
[   23.903865] 
[   23.903865] Previous read at 0xffff88018deb8130 of size 8 by thread 1156 on CPU 0:
[   23.903865]  [<ffffffff81312d53>] task_mem+0x33/0x290
[   23.903865]  [<ffffffff8131d16d>] proc_pid_status+0x73d/0xd30
[   23.903865]  [<ffffffff81316b7b>] proc_single_show+0x8b/0xd0
[   23.903865]  [<ffffffff812a2e4a>] seq_read+0x16a/0x780
[   23.903865]  [<ffffffff812662bf>] __vfs_read+0x5f/0x1e0
[   23.903865]  [<ffffffff81267207>] vfs_read+0xb7/0x1e0
[   23.903865]  [<ffffffff81268740>] SyS_read+0x70/0xd0
[   23.903865]  [<ffffffff81ee5a51>] entry_SYSCALL_64_fastpath+0x31/0x95
[   23.903865] 
[   23.903865] Mutexes locked by thread 990:
[   23.903865] Mutex 134213 is locked here:
[   23.903865]  [<ffffffff81ee2975>] down_write+0x65/0x80
[   23.903865]  [<ffffffff811fe73c>] vm_mmap_pgoff+0x8c/0xe0
[   23.903865]  [<ffffffff812212bb>] SyS_mmap_pgoff+0x13b/0x2c0
[   23.903865]  [<ffffffff8100e85b>] SyS_mmap+0x5b/0x80
[   23.903865]  [<ffffffff81ee5a51>] entry_SYSCALL_64_fastpath+0x31/0x95
[   23.903865] 
[   23.903865] Mutexes locked by thread 1156:
[   23.903865] Mutex 182072 is locked here:
[   23.903865]  [<ffffffff81ee2037>] mutex_lock+0x57/0x70
[   23.903865]  [<ffffffff812a2d3c>] seq_read+0x5c/0x780
[   23.903865]  [<ffffffff812662bf>] __vfs_read+0x5f/0x1e0
[   23.903865]  [<ffffffff81267207>] vfs_read+0xb7/0x1e0
[   23.903865]  [<ffffffff81268740>] SyS_read+0x70/0xd0
[   23.903865]  [<ffffffff81ee5a51>] entry_SYSCALL_64_fastpath+0x31/0x95
[   23.903865] 
[   23.903865] ==================================================================
[   24.016045] ==================================================================
[   24.016143] ThreadSanitizer: data-race in selinux_file_permission
[   24.016143] 
[   24.016143] Read at 0xffff8800b9edf464 of size 4 by thread 1156 on CPU 0:
[   24.016143]  [<ffffffff814af70d>] selinux_file_permission+0x15d/0x1c0
[   24.016143]  [<ffffffff814a43f2>] security_file_permission+0x62/0x110
[   24.016143]  [<ffffffff81267056>] rw_verify_area+0x86/0x180
[   24.016143]  [<ffffffff812671ea>] vfs_read+0x9a/0x1e0
[   24.016143]  [<ffffffff81268740>] SyS_read+0x70/0xd0
[   24.016143]  [<ffffffff81ee5a51>] entry_SYSCALL_64_fastpath+0x31/0x95
[   24.016143] 
[   24.016143] Previous write at 0xffff8800b9edf464 of size 4 by thread 1146 on CPU 3:
[   24.016143]  [<ffffffff814af84a>] selinux_task_to_inode+0x6a/0x90
[   24.016143]  [<ffffffff814a584a>] security_task_to_inode+0x4a/0x70
[   24.016143]  [<ffffffff81317972>] pid_revalidate+0x182/0x1c0
[   24.016143]  [<ffffffff812795f4>] lookup_fast+0x4a4/0x5e0
[   24.033045]  [<ffffffff8127e1da>] path_openat+0x3ba/0x2060
[   24.033045]  [<ffffffff8128188f>] do_filp_open+0xff/0x170
[   24.033045]  [<ffffffff81265a11>] do_sys_open+0x191/0x2b0
[   24.036769]  [<ffffffff81265b65>] SyS_open+0x35/0x50
[   24.037784]  [<ffffffff81ee5a51>] entry_SYSCALL_64_fastpath+0x31/0x95
[   24.037784] 
[   24.037784] ==================================================================
[   24.227794] ==================================================================
[   24.228113] ThreadSanitizer: data-race in selinux_task_to_inode
[   24.228113] 
[   24.228113] Write at 0xffff88018caf5824 of size 4 by thread 1156 on CPU 2:
[   24.228113]  [<ffffffff814af84a>] selinux_task_to_inode+0x6a/0x90
[   24.228113]  [<ffffffff814a584a>] security_task_to_inode+0x4a/0x70
[   24.228113]  [<ffffffff81317972>] pid_revalidate+0x182/0x1c0
[   24.228113]  [<ffffffff812795f4>] lookup_fast+0x4a4/0x5e0
[   24.228113]  [<ffffffff8127ae8a>] walk_component+0x4a/0x560
[   24.228113]  [<ffffffff8127ba4d>] link_path_walk+0x22d/0x920
[   24.228113]  [<ffffffff8127deed>] path_openat+0xcd/0x2060
[   24.228113]  [<ffffffff8128188f>] do_filp_open+0xff/0x170
[   24.228113]  [<ffffffff81265a11>] do_sys_open+0x191/0x2b0
[   24.228113]  [<ffffffff81265b65>] SyS_open+0x35/0x50
[   24.228113]  [<ffffffff81ee5a51>] entry_SYSCALL_64_fastpath+0x31/0x95
[   24.228113] 
[   24.228113] Previous write at 0xffff88018caf5824 of size 4 by thread 1146 on CPU 3:
[   24.228113]  [<ffffffff814af84a>] selinux_task_to_inode+0x6a/0x90
[   24.228113]  [<ffffffff814a584a>] security_task_to_inode+0x4a/0x70
[   24.228113]  [<ffffffff81317972>] pid_revalidate+0x182/0x1c0
[   24.228113]  [<ffffffff812795f4>] lookup_fast+0x4a4/0x5e0
[   24.228113]  [<ffffffff8127ae8a>] walk_component+0x4a/0x560
[   24.228113]  [<ffffffff8127ba4d>] link_path_walk+0x22d/0x920
[   24.228113]  [<ffffffff8127deed>] path_openat+0xcd/0x2060
[   24.228113]  [<ffffffff8128188f>] do_filp_open+0xff/0x170
[   24.228113]  [<ffffffff81265a11>] do_sys_open+0x191/0x2b0
[   24.228113]  [<ffffffff81265b65>] SyS_open+0x35/0x50
[   24.228113]  [<ffffffff81ee5a51>] entry_SYSCALL_64_fastpath+0x31/0x95
[   24.228113] 
[   24.228113] ==================================================================
[   24.357736] ==================================================================
[   24.358450] ThreadSanitizer: data-race in selinux_task_to_inode
[   24.358450] 
[   24.358450] Write at 0xffff88018c995284 of size 4 by thread 1146 on CPU 3:
[   24.358450]  [<ffffffff814af84a>] selinux_task_to_inode+0x6a/0x90
[   24.358450]  [<ffffffff814a584a>] security_task_to_inode+0x4a/0x70
[   24.358450]  [<ffffffff81317972>] pid_revalidate+0x182/0x1c0
[   24.358450]  [<ffffffff812795f4>] lookup_fast+0x4a4/0x5e0
[   24.358450]  [<ffffffff8127ae8a>] walk_component+0x4a/0x560
[   24.358450]  [<ffffffff8127ca46>] path_lookupat+0xe6/0x200
[   24.358450]  [<ffffffff81280714>] filename_lookup+0x114/0x220
[   24.358450]  [<ffffffff81280938>] user_path_at_empty+0x48/0x60
[   24.358450]  [<ffffffff8126e799>] vfs_fstatat+0x59/0xb0
[   24.358450]  [<ffffffff8126f01d>] SYSC_newstat+0x2d/0x60
[   24.358450]  [<ffffffff8126f501>] SyS_newstat+0x21/0x40
[   24.358450]  [<ffffffff81ee5a51>] entry_SYSCALL_64_fastpath+0x31/0x95
[   24.358450] 
[   24.358450] Previous read at 0xffff88018c995284 of size 4 by thread 1156 on CPU 2:
[   24.358450]  [<ffffffff814af466>] selinux_inode_getattr+0xd6/0x110
[   24.358450]  [<ffffffff814a3d13>] security_inode_getattr+0x83/0xa0
[   24.358450]  [<ffffffff8126e6a4>] vfs_getattr+0x24/0x50
[   24.358450]  [<ffffffff8126e7ab>] vfs_fstatat+0x6b/0xb0
[   24.358450]  [<ffffffff8126f01d>] SYSC_newstat+0x2d/0x60
[   24.358450]  [<ffffffff8126f501>] SyS_newstat+0x21/0x40
[   24.358450]  [<ffffffff81ee5a51>] entry_SYSCALL_64_fastpath+0x31/0x95
[   24.358450] 
[   24.358450] ==================================================================
[?25l[?1c7[1G[[32m ok [39;49m8[?25h[?0cdone.
[   27.101408] ==================================================================
[   27.102069] ThreadSanitizer: data-race in poll_schedule_timeout
[   27.102069] 
[   27.102069] Read at 0xffff8800bacffa98 of size 4 by thread 891 on CPU 1:
[   27.102069]  [<ffffffff812873f4>] poll_schedule_timeout+0x64/0xc0
[   27.102069]  [<ffffffff81288448>] do_select+0xa68/0xb70
[   27.102069]  [<ffffffff812887ff>] core_sys_select+0x2af/0x3f0
[   27.102069]  [<ffffffff81288bb9>] SyS_pselect6+0x169/0x2b0
[   27.102069]  [<ffffffff81ee5a51>] entry_SYSCALL_64_fastpath+0x31/0x95
[   27.102069] 
[   27.102069] Previous write at 0xffff8800bacffa98 of size 4 by thread 1295 on CPU 2:
[   27.102069]  [<ffffffff81287747>] pollwake+0xc7/0x100
[   27.102069]  [<ffffffff810e3858>] __wake_up_common+0x48/0x80
[   27.102069]  [<ffffffff8165d0e1>] tty_release+0x1c1/0x7c0
[   27.102069]  [<ffffffff8126993f>] __fput+0x15f/0x310
[   27.102069]  [<ffffffff81269b5d>] ____fput+0x1d/0x30
[   27.102069]  [<ffffffff810b9175>] task_work_run+0x115/0x130
[   27.102069]  [<ffffffff8108d604>] do_exit+0x494/0x13b0
[   27.102069]  [<ffffffff810902f5>] do_group_exit+0x85/0x130
[   27.102069]  [<ffffffff810903c0>] __wake_up_parent+0x0/0x50
[   27.102069]  [<ffffffff81ee5a51>] entry_SYSCALL_64_fastpath+0x31/0x95
[   27.102069] 
[   27.102069] Mutexes locked by thread 1295:
[   27.102069] Mutex 202469 is locked here:
[   27.102069]  [<ffffffff81ee2037>] mutex_lock+0x57/0x70
[   27.102069]  [<ffffffff81ee5821>] tty_lock+0x51/0xc0
[   27.102069]  [<ffffffff8165cfa2>] tty_release+0x82/0x7c0
[   27.102069]  [<ffffffff8126993f>] __fput+0x15f/0x310
[   27.102069]  [<ffffffff81269b5d>] ____fput+0x1d/0x30
[   27.102069]  [<ffffffff810b9175>] task_work_run+0x115/0x130
[   27.102069]  [<ffffffff8108d604>] do_exit+0x494/0x13b0
[   27.102069]  [<ffffffff810902f5>] do_group_exit+0x85/0x130
[   27.102069]  [<ffffffff810903c0>] __wake_up_parent+0x0/0x50
[   27.102069]  [<ffffffff81ee5a51>] entry_SYSCALL_64_fastpath+0x31/0x95
[   27.102069] 
[   27.102069] Mutex 203126 is locked here:
[   27.102069]  [<ffffffff81ee57b4>] _raw_spin_lock_irqsave+0x64/0x80
[   27.102069]  [<ffffffff810e38b2>] __wake_up+0x22/0x60
[   27.102069]  [<ffffffff8165d0e1>] tty_release+0x1c1/0x7c0
[   27.102069]  [<ffffffff8126993f>] __fput+0x15f/0x310
[   27.102069]  [<ffffffff81269b5d>] ____fput+0x1d/0x30
[   27.102069]  [<ffffffff810b9175>] task_work_run+0x115/0x130
[   27.102069]  [<ffffffff8108d604>] do_exit+0x494/0x13b0
[   27.102069]  [<ffffffff810902f5>] do_group_exit+0x85/0x130
[   27.102069]  [<ffffffff810903c0>] __wake_up_parent+0x0/0x50
[   27.102069]  [<ffffffff81ee5a51>] entry_SYSCALL_64_fastpath+0x31/0x95
[   27.102069] 
[   27.102069] ==================================================================
[....] Activating swap...[?25l[?1c7[1G[[32m ok [39;49m8[?25h[?0cdone.
[   28.449738] EXT4-fs (sda): re-mounted. Opts: (null)
[....] Creating compatibility symlink from /etc/mtab to /proc/mounts. ...[?25l[?1c7[1G[[33mwarn[39;49m8[?25h[?0c [33m(warning).[39;49m
[....] Cleaning up temporary files... /tmp[?25l[?1c7[1G[[32m ok [39;49m8[?25h[?0c.
[....] Activating lvm and md swap...[?25l[?1c7[1G[[32m ok [39;49m8[?25h[?0cdone.
[....] Checking file systems...fsck from util-linux 2.20.1
[?25l[?1c7[1G[[32m ok [39;49m8[?25h[?0cdone.
[....] Mounting local filesystems...[?25l[?1c7[1G[[32m ok [39;49m8[?25h[?0cdone.
[....] Activating swapfile swap...[?25l[?1c7[1G[[32m ok [39;49m8[?25h[?0cdone.
[   48.204753] ==================================================================
[   48.205121] ThreadSanitizer: data-race in pollwake
[   48.205121] 
[   48.205121] Write at 0xffff8800bacffa98 of size 4 by thread 408 on CPU 2:
[   48.205121]  [<ffffffff81287747>] pollwake+0xc7/0x100
[   48.205121]  [<ffffffff810e3858>] __wake_up_common+0x48/0x80
[   48.205121]  [<ffffffff810b1d1e>] process_one_work+0x47e/0x930
[   48.205121]  [<ffffffff810b2280>] worker_thread+0xb0/0x900
[   48.205121]  [<ffffffff810bb9e0>] kthread+0x150/0x170
[   48.205121]  [<ffffffff81ee5e3f>] ret_from_fork+0x3f/0x70
[   48.205121] 
[   48.205121] Previous read at 0xffff8800bacffa98 of size 4 by thread 891 on CPU 0:
[   48.205121]  [<ffffffff812873f4>] poll_schedule_timeout+0x64/0xc0
[   48.205121]  [<ffffffff81288448>] do_select+0xa68/0xb70
[   48.205121]  [<ffffffff812887ff>] core_sys_select+0x2af/0x3f0
[   48.205121]  [<ffffffff81288bb9>] SyS_pselect6+0x169/0x2b0
[   48.205121]  [<ffffffff81ee5a51>] entry_SYSCALL_64_fastpath+0x31/0x95
[   48.205121] 
[   48.205121] Mutexes locked by thread 408:
[   48.205121] Mutex 319769 is locked here:
[   48.205121]  [<ffffffff81ee2037>] mutex_lock+0x57/0x70
[   48.205121]  [<ffffffff81669726>] flush_to_ldisc+0x66/0x300
[   48.205121]  [<ffffffff810b1d1e>] process_one_work+0x47e/0x930
[   48.205121]  [<ffffffff810b2280>] worker_thread+0xb0/0x900
[   48.205121]  [<ffffffff810bb9e0>] kthread+0x150/0x170
[   48.205121]  [<ffffffff81ee5e3f>] ret_from_fork+0x3f/0x70
[   48.205121] 
[   48.205121] Mutex 312750 is locked here:
[   48.205121]  [<ffffffff81ee57b4>] _raw_spin_lock_irqsave+0x64/0x80
[   48.205121]  [<ffffffff810e38b2>] __wake_up+0x22/0x60
[   48.205121]  [<ffffffff810b1d1e>] process_one_work+0x47e/0x930
[   48.205121]  [<ffffffff810b2280>] worker_thread+0xb0/0x900
[   48.205121]  [<ffffffff810bb9e0>] kthread+0x150/0x170
[   48.205121]  [<ffffffff81ee5e3f>] ret_from_fork+0x3f/0x70
[   48.205121] 
[   48.205121] ==================================================================
[....] Cleaning up temporary files...[?25l[?1c7[1G[[32m ok [39;49m8[?25h[?0c.
[....] Setting kernel variables ...[?25l[?1c7[1G[[32m ok [39;49m8[?25h[?0cdone.
[....] Configuring network interfaces...Internet Systems Consortium DHCP Client 4.2.2
Copyright 2004-2011 Internet Systems Consortium.
All rights reserved.
For info, please visit https://www.isc.org/software/dhcp/

[   51.988959] e1000: eth0 NIC Link is Up 1000 Mbps Full Duplex, Flow Control: RX
[   51.991329] IPv6: ADDRCONF(NETDEV_UP): eth0: link is not ready
[   51.994298] IPv6: ADDRCONF(NETDEV_CHANGE): eth0: link becomes ready
Listening on LPF/eth0/52:54:00:12:34:56
Sending on   LPF/eth0/52:54:00:12:34:56
Sending on   Socket/fallback
DHCPDISCOVER on eth0 to 255.255.255.255 port 67 interval 4
DHCPREQUEST on eth0 to 255.255.255.255 port 67
DHCPOFFER from 10.0.2.2
DHCPACK from 10.0.2.2
bound to 10.0.2.15 -- renewal in 36666 seconds.
[?25l[?1c7[1G[[32m ok [39;49m8[?25h[?0cdone.
[....] Cleaning up temporary files...[?25l[?1c7[1G[[32m ok [39;49m8[?25h[?0c.
INIT: Entering runlevel: 2
[[36minfo[39;49m] Using makefile-style concurrent boot in runlevel 2.
[   56.626558] ==================================================================
[   56.627176] ThreadSanitizer: data-race in mmap_region
[   56.627176] 
[   56.627176] Write at 0xffff8800bae995f0 of size 8 by thread 2482 on CPU 1:
[   56.627176]  [<ffffffff8122360a>] mmap_region+0x21a/0xb00
[   56.627176]  [<ffffffff81224379>] do_mmap_pgoff+0x489/0x590
[   56.627176]  [<ffffffff811fe75a>] vm_mmap_pgoff+0xaa/0xe0
[   56.627176]  [<ffffffff812212bb>] SyS_mmap_pgoff+0x13b/0x2c0
[   56.627176]  [<ffffffff8100e85b>] SyS_mmap+0x5b/0x80
[   56.627176]  [<ffffffff81ee5a51>] entry_SYSCALL_64_fastpath+0x31/0x95
[   56.627176] 
[   56.627176] Previous read at 0xffff8800bae995f0 of size 8 by thread 2484 on CPU 2:
[   56.627176]  [<ffffffff8117fc28>] __acct_update_integrals+0x188/0x1b0
[   56.627176]  [<ffffffff81180424>] acct_account_cputime+0x44/0x50
[   56.627176]  [<ffffffff810d590e>] account_system_time+0xbe/0x190
[   56.627176]  [<ffffffff81132a0e>] tick_sched_handle.isra.14+0x7e/0xa0
[   56.627176]  [<ffffffff811335ee>] tick_sched_timer+0x5e/0xb0
[   56.627176]  [<ffffffff81119e8e>] __hrtimer_run_queues+0x22e/0x440
[   56.627176]  [<ffffffff8111ab74>] hrtimer_interrupt+0x114/0x2d0
[   56.627176]  [<ffffffff8105d6a7>] local_apic_timer_interrupt+0x77/0xc0
[   56.627176]  [<ffffffff8105ebb6>] smp_apic_timer_interrupt+0x76/0xb0
[   56.627176]  [<ffffffff81ee690a>] apic_timer_interrupt+0x8a/0xa0
[   56.627176] 
[   56.627176] Mutexes locked by thread 2482:
[   56.627176] Mutex 386879 is locked here:
[   56.627176]  [<ffffffff81ee2975>] down_write+0x65/0x80
[   56.627176]  [<ffffffff811fe73c>] vm_mmap_pgoff+0x8c/0xe0
[   56.627176]  [<ffffffff812212bb>] SyS_mmap_pgoff+0x13b/0x2c0
[   56.627176]  [<ffffffff8100e85b>] SyS_mmap+0x5b/0x80
[   56.627176]  [<ffffffff81ee5a51>] entry_SYSCALL_64_fastpath+0x31/0x95
[   56.627176] 
[   56.627176] ==================================================================
[   56.747145] ==================================================================
[   56.747176] ThreadSanitizer: data-race in __acct_update_integrals
[   56.747176] 
[   56.747176] Read at 0xffff8800bae995f0 of size 8 by thread 2484 on CPU 0:
[   56.747176]  [<ffffffff8117fc28>] __acct_update_integrals+0x188/0x1b0
[   56.747176]  [<ffffffff81180424>] acct_account_cputime+0x44/0x50
[   56.747176]  [<ffffffff810d590e>] account_system_time+0xbe/0x190
[   56.747176]  [<ffffffff81132a0e>] tick_sched_handle.isra.14+0x7e/0xa0
[   56.760677]  [<ffffffff811335ee>] tick_sched_timer+0x5e/0xb0
[   56.760677]  [<ffffffff81119e8e>] __hrtimer_run_queues+0x22e/0x440
[   56.760677]  [<ffffffff8111ab74>] hrtimer_interrupt+0x114/0x2d0
[   56.764316]  [<ffffffff8105d6a7>] local_apic_timer_interrupt+0x77/0xc0
[   56.764316]  [<ffffffff8105ebb6>] smp_apic_timer_interrupt+0x76/0xb0
[   56.764316]  [<ffffffff81ee690a>] apic_timer_interrupt+0x8a/0xa0
[   56.764316] 
[   56.764316] Previous write at 0xffff8800bae995f0 of size 8 by thread 2487 on CPU 1:
[   56.764316]  [<ffffffff81222f5b>] do_brk+0x2bb/0x480
[   56.764316]  [<ffffffff8122335e>] SyS_brk+0x18e/0x220
[   56.764316]  [<ffffffff81ee5a51>] entry_SYSCALL_64_fastpath+0x31/0x95
[   56.764316] 
[   56.764316] Mutexes locked by thread 2487:
[   56.764316] Mutex 386879 is locked here:
[   56.764316]  [<ffffffff81ee2975>] down_write+0x65/0x80
[   56.764316]  [<ffffffff81223215>] SyS_brk+0x45/0x220
[   56.764316]  [<ffffffff81ee5a51>] entry_SYSCALL_64_fastpath+0x31/0x95
[   56.764316] 
[   56.764316] ==================================================================
[....] Starting enhanced syslogd: rsyslogd[?25l[?1c7[1G[[32m ok [39;49m8[?25h[?0c.
[....] Starting periodic command scheduler: cron[?25l[?1c7[1G[[32m ok [39;49m8[?25h[?0c.
[....] Starting OpenBSD Secure Shell server: sshd[?25l[?1c7[1G[[32m ok [39;49m8[?25h[?0c.
[   62.094730] kt: running test for light, case 0, T2583
[   62.094730] 
[   62.097518] kt: starting light_test_wait_nonexist test
[   62.104464] ==================================================================
[   62.105194] ThreadSanitizer: data-race in tcp_recvmsg
[   62.105194] 
[   62.105194] Read at 0xffff88018c4d5100 of size 8 by thread 2581 on CPU 2:
[   62.105194]  [<ffffffff81c30032>] tcp_recvmsg+0x412/0x12c0
[   62.105194]  [<ffffffff81c85ed8>] inet_recvmsg+0x148/0x180
[   62.105194]  [<ffffffff81b6022a>] sock_recvmsg+0x6a/0x90
[   62.105194]  [<ffffffff81b60366>] sock_read_iter+0x116/0x180
[   62.105194]  [<ffffffff81266400>] __vfs_read+0x1a0/0x1e0
[   62.105194]  [<ffffffff81267207>] vfs_read+0xb7/0x1e0
[   62.105194]  [<ffffffff81268740>] SyS_read+0x70/0xd0
[   62.105194]  [<ffffffff81ee5a51>] entry_SYSCALL_64_fastpath+0x31/0x95
[   62.105194] 
[   62.105194] Previous write at 0xffff88018c4d5100 of size 8 by thread -4 on CPU 3:
[   62.105194]  [<ffffffff81c5eece>] tcp_v4_rcv+0x139e/0x14c0
[   62.105194]  [<ffffffff81c156a9>] ip_local_deliver_finish+0x169/0x3f0
[   62.105194]  [<ffffffff81c15c8a>] ip_local_deliver+0x15a/0x160
[   62.105194]  [<ffffffff81c14f73>] ip_rcv_finish+0xe3/0x6b0
[   62.105194]  [<ffffffff81c162d6>] ip_rcv+0x646/0x880
[   62.105194]  [<ffffffff81b8f4af>] __netif_receive_skb_core+0x54f/0x1530
[   62.105194]  [<ffffffff81b904c9>] __netif_receive_skb+0x39/0xf0
[   62.105194]  [<ffffffff81b905c5>] netif_receive_skb_internal+0x45/0x110
[   62.105194]  [<ffffffff81b91e65>] napi_gro_receive+0x115/0x150
[   62.105194]  [<ffffffff81952fe5>] e1000_clean_rx_irq+0x355/0x950
[   62.105194]  [<ffffffff8194f964>] e1000_clean+0x554/0x11e0
[   62.105194]  [<ffffffff81b90f89>] net_rx_action+0x489/0x690
[   62.105194]  [<ffffffff81091c1e>] __do_softirq+0xbe/0x2f0
[   62.105194]  [<ffffffff81ee658a>] common_interrupt+0x8a/0x8f
[   62.105194] 
[   62.105194] Mutexes locked by thread -4:
[   62.105194] Mutex 412098 is locked here:
[   62.105194]  [<ffffffff81ee5400>] _raw_spin_lock+0x50/0x70
[   62.105194]  [<ffffffff81c5eb7d>] tcp_v4_rcv+0x104d/0x14c0
[   62.105194]  [<ffffffff81c156a9>] ip_local_deliver_finish+0x169/0x3f0
[   62.105194]  [<ffffffff81c15c8a>] ip_local_deliver+0x15a/0x160
[   62.105194]  [<ffffffff81c14f73>] ip_rcv_finish+0xe3/0x6b0
[   62.105194]  [<ffffffff81c162d6>] ip_rcv+0x646/0x880
[   62.105194]  [<ffffffff81b8f4af>] __netif_receive_skb_core+0x54f/0x1530
[   62.105194]  [<ffffffff81b904c9>] __netif_receive_skb+0x39/0xf0
[   62.105194]  [<ffffffff81b905c5>] netif_receive_skb_internal+0x45/0x110
[   62.105194]  [<ffffffff81b91e65>] napi_gro_receive+0x115/0x150
[   62.105194]  [<ffffffff81952fe5>] e1000_clean_rx_irq+0x355/0x950
[   62.105194]  [<ffffffff8194f964>] e1000_clean+0x554/0x11e0
[   62.105194]  [<ffffffff81b90f89>] net_rx_action+0x489/0x690
[   62.105194]  [<ffffffff81091c1e>] __do_softirq+0xbe/0x2f0
[   62.105194]  [<ffffffff81ee658a>] common_interrupt+0x8a/0x8f
[   62.105194] 
[   62.105194] ==================================================================
[   62.101649] ==================================================================
[   62.101649] ThreadSanitizer: data-race in tcp_v4_rcv
[   62.101649] 
[   62.101649] Write at 0xffff88018c4d5100 of size 8 by thread -4 on CPU 3:
[   62.101649]  [<ffffffff81c5eece>] tcp_v4_rcv+0x139e/0x14c0
[   62.101649]  [<ffffffff81c156a9>] ip_local_deliver_finish+0x169/0x3f0
[   62.101649]  [<ffffffff81c15c8a>] ip_local_deliver+0x15a/0x160
[   62.101649]  [<ffffffff81c14f73>] ip_rcv_finish+0xe3/0x6b0
[   62.101649]  [<ffffffff81c162d6>] ip_rcv+0x646/0x880
[   62.101649]  [<ffffffff81b8f4af>] __netif_receive_skb_core+0x54f/0x1530
[   62.101649]  [<ffffffff81b904c9>] __netif_receive_skb+0x39/0xf0
[   62.101649]  [<ffffffff81b905c5>] netif_receive_skb_internal+0x45/0x110
[   62.101649]  [<ffffffff81b91e65>] napi_gro_receive+0x115/0x150
[   62.101649]  [<ffffffff81952fe5>] e1000_clean_rx_irq+0x355/0x950
[   62.101649]  [<ffffffff8194f964>] e1000_clean+0x554/0x11e0
[   62.101649]  [<ffffffff81b90f89>] net_rx_action+0x489/0x690
[   62.101649]  [<ffffffff81091c1e>] __do_softirq+0xbe/0x2f0
[   62.101649]  [<ffffffff81ee658a>] common_interrupt+0x8a/0x8f
[   62.101649] 
[   62.101649] Previous read at 0xffff88018c4d5100 of size 8 by thread 2581 on CPU 2:
[   62.101649]  [<ffffffff81c30032>] tcp_recvmsg+0x412/0x12c0
[   62.101649]  [<ffffffff81c85ed8>] inet_recvmsg+0x148/0x180
[   62.101649]  [<ffffffff81b6022a>] sock_recvmsg+0x6a/0x90
[   62.101649]  [<ffffffff81b60366>] sock_read_iter+0x116/0x180
[   62.101649]  [<ffffffff81266400>] __vfs_read+0x1a0/0x1e0
[   62.101649]  [<ffffffff81267207>] vfs_read+0xb7/0x1e0
[   62.101649]  [<ffffffff81268740>] SyS_read+0x70/0xd0
[   62.101649]  [<ffffffff81ee5a51>] entry_SYSCALL_64_fastpath+0x31/0x95
[   62.101649] 
[   62.101649] Mutexes locked by thread -4:
[   62.101649] Mutex 412098 is locked here:
[   62.101649]  [<ffffffff81ee5400>] _raw_spin_lock+0x50/0x70
[   62.101649]  [<ffffffff81c5eb7d>] tcp_v4_rcv+0x104d/0x14c0
[   62.101649]  [<ffffffff81c156a9>] ip_local_deliver_finish+0x169/0x3f0
[   62.101649]  [<ffffffff81c15c8a>] ip_local_deliver+0x15a/0x160
[   62.101649]  [<ffffffff81c14f73>] ip_rcv_finish+0xe3/0x6b0
[   62.101649]  [<ffffffff81c162d6>] ip_rcv+0x646/0x880
[   62.101649]  [<ffffffff81b8f4af>] __netif_receive_skb_core+0x54f/0x1530
[   62.101649]  [<ffffffff81b904c9>] __netif_receive_skb+0x39/0xf0
[   62.101649]  [<ffffffff81b905c5>] netif_receive_skb_internal+0x45/0x110
[   62.101649]  [<ffffffff81b91e65>] napi_gro_receive+0x115/0x150
[   62.101649]  [<ffffffff81952fe5>] e1000_clean_rx_irq+0x355/0x950
[   62.101649]  [<ffffffff8194f964>] e1000_clean+0x554/0x11e0
[   62.101649]  [<ffffffff81b90f89>] net_rx_action+0x489/0x690
[   62.101649]  [<ffffffff81091c1e>] __do_softirq+0xbe/0x2f0
[   62.101649]  [<ffffffff81ee658a>] common_interrupt+0x8a/0x8f
[   62.101649] 
[   62.101649] ==================================================================
[   62.214560] kt: end of test.
[   62.215571] 
[   62.216019] dump_desc: [wait_nonexist]
[   62.217599] dump_desc evts:
[   62.218778] dump_desc   ts: 0
[   62.219883] dump_desc  ret: -22
[   62.221388] LIGHT_SUCCESS
[   62.223575] ==================================================================
[   62.224297] kt: running test for light, case 0, T2583
[   62.224297] 
[   62.224343] kt: starting light_test_wait_nonexist test
[   62.224190] ThreadSanitizer: data-race in __nf_ct_refresh_acct
[   62.224190] 
[   62.227653] kt: end of test.
[   62.227686] 
[   62.227724] dump_desc: [wait_nonexist]
[   62.227773] dump_desc evts:
[   62.227817] dump_desc   ts: 0
[   62.227859] dump_desc  ret: -22
[   62.227894] LIGHT_SUCCESS
[   62.229260] kt: running test for light, case 0, T2583
[   62.229260] 
[   62.229301] kt: starting light_test_wait_nonexist test
[   62.232373] kt: end of test.
[   62.232407] 
[   62.232450] dump_desc: [wait_nonexist]
[   62.232488] dump_desc evts:
[   62.232547] dump_desc   ts: 0
[   62.232594] dump_desc  ret: -22
[   62.232628] LIGHT_SUCCESS
[   62.233767] kt: running test for light, case 0, T2583
[   62.233767] 
[   62.233807] kt: starting light_test_wait_nonexist test
[   62.236914] kt: end of test.
[   62.236945] 
[   62.236988] dump_desc: [wait_nonexist]
[   62.237263] dump_desc evts:
[   62.237306] dump_desc   ts: 0
[   62.237347] dump_desc  ret: -22
[   62.237379] LIGHT_SUCCESS
[   62.238489] kt: running test for light, case 0, T2583
[   62.238489] 
[   62.238529] kt: starting light_test_wait_nonexist test
[   62.241705] kt: end of test.
[   62.241737] 
[   62.241772] dump_desc: [wait_nonexist]
[   62.241807] dump_desc evts:
[   62.241846] dump_desc   ts: 0
[   62.241884] dump_desc  ret: -22
[   62.241916] LIGHT_SUCCESS
[   62.243018] kt: running test for light, case 0, T2583
[   62.243018] 
[   62.243276] kt: starting light_test_wait_nonexist test
[   62.246364] kt: end of test.
[   62.246398] 
[   62.246468] dump_desc: [wait_nonexist]
[   62.246524] dump_desc evts:
[   62.246568] dump_desc   ts: 0
[   62.246609] dump_desc  ret: -22
[   62.246640] LIGHT_SUCCESS
[   62.247743] kt: running test for light, case 0, T2583
[   62.247743] 
[   62.247791] kt: starting light_test_wait_nonexist test
[   62.250851] kt: end of test.
[   62.250899] 
[   62.250942] dump_desc: [wait_nonexist]
[   62.250980] dump_desc evts:
[   62.251236] dump_desc   ts: 0
[   62.251282] dump_desc  ret: -22
[   62.251315] LIGHT_SUCCESS
[   62.252406] kt: running test for light, case 0, T2583
[   62.252406] 
[   62.252458] kt: starting light_test_wait_nonexist test
[   62.255506] kt: end of test.
[   62.255539] 
[   62.255587] dump_desc: [wait_nonexist]
[   62.255636] dump_desc evts:
[   62.255683] dump_desc   ts: 0
[   62.255725] dump_desc  ret: -22
[   62.255772] LIGHT_SUCCESS
[   62.224190] Read at 0xffff88018c987e10 of size 8 by thread 19 on CPU 3:
[   62.224190]  [<ffffffff81be9ee1>] __nf_ct_refresh_acct+0xf1/0x140
[   62.224190]  [<ffffffff81bf6b62>] tcp_packet+0x12f2/0x2520
[   62.224190]  [<ffffffff81bed716>] nf_conntrack_in+0x736/0xdc0
[   62.224190]  [<ffffffff81cb420e>] ipv4_conntrack_in+0x5e/0x80
[   62.224190]  [<ffffffff81be3bb3>] nf_iterate+0x113/0x130
[   62.224190]  [<ffffffff81be3c47>] nf_hook_slow+0x77/0x110
[   62.224190]  [<ffffffff81c162c0>] ip_rcv+0x630/0x880
[   62.224190]  [<ffffffff81b8f4af>] __netif_receive_skb_core+0x54f/0x1530
[   62.224190]  [<ffffffff81b904c9>] __netif_receive_skb+0x39/0xf0
[   62.224190]  [<ffffffff81b905c5>] netif_receive_skb_internal+0x45/0x110
[   62.224190]  [<ffffffff81b91e65>] napi_gro_receive+0x115/0x150
[   62.224190]  [<ffffffff81952fe5>] e1000_clean_rx_irq+0x355/0x950
[   62.224190]  [<ffffffff8194f964>] e1000_clean+0x554/0x11e0
[   62.224190]  [<ffffffff81b90f89>] net_rx_action+0x489/0x690
[   62.224190]  [<ffffffff81091c1e>] __do_softirq+0xbe/0x2f0
[   62.224190]  [<ffffffff810bb9e0>] kthread+0x150/0x170
[   62.224190]  [<ffffffff81ee5e3f>] ret_from_fork+0x3f/0x70
[   62.224190] 
[   62.224190] Previous write at 0xffff88018c987e10 of size 8 by thread 2581 on CPU 2:
[   62.224190]  [<ffffffff811180cb>] mod_timer_pending+0x1ab/0x2f0
[   62.224190]  [<ffffffff81be9f06>] __nf_ct_refresh_acct+0x116/0x140
[   62.224190]  [<ffffffff81bf6b62>] tcp_packet+0x12f2/0x2520
[   62.224190]  [<ffffffff81bed716>] nf_conntrack_in+0x736/0xdc0
[   62.224190]  [<ffffffff81cb441f>] ipv4_conntrack_local+0xbf/0xe0
[   62.224190]  [<ffffffff81be3bb3>] nf_iterate+0x113/0x130
[   62.224190]  [<ffffffff81be3c47>] nf_hook_slow+0x77/0x110
[   62.224190]  [<ffffffff81c1c0fa>] __ip_local_out_sk+0x15a/0x180
[   62.224190]  [<ffffffff81c1c151>] ip_local_out_sk+0x31/0x80
[   62.224190]  [<ffffffff81c2044d>] ip_queue_xmit+0x2cd/0x840
[   62.224190]  [<ffffffff81c4db99>] tcp_transmit_skb+0xb39/0x1750
[   62.224190]  [<ffffffff81c51ee8>] tcp_send_ack+0x228/0x2d0
[   62.224190]  [<ffffffff81c2e291>] tcp_cleanup_rbuf+0xd1/0x210
[   62.224190]  [<ffffffff81c30270>] tcp_recvmsg+0x650/0x12c0
[   62.224190]  [<ffffffff81c85ed8>] inet_recvmsg+0x148/0x180
[   62.224190]  [<ffffffff81b6022a>] sock_recvmsg+0x6a/0x90
[   62.224190]  [<ffffffff81b60366>] sock_read_iter+0x116/0x180
[   62.224190]  [<ffffffff81266400>] __vfs_read+0x1a0/0x1e0
[   62.224190]  [<ffffffff81267207>] vfs_read+0xb7/0x1e0
[   62.224190]  [<ffffffff81268740>] SyS_read+0x70/0xd0
[   62.224190]  [<ffffffff81ee5a51>] entry_SYSCALL_64_fastpath+0x31/0x95
[   62.224190] 
[   62.224190] Mutexes locked by thread 2581:
[   62.224190] Mutex 1154 is locked here:
[   62.224190]  [<ffffffff81ee5400>] _raw_spin_lock+0x50/0x70
[   62.224190]  [<ffffffff81118090>] mod_timer_pending+0x170/0x2f0
[   62.224190]  [<ffffffff81be9f06>] __nf_ct_refresh_acct+0x116/0x140
[   62.224190]  [<ffffffff81bf6b62>] tcp_packet+0x12f2/0x2520
[   62.224190]  [<ffffffff81bed716>] nf_conntrack_in+0x736/0xdc0
[   62.224190]  [<ffffffff81cb441f>] ipv4_conntrack_local+0xbf/0xe0
[   62.224190]  [<ffffffff81be3bb3>] nf_iterate+0x113/0x130
[   62.224190]  [<ffffffff81be3c47>] nf_hook_slow+0x77/0x110
[   62.224190]  [<ffffffff81c1c0fa>] __ip_local_out_sk+0x15a/0x180
[   62.224190]  [<ffffffff81c1c151>] ip_local_out_sk+0x31/0x80
[   62.224190]  [<ffffffff81c2044d>] ip_queue_xmit+0x2cd/0x840
[   62.224190]  [<ffffffff81c4db99>] tcp_transmit_skb+0xb39/0x1750
[   62.224190]  [<ffffffff81c51ee8>] tcp_send_ack+0x228/0x2d0
[   62.224190]  [<ffffffff81c2e291>] tcp_cleanup_rbuf+0xd1/0x210
[   62.224190]  [<ffffffff81c30270>] tcp_recvmsg+0x650/0x12c0
[   62.224190]  [<ffffffff81c85ed8>] inet_recvmsg+0x148/0x180
[   62.224190]  [<ffffffff81b6022a>] sock_recvmsg+0x6a/0x90
[   62.224190]  [<ffffffff81b60366>] sock_read_iter+0x116/0x180
[   62.224190]  [<ffffffff81266400>] __vfs_read+0x1a0/0x1e0
[   62.224190]  [<ffffffff81267207>] vfs_read+0xb7/0x1e0
[   62.224190]  [<ffffffff81268740>] SyS_read+0x70/0xd0
[   62.224190]  [<ffffffff81ee5a51>] entry_SYSCALL_64_fastpath+0x31/0x95
[   62.224190] 
[   62.224190] ==================================================================
[   62.336624] ==================================================================
[   62.337134] ThreadSanitizer: data-race in __dev_queue_xmit
[   62.337134] 
[   62.337134] Read at 0xffff88018d0fc0bc of size 4 by thread 19 on CPU 3:
[   62.337134]  [<ffffffff81b943e2>] __dev_queue_xmit+0x2e2/0xa50
[   62.337134]  [<ffffffff81b94b6f>] dev_queue_xmit_sk+0x1f/0x30
[   62.337134]  [<ffffffff81c1e21a>] ip_finish_output2+0x4ea/0x720
[   62.337134]  [<ffffffff81c1fc02>] ip_finish_output+0x262/0x350
[   62.337134]  [<ffffffff81c1fd11>] NF_HOOK_COND.part.32.constprop.47+0x21/0x30
[   62.337134]  [<ffffffff81c21061>] ip_output+0x1a1/0x1c0
[   62.337134]  [<ffffffff81c1c181>] ip_local_out_sk+0x61/0x80
[   62.337134]  [<ffffffff81c2001c>] ip_build_and_send_pkt+0x2fc/0x460
[   62.337134]  [<ffffffff81c5d80b>] tcp_v4_send_synack+0xcb/0x110
[   62.337134]  [<ffffffff81c3e59f>] tcp_conn_request+0xe9f/0x11c0
[   62.337134]  [<ffffffff81c59031>] tcp_v4_conn_request+0xd1/0xe0
[   62.337134]  [<ffffffff81c47d96>] tcp_rcv_state_process+0x2f6/0x1c30
[   62.337134]  [<ffffffff81c5c70b>] tcp_v4_do_rcv+0x1bb/0x800
[   62.337134]  [<ffffffff81c5ec1d>] tcp_v4_rcv+0x10ed/0x14c0
[   62.337134]  [<ffffffff81c156a9>] ip_local_deliver_finish+0x169/0x3f0
[   62.337134]  [<ffffffff81c15c8a>] ip_local_deliver+0x15a/0x160
[   62.337134]  [<ffffffff81c14f73>] ip_rcv_finish+0xe3/0x6b0
[   62.337134]  [<ffffffff81c162d6>] ip_rcv+0x646/0x880
[   62.337134]  [<ffffffff81b8f4af>] __netif_receive_skb_core+0x54f/0x1530
[   62.337134]  [<ffffffff81b904c9>] __netif_receive_skb+0x39/0xf0
[   62.337134]  [<ffffffff81b905c5>] netif_receive_skb_internal+0x45/0x110
[   62.337134]  [<ffffffff81b91e65>] napi_gro_receive+0x115/0x150
[   62.337134]  [<ffffffff81952fe5>] e1000_clean_rx_irq+0x355/0x950
[   62.337134]  [<ffffffff8194f964>] e1000_clean+0x554/0x11e0
[   62.337134]  [<ffffffff81b90f89>] net_rx_action+0x489/0x690
[   62.337134]  [<ffffffff81091c1e>] __do_softirq+0xbe/0x2f0
[   62.337134]  [<ffffffff810bb9e0>] kthread+0x150/0x170
[   62.337134]  [<ffffffff81ee5e3f>] ret_from_fork+0x3f/0x70
[   62.337134] 
[   62.337134] Previous write at 0xffff88018d0fc0bc of size 4 by thread 2581 on CPU 0:
[   62.337134]  [<ffffffff81b94967>] __dev_queue_xmit+0x867/0xa50
[   62.337134]  [<ffffffff81b94b6f>] dev_queue_xmit_sk+0x1f/0x30
[   62.337134]  [<ffffffff81c1e21a>] ip_finish_output2+0x4ea/0x720
[   62.337134]  [<ffffffff81c1fc02>] ip_finish_output+0x262/0x350
[   62.337134]  [<ffffffff81c1fd11>] NF_HOOK_COND.part.32.constprop.47+0x21/0x30
[   62.337134]  [<ffffffff81c21061>] ip_output+0x1a1/0x1c0
[   62.337134]  [<ffffffff81c1c181>] ip_local_out_sk+0x61/0x80
[   62.337134]  [<ffffffff81c2044d>] ip_queue_xmit+0x2cd/0x840
[   62.337134]  [<ffffffff81c4db99>] tcp_transmit_skb+0xb39/0x1750
[   62.337134]  [<ffffffff81c51ee8>] tcp_send_ack+0x228/0x2d0
[   62.337134]  [<ffffffff81c37a81>] __tcp_ack_snd_check+0xb1/0x100
[   62.337134]  [<ffffffff81c46d5f>] tcp_rcv_established+0x47f/0xe30
[   62.337134]  [<ffffffff81c5c842>] tcp_v4_do_rcv+0x2f2/0x800
[   62.337134]  [<ffffffff81b682b6>] release_sock+0xd6/0x270
[   62.337134]  [<ffffffff81c30278>] tcp_recvmsg+0x658/0x12c0
[   62.337134]  [<ffffffff81c85ed8>] inet_recvmsg+0x148/0x180
[   62.337134]  [<ffffffff81b6022a>] sock_recvmsg+0x6a/0x90
[   62.337134]  [<ffffffff81b60366>] sock_read_iter+0x116/0x180
[   62.337134]  [<ffffffff81266400>] __vfs_read+0x1a0/0x1e0
[   62.337134]  [<ffffffff81267207>] vfs_read+0xb7/0x1e0
[   62.337134]  [<ffffffff81268740>] SyS_read+0x70/0xd0
[   62.337134]  [<ffffffff81ee5a51>] entry_SYSCALL_64_fastpath+0x31/0x95
[   62.337134] 
[   62.337134] Mutexes locked by thread 19:
[   62.337134] Mutex 403526 is locked here:
[   62.337134]  [<ffffffff81ee5400>] _raw_spin_lock+0x50/0x70
[   62.337134]  [<ffffffff81c5eb7d>] tcp_v4_rcv+0x104d/0x14c0
[   62.337134]  [<ffffffff81c156a9>] ip_local_deliver_finish+0x169/0x3f0
[   62.337134]  [<ffffffff81c15c8a>] ip_local_deliver+0x15a/0x160
[   62.337134]  [<ffffffff81c14f73>] ip_rcv_finish+0xe3/0x6b0
[   62.337134]  [<ffffffff81c162d6>] ip_rcv+0x646/0x880
[   62.337134]  [<ffffffff81b8f4af>] __netif_receive_skb_core+0x54f/0x1530
[   62.337134]  [<ffffffff81b904c9>] __netif_receive_skb+0x39/0xf0
[   62.337134]  [<ffffffff81b905c5>] netif_receive_skb_internal+0x45/0x110
[   62.337134]  [<ffffffff81b91e65>] napi_gro_receive+0x115/0x150
[   62.337134]  [<ffffffff81952fe5>] e1000_clean_rx_irq+0x355/0x950
[   62.337134]  [<ffffffff8194f964>] e1000_clean+0x554/0x11e0
[   62.337134]  [<ffffffff81b90f89>] net_rx_action+0x489/0x690
[   62.337134]  [<ffffffff81091c1e>] __do_softirq+0xbe/0x2f0
[   62.337134]  [<ffffffff810bb9e0>] kthread+0x150/0x170
[   62.337134]  [<ffffffff81ee5e3f>] ret_from_fork+0x3f/0x70
[   62.337134] 
[   62.337134] Mutexes locked by thread 2581:
[   62.337134] Mutex 364803 is locked here:
[   62.337134]  [<ffffffff81ee5400>] _raw_spin_lock+0x50/0x70
