early console in setup code
early console in decompress_kernel

Decompressing Linux... Parsing ELF... done.
Booting the kernel.
[    0.000000] Initializing cgroup subsys cpuset
[    0.000000] Initializing cgroup subsys cpu
[    0.000000] Initializing cgroup subsys cpuacct
[    0.000000] Linux version 4.2.0-team50-tsan (progman@m91p) (gcc version 6.0.0 20150825 (experimental) (GCC) ) #228 SMP Mon Oct 31 18:18:19 EDT 2016
[    0.000000] Command line: console=ttyS0 root=/dev/sda debug earlyprintk=serial slub_debug=QUZ
[    0.000000] x86/fpu: Legacy x87 FPU detected.
[    0.000000] x86/fpu: Using 'lazy' FPU context switches.
[    0.000000] e820: BIOS-provided physical RAM map:
[    0.000000] BIOS-e820: [mem 0x0000000000000000-0x000000000009fbff] usable
[    0.000000] BIOS-e820: [mem 0x000000000009fc00-0x000000000009ffff] reserved
[    0.000000] BIOS-e820: [mem 0x00000000000f0000-0x00000000000fffff] reserved
[    0.000000] BIOS-e820: [mem 0x0000000000100000-0x00000000bffdefff] usable
[    0.000000] BIOS-e820: [mem 0x00000000bffdf000-0x00000000bfffffff] reserved
[    0.000000] BIOS-e820: [mem 0x00000000feffc000-0x00000000feffffff] reserved
[    0.000000] BIOS-e820: [mem 0x00000000fffc0000-0x00000000ffffffff] reserved
[    0.000000] BIOS-e820: [mem 0x0000000100000000-0x000000053fffffff] usable
[    0.000000] bootconsole [earlyser0] enabled
[    0.000000] NX (Execute Disable) protection: active
[    0.000000] SMBIOS 2.8 present.
[    0.000000] DMI: QEMU Standard PC (i440FX + PIIX, 1996), BIOS Ubuntu-1.8.2-1ubuntu2 04/01/2014
[    0.000000] Hypervisor detected: KVM
[    0.000000] e820: update [mem 0x00000000-0x00000fff] usable ==> reserved
[    0.000000] e820: remove [mem 0x000a0000-0x000fffff] usable
[    0.000000] e820: last_pfn = 0x540000 max_arch_pfn = 0x400000000
[    0.000000] MTRR default type: write-back
[    0.000000] MTRR fixed ranges enabled:
[    0.000000]   00000-9FFFF write-back
[    0.000000]   A0000-BFFFF uncachable
[    0.000000]   C0000-FFFFF write-protect
[    0.000000] MTRR variable ranges enabled:
[    0.000000]   0 base 00C0000000 mask FFC0000000 uncachable
[    0.000000]   1 disabled
[    0.000000]   2 disabled
[    0.000000]   3 disabled
[    0.000000]   4 disabled
[    0.000000]   5 disabled
[    0.000000]   6 disabled
[    0.000000]   7 disabled
[    0.000000] x86/PAT: PAT not supported by CPU.
[    0.000000] e820: last_pfn = 0xbffdf max_arch_pfn = 0x400000000
[    0.000000] found SMP MP-table at [mem 0x000f64c0-0x000f64cf] mapped at [ffff8800000f64c0]
[    0.000000] Scanning 1 areas for low memory corruption
[    0.000000] Base memory trampoline at [ffff880000099000] 99000 size 24576
[    0.000000] init_memory_mapping: [mem 0x00000000-0x000fffff]
[    0.000000]  [mem 0x00000000-0x000fffff] page 4k
[    0.000000] BRK [0x028d5000, 0x028d5fff] PGTABLE
[    0.000000] BRK [0x028d6000, 0x028d6fff] PGTABLE
[    0.000000] BRK [0x028d7000, 0x028d7fff] PGTABLE
[    0.000000] init_memory_mapping: [mem 0x53fe00000-0x53fffffff]
[    0.000000]  [mem 0x53fe00000-0x53fffffff] page 2M
[    0.000000] BRK [0x028d8000, 0x028d8fff] PGTABLE
[    0.000000] init_memory_mapping: [mem 0x520000000-0x53fdfffff]
[    0.000000]  [mem 0x520000000-0x53fdfffff] page 2M
[    0.000000] init_memory_mapping: [mem 0x00100000-0xbffdefff]
[    0.000000]  [mem 0x00100000-0x001fffff] page 4k
[    0.000000]  [mem 0x00200000-0xbfdfffff] page 2M
[    0.000000]  [mem 0xbfe00000-0xbffdefff] page 4k
[    0.000000] init_memory_mapping: [mem 0x100000000-0x51fffffff]
[    0.000000]  [mem 0x100000000-0x51fffffff] page 2M
[    0.000000] BRK [0x028d9000, 0x028d9fff] PGTABLE
[    0.000000] BRK [0x028da000, 0x028dafff] PGTABLE
[    0.000000] ACPI: Early table checksum verification disabled
[    0.000000] ACPI: RSDP 0x00000000000F6470 000014 (v00 BOCHS )
[    0.000000] ACPI: RSDT 0x00000000BFFE155A 000030 (v01 BOCHS  BXPCRSDT 00000001 BXPC 00000001)
[    0.000000] ACPI: FACP 0x00000000BFFE141E 000074 (v01 BOCHS  BXPCFACP 00000001 BXPC 00000001)
[    0.000000] ACPI: DSDT 0x00000000BFFDFD80 00169E (v01 BOCHS  BXPCDSDT 00000001 BXPC 00000001)
[    0.000000] ACPI: FACS 0x00000000BFFDFD40 000040
[    0.000000] ACPI: APIC 0x00000000BFFE1492 000090 (v01 BOCHS  BXPCAPIC 00000001 BXPC 00000001)
[    0.000000] ACPI: HPET 0x00000000BFFE1522 000038 (v01 BOCHS  BXPCHPET 00000001 BXPC 00000001)
[    0.000000] ACPI: Local APIC address 0xfee00000
[    0.000000] No NUMA configuration found
[    0.000000] Faking a node at [mem 0x0000000000000000-0x000000053fffffff]
[    0.000000] NODE_DATA(0) allocated [mem 0x53ffeb000-0x53ffeefff]
[    0.000000] kvm-clock: Using msrs 4b564d01 and 4b564d00
[    0.000000] kvm-clock: cpu 0, msr 5:3ffea001, primary cpu clock
[    0.000000] clocksource: kvm-clock: mask: 0xffffffffffffffff max_cycles: 0x1cd42e4dffb, max_idle_ns: 881590591483 ns
[    0.000000]  [ffffea0000000000-ffffea0014ffffff] PMD -> [ffff88052b600000-ffff88053f5fffff] on node 0
[    0.000000] Zone ranges:
[    0.000000]   DMA      [mem 0x0000000000001000-0x0000000000ffffff]
[    0.000000]   DMA32    [mem 0x0000000001000000-0x00000000ffffffff]
[    0.000000]   Normal   [mem 0x0000000100000000-0x000000053fffffff]
[    0.000000] Movable zone start for each node
[    0.000000] Early memory node ranges
[    0.000000]   node   0: [mem 0x0000000000001000-0x000000000009efff]
[    0.000000]   node   0: [mem 0x0000000000100000-0x00000000bffdefff]
[    0.000000]   node   0: [mem 0x0000000100000000-0x000000053fffffff]
[    0.000000] Initmem setup node 0 [mem 0x0000000000001000-0x000000053fffffff]
[    0.000000] On node 0 totalpages: 5242749
[    0.000000]   DMA zone: 64 pages used for memmap
[    0.000000]   DMA zone: 21 pages reserved
[    0.000000]   DMA zone: 3998 pages, LIFO batch:0
[    0.000000]   DMA32 zone: 12224 pages used for memmap
[    0.000000]   DMA32 zone: 782303 pages, LIFO batch:31
[    0.000000]   Normal zone: 69632 pages used for memmap
[    0.000000]   Normal zone: 4456448 pages, LIFO batch:31
[    0.000000] ACPI: PM-Timer IO Port: 0x608
[    0.000000] ACPI: Local APIC address 0xfee00000
[    0.000000] ACPI: LAPIC_NMI (acpi_id[0xff] dfl dfl lint[0x1])
[    0.000000] IOAPIC[0]: apic_id 0, version 17, address 0xfec00000, GSI 0-23
[    0.000000] ACPI: INT_SRC_OVR (bus 0 bus_irq 0 global_irq 2 dfl dfl)
[    0.000000] ACPI: INT_SRC_OVR (bus 0 bus_irq 5 global_irq 5 high level)
[    0.000000] ACPI: INT_SRC_OVR (bus 0 bus_irq 9 global_irq 9 high level)
[    0.000000] ACPI: INT_SRC_OVR (bus 0 bus_irq 10 global_irq 10 high level)
[    0.000000] ACPI: INT_SRC_OVR (bus 0 bus_irq 11 global_irq 11 high level)
[    0.000000] ACPI: IRQ0 used by override.
[    0.000000] ACPI: IRQ5 used by override.
[    0.000000] ACPI: IRQ9 used by override.
[    0.000000] ACPI: IRQ10 used by override.
[    0.000000] ACPI: IRQ11 used by override.
[    0.000000] Using ACPI (MADT) for SMP configuration information
[    0.000000] ACPI: HPET id: 0x8086a201 base: 0xfed00000
[    0.000000] smpboot: Allowing 4 CPUs, 0 hotplug CPUs
[    0.000000] PM: Registered nosave memory: [mem 0x00000000-0x00000fff]
[    0.000000] PM: Registered nosave memory: [mem 0x0009f000-0x0009ffff]
[    0.000000] PM: Registered nosave memory: [mem 0x000a0000-0x000effff]
[    0.000000] PM: Registered nosave memory: [mem 0x000f0000-0x000fffff]
[    0.000000] PM: Registered nosave memory: [mem 0xbffdf000-0xbfffffff]
[    0.000000] PM: Registered nosave memory: [mem 0xc0000000-0xfeffbfff]
[    0.000000] PM: Registered nosave memory: [mem 0xfeffc000-0xfeffffff]
[    0.000000] PM: Registered nosave memory: [mem 0xff000000-0xfffbffff]
[    0.000000] PM: Registered nosave memory: [mem 0xfffc0000-0xffffffff]
[    0.000000] e820: [mem 0xc0000000-0xfeffbfff] available for PCI devices
[    0.000000] Booting paravirtualized kernel on KVM
[    0.000000] clocksource: refined-jiffies: mask: 0xffffffff max_cycles: 0xffffffff, max_idle_ns: 1910969940391419 ns
[    0.000000] setup_percpu: NR_CPUS:64 nr_cpumask_bits:64 nr_cpu_ids:4 nr_node_ids:1
[    0.000000] PERCPU: Embedded 32 pages/cpu @ffff88053fc00000 s90328 r8192 d32552 u524288
[    0.000000] pcpu-alloc: s90328 r8192 d32552 u524288 alloc=1*2097152
[    0.000000] pcpu-alloc: [0] 0 1 2 3 
[    0.000000] KVM setup async PF for cpu 0
[    0.000000] kvm-stealtime: cpu 0, msr 53fc0d440
[    0.000000] Built 1 zonelists in Node order, mobility grouping on.  Total pages: 5160808
[    0.000000] Policy zone: Normal
[    0.000000] Kernel command line: console=ttyS0 root=/dev/sda debug earlyprintk=serial slub_debug=QUZ
[    0.000000] PID hash table entries: 4096 (order: 3, 32768 bytes)
[    0.000000] Calgary: detecting Calgary via BIOS EBDA area
[    0.000000] Calgary: Unable to locate Rio Grande table in EBDA - bailing!
[    0.000000] Memory: 5718644K/20970996K available (15275K kernel code, 1106K rwdata, 2804K rodata, 1348K init, 2476K bss, 15252352K reserved, 0K cma-reserved)
[    0.000000] Hierarchical RCU implementation.
[    0.000000] 	Additional per-CPU info printed with stalls.
[    0.000000] 	Build-time adjustment of leaf fanout to 64.
[    0.000000] 	RCU restricting CPUs from NR_CPUS=64 to nr_cpu_ids=4.
[    0.000000] RCU: Adjusting geometry for rcu_fanout_leaf=64, nr_cpu_ids=4
[    0.000000] NR_IRQS:4352 nr_irqs:456 16
[    0.000000] Console: colour VGA+ 80x25
[    0.000000] console [ttyS0] enabled
[    0.000000] console [ttyS0] enabled
[    0.000000] bootconsole [earlyser0] disabled
[    0.000000] bootconsole [earlyser0] disabled
[    0.000000] clocksource: hpet: mask: 0xffffffff max_cycles: 0xffffffff, max_idle_ns: 19112604467 ns
[    0.000000] hpet clockevent registered
[    0.000000] tsc: Detected 2659.998 MHz processor
[    0.003000] Calibrating delay loop (skipped) preset value.. 5319.99 BogoMIPS (lpj=2659998)
[    0.004017] pid_max: default: 32768 minimum: 301
[    0.004797] ACPI: Core revision 20150619
[    0.028271] ACPI: All ACPI Tables successfully acquired
[    0.029302] Security Framework initialized
[    0.030030] SELinux:  Initializing.
[    0.030650] SELinux:  Starting in permissive mode
[    0.131166] Dentry cache hash table entries: 4194304 (order: 13, 33554432 bytes)
[    0.371107] Inode-cache hash table entries: 2097152 (order: 12, 16777216 bytes)
[    0.470064] Mount-cache hash table entries: 65536 (order: 7, 524288 bytes)
[    0.472846] Mountpoint-cache hash table entries: 65536 (order: 7, 524288 bytes)
[    0.481755] Initializing cgroup subsys freezer
[    0.482207] mce: CPU supports 10 MCE banks
[    0.483068] Last level iTLB entries: 4KB 0, 2MB 0, 4MB 0
[    0.484018] Last level dTLB entries: 4KB 0, 2MB 0, 4MB 0, 1GB 0
[    0.486144] Freeing SMP alternatives memory: 4K (ffffffff82667000 - ffffffff82668000)
[    0.575364] KTSAN: enabled
[    0.575792] ktsan memory usage: 14 GB + shadow.
[    0.576011]              syncs: 13413 MB 
[    0.577014]           memblock: 13 MB 
[    0.577570]       percpu syncs: 0 MB
[    0.578010]              tasks: 0 MB
[    0.578542]       thrs (trace): 544 MB
[    0.579010]        stack depot: 512 MB
[    0.586000] ..TIMER: vector=0x30 apic1=0 pin1=2 apic2=-1 pin2=-1
[    0.586000] smpboot: CPU0: Intel QEMU Virtual CPU version 2.5+ (fam: 06, model: 06, stepping: 03)
[    0.587472] Performance Events: Broken PMU hardware detected, using software events only.
[    0.589124] Failed to access perfctr msr (MSR c2 is 0)
[    0.615260] x86: Booting SMP configuration:
[    0.616124] .... node  #0, CPUs:      #1
[    0.003000] kvm-clock: cpu 1, msr 5:3ffea041, secondary cpu clock
[    0.621387] KVM setup async PF for cpu 1
[    0.621751] kvm-stealtime: cpu 1, msr 53fc8d440
[    0.630373]  #2
[    0.003000] kvm-clock: cpu 2, msr 5:3ffea081, secondary cpu clock
[    0.635488] KVM setup async PF for cpu 2
[    0.636000] kvm-stealtime: cpu 2, msr 53fd0d440
[    0.645589]  #3
[    0.003000] kvm-clock: cpu 3, msr 5:3ffea0c1, secondary cpu clock
[    0.650502] KVM setup async PF for cpu 3
[    0.651168] x86: Booted up 1 node, 4 CPUs
[    0.651227] smpboot: Total of 4 processors activated (21279.98 BogoMIPS)
[    0.651744] kvm-stealtime: cpu 3, msr 53fd8d440
[    0.659508] ==================================================================
[    0.660000] ThreadSanitizer: data-race in multi_cpu_stop
[    0.660000] 
[    0.660000] Write at 0xffff8801925dbdd0 of size 4 by thread 18 on CPU 3:
[    0.660000]  [<ffffffff8115ff09>] multi_cpu_stop+0x159/0x1a0
[    0.660000]  [<ffffffff811602b1>] cpu_stopper_thread+0x131/0x1f0
[    0.660000]  [<ffffffff810c1356>] smpboot_thread_fn+0x206/0x270
[    0.660000]  [<ffffffff810bb9e0>] kthread+0x150/0x170
[    0.660000]  [<ffffffff81ee5e3f>] ret_from_fork+0x3f/0x70
[    0.660000] 
[    0.660000] Previous read at 0xffff8801925dbdd0 of size 4 by thread 14 on CPU 2:
[    0.660000]  [<ffffffff8115fe3f>] multi_cpu_stop+0x8f/0x1a0
[    0.660000]  [<ffffffff811602b1>] cpu_stopper_thread+0x131/0x1f0
[    0.660000]  [<ffffffff810c1356>] smpboot_thread_fn+0x206/0x270
[    0.660000]  [<ffffffff810bb9e0>] kthread+0x150/0x170
[    0.660000]  [<ffffffff81ee5e3f>] ret_from_fork+0x3f/0x70
[    0.660000] 
[    0.660000] ==================================================================
[    0.684727] ==================================================================
[    0.685000] ThreadSanitizer: data-race in cpu_stop_signal_done
[    0.685000] 
[    0.685000] Write at 0xffff8801925dbd1c of size 1 by thread 9 on CPU 0:
[    0.685000]  [<ffffffff8115fbea>] cpu_stop_signal_done+0x4a/0x70
[    0.685000]  [<ffffffff811601d6>] cpu_stopper_thread+0x56/0x1f0
[    0.685000]  [<ffffffff810c1356>] smpboot_thread_fn+0x206/0x270
[    0.685000]  [<ffffffff810bb9e0>] kthread+0x150/0x170
[    0.685000]  [<ffffffff81ee5e3f>] ret_from_fork+0x3f/0x70
[    0.685000] 
[    0.685000] Previous write at 0xffff8801925dbd1c of size 1 by thread 14 on CPU 2:
[    0.685000]  [<ffffffff8115fbea>] cpu_stop_signal_done+0x4a/0x70
[    0.685000]  [<ffffffff811601d6>] cpu_stopper_thread+0x56/0x1f0
[    0.685000]  [<ffffffff810c1356>] smpboot_thread_fn+0x206/0x270
[    0.685000]  [<ffffffff810bb9e0>] kthread+0x150/0x170
[    0.685000]  [<ffffffff81ee5e3f>] ret_from_fork+0x3f/0x70
[    0.685000] 
[    0.685000] ==================================================================
[    0.697082] devtmpfs: initialized
[    0.726337] kworker/u8:0 (26) used greatest stack depth: 12888 bytes left
[    0.731821] clocksource: jiffies: mask: 0xffffffff max_cycles: 0xffffffff, max_idle_ns: 1911260446275000 ns
[    0.746706] RTC time:  9:33:16, date: 11/01/16
[    0.761373] NET: Registered protocol family 16
[    0.784249] cpuidle: using governor ladder
[    0.793245] cpuidle: using governor menu
[    0.797877] ACPI: bus type PCI registered
[    0.802704] PCI: Using configuration type 1 for base access
[    0.813635] kworker/u8:0 (44) used greatest stack depth: 16 bytes left
[    1.041344] kworker/u8:0 (183) used greatest stack depth: 8 bytes left
[    1.407301] ACPI: Added _OSI(Module Device)
[    1.408332] ACPI: Added _OSI(Processor Device)
[    1.409198] ACPI: Added _OSI(3.0 _SCP Extensions)
[    1.411198] ACPI: Added _OSI(Processor Aggregator Device)
[    1.605156] ACPI: Interpreter enabled
[    1.605928] ACPI Exception: AE_NOT_FOUND, While evaluating Sleep State [\_S1_] (20150619/hwxface-580)
[    1.608230] ACPI Exception: AE_NOT_FOUND, While evaluating Sleep State [\_S2_] (20150619/hwxface-580)
[    1.611318] ACPI: (supports S0 S3 S4 S5)
[    1.612168] ACPI: Using IOAPIC for interrupt routing
[    1.614689] PCI: Using host bridge windows from ACPI; if necessary, use "pci=nocrs" and report a bug
[    2.077742] ACPI: PCI Root Bridge [PCI0] (domain 0000 [bus 00-ff])
[    2.079283] acpi PNP0A03:00: _OSC: OS supports [ASPM ClockPM Segments MSI]
[    2.081220] acpi PNP0A03:00: _OSC failed (AE_NOT_FOUND); disabling ASPM
[    2.083509] acpi PNP0A03:00: fail to add MMCONFIG information, can't access extended PCI configuration space under this bridge.
[    2.088415] PCI host bridge to bus 0000:00
[    2.089247] pci_bus 0000:00: root bus resource [bus 00-ff]
[    2.090231] pci_bus 0000:00: root bus resource [io  0x0000-0x0cf7 window]
[    2.091202] pci_bus 0000:00: root bus resource [io  0x0d00-0xffff window]
[    2.092205] pci_bus 0000:00: root bus resource [mem 0x000a0000-0x000bffff window]
[    2.094265] pci_bus 0000:00: root bus resource [mem 0xc0000000-0xfebfffff window]
[    2.096237] pci 0000:00:00.0: [8086:1237] type 00 class 0x060000
[    2.110706] pci 0000:00:01.0: [8086:7000] type 00 class 0x060100
[    2.127442] pci 0000:00:01.1: [8086:7010] type 00 class 0x010180
[    2.133644] pci 0000:00:01.1: reg 0x20: [io  0xc040-0xc04f]
[    2.137224] pci 0000:00:01.1: legacy IDE quirk: reg 0x10: [io  0x01f0-0x01f7]
[    2.138208] pci 0000:00:01.1: legacy IDE quirk: reg 0x14: [io  0x03f6]
[    2.139214] pci 0000:00:01.1: legacy IDE quirk: reg 0x18: [io  0x0170-0x0177]
[    2.141176] pci 0000:00:01.1: legacy IDE quirk: reg 0x1c: [io  0x0376]
[    2.154384] pci 0000:00:01.3: [8086:7113] type 00 class 0x068000
[    2.157795] pci 0000:00:01.3: quirk: [io  0x0600-0x063f] claimed by PIIX4 ACPI
[    2.158213] pci 0000:00:01.3: quirk: [io  0x0700-0x070f] claimed by PIIX4 SMB
[    2.171712] pci 0000:00:02.0: [1234:1111] type 00 class 0x030000
[    2.175184] pci 0000:00:02.0: reg 0x10: [mem 0xfd000000-0xfdffffff pref]
[    2.180200] pci 0000:00:02.0: reg 0x18: [mem 0xfebf0000-0xfebf0fff]
[    2.189196] pci 0000:00:02.0: reg 0x30: [mem 0xfebe0000-0xfebeffff pref]
[    2.203331] pci 0000:00:03.0: [8086:100e] type 00 class 0x020000
[    2.206189] pci 0000:00:03.0: reg 0x10: [mem 0xfebc0000-0xfebdffff]
[    2.209173] pci 0000:00:03.0: reg 0x14: [io  0xc000-0xc03f]
[    2.218707] pci 0000:00:03.0: reg 0x30: [mem 0xfeb80000-0xfebbffff pref]
[    2.269411] ACPI: PCI Interrupt Link [LNKA] (IRQs 5 *10 11)
[    2.276491] ACPI: PCI Interrupt Link [LNKB] (IRQs 5 *10 11)
[    2.283705] ACPI: PCI Interrupt Link [LNKC] (IRQs 5 10 *11)
[    2.290916] ACPI: PCI Interrupt Link [LNKD] (IRQs 5 10 *11)
[    2.295430] ACPI: PCI Interrupt Link [LNKS] (IRQs *9)
[    2.333000] ACPI: Enabled 16 GPEs in block 00 to 0F
[    2.340938] vgaarb: setting as boot device: PCI:0000:00:02.0
[    2.341000] vgaarb: device added: PCI:0000:00:02.0,decodes=io+mem,owns=io+mem,locks=none
[    2.343287] vgaarb: loaded
[    2.344169] vgaarb: bridge control possible 0000:00:02.0
[    2.354482] SCSI subsystem initialized
[    2.360217] libata version 3.00 loaded.
[    2.365929] ACPI: bus type USB registered
[    2.370221] usbcore: registered new interface driver usbfs
[    2.373207] usbcore: registered new interface driver hub
[    2.376355] usbcore: registered new device driver usb
[    2.380685] pps_core: LinuxPPS API ver. 1 registered
[    2.382155] pps_core: Software ver. 5.3.6 - Copyright 2005-2007 Rodolfo Giometti <giometti@linux.it>
[    2.385157] PTP clock support registered
[    2.393359] Advanced Linux Sound Architecture Driver Initialized.
[    2.397139] PCI: Using ACPI for IRQ routing
[    2.397895] PCI: pci_cache_line_size set to 64 bytes
[    2.399479] e820: reserve RAM buffer [mem 0x0009fc00-0x0009ffff]
[    2.400180] e820: reserve RAM buffer [mem 0xbffdf000-0xbfffffff]
[    2.421472] NetLabel: Initializing
[    2.422137] NetLabel:  domain hash size = 128
[    2.423432] NetLabel:  protocols = UNLABELED CIPSOv4
[    2.425550] NetLabel:  unlabeled traffic allowed by default
[    2.431602] HPET: 3 timers in total, 0 timers will be used for per-cpu timer
[    2.433175] hpet0: at MMIO 0xfed00000, IRQs 2, 8, 0
[    2.434480] hpet0: 3 comparators, 64-bit 100.000000 MHz counter
[    2.445692] clocksource: Switched to clocksource kvm-clock
[    3.798834] pnp: PnP ACPI init
[    3.804913] pnp 00:00: Plug and Play ACPI device, IDs PNP0b00 (active)
[    3.810658] pnp 00:01: Plug and Play ACPI device, IDs PNP0303 (active)
[    3.816526] pnp 00:02: Plug and Play ACPI device, IDs PNP0f13 (active)
[    3.819023] pnp 00:03: [dma 2]
[    3.822748] pnp 00:03: Plug and Play ACPI device, IDs PNP0700 (active)
[    3.829770] pnp 00:04: Plug and Play ACPI device, IDs PNP0400 (active)
[    3.836650] pnp 00:05: Plug and Play ACPI device, IDs PNP0501 (active)
[    3.858668] pnp: PnP ACPI: found 6 devices
[    4.179406] clocksource: acpi_pm: mask: 0xffffff max_cycles: 0xffffff, max_idle_ns: 2085701024 ns
[    4.181668] pci_bus 0000:00: resource 4 [io  0x0000-0x0cf7 window]
[    4.183108] pci_bus 0000:00: resource 5 [io  0x0d00-0xffff window]
[    4.184830] pci_bus 0000:00: resource 6 [mem 0x000a0000-0x000bffff window]
[    4.186443] pci_bus 0000:00: resource 7 [mem 0xc0000000-0xfebfffff window]
[    4.190762] NET: Registered protocol family 2
[    4.275608] TCP established hash table entries: 262144 (order: 9, 2097152 bytes)
[    4.345684] TCP bind hash table entries: 65536 (order: 8, 1048576 bytes)
[    4.360779] TCP: Hash tables configured (established 262144 bind 65536)
[    4.381482] UDP hash table entries: 16384 (order: 7, 524288 bytes)
[    4.410399] UDP-Lite hash table entries: 16384 (order: 7, 524288 bytes)
[    4.425994] NET: Registered protocol family 1
[    4.434970] RPC: Registered named UNIX socket transport module.
[    4.436533] RPC: Registered udp transport module.
[    4.437591] RPC: Registered tcp transport module.
[    4.438825] RPC: Registered tcp NFSv4.1 backchannel transport module.
[    4.440422] pci 0000:00:00.0: Limiting direct PCI/PCI transfers
[    4.441753] pci 0000:00:01.0: PIIX3: Enabling Passive Release
[    4.443385] pci 0000:00:01.0: Activating ISA DMA hang workarounds
[    4.444957] pci 0000:00:02.0: Video device with shadowed ROM
[    4.446424] PCI: CLS 0 bytes, default 64
[    4.453022] PCI-DMA: Using software bounce buffering for IO (SWIOTLB)
[    4.454627] software IO TLB [mem 0xbbfdf000-0xbffdf000] (64MB) mapped at [ffff8800bbfdf000-ffff8800bffdefff]
[    4.462225] microcode: CPU0 sig=0x663, pf=0x1, revision=0x1
[    4.464480] microcode: CPU1 sig=0x663, pf=0x1, revision=0x1
[    4.465900] microcode: CPU2 sig=0x663, pf=0x1, revision=0x1
[    4.467376] microcode: CPU3 sig=0x663, pf=0x1, revision=0x1
[    4.471893] microcode: Microcode Update Driver: v2.00 <tigran@aivazian.fsnet.co.uk>, Peter Oruba
[    4.509917] Scanning for low memory corruption every 60 seconds
[    4.545754] futex hash table entries: 1024 (order: 4, 65536 bytes)
[    4.548716] audit: initializing netlink subsys (disabled)
[    4.550616] audit: type=2000 audit(1477992800.185:1): initialized
[    4.569639] HugeTLB registered 2 MB page size, pre-allocated 0 pages
[    4.582765] VFS: Disk quotas dquot_6.6.0
[    4.584788] VFS: Dquot-cache hash table entries: 512 (order 0, 4096 bytes)
[    4.603748] NFS: Registering the id_resolver key type
[    4.605001] Key type id_resolver registered
[    4.606384] Key type id_legacy registered
[    4.611966] 9p: Installing v9fs 9p2000 file system support
[    4.616537] SELinux:  Registering netfilter hooks
[    4.679705] Block layer SCSI generic (bsg) driver version 0.4 loaded (major 251)
[    4.681313] io scheduler noop registered
[    4.682349] io scheduler deadline registered
[    4.683969] io scheduler cfq registered (default)
[    4.690444] pci_hotplug: PCI Hot Plug PCI Core version: 0.5
[    4.702037] input: Power Button as /devices/LNXSYSTM:00/LNXPWRBN:00/input/input0
[    4.703846] ACPI: Power Button [PWRF]
[    4.731953] Serial: 8250/16550 driver, 4 ports, IRQ sharing enabled
[    4.759739] 00:05: ttyS0 at I/O 0x3f8 (irq = 4, base_baud = 115200) is a 16550A
[    4.810931] Non-volatile memory driver v1.3
[    4.815935] Linux agpgart interface v0.103
[    4.828331] [drm] Initialized drm 1.1.0 20060810
[    5.005690] loop: module loaded
[    5.020794] ata_piix 0000:00:01.1: version 2.13
[    5.073406] scsi host0: ata_piix
[    5.088562] scsi host1: ata_piix
[    5.097713] ata1: PATA max MWDMA2 cmd 0x1f0 ctl 0x3f6 bmdma 0xc040 irq 14
[    5.099826] ata2: PATA max MWDMA2 cmd 0x170 ctl 0x376 bmdma 0xc048 irq 15
[    5.102816] ==================================================================
[    5.103123] ThreadSanitizer: data-race in scsi_error_handler
[    5.103123] 
[    5.103123] Read at 0xffff88018e63c0c8 of size 8 by thread 739 on CPU 0:
[    5.103123]  [<ffffffff8189d697>] scsi_error_handler+0x147/0x9b0
[    5.103123]  [<ffffffff810bb9e0>] kthread+0x150/0x170
[    5.103123]  [<ffffffff81ee5e3f>] ret_from_fork+0x3f/0x70
[    5.103123] 
[    5.103123] Previous write at 0xffff88018e63c0c8 of size 8 by thread 1 on CPU 0:
[    5.103123]  [<ffffffff818dfb59>] ata_scsi_add_hosts+0x139/0x320
[    5.103123]  [<ffffffff818d716c>] ata_host_register+0x1fc/0x440
[    5.103123]  [<ffffffff818eec43>] ata_pci_sff_activate_host+0xa3/0x2b0
[    5.103123]  [<ffffffff819009ee>] piix_init_one+0x5ee/0xe50
[    5.103123]  [<ffffffff815a16be>] local_pci_probe+0x7e/0xe0
[    5.103123]  [<ffffffff815a3b91>] pci_device_probe+0x151/0x190
[    5.114620] e100: Intel(R) PRO/100 Network Driver, 3.5.24-k2-NAPI
[    5.114661] e100: Copyright(c) 1999-2006 Intel Corporation
[    5.103123]  [<ffffffff8185918a>] driver_probe_device+0x1ea/0x470
[    5.117453] e1000: Intel(R) PRO/1000 Network Driver - version 7.3.21-k8-NAPI
[    5.117498] e1000: Copyright (c) 1999-2006 Intel Corporation.
[    5.103123]  [<ffffffff818594d4>] __driver_attach+0xc4/0xd0
[    5.103123]  [<ffffffff81855dd3>] bus_for_each_dev+0x93/0xe0
[    5.103123]  [<ffffffff818586f3>] driver_attach+0x33/0x50
[    5.103123]  [<ffffffff81858039>] bus_add_driver+0x1f9/0x320
[    5.103123]  [<ffffffff8185a2bb>] driver_register+0xdb/0x190
[    5.103123]  [<ffffffff815a0cf8>] __pci_register_driver+0xb8/0xd0
[    5.103123]  [<ffffffff82595ea5>] piix_init+0x24/0x4b
[    5.103123]  [<ffffffff81000337>] do_one_initcall+0xb7/0x210
[    5.103123]  [<ffffffff8252e9f8>] kernel_init_freeable+0x2b5/0x380
[    5.103123]  [<ffffffff81ed2166>] kernel_init+0x16/0x140
[    5.103123]  [<ffffffff81ee5e3f>] ret_from_fork+0x3f/0x70
[    5.103123] 
[    5.103123] Mutexes locked by thread 1:
[    5.103123] Mutex 94477 is locked here:
[    5.103123]  [<ffffffff81ee2037>] mutex_lock+0x57/0x70
[    5.103123]  [<ffffffff81859484>] __driver_attach+0x74/0xd0
[    5.103123]  [<ffffffff81855dd3>] bus_for_each_dev+0x93/0xe0
[    5.103123]  [<ffffffff818586f3>] driver_attach+0x33/0x50
[    5.103123]  [<ffffffff81858039>] bus_add_driver+0x1f9/0x320
[    5.103123]  [<ffffffff8185a2bb>] driver_register+0xdb/0x190
[    5.103123]  [<ffffffff815a0cf8>] __pci_register_driver+0xb8/0xd0
[    5.103123]  [<ffffffff82595ea5>] piix_init+0x24/0x4b
[    5.103123]  [<ffffffff81000337>] do_one_initcall+0xb7/0x210
[    5.103123]  [<ffffffff8252e9f8>] kernel_init_freeable+0x2b5/0x380
[    5.103123]  [<ffffffff81ed2166>] kernel_init+0x16/0x140
[    5.103123]  [<ffffffff81ee5e3f>] ret_from_fork+0x3f/0x70
[    5.103123] 
[    5.103123] Mutex 44301 is locked here:
[    5.103123]  [<ffffffff81ee2037>] mutex_lock+0x57/0x70
[    5.103123]  [<ffffffff81859490>] __driver_attach+0x80/0xd0
[    5.103123]  [<ffffffff81855dd3>] bus_for_each_dev+0x93/0xe0
[    5.103123]  [<ffffffff818586f3>] driver_attach+0x33/0x50
[    5.103123]  [<ffffffff81858039>] bus_add_driver+0x1f9/0x320
[    5.103123]  [<ffffffff8185a2bb>] driver_register+0xdb/0x190
[    5.103123]  [<ffffffff815a0cf8>] __pci_register_driver+0xb8/0xd0
[    5.103123]  [<ffffffff82595ea5>] piix_init+0x24/0x4b
[    5.103123]  [<ffffffff81000337>] do_one_initcall+0xb7/0x210
[    5.103123]  [<ffffffff8252e9f8>] kernel_init_freeable+0x2b5/0x380
[    5.103123]  [<ffffffff81ed2166>] kernel_init+0x16/0x140
[    5.103123]  [<ffffffff81ee5e3f>] ret_from_fork+0x3f/0x70
[    5.103123] 
[    5.103123] ==================================================================
[    5.307389] ata1.01: NODEV after polling detection
[    5.310800] ata2.01: NODEV after polling detection
[    5.313577] ata2.00: ATAPI: QEMU DVD-ROM, 2.5+, max UDMA/100
[    5.316455] ata1.00: ATA-7: QEMU HARDDISK, 2.5+, max UDMA/100
[    5.317869] ata1.00: 2099200 sectors, multi 16: LBA48 
[    5.321343] ata2.00: configured for MWDMA2
[    5.324939] ata1.00: configured for MWDMA2
[    5.331997] scsi 0:0:0:0: Direct-Access     ATA      QEMU HARDDISK    2.5+ PQ: 0 ANSI: 5
[    5.358346] sd 0:0:0:0: [sda] 2099200 512-byte logical blocks: (1.07 GB/1.00 GiB)
[    5.372503] sd 0:0:0:0: [sda] Write Protect is off
[    5.374028] sd 0:0:0:0: [sda] Mode Sense: 00 3a 00 00
[    5.377632] sd 0:0:0:0: [sda] Write cache: enabled, read cache: enabled, doesn't support DPO or FUA
[    5.379676] sd 0:0:0:0: Attached scsi generic sg0 type 0
[    5.399071] scsi 1:0:0:0: CD-ROM            QEMU     QEMU DVD-ROM     2.5+ PQ: 0 ANSI: 5
[    5.435577] sr 1:0:0:0: [sr0] scsi3-mmc drive: 4x/4x cd/rw xa/form2 tray
[    5.437630] cdrom: Uniform CD-ROM driver Revision: 3.20
[    5.443694] sd 0:0:0:0: [sda] Attached SCSI disk
[    5.460665] tsc: Refined TSC clocksource calibration: 2659.991 MHz
[    5.462474] clocksource: tsc: mask: 0xffffffffffffffff max_cycles: 0x26579bbf0cf, max_idle_ns: 440795336538 ns
[    5.463794] sr 1:0:0:0: Attached scsi CD-ROM sr0
[    5.479920] sr 1:0:0:0: Attached scsi generic sg1 type 5
[   12.341862] ACPI: PCI Interrupt Link [LNKC] enabled at IRQ 11
[   12.772741] e1000 0000:00:03.0 eth0: (PCI:33MHz:32-bit) 52:54:00:12:34:56
[   12.774557] e1000 0000:00:03.0 eth0: Intel(R) PRO/1000 Network Connection
[   12.777998] sky2: driver version 1.30
[   12.793709] ehci_hcd: USB 2.0 'Enhanced' Host Controller (EHCI) Driver
[   12.796316] ehci-pci: EHCI PCI platform driver
[   12.799382] ohci_hcd: USB 1.1 'Open' Host Controller (OHCI) Driver
[   12.801696] ohci-pci: OHCI PCI platform driver
[   12.804408] uhci_hcd: USB Universal Host Controller Interface driver
[   12.809428] usbcore: registered new interface driver usblp
[   12.813377] usbcore: registered new interface driver usb-storage
[   12.817819] i8042: PNP: PS/2 Controller [PNP0303:KBD,PNP0f13:MOU] at 0x60,0x64 irq 1,12
[   12.827763] serio: i8042 KBD port at 0x60,0x64 irq 1
[   12.829433] serio: i8042 AUX port at 0x60,0x64 irq 12
[   12.841400] mousedev: PS/2 mouse device common for all mice
[   12.858760] rtc_cmos 00:00: RTC can wake from S4
[   12.861021] input: AT Translated Set 2 keyboard as /devices/platform/i8042/serio0/input/input1
[   12.869905] rtc_cmos 00:00: rtc core: registered rtc_cmos as rtc0
[   12.871994] rtc_cmos 00:00: alarms up to one day, y3k, 114 bytes nvram, hpet irqs
[   12.886931] device-mapper: ioctl: 4.32.0-ioctl (2015-6-26) initialised: dm-devel@redhat.com
[   12.892368] hidraw: raw HID events driver (C) Jiri Kosina
[   12.927838] usbcore: registered new interface driver usbhid
[   12.929632] usbhid: USB HID core driver
[   12.969690] Netfilter messages via NETLINK v0.30.
[   12.972683] nf_conntrack version 0.5.0 (65536 buckets, 262144 max)
[   12.982546] ctnetlink v0.93: registering with nfnetlink.
[   12.990825] ip_tables: (C) 2000-2006 Netfilter Core Team
[   12.994464] Initializing XFRM netlink socket
[   12.997977] NET: Registered protocol family 10
[   13.015765] ip6_tables: (C) 2000-2006 Netfilter Core Team
[   13.020346] sit: IPv6 over IPv4 tunneling driver
[   13.038013] NET: Registered protocol family 17
[   13.041001] 9pnet: Installing 9P2000 support
[   13.043901] Key type dns_resolver registered
[   13.090930] registered taskstats version 1
[   13.101967]   Magic number: 8:88:575
[   13.103978]  workqueue: hash matches
[   13.105543] console [netcon0] enabled
[   13.106752] netconsole: network logging started
[   13.122440] PM: Hibernation image not present or could not be loaded.
[   13.124381] ALSA device list:
[   13.125453]   No soundcards found.
[   13.557768] input: ImExPS/2 Generic Explorer Mouse as /devices/platform/i8042/serio1/input/input3
[   13.571628] md: Waiting for all devices to be available before autodetect
[   13.573293] md: If you don't use raid, use raid=noautodetect
[   13.591966] md: Autodetecting RAID arrays.
[   13.592980] md: Scanned 0 and added 0 devices.
[   13.593989] md: autorun ...
[   13.594805] md: ... autorun DONE.
[   13.602422] EXT4-fs (sda): couldn't mount as ext3 due to feature incompatibilities
[   13.608709] EXT4-fs (sda): couldn't mount as ext2 due to feature incompatibilities
[   13.674385] ==================================================================
[   13.675251] ThreadSanitizer: data-race in jbd2_journal_load
[   13.675251] 
[   13.675251] Write at 0xffff8800bb71b800 of size 8 by thread 1 on CPU 1:
[   13.675251]  [<ffffffff813cf6ad>] jbd2_journal_load+0x30d/0x500
[   13.675251]  [<ffffffff8137dbd8>] ext4_fill_super+0x38f8/0x53e0
[   13.675251]  [<ffffffff8126c272>] mount_bdev+0x1d2/0x230
[   13.675251]  [<ffffffff813605d8>] ext4_mount+0x38/0x50
[   13.675251]  [<ffffffff8126d18d>] mount_fs+0x5d/0x1c0
[   13.675251]  [<ffffffff8129bb1f>] vfs_kern_mount+0x6f/0x240
[   13.675251]  [<ffffffff8129ff35>] do_mount+0x275/0x1450
[   13.675251]  [<ffffffff812a1683>] SyS_mount+0xa3/0x100
[   13.675251]  [<ffffffff8252f010>] mount_block_root+0x1ab/0x2f6
[   13.675251]  [<ffffffff8252f2c9>] mount_root+0x16e/0x182
[   13.675251]  [<ffffffff8252f4a8>] prepare_namespace+0x1cb/0x20a
[   13.675251]  [<ffffffff8252eaa5>] kernel_init_freeable+0x362/0x380
[   13.675251]  [<ffffffff81ed2166>] kernel_init+0x16/0x140
[   13.675251]  [<ffffffff81ee5e3f>] ret_from_fork+0x3f/0x70
[   13.675251] 
[   13.675251] Previous read at 0xffff8800bb71b800 of size 8 by thread 874 on CPU 2:
[   13.675251]  [<ffffffff813ccb63>] kjournald2+0x363/0x420
[   13.675251]  [<ffffffff810bb9e0>] kthread+0x150/0x170
[   13.675251]  [<ffffffff81ee5e3f>] ret_from_fork+0x3f/0x70
[   13.675251] 
[   13.675251] Mutexes locked by thread 1:
[   13.675251] Mutex 112077 is locked here:
[   13.675251]  [<ffffffff81ee2975>] down_write+0x65/0x80
[   13.675251]  [<ffffffff8126bbd0>] sget+0x290/0x5b0
[   13.675251]  [<ffffffff8126c174>] mount_bdev+0xd4/0x230
[   13.675251]  [<ffffffff813605d8>] ext4_mount+0x38/0x50
[   13.675251]  [<ffffffff8126d18d>] mount_fs+0x5d/0x1c0
[   13.675251]  [<ffffffff8129bb1f>] vfs_kern_mount+0x6f/0x240
[   13.675251]  [<ffffffff8129ff35>] do_mount+0x275/0x1450
[   13.675251]  [<ffffffff812a1683>] SyS_mount+0xa3/0x100
[   13.675251]  [<ffffffff8252f010>] mount_block_root+0x1ab/0x2f6
[   13.675251]  [<ffffffff8252f2c9>] mount_root+0x16e/0x182
[   13.675251]  [<ffffffff8252f4a8>] prepare_namespace+0x1cb/0x20a
[   13.675251]  [<ffffffff8252eaa5>] kernel_init_freeable+0x362/0x380
[   13.675251]  [<ffffffff81ed2166>] kernel_init+0x16/0x140
[   13.675251]  [<ffffffff81ee5e3f>] ret_from_fork+0x3f/0x70
[   13.675251] 
[   13.675251] Mutexes locked by thread 874:
[   13.675251] Mutex 112325 is locked here:
[   13.675251]  [<ffffffff81ee5568>] _raw_write_lock+0x58/0x70
[   13.675251]  [<ffffffff813cc8b9>] kjournald2+0xb9/0x420
[   13.675251]  [<ffffffff810bb9e0>] kthread+0x150/0x170
[   13.675251]  [<ffffffff81ee5e3f>] ret_from_fork+0x3f/0x70
[   13.675251] 
[   13.675251] ==================================================================
[   13.720785] EXT4-fs (sda): mounted filesystem with ordered data mode. Opts: (null)
[   13.722624] VFS: Mounted root (ext4 filesystem) readonly on device 8:0.
[   13.729703] devtmpfs: mounted
[   13.749320] Freeing unused kernel memory: 1348K (ffffffff82516000 - ffffffff82667000)
[   13.750840] Write protecting the kernel read-only data: 20480k
[   13.779417] Freeing unused kernel memory: 1096K (ffff880001eee000 - ffff880002000000)
[   13.800284] Freeing unused kernel memory: 1292K (ffff8800022bd000 - ffff880002400000)
[   14.049009] ==================================================================
[   14.049933] ThreadSanitizer: data-race in flush_tlb_func
[   14.049933] 
[   14.049933] Read at 0xffff8801925dbbd0 of size 8 by thread -2 on CPU 1:
[   14.049933]  [<ffffffff81081d96>] flush_tlb_func+0x76/0x270
[   14.049933]  [<ffffffff8113ab40>] flush_smp_call_function_queue+0x70/0x1c0
[   14.049933]  [<ffffffff8113b977>] generic_smp_call_function_single_interrupt+0x17/0x80
[   14.049933]  [<ffffffff8105a398>] smp_call_function_single_interrupt+0x48/0x70
[   14.049933]  [<ffffffff8105a3dd>] smp_call_function_interrupt+0x1d/0x30
[   14.049933]  [<ffffffff81ee71ca>] call_function_interrupt+0x8a/0xa0
[   14.049933] 
[   14.049933] Previous write at 0xffff8801925dbbd0 of size 8 by thread -3 on CPU 2:
[   14.049933]  [<ffffffff81081dbc>] flush_tlb_func+0x9c/0x270
[   14.049933]  [<ffffffff8113ab40>] flush_smp_call_function_queue+0x70/0x1c0
[   14.049933]  [<ffffffff8113b977>] generic_smp_call_function_single_interrupt+0x17/0x80
[   14.049933]  [<ffffffff8105a398>] smp_call_function_single_interrupt+0x48/0x70
[   14.049933]  [<ffffffff8105a3dd>] smp_call_function_interrupt+0x1d/0x30
[   14.049933]  [<ffffffff81ee71ca>] call_function_interrupt+0x8a/0xa0
[   14.049933] 
[   14.049933] ==================================================================
SELinux:  Could not open policy file <= /etc/selinux/targeted/policy/policy.29:  No such file or directory
INIT: version 2.88 booting
[   14.553718] random: nonblocking pool is initialized
[[36minfo[39;49m] Using makefile-style concurrent boot in runlevel S.
[....] Starting the hotplug events dispatcher: udevd[   17.565915] udevd[989]: starting version 175
[?25l[?1c7[1G[[32m ok [39;49m8[?25h[?0c.
[....] Synthesizing the initial hotplug events...[   19.483015] ==================================================================
[   19.483138] ThreadSanitizer: data-race in poll_schedule_timeout
[   19.483138] 
[   19.483138] Atomic read at 0xffff88018d4f7c88 of size 4 by thread 1025 on CPU 3:
[   19.483138]  [<ffffffff8128742c>] poll_schedule_timeout+0x9c/0xc0
[   19.483138]  [<ffffffff812893e8>] do_sys_poll+0x6e8/0x7b0
[   19.483138]  [<ffffffff812895e9>] SyS_poll+0x69/0x1b0
[   19.483138]  [<ffffffff81ee5a51>] entry_SYSCALL_64_fastpath+0x31/0x95
[   19.483138] 
[   19.483138] Previous write at 0xffff88018d4f7c88 of size 4 by thread 1029 on CPU 1:
[   19.483138]  [<ffffffff81287747>] pollwake+0xc7/0x100
[   19.483138]  [<ffffffff810e3858>] __wake_up_common+0x48/0x80
[   19.483138]  [<ffffffff8109ed0f>] send_signal+0x3f/0x90
[   19.483138]  [<ffffffff810a159e>] do_notify_parent+0x47e/0x4c0
[   19.483138]  [<ffffffff8108e411>] do_exit+0x12a1/0x13b0
[   19.483138]  [<ffffffff810902f5>] do_group_exit+0x85/0x130
[   19.483138]  [<ffffffff810903c0>] __wake_up_parent+0x0/0x50
[   19.483138]  [<ffffffff81ee5a51>] entry_SYSCALL_64_fastpath+0x31/0x95
[   19.483138] 
[   19.483138] Mutexes locked by thread 1029:
[   19.483138] Mutex 190 is locked here:
[   19.483138]  [<ffffffff81ee5504>] _raw_write_lock_irq+0x64/0x70
[   19.483138]  [<ffffffff8108d658>] do_exit+0x4e8/0x13b0
[   19.483138]  [<ffffffff810902f5>] do_group_exit+0x85/0x130
[   19.483138]  [<ffffffff810903c0>] __wake_up_parent+0x0/0x50
[   19.483138]  [<ffffffff81ee5a51>] entry_SYSCALL_64_fastpath+0x31/0x95
[   19.483138] 
[   19.483138] Mutex 147846 is locked here:
[   19.483138]  [<ffffffff81ee57b4>] _raw_spin_lock_irqsave+0x64/0x80
[   19.483138]  [<ffffffff810a145f>] do_notify_parent+0x33f/0x4c0
[   19.483138]  [<ffffffff8108e411>] do_exit+0x12a1/0x13b0
[   19.483138]  [<ffffffff810902f5>] do_group_exit+0x85/0x130
[   19.483138]  [<ffffffff810903c0>] __wake_up_parent+0x0/0x50
[   19.483138]  [<ffffffff81ee5a51>] entry_SYSCALL_64_fastpath+0x31/0x95
[   19.483138] 
[   19.483138] Mutex 147845 is locked here:
[   19.483138]  [<ffffffff81ee57b4>] _raw_spin_lock_irqsave+0x64/0x80
[   19.483138]  [<ffffffff810e38b2>] __wake_up+0x22/0x60
[   19.483138]  [<ffffffff8109ed0f>] send_signal+0x3f/0x90
[   19.483138]  [<ffffffff810a159e>] do_notify_parent+0x47e/0x4c0
[   19.483138]  [<ffffffff8108e411>] do_exit+0x12a1/0x13b0
[   19.483138]  [<ffffffff810902f5>] do_group_exit+0x85/0x130
[   19.483138]  [<ffffffff810903c0>] __wake_up_parent+0x0/0x50
[   19.483138]  [<ffffffff81ee5a51>] entry_SYSCALL_64_fastpath+0x31/0x95
[   19.483138] 
[   19.483138] ==================================================================
[?25l[?1c7[1G[[32m ok [39;49m8[?25h[?0cdone.
[   21.429011] ==================================================================
[   21.429147] ThreadSanitizer: data-race in scsi_set_medium_removal.part.2
[   21.429147] 
[   21.431340] Write at 0xffff8800bb50e908 of size 8 by thread 1104 on CPU 0:
[   21.431340]  [<ffffffff81897df2>] scsi_set_medium_removal.part.2+0xa2/0xe0
[   21.431340]  [<ffffffff81897e89>] scsi_set_medium_removal+0x59/0x60
[   21.431340]  [<ffffffff818c0b1e>] sr_lock_door+0x3e/0x50
[   21.431340]  [<ffffffff8198dac1>] cdrom_release+0x161/0x330
[   21.431340]  [<ffffffff818bf1e1>] sr_block_release+0x41/0x60
[   21.431340]  [<ffffffff812c648c>] __blkdev_put+0x3ac/0x400
[   21.431340]  [<ffffffff812c6b97>] blkdev_put+0x67/0x260
[   21.439912]  [<ffffffff812c6ddd>] blkdev_close+0x4d/0x60
[   21.439912]  [<ffffffff8126993f>] __fput+0x15f/0x310
[   21.439912]  [<ffffffff81269b5d>] ____fput+0x1d/0x30
[   21.439912]  [<ffffffff810b9175>] task_work_run+0x115/0x130
[   21.439912]  [<ffffffff81006d33>] do_notify_resume+0x73/0x80
[   21.439912]  [<ffffffff81ee5c21>] int_signal+0x12/0x17
[   21.439912] 
[   21.439912] Previous read at 0xffff8800bb50e908 of size 1 by thread 769 on CPU 3:
[   21.439912]  [<ffffffff818a3995>] scsi_request_fn+0x8a5/0xb20
[   21.439912]  [<ffffffff8151193f>] __blk_run_queue+0x6f/0xa0
[   21.439912]  [<ffffffff815119af>] blk_run_queue+0x3f/0x70
[   21.439912]  [<ffffffff8189ec6a>] scsi_run_queue+0x51a/0x5f0
[   21.439912]  [<ffffffff818a026b>] scsi_end_request+0x1db/0x300
[   21.439912]  [<ffffffff818a3e27>] scsi_io_completion+0x137/0x8e0
[   21.439912]  [<ffffffff8189638e>] scsi_finish_command+0x15e/0x1f0
[   21.439912]  [<ffffffff818a30a2>] scsi_softirq_done+0x182/0x1d0
[   21.439912]  [<ffffffff81525556>] blk_done_softirq+0x136/0x160
[   21.439912]  [<ffffffff81091c1e>] __do_softirq+0xbe/0x2f0
[   21.439912]  [<ffffffff81ee658a>] common_interrupt+0x8a/0x8f
[   21.439912] 
[   21.439912] Mutexes locked by thread 1104:
[   21.439912] Mutex 165575 is locked here:
[   21.439912]  [<ffffffff81ee2037>] mutex_lock+0x57/0x70
[   21.439912]  [<ffffffff812c6133>] __blkdev_put+0x53/0x400
[   21.439912]  [<ffffffff812c6b97>] blkdev_put+0x67/0x260
[   21.439912]  [<ffffffff812c6ddd>] blkdev_close+0x4d/0x60
[   21.439912]  [<ffffffff8126993f>] __fput+0x15f/0x310
[   21.439912]  [<ffffffff81269b5d>] ____fput+0x1d/0x30
[   21.439912]  [<ffffffff810b9175>] task_work_run+0x115/0x130
[   21.439912]  [<ffffffff81006d33>] do_notify_resume+0x73/0x80
[   21.439912]  [<ffffffff81ee5c21>] int_signal+0x12/0x17
[   21.439912] 
[   21.439912] Mutex 165576 is locked here:
[   21.439912]  [<ffffffff81ee2037>] mutex_lock+0x57/0x70
[   21.439912]  [<ffffffff818bf1d5>] sr_block_release+0x35/0x60
[   21.439912]  [<ffffffff812c648c>] __blkdev_put+0x3ac/0x400
[   21.439912]  [<ffffffff812c6b97>] blkdev_put+0x67/0x260
[   21.439912]  [<ffffffff812c6ddd>] blkdev_close+0x4d/0x60
[   21.439912]  [<ffffffff8126993f>] __fput+0x15f/0x310
[   21.439912]  [<ffffffff81269b5d>] ____fput+0x1d/0x30
[   21.439912]  [<ffffffff810b9175>] task_work_run+0x115/0x130
[   21.439912]  [<ffffffff81006d33>] do_notify_resume+0x73/0x80
[   21.439912]  [<ffffffff81ee5c21>] int_signal+0x12/0x17
[   21.439912] 
[   21.439912] ==================================================================
[   21.439912] ==================================================================
[   21.439912] ThreadSanitizer: data-race in scsi_set_medium_removal.part.2
[   21.439912] 
[   21.439912] Write at 0xffff8800bb50e908 of size 8 by thread 1104 on CPU 0:
[   21.439912]  [<ffffffff81897df2>] scsi_set_medium_removal.part.2+0xa2/0xe0
[   21.439912]  [<ffffffff81897e89>] scsi_set_medium_removal+0x59/0x60
[   21.439912]  [<ffffffff818c0b1e>] sr_lock_door+0x3e/0x50
[   21.439912]  [<ffffffff8198dac1>] cdrom_release+0x161/0x330
[   21.439912]  [<ffffffff818bf1e1>] sr_block_release+0x41/0x60
[   21.439912]  [<ffffffff812c648c>] __blkdev_put+0x3ac/0x400
[   21.439912]  [<ffffffff812c6b97>] blkdev_put+0x67/0x260
[   21.439912]  [<ffffffff812c6ddd>] blkdev_close+0x4d/0x60
[   21.439912]  [<ffffffff8126993f>] __fput+0x15f/0x310
[   21.439912]  [<ffffffff81269b5d>] ____fput+0x1d/0x30
[   21.439912]  [<ffffffff810b9175>] task_work_run+0x115/0x130
[   21.439912]  [<ffffffff81006d33>] do_notify_resume+0x73/0x80
[   21.439912]  [<ffffffff81ee5c21>] int_signal+0x12/0x17
[   21.439912] 
[   21.439912] Previous read at 0xffff8800bb50e908 of size 1 by thread 769 on CPU 3:
[   21.439912]  [<ffffffff8189f2aa>] scsi_dispatch_cmd+0x8a/0x2f0
[   21.439912]  [<ffffffff818a39f3>] scsi_request_fn+0x903/0xb20
[   21.439912]  [<ffffffff8151193f>] __blk_run_queue+0x6f/0xa0
[   21.439912]  [<ffffffff815119af>] blk_run_queue+0x3f/0x70
[   21.439912]  [<ffffffff8189ec6a>] scsi_run_queue+0x51a/0x5f0
[   21.439912]  [<ffffffff818a026b>] scsi_end_request+0x1db/0x300
[   21.439912]  [<ffffffff818a3e27>] scsi_io_completion+0x137/0x8e0
[   21.439912]  [<ffffffff8189638e>] scsi_finish_command+0x15e/0x1f0
[   21.439912]  [<ffffffff818a30a2>] scsi_softirq_done+0x182/0x1d0
[   21.439912]  [<ffffffff81525556>] blk_done_softirq+0x136/0x160
[   21.439912]  [<ffffffff81091c1e>] __do_softirq+0xbe/0x2f0
[   21.439912]  [<ffffffff81ee658a>] common_interrupt+0x8a/0x8f
[   21.439912] 
[   21.439912] Mutexes locked by thread 1104:
[   21.439912] Mutex 165575 is locked here:
[   21.439912]  [<ffffffff81ee2037>] mutex_lock+0x57/0x70
[   21.439912]  [<ffffffff812c6133>] __blkdev_put+0x53/0x400
[   21.439912]  [<ffffffff812c6b97>] blkdev_put+0x67/0x260
[   21.439912]  [<ffffffff812c6ddd>] blkdev_close+0x4d/0x60
[   21.439912]  [<ffffffff8126993f>] __fput+0x15f/0x310
[   21.439912]  [<ffffffff81269b5d>] ____fput+0x1d/0x30
[   21.439912]  [<ffffffff810b9175>] task_work_run+0x115/0x130
[   21.439912]  [<ffffffff81006d33>] do_notify_resume+0x73/0x80
[   21.439912]  [<ffffffff81ee5c21>] int_signal+0x12/0x17
[   21.439912] 
[   21.439912] Mutex 165576 is locked here:
[   21.439912]  [<ffffffff81ee2037>] mutex_lock+0x57/0x70
[   21.439912]  [<ffffffff818bf1d5>] sr_block_release+0x35/0x60
[   21.439912]  [<ffffffff812c648c>] __blkdev_put+0x3ac/0x400
[   21.439912]  [<ffffffff812c6b97>] blkdev_put+0x67/0x260
[   21.439912]  [<ffffffff812c6ddd>] blkdev_close+0x4d/0x60
[   21.439912]  [<ffffffff8126993f>] __fput+0x15f/0x310
[   21.439912]  [<ffffffff81269b5d>] ____fput+0x1d/0x30
[   21.439912]  [<ffffffff810b9175>] task_work_run+0x115/0x130
[   21.439912]  [<ffffffff81006d33>] do_notify_resume+0x73/0x80
[   21.439912]  [<ffffffff81ee5c21>] int_signal+0x12/0x17
[   21.439912] 
[   21.439912] ==================================================================
[....] Waiting for /dev to be fully populated...[?25l[?1c7[1G[[32m ok [39;49m8[?25h[?0cdone.
[....] Activating swap...[?25l[?1c7[1G[[32m ok [39;49m8[?25h[?0cdone.
[   27.919892] ==================================================================
[   27.920164] ThreadSanitizer: data-race in shrink_dentry_list
[   27.920164] 
[   27.920164] Write at 0xffff8800bb84a198 of size 4 by thread 1331 on CPU 3:
[   27.920164]  [<ffffffff8128d542>] shrink_dentry_list+0x132/0x5d0
[   27.920164]  [<ffffffff8128daea>] shrink_dcache_sb+0x10a/0x150
[   27.920164]  [<ffffffff8126cad5>] do_remount_sb+0x85/0x300
[   27.920164]  [<ffffffff812a099a>] do_mount+0xcda/0x1450
[   27.920164]  [<ffffffff812a1683>] SyS_mount+0xa3/0x100
[   27.920164]  [<ffffffff81ee5a51>] entry_SYSCALL_64_fastpath+0x31/0x95
[   27.920164] 
[   27.920164] Previous read at 0xffff8800bb84a198 of size 4 by thread 1332 on CPU 0:
[   27.920164]  [<ffffffff812d1b67>] __fsnotify_parent+0x37/0x140
[   27.920164]  [<ffffffff814a4468>] security_file_permission+0xd8/0x110
[   27.920164]  [<ffffffff81267056>] rw_verify_area+0x86/0x180
[   27.920164]  [<ffffffff812671ea>] vfs_read+0x9a/0x1e0
[   27.920164]  [<ffffffff81268740>] SyS_read+0x70/0xd0
[   27.920164]  [<ffffffff81ee5a51>] entry_SYSCALL_64_fastpath+0x31/0x95
[   27.920164] 
[   27.920164] Mutexes locked by thread 1331:
[   27.920164] Mutex 112077 is locked here:
[   27.920164]  [<ffffffff81ee2975>] down_write+0x65/0x80
[   27.920164]  [<ffffffff812a0191>] do_mount+0x4d1/0x1450
[   27.920164]  [<ffffffff812a1683>] SyS_mount+0xa3/0x100
[   27.920164]  [<ffffffff81ee5a51>] entry_SYSCALL_64_fastpath+0x31/0x95
[   27.920164] 
[   27.920164] Mutex 138294 is locked here:
[   27.920164]  [<ffffffff81ee5400>] _raw_spin_lock+0x50/0x70
[   27.920164]  [<ffffffff8128d47c>] shrink_dentry_list+0x6c/0x5d0
[   27.920164]  [<ffffffff8128daea>] shrink_dcache_sb+0x10a/0x150
[   27.920164]  [<ffffffff8126cad5>] do_remount_sb+0x85/0x300
[   27.920164]  [<ffffffff812a099a>] do_mount+0xcda/0x1450
[   27.920164]  [<ffffffff812a1683>] SyS_mount+0xa3/0x100
[   27.920164]  [<ffffffff81ee5a51>] entry_SYSCALL_64_fastpath+0x31/0x95
[   27.920164] 
[   27.920164] Mutex 138280 is locked here:
[   27.920164]  [<ffffffff81ee4e6d>] _raw_spin_trylock+0x8d/0xa0
[   27.920164]  [<ffffffff8128d4b1>] shrink_dentry_list+0xa1/0x5d0
[   27.920164]  [<ffffffff8128daea>] shrink_dcache_sb+0x10a/0x150
[   27.920164]  [<ffffffff8126cad5>] do_remount_sb+0x85/0x300
[   27.920164]  [<ffffffff812a099a>] do_mount+0xcda/0x1450
[   27.920164]  [<ffffffff812a1683>] SyS_mount+0xa3/0x100
[   27.920164]  [<ffffffff81ee5a51>] entry_SYSCALL_64_fastpath+0x31/0x95
[   27.920164] 
[   27.920164] ==================================================================
[   27.980772] EXT4-fs (sda): re-mounted. Opts: (null)
[....] Creating compatibility symlink from /etc/mtab to /proc/mounts. ...[?25l[?1c7[1G[[33mwarn[39;49m8[?25h[?0c [33m(warning).[39;49m
[....] Cleaning up temporary files... /tmp[?25l[?1c7[1G[[32m ok [39;49m8[?25h[?0c.
[....] Activating lvm and md swap...[?25l[?1c7[1G[[32m ok [39;49m8[?25h[?0cdone.
[....] Checking file systems...fsck from util-linux 2.20.1
[?25l[?1c7[1G[[32m ok [39;49m8[?25h[?0cdone.
[....] Mounting local filesystems...[?25l[?1c7[1G[[32m ok [39;49m8[?25h[?0cdone.
[....] Activating swapfile swap...[?25l[?1c7[1G[[32m ok [39;49m8[?25h[?0cdone.
[....] Cleaning up temporary files...[?25l[?1c7[1G[[32m ok [39;49m8[?25h[?0c.
[....] Setting kernel variables ...[?25l[?1c7[1G[[32m ok [39;49m8[?25h[?0cdone.
[....] Configuring network interfaces...Internet Systems Consortium DHCP Client 4.2.2
Copyright 2004-2011 Internet Systems Consortium.
All rights reserved.
For info, please visit https://www.isc.org/software/dhcp/

[   51.628672] e1000: eth0 NIC Link is Up 1000 Mbps Full Duplex, Flow Control: RX
[   51.638893] ==================================================================
[   51.639717] ThreadSanitizer: data-race in e1000_clean
[   51.639717] 
[   51.639717] Read at 0xffff8800b9cf700c of size 4 by thread -4 on CPU 3:
[   51.641876]  [<ffffffff8194f523>] e1000_clean+0x113/0x11e0
[   51.641876]  [<ffffffff81b90f89>] net_rx_action+0x489/0x690
[   51.641876]  [<ffffffff81091c1e>] __do_softirq+0xbe/0x2f0
[   51.641876]  [<ffffffff81ee658a>] common_interrupt+0x8a/0x8f
[   51.641876] 
[   51.641876] Previous write at 0xffff8800b9cf700c of size 4 by thread 65533 on CPU 2:
[   51.641876]  [<ffffffff81951bc9>] e1000_xmit_frame+0x15d9/0x1e90
[   51.641876]  [<ffffffff81b93c69>] dev_hard_start_xmit+0x499/0x700
[   51.641876]  [<ffffffff81bcabab>] sch_direct_xmit+0x21b/0x3d0
[   51.641876]  [<ffffffff81b94589>] __dev_queue_xmit+0x489/0xa50
[   51.641876]  [<ffffffff81b94b6f>] dev_queue_xmit_sk+0x1f/0x30
[   51.641876]  [<ffffffff81ba17a9>] neigh_resolve_output+0x279/0x350
[   51.641876]  [<ffffffff81ced3e4>] ip6_finish_output2+0x3d4/0xb30
[   51.641876]  [<ffffffff81cf26c4>] ip6_finish_output+0x164/0x220
[   51.641876]  [<ffffffff81cf28dc>] ip6_output+0x15c/0x220
[   51.641876]  [<ffffffff81d294a1>] NF_HOOK_THRESH.constprop.37+0x121/0x130
[   51.641876]  [<ffffffff81d29805>] mld_sendpack+0x355/0x5f0
[   51.641876]  [<ffffffff81d2bafc>] mld_ifc_timer_expire+0x27c/0x420
[   51.641876]  [<ffffffff811155fc>] call_timer_fn+0x4c/0x1b0
[   51.641876]  [<ffffffff811162e3>] run_timer_softirq+0x313/0x500
[   51.641876]  [<ffffffff81091c1e>] __do_softirq+0xbe/0x2f0
[   51.641876]  [<ffffffff81ee690a>] apic_timer_interrupt+0x8a/0xa0
[   51.641876] 
[   51.641876] Mutexes locked by thread 65533:
[   51.641876] Mutex 363965 is locked here:
[   51.641876]  [<ffffffff81ee5400>] _raw_spin_lock+0x50/0x70
[   51.641876]  [<ffffffff81bcab69>] sch_direct_xmit+0x1d9/0x3d0
[   51.641876]  [<ffffffff81b94589>] __dev_queue_xmit+0x489/0xa50
[   51.641876]  [<ffffffff81b94b6f>] dev_queue_xmit_sk+0x1f/0x30
[   51.641876]  [<ffffffff81ba17a9>] neigh_resolve_output+0x279/0x350
[   51.641876]  [<ffffffff81ced3e4>] ip6_finish_output2+0x3d4/0xb30
[   51.641876]  [<ffffffff81cf26c4>] ip6_finish_output+0x164/0x220
[   51.641876]  [<ffffffff81cf28dc>] ip6_output+0x15c/0x220
[   51.641876]  [<ffffffff81d294a1>] NF_HOOK_THRESH.constprop.37+0x121/0x130
[   51.641876]  [<ffffffff81d29805>] mld_sendpack+0x355/0x5f0
[   51.641876]  [<ffffffff81d2bafc>] mld_ifc_timer_expire+0x27c/0x420
[   51.641876]  [<ffffffff811155fc>] call_timer_fn+0x4c/0x1b0
[   51.641876]  [<ffffffff811162e3>] run_timer_softirq+0x313/0x500
[   51.641876]  [<ffffffff81091c1e>] __do_softirq+0xbe/0x2f0
[   51.641876]  [<ffffffff81ee690a>] apic_timer_interrupt+0x8a/0xa0
[   51.641876] 
[   51.641876] ==================================================================
Listening on LPF/eth0/52:54:00:12:34:56
Sending on   LPF/eth0/52:54:00:12:34:56
Sending on   Socket/fallback
DHCPDISCOVER on eth0 to 255.255.255.255 port 67 interval 6
DHCPREQUEST on eth0 to 255.255.255.255 port 67
DHCPOFFER from 10.0.2.2
DHCPACK from 10.0.2.2
bound to 10.0.2.15 -- renewal in 42862 seconds.
[?25l[?1c7[1G[[32m ok [39;49m8[?25h[?0cdone.
[   53.752630] ==================================================================
[   53.753123] ThreadSanitizer: data-race in pollwake
[   53.753123] 
[   53.753123] Write at 0xffff88018dcd3a98 of size 4 by thread 405 on CPU 2:
[   53.753123]  [<ffffffff81287747>] pollwake+0xc7/0x100
[   53.753123]  [<ffffffff810e3858>] __wake_up_common+0x48/0x80
[   53.753123]  [<ffffffff810b1d1e>] process_one_work+0x47e/0x930
[   53.753123]  [<ffffffff810b2280>] worker_thread+0xb0/0x900
[   53.753123]  [<ffffffff810bb9e0>] kthread+0x150/0x170
[   53.753123]  [<ffffffff81ee5e3f>] ret_from_fork+0x3f/0x70
[   53.753123] 
[   53.753123] Previous read at 0xffff88018dcd3a98 of size 4 by thread 889 on CPU 1:
[   53.753123]  [<ffffffff812873f4>] poll_schedule_timeout+0x64/0xc0
[   53.753123]  [<ffffffff81288448>] do_select+0xa68/0xb70
[   53.753123]  [<ffffffff812887ff>] core_sys_select+0x2af/0x3f0
[   53.753123]  [<ffffffff81288bb9>] SyS_pselect6+0x169/0x2b0
[   53.753123]  [<ffffffff81ee5a51>] entry_SYSCALL_64_fastpath+0x31/0x95
[   53.753123] 
[   53.753123] Mutexes locked by thread 405:
[   53.753123] Mutex 377513 is locked here:
[   53.753123]  [<ffffffff81ee2037>] mutex_lock+0x57/0x70
[   53.753123]  [<ffffffff81669726>] flush_to_ldisc+0x66/0x300
[   53.753123]  [<ffffffff810b1d1e>] process_one_work+0x47e/0x930
[   53.753123]  [<ffffffff810b2280>] worker_thread+0xb0/0x900
[   53.753123]  [<ffffffff810bb9e0>] kthread+0x150/0x170
[   53.753123]  [<ffffffff81ee5e3f>] ret_from_fork+0x3f/0x70
[   53.753123] 
[   53.753123] Mutex 376373 is locked here:
[   53.753123]  [<ffffffff81ee57b4>] _raw_spin_lock_irqsave+0x64/0x80
[   53.753123]  [<ffffffff810e38b2>] __wake_up+0x22/0x60
[   53.753123]  [<ffffffff810b1d1e>] process_one_work+0x47e/0x930
[   53.753123]  [<ffffffff810b2280>] worker_thread+0xb0/0x900
[   53.753123]  [<ffffffff810bb9e0>] kthread+0x150/0x170
[   53.753123]  [<ffffffff81ee5e3f>] ret_from_fork+0x3f/0x70
[   53.753123] 
[   53.753123] ==================================================================
[....] Cleaning up temporary files...[?25l[?1c7[1G[[32m ok [39;49m8[?25h[?0c.
INIT: Entering runlevel: 2
[[36minfo[39;49m] Using makefile-style concurrent boot in runlevel 2.
[   56.263586] ==================================================================
[   56.264138] ThreadSanitizer: data-race in mmap_region
[   56.264138] 
[   56.264138] Write at 0xffff8800bb10d5f0 of size 8 by thread 2481 on CPU 0:
[   56.264138]  [<ffffffff8122360a>] mmap_region+0x21a/0xb00
[   56.264138]  [<ffffffff81224379>] do_mmap_pgoff+0x489/0x590
[   56.264138]  [<ffffffff811fe75a>] vm_mmap_pgoff+0xaa/0xe0
[   56.269500]  [<ffffffff812212bb>] SyS_mmap_pgoff+0x13b/0x2c0
[   56.269500]  [<ffffffff8100e85b>] SyS_mmap+0x5b/0x80
[   56.269500]  [<ffffffff81ee5a51>] entry_SYSCALL_64_fastpath+0x31/0x95
[   56.269500] 
[   56.269500] Previous read at 0xffff8800bb10d5f0 of size 8 by thread 2483 on CPU 2:
[   56.269500]  [<ffffffff8117fc28>] __acct_update_integrals+0x188/0x1b0
[   56.277309]  [<ffffffff81180424>] acct_account_cputime+0x44/0x50
[   56.277309]  [<ffffffff810d590e>] account_system_time+0xbe/0x190
[   56.277309]  [<ffffffff81132a0e>] tick_sched_handle.isra.14+0x7e/0xa0
[   56.277309]  [<ffffffff811335ee>] tick_sched_timer+0x5e/0xb0
[   56.277309]  [<ffffffff81119e8e>] __hrtimer_run_queues+0x22e/0x440
[   56.277309]  [<ffffffff8111ab74>] hrtimer_interrupt+0x114/0x2d0
[   56.277309]  [<ffffffff8105d6a7>] local_apic_timer_interrupt+0x77/0xc0
[   56.277309]  [<ffffffff8105ebb6>] smp_apic_timer_interrupt+0x76/0xb0
[   56.277309]  [<ffffffff81ee690a>] apic_timer_interrupt+0x8a/0xa0
[   56.277309] 
[   56.277309] Mutexes locked by thread 2481:
[   56.277309] Mutex 115392 is locked here:
[   56.277309]  [<ffffffff81ee2975>] down_write+0x65/0x80
[   56.277309]  [<ffffffff811fe73c>] vm_mmap_pgoff+0x8c/0xe0
[   56.277309]  [<ffffffff812212bb>] SyS_mmap_pgoff+0x13b/0x2c0
[   56.277309]  [<ffffffff8100e85b>] SyS_mmap+0x5b/0x80
[   56.277309]  [<ffffffff81ee5a51>] entry_SYSCALL_64_fastpath+0x31/0x95
[   56.277309] 
[   56.277309] ==================================================================
[   56.327115] ==================================================================
[   56.327115] ThreadSanitizer: data-race in __acct_update_integrals
[   56.327115] 
[   56.327115] Read at 0xffff8800bb10d5f0 of size 8 by thread 2483 on CPU 2:
[   56.327115]  [<ffffffff8117fc28>] __acct_update_integrals+0x188/0x1b0
[   56.327115]  [<ffffffff81180424>] acct_account_cputime+0x44/0x50
[   56.327115]  [<ffffffff810d590e>] account_system_time+0xbe/0x190
[   56.327115]  [<ffffffff81132a0e>] tick_sched_handle.isra.14+0x7e/0xa0
[   56.327115]  [<ffffffff811335ee>] tick_sched_timer+0x5e/0xb0
[   56.327115]  [<ffffffff81119e8e>] __hrtimer_run_queues+0x22e/0x440
[   56.327115]  [<ffffffff8111ab74>] hrtimer_interrupt+0x114/0x2d0
[   56.327115]  [<ffffffff8105d6a7>] local_apic_timer_interrupt+0x77/0xc0
[   56.327115]  [<ffffffff8105ebb6>] smp_apic_timer_interrupt+0x76/0xb0
[   56.327115]  [<ffffffff81ee690a>] apic_timer_interrupt+0x8a/0xa0
[   56.327115] 
[   56.327115] Previous write at 0xffff8800bb10d5f0 of size 8 by thread 2486 on CPU 0:
[   56.327115]  [<ffffffff81222f5b>] do_brk+0x2bb/0x480
[   56.327115]  [<ffffffff8122335e>] SyS_brk+0x18e/0x220
[   56.327115]  [<ffffffff81ee5a51>] entry_SYSCALL_64_fastpath+0x31/0x95
[   56.327115] 
[   56.327115] Mutexes locked by thread 2486:
[   56.327115] Mutex 115392 is locked here:
[   56.327115]  [<ffffffff81ee2975>] down_write+0x65/0x80
[   56.327115]  [<ffffffff81223215>] SyS_brk+0x45/0x220
[   56.327115]  [<ffffffff81ee5a51>] entry_SYSCALL_64_fastpath+0x31/0x95
[   56.327115] 
[   56.327115] ==================================================================
[   56.391475] ==================================================================
[   56.392140] ThreadSanitizer: data-race in do_brk
[   56.392140] 
[   56.392140] Write at 0xffff8800bb10d5f0 of size 8 by thread 2486 on CPU 0:
[   56.392140]  [<ffffffff81222f5b>] do_brk+0x2bb/0x480
[   56.392140]  [<ffffffff8122335e>] SyS_brk+0x18e/0x220
[   56.392140]  [<ffffffff81ee5a51>] entry_SYSCALL_64_fastpath+0x31/0x95
[   56.392140] 
[   56.392140] Previous read at 0xffff8800bb10d5f0 of size 8 by thread 2483 on CPU 2:
[   56.392140]  [<ffffffff8117fc28>] __acct_update_integrals+0x188/0x1b0
[   56.392140]  [<ffffffff81180424>] acct_account_cputime+0x44/0x50
[   56.392140]  [<ffffffff810d590e>] account_system_time+0xbe/0x190
[   56.392140]  [<ffffffff81132a0e>] tick_sched_handle.isra.14+0x7e/0xa0
[   56.392140]  [<ffffffff811335ee>] tick_sched_timer+0x5e/0xb0
[   56.392140]  [<ffffffff81119e8e>] __hrtimer_run_queues+0x22e/0x440
[   56.392140]  [<ffffffff8111ab74>] hrtimer_interrupt+0x114/0x2d0
[   56.392140]  [<ffffffff8105d6a7>] local_apic_timer_interrupt+0x77/0xc0
[   56.392140]  [<ffffffff8105ebb6>] smp_apic_timer_interrupt+0x76/0xb0
[   56.392140]  [<ffffffff81ee690a>] apic_timer_interrupt+0x8a/0xa0
[   56.392140] 
[   56.392140] Mutexes locked by thread 2486:
[   56.392140] Mutex 115392 is locked here:
[   56.392140]  [<ffffffff81ee2975>] down_write+0x65/0x80
[   56.392140]  [<ffffffff81223215>] SyS_brk+0x45/0x220
[   56.392140]  [<ffffffff81ee5a51>] entry_SYSCALL_64_fastpath+0x31/0x95
[   56.392140] 
[   56.392140] ==================================================================
[....] Starting enhanced syslogd: rsyslogd[?25l[?1c7[1G[[32m ok [39;49m8[?25h[?0c.
[....] Starting periodic command scheduler: cron[?25l[?1c7[1G[[32m ok [39;49m8[?25h[?0c.
[....] Starting OpenBSD Secure Shell server: sshd[?25l[?1c7[1G[[32m ok [39;49m8[?25h[?0c.
[   61.782492] kt: running test for light, case 1, T2582
[   61.782492] 
[   61.785813] kt: starting light_test_wait_destroy test
[   61.804783] ==================================================================
[   61.805102] ThreadSanitizer: data-race in tcp_recvmsg
[   61.805102] 
[   61.805102] Read at 0xffff88018d2728c0 of size 8 by thread 2580 on CPU 0:
[   61.805102]  [<ffffffff81c30032>] tcp_recvmsg+0x412/0x12c0
[   61.805102]  [<ffffffff81c85ed8>] inet_recvmsg+0x148/0x180
[   61.805102]  [<ffffffff81b6022a>] sock_recvmsg+0x6a/0x90
[   61.805102]  [<ffffffff81b60366>] sock_read_iter+0x116/0x180
[   61.805102]  [<ffffffff81266400>] __vfs_read+0x1a0/0x1e0
[   61.805102]  [<ffffffff81267207>] vfs_read+0xb7/0x1e0
[   61.805102]  [<ffffffff81268740>] SyS_read+0x70/0xd0
[   61.805102]  [<ffffffff81ee5a51>] entry_SYSCALL_64_fastpath+0x31/0x95
[   61.805102] 
[   61.805102] Previous write at 0xffff88018d2728c0 of size 8 by thread 19 on CPU 3:
[   61.805102]  [<ffffffff81c5eece>] tcp_v4_rcv+0x139e/0x14c0
[   61.805102]  [<ffffffff81c156a9>] ip_local_deliver_finish+0x169/0x3f0
[   61.805102]  [<ffffffff81c15c8a>] ip_local_deliver+0x15a/0x160
[   61.805102]  [<ffffffff81c14f73>] ip_rcv_finish+0xe3/0x6b0
[   61.805102]  [<ffffffff81c162d6>] ip_rcv+0x646/0x880
[   61.805102]  [<ffffffff81b8f4af>] __netif_receive_skb_core+0x54f/0x1530
[   61.805102]  [<ffffffff81b904c9>] __netif_receive_skb+0x39/0xf0
[   61.805102]  [<ffffffff81b905c5>] netif_receive_skb_internal+0x45/0x110
[   61.805102]  [<ffffffff81b91e65>] napi_gro_receive+0x115/0x150
[   61.805102]  [<ffffffff81952fe5>] e1000_clean_rx_irq+0x355/0x950
[   61.805102]  [<ffffffff8194f964>] e1000_clean+0x554/0x11e0
[   61.805102]  [<ffffffff81b90f89>] net_rx_action+0x489/0x690
[   61.805102]  [<ffffffff81091c1e>] __do_softirq+0xbe/0x2f0
[   61.805102]  [<ffffffff810bb9e0>] kthread+0x150/0x170
[   61.805102]  [<ffffffff81ee5e3f>] ret_from_fork+0x3f/0x70
[   61.805102] 
[   61.805102] Mutexes locked by thread 19:
[   61.805102] Mutex 412206 is locked here:
[   61.805102]  [<ffffffff81ee5400>] _raw_spin_lock+0x50/0x70
[   61.805102]  [<ffffffff81c5eb7d>] tcp_v4_rcv+0x104d/0x14c0
[   61.805102]  [<ffffffff81c156a9>] ip_local_deliver_finish+0x169/0x3f0
[   61.805102]  [<ffffffff81c15c8a>] ip_local_deliver+0x15a/0x160
[   61.805102]  [<ffffffff81c14f73>] ip_rcv_finish+0xe3/0x6b0
[   61.805102]  [<ffffffff81c162d6>] ip_rcv+0x646/0x880
[   61.805102]  [<ffffffff81b8f4af>] __netif_receive_skb_core+0x54f/0x1530
[   61.805102]  [<ffffffff81b904c9>] __netif_receive_skb+0x39/0xf0
[   61.805102]  [<ffffffff81b905c5>] netif_receive_skb_internal+0x45/0x110
[   61.805102]  [<ffffffff81b91e65>] napi_gro_receive+0x115/0x150
[   61.805102]  [<ffffffff81952fe5>] e1000_clean_rx_irq+0x355/0x950
[   61.805102]  [<ffffffff8194f964>] e1000_clean+0x554/0x11e0
[   61.805102]  [<ffffffff81b90f89>] net_rx_action+0x489/0x690
[   61.805102]  [<ffffffff81091c1e>] __do_softirq+0xbe/0x2f0
[   61.805102]  [<ffffffff810bb9e0>] kthread+0x150/0x170
[   61.805102]  [<ffffffff81ee5e3f>] ret_from_fork+0x3f/0x70
[   61.805102] 
[   61.805102] ==================================================================
[   61.902935] ==================================================================
[   61.903119] ThreadSanitizer: data-race in tcp_v4_rcv
[   61.903119] 
[   61.903119] Write at 0xffff88018d2728c0 of size 8 by thread 19 on CPU 3:
[   61.903119]  [<ffffffff81c5eece>] tcp_v4_rcv+0x139e/0x14c0
[   61.903119]  [<ffffffff81c156a9>] ip_local_deliver_finish+0x169/0x3f0
[   61.903119]  [<ffffffff81c15c8a>] ip_local_deliver+0x15a/0x160
[   61.903119]  [<ffffffff81c14f73>] ip_rcv_finish+0xe3/0x6b0
[   61.903119]  [<ffffffff81c162d6>] ip_rcv+0x646/0x880
[   61.903119]  [<ffffffff81b8f4af>] __netif_receive_skb_core+0x54f/0x1530
[   61.903119]  [<ffffffff81b904c9>] __netif_receive_skb+0x39/0xf0
[   61.903119]  [<ffffffff81b905c5>] netif_receive_skb_internal+0x45/0x110
[   61.903119]  [<ffffffff81b908ac>] napi_gro_complete+0x17c/0x1a0
[   61.903119]  [<ffffffff81b916bf>] dev_gro_receive+0x52f/0x820
[   61.903119]  [<ffffffff81b91d8f>] napi_gro_receive+0x3f/0x150
[   61.903119]  [<ffffffff81952fe5>] e1000_clean_rx_irq+0x355/0x950
[   61.903119]  [<ffffffff8194f964>] e1000_clean+0x554/0x11e0
[   61.903119]  [<ffffffff81b90f89>] net_rx_action+0x489/0x690
[   61.903119]  [<ffffffff81091c1e>] __do_softirq+0xbe/0x2f0
[   61.903119]  [<ffffffff810bb9e0>] kthread+0x150/0x170
[   61.903119]  [<ffffffff81ee5e3f>] ret_from_fork+0x3f/0x70
[   61.903119] 
[   61.903119] Previous read at 0xffff88018d2728c0 of size 8 by thread 2580 on CPU 1:
[   61.903119]  [<ffffffff81c30032>] tcp_recvmsg+0x412/0x12c0
[   61.903119]  [<ffffffff81c85ed8>] inet_recvmsg+0x148/0x180
[   61.903119]  [<ffffffff81b6022a>] sock_recvmsg+0x6a/0x90
[   61.903119]  [<ffffffff81b60366>] sock_read_iter+0x116/0x180
[   61.903119]  [<ffffffff81266400>] __vfs_read+0x1a0/0x1e0
[   61.903119]  [<ffffffff81267207>] vfs_read+0xb7/0x1e0
[   61.903119]  [<ffffffff81268740>] SyS_read+0x70/0xd0
[   61.903119]  [<ffffffff81ee5a51>] entry_SYSCALL_64_fastpath+0x31/0x95
[   61.903119] 
[   61.903119] Mutexes locked by thread 19:
[   61.903119] Mutex 412206 is locked here:
[   61.903119]  [<ffffffff81ee5400>] _raw_spin_lock+0x50/0x70
[   61.903119]  [<ffffffff81c5eb7d>] tcp_v4_rcv+0x104d/0x14c0
[   61.903119]  [<ffffffff81c156a9>] ip_local_deliver_finish+0x169/0x3f0
[   61.903119]  [<ffffffff81c15c8a>] ip_local_deliver+0x15a/0x160
[   61.903119]  [<ffffffff81c14f73>] ip_rcv_finish+0xe3/0x6b0
[   61.903119]  [<ffffffff81c162d6>] ip_rcv+0x646/0x880
[   61.903119]  [<ffffffff81b8f4af>] __netif_receive_skb_core+0x54f/0x1530
[   61.903119]  [<ffffffff81b904c9>] __netif_receive_skb+0x39/0xf0
[   61.903119]  [<ffffffff81b905c5>] netif_receive_skb_internal+0x45/0x110
[   61.903119]  [<ffffffff81b908ac>] napi_gro_complete+0x17c/0x1a0
[   61.903119]  [<ffffffff81b916bf>] dev_gro_receive+0x52f/0x820
[   61.903119]  [<ffffffff81b91d8f>] napi_gro_receive+0x3f/0x150
[   61.903119]  [<ffffffff81952fe5>] e1000_clean_rx_irq+0x355/0x950
[   61.903119]  [<ffffffff8194f964>] e1000_clean+0x554/0x11e0
[   61.903119]  [<ffffffff81b90f89>] net_rx_action+0x489/0x690
[   61.903119]  [<ffffffff81091c1e>] __do_softirq+0xbe/0x2f0
[   61.903119]  [<ffffffff810bb9e0>] kthread+0x150/0x170
[   61.903119]  [<ffffffff81ee5e3f>] ret_from_fork+0x3f/0x70
[   61.903119] 
[   61.903119] ==================================================================
[   61.952542] ==================================================================
[   61.953091] ThreadSanitizer: data-race in tcp_transmit_skb
[   61.953091] 
[   61.953091] Write at 0xffff88018d272cdb of size 1 by thread 2580 on CPU 1:
[   61.953091]  [<ffffffff81c4d91b>] tcp_transmit_skb+0x8bb/0x1750
[   61.953091]  [<ffffffff81c51ee8>] tcp_send_ack+0x228/0x2d0
[   61.953091]  [<ffffffff81c37a81>] __tcp_ack_snd_check+0xb1/0x100
[   61.953091]  [<ffffffff81c470f8>] tcp_rcv_established+0x818/0xe30
[   61.953091]  [<ffffffff81c5c842>] tcp_v4_do_rcv+0x2f2/0x800
[   61.953091]  [<ffffffff81b682b6>] release_sock+0xd6/0x270
[   61.953091]  [<ffffffff81c30278>] tcp_recvmsg+0x658/0x12c0
[   61.953091]  [<ffffffff81c85ed8>] inet_recvmsg+0x148/0x180
[   61.953091]  [<ffffffff81b6022a>] sock_recvmsg+0x6a/0x90
[   61.953091]  [<ffffffff81b60366>] sock_read_iter+0x116/0x180
[   61.953091]  [<ffffffff81266400>] __vfs_read+0x1a0/0x1e0
[   61.953091]  [<ffffffff81267207>] vfs_read+0xb7/0x1e0
[   61.953091]  [<ffffffff81268740>] SyS_read+0x70/0xd0
[   61.953091]  [<ffffffff81ee5a51>] entry_SYSCALL_64_fastpath+0x31/0x95
[   61.953091] 
[   61.953091] Previous write at 0xffff88018d272cdb of size 1 by thread 65535 on CPU 0:
[   61.953091]  [<ffffffff81c55897>] tcp_delack_timer+0x47/0x150
[   61.953091]  [<ffffffff811155fc>] call_timer_fn+0x4c/0x1b0
[   61.953091]  [<ffffffff811162e3>] run_timer_softirq+0x313/0x500
[   61.953091]  [<ffffffff81091c1e>] __do_softirq+0xbe/0x2f0
[   61.953091]  [<ffffffff81ee690a>] apic_timer_interrupt+0x8a/0xa0
[   61.953091] 
[   61.953091] Mutexes locked by thread 65535:
[   61.953091] Mutex 412206 is locked here:
[   61.953091]  [<ffffffff81ee5400>] _raw_spin_lock+0x50/0x70
[   61.953091]  [<ffffffff81c55873>] tcp_delack_timer+0x23/0x150
[   61.953091]  [<ffffffff811155fc>] call_timer_fn+0x4c/0x1b0
[   61.953091]  [<ffffffff811162e3>] run_timer_softirq+0x313/0x500
[   61.953091]  [<ffffffff81091c1e>] __do_softirq+0xbe/0x2f0
[   61.953091]  [<ffffffff81ee690a>] apic_timer_interrupt+0x8a/0xa0
[   61.953091] 
[   61.953091] ==================================================================
[   61.984717] ==================================================================
[   61.984717] ThreadSanitizer: data-race in tcp_v4_rcv
[   61.984717] 
[   61.984717] Read at 0xffff88018d2728e4 of size 4 by thread -4 on CPU 3:
[   61.984717]  [<ffffffff81c5edf7>] tcp_v4_rcv+0x12c7/0x14c0
[   61.984717]  [<ffffffff81c156a9>] ip_local_deliver_finish+0x169/0x3f0
[   61.984717]  [<ffffffff81c15c8a>] ip_local_deliver+0x15a/0x160
[   61.984717]  [<ffffffff81c14f73>] ip_rcv_finish+0xe3/0x6b0
[   61.984717]  [<ffffffff81c162d6>] ip_rcv+0x646/0x880
[   61.984717]  [<ffffffff81b8f4af>] __netif_receive_skb_core+0x54f/0x1530
[   61.984717]  [<ffffffff81b904c9>] __netif_receive_skb+0x39/0xf0
[   61.984717]  [<ffffffff81b905c5>] netif_receive_skb_internal+0x45/0x110
[   61.984717]  [<ffffffff81b908ac>] napi_gro_complete+0x17c/0x1a0
[   61.984717]  [<ffffffff81b916bf>] dev_gro_receive+0x52f/0x820
[   61.984717]  [<ffffffff81b91d8f>] napi_gro_receive+0x3f/0x150
[   61.984717]  [<ffffffff81952fe5>] e1000_clean_rx_irq+0x355/0x950
[   61.984717]  [<ffffffff8194f964>] e1000_clean+0x554/0x11e0
[   61.984717]  [<ffffffff81b90f89>] net_rx_action+0x489/0x690
[   61.984717]  [<ffffffff81091c1e>] __do_softirq+0xbe/0x2f0
[   61.984717]  [<ffffffff81ee658a>] common_interrupt+0x8a/0x8f
[   61.984717] 
[   61.984717] Previous write at 0xffff88018d2728e4 of size 4 by thread 2580 on CPU 1:
[   61.984717]  [<ffffffff81c41a3b>] tcp_rcv_space_adjust+0x1bb/0x260
[   61.984717]  [<ffffffff81c3065e>] tcp_recvmsg+0xa3e/0x12c0
[   61.984717]  [<ffffffff81c85ed8>] inet_recvmsg+0x148/0x180
[   61.984717]  [<ffffffff81b6022a>] sock_recvmsg+0x6a/0x90
[   61.984717]  [<ffffffff81b60366>] sock_read_iter+0x116/0x180
[   61.984717]  [<ffffffff81266400>] __vfs_read+0x1a0/0x1e0
[   61.984717]  [<ffffffff81267207>] vfs_read+0xb7/0x1e0
[   61.984717]  [<ffffffff81268740>] SyS_read+0x70/0xd0
[   61.984717]  [<ffffffff81ee5a51>] entry_SYSCALL_64_fastpath+0x31/0x95
[   61.984717] 
[   61.984717] Mutexes locked by thread -4:
[   61.984717] Mutex 412206 is locked here:
[   61.984717]  [<ffffffff81ee5400>] _raw_spin_lock+0x50/0x70
[   61.984717]  [<ffffffff81c5eb7d>] tcp_v4_rcv+0x104d/0x14c0
[   61.984717]  [<ffffffff81c156a9>] ip_local_deliver_finish+0x169/0x3f0
[   61.984717]  [<ffffffff81c15c8a>] ip_local_deliver+0x15a/0x160
[   61.984717]  [<ffffffff81c14f73>] ip_rcv_finish+0xe3/0x6b0
[   61.984717]  [<ffffffff81c162d6>] ip_rcv+0x646/0x880
[   61.984717]  [<ffffffff81b8f4af>] __netif_receive_skb_core+0x54f/0x1530
[   61.984717]  [<ffffffff81b904c9>] __netif_receive_skb+0x39/0xf0
[   61.984717]  [<ffffffff81b905c5>] netif_receive_skb_internal+0x45/0x110
[   61.984717]  [<ffffffff81b908ac>] napi_gro_complete+0x17c/0x1a0
[   61.984717]  [<ffffffff81b916bf>] dev_gro_receive+0x52f/0x820
[   61.984717]  [<ffffffff81b91d8f>] napi_gro_receive+0x3f/0x150
[   61.984717]  [<ffffffff81952fe5>] e1000_clean_rx_irq+0x355/0x950
[   61.984717]  [<ffffffff8194f964>] e1000_clean+0x554/0x11e0
[   61.984717]  [<ffffffff81b90f89>] net_rx_action+0x489/0x690
[   61.984717]  [<ffffffff81091c1e>] __do_softirq+0xbe/0x2f0
[   61.984717]  [<ffffffff81ee658a>] common_interrupt+0x8a/0x8f
[   61.984717] 
[   61.984717] ==================================================================
[   62.033699] kt: end of test.
[   62.034962] 
[   62.035650] dump_desc: [50ms_wait]
[   62.036592] dump_desc evts: 0
[   62.037546] dump_desc   ts: 242
[   62.038520] dump_desc  ret: -22
[   62.039482] 
[   62.039828] dump_desc: [create_200ms_destroy]
[   62.040966] dump_desc evts: 0
[   62.041906] dump_desc   ts: 0 241
[   62.042811] dump_desc  ret: 0
[   62.043698] LIGHT_FAILED
[   62.045914] kt: running test for light, case 1, T2582
[   62.045914] 
[   62.048505] kt: starting light_test_wait_destroy test
[   62.255411] kt: end of test.
[   62.256730] 
[   62.257655] dump_desc: [50ms_wait]
[   62.259356] dump_desc evts: 1
[   62.260586] dump_desc   ts: 201
[   62.262024] dump_desc  ret: -22
[   62.263853] 
[   62.264883] dump_desc: [create_200ms_destroy]
[   62.266785] dump_desc evts: 1
[   62.268391] dump_desc   ts: 0 201
[   62.269698] dump_desc  ret: 0
[   62.270876] LIGHT_SUCCESS
[   62.273605] kt: running test for light, case 1, T2582
[   62.273605] 
[   62.276429] kt: starting light_test_wait_destroy test
[   62.289326] ==================================================================
[   62.290093] ThreadSanitizer: data-race in __nf_ct_refresh_acct
[   62.290093] 
[   62.290093] Read at 0xffff88018d76ae10 of size 8 by thread 19 on CPU 3:
[   62.290093]  [<ffffffff81be9ee1>] __nf_ct_refresh_acct+0xf1/0x140
[   62.290093]  [<ffffffff81bf6b62>] tcp_packet+0x12f2/0x2520
[   62.290093]  [<ffffffff81bed716>] nf_conntrack_in+0x736/0xdc0
[   62.290093]  [<ffffffff81cb420e>] ipv4_conntrack_in+0x5e/0x80
[   62.290093]  [<ffffffff81be3bb3>] nf_iterate+0x113/0x130
[   62.290093]  [<ffffffff81be3c47>] nf_hook_slow+0x77/0x110
[   62.290093]  [<ffffffff81c162c0>] ip_rcv+0x630/0x880
[   62.290093]  [<ffffffff81b8f4af>] __netif_receive_skb_core+0x54f/0x1530
[   62.290093]  [<ffffffff81b904c9>] __netif_receive_skb+0x39/0xf0
[   62.290093]  [<ffffffff81b905c5>] netif_receive_skb_internal+0x45/0x110
[   62.290093]  [<ffffffff81b908ac>] napi_gro_complete+0x17c/0x1a0
[   62.290093]  [<ffffffff81b916bf>] dev_gro_receive+0x52f/0x820
[   62.290093]  [<ffffffff81b91d8f>] napi_gro_receive+0x3f/0x150
[   62.290093]  [<ffffffff81952fe5>] e1000_clean_rx_irq+0x355/0x950
[   62.290093]  [<ffffffff8194f964>] e1000_clean+0x554/0x11e0
[   62.290093]  [<ffffffff81b90f89>] net_rx_action+0x489/0x690
[   62.290093]  [<ffffffff81091c1e>] __do_softirq+0xbe/0x2f0
[   62.290093]  [<ffffffff81ee690a>] apic_timer_interrupt+0x8a/0xa0
[   62.290093] 
[   62.290093] Previous write at 0xffff88018d76ae10 of size 8 by thread 2580 on CPU 1:
[   62.290093]  [<ffffffff811180cb>] mod_timer_pending+0x1ab/0x2f0
[   62.290093]  [<ffffffff81be9f06>] __nf_ct_refresh_acct+0x116/0x140
[   62.290093]  [<ffffffff81bf6b62>] tcp_packet+0x12f2/0x2520
[   62.290093]  [<ffffffff81bed716>] nf_conntrack_in+0x736/0xdc0
[   62.290093]  [<ffffffff81cb441f>] ipv4_conntrack_local+0xbf/0xe0
[   62.290093]  [<ffffffff81be3bb3>] nf_iterate+0x113/0x130
[   62.290093]  [<ffffffff81be3c47>] nf_hook_slow+0x77/0x110
[   62.290093]  [<ffffffff81c1c0fa>] __ip_local_out_sk+0x15a/0x180
[   62.290093]  [<ffffffff81c1c151>] ip_local_out_sk+0x31/0x80
[   62.290093]  [<ffffffff81c2044d>] ip_queue_xmit+0x2cd/0x840
[   62.290093]  [<ffffffff81c4db99>] tcp_transmit_skb+0xb39/0x1750
[   62.290093]  [<ffffffff81c51ee8>] tcp_send_ack+0x228/0x2d0
[   62.290093]  [<ffffffff81c37a81>] __tcp_ack_snd_check+0xb1/0x100
[   62.290093]  [<ffffffff81c470f8>] tcp_rcv_established+0x818/0xe30
[   62.290093]  [<ffffffff81c5c842>] tcp_v4_do_rcv+0x2f2/0x800
[   62.290093]  [<ffffffff81b682b6>] release_sock+0xd6/0x270
[   62.290093]  [<ffffffff81c30278>] tcp_recvmsg+0x658/0x12c0
[   62.290093]  [<ffffffff81c85ed8>] inet_recvmsg+0x148/0x180
[   62.290093]  [<ffffffff81b6022a>] sock_recvmsg+0x6a/0x90
[   62.290093]  [<ffffffff81b60366>] sock_read_iter+0x116/0x180
[   62.290093]  [<ffffffff81266400>] __vfs_read+0x1a0/0x1e0
[   62.290093]  [<ffffffff81267207>] vfs_read+0xb7/0x1e0
[   62.290093]  [<ffffffff81268740>] SyS_read+0x70/0xd0
[   62.290093]  [<ffffffff81ee5a51>] entry_SYSCALL_64_fastpath+0x31/0x95
[   62.290093] 
[   62.290093] Mutexes locked by thread 2580:
[   62.290093] Mutex 772 is locked here:
[   62.290093]  [<ffffffff81ee5400>] _raw_spin_lock+0x50/0x70
[   62.290093]  [<ffffffff81118090>] mod_timer_pending+0x170/0x2f0
[   62.290093]  [<ffffffff81be9f06>] __nf_ct_refresh_acct+0x116/0x140
[   62.290093]  [<ffffffff81bf6b62>] tcp_packet+0x12f2/0x2520
[   62.290093]  [<ffffffff81bed716>] nf_conntrack_in+0x736/0xdc0
[   62.290093]  [<ffffffff81cb441f>] ipv4_conntrack_local+0xbf/0xe0
[   62.290093]  [<ffffffff81be3bb3>] nf_iterate+0x113/0x130
[   62.290093]  [<ffffffff81be3c47>] nf_hook_slow+0x77/0x110
[   62.290093]  [<ffffffff81c1c0fa>] __ip_local_out_sk+0x15a/0x180
[   62.290093]  [<ffffffff81c1c151>] ip_local_out_sk+0x31/0x80
[   62.290093]  [<ffffffff81c2044d>] ip_queue_xmit+0x2cd/0x840
[   62.290093]  [<ffffffff81c4db99>] tcp_transmit_skb+0xb39/0x1750
[   62.290093]  [<ffffffff81c51ee8>] tcp_send_ack+0x228/0x2d0
[   62.290093]  [<ffffffff81c37a81>] __tcp_ack_snd_check+0xb1/0x100
[   62.290093]  [<ffffffff81c470f8>] tcp_rcv_established+0x818/0xe30
[   62.290093]  [<ffffffff81c5c842>] tcp_v4_do_rcv+0x2f2/0x800
[   62.290093]  [<ffffffff81b682b6>] release_sock+0xd6/0x270
[   62.290093]  [<ffffffff81c30278>] tcp_recvmsg+0x658/0x12c0
[   62.290093]  [<ffffffff81c85ed8>] inet_recvmsg+0x148/0x180
[   62.290093]  [<ffffffff81b6022a>] sock_recvmsg+0x6a/0x90
[   62.290093]  [<ffffffff81b60366>] sock_read_iter+0x116/0x180
[   62.290093]  [<ffffffff81266400>] __vfs_read+0x1a0/0x1e0
[   62.290093]  [<ffffffff81267207>] vfs_read+0xb7/0x1e0
[   62.290093]  [<ffffffff81268740>] SyS_read+0x70/0xd0
[   62.290093]  [<ffffffff81ee5a51>] entry_SYSCALL_64_fastpath+0x31/0x95
[   62.290093] 
[   62.290093] ==================================================================
[   62.483220] kt: end of test.
[   62.484823] 
[   62.485754] dump_desc: [50ms_wait]
[   62.487725] dump_desc evts: 2
[   62.489455] dump_desc   ts: 201
[   62.490562] dump_desc  ret: -22
[   62.491787] 
[   62.492774] dump_desc: [create_200ms_destroy]
[   62.494416] dump_desc evts: 2
[   62.495577] dump_desc   ts: 0 201
[   62.496863] dump_desc  ret: 0
[   62.498455] LIGHT_SUCCESS
[   62.501714] kt: running test for light, case 1, T2582
[   62.501714] 
[   62.503844] kt: starting light_test_wait_destroy test
[   62.712659] kt: end of test.
[   62.714714] 
[   62.716540] dump_desc: [50ms_wait]
[   62.718674] dump_desc evts: 3
[   62.720738] dump_desc   ts: 203
[   62.721949] dump_desc  ret: -22
[   62.723469] 
[   62.724522] dump_desc: [create_200ms_destroy]
[   62.726469] dump_desc evts: 3
[   62.727752] dump_desc   ts: 0 202
[   62.729497] dump_desc  ret: 0
[   62.730731] LIGHT_SUCCESS
[   62.734024] kt: running test for light, case 1, T2582
[   62.734024] 
[   62.736968] kt: starting light_test_wait_destroy test
[   62.944815] kt: end of test.
[   62.946696] 
[   62.947830] dump_desc: [50ms_wait]
[   62.949812] dump_desc evts: 4
[   62.951726] dump_desc   ts: 201
[   62.952840] dump_desc  ret: -22
[   62.954526] 
[   62.954960] dump_desc: [create_200ms_destroy]
[   62.956700] dump_desc evts: 4
[   62.957881] dump_desc   ts: 0 201
[   62.959041] dump_desc  ret: 0
[   62.960697] LIGHT_SUCCESS
[   62.963940] kt: running test for light, case 1, T2582
[   62.963940] 
[   62.966719] kt: starting light_test_wait_destroy test
[   62.983310] ==================================================================
[   62.984101] ThreadSanitizer: data-race in e1000_clean
[   62.984101] 
[   62.984101] Read at 0xffff8800b9cf750c of size 4 by thread 19 on CPU 3:
[   62.984101]  [<ffffffff8194f6cc>] e1000_clean+0x2bc/0x11e0
[   62.984101]  [<ffffffff81b90f89>] net_rx_action+0x489/0x690
[   62.984101]  [<ffffffff81091c1e>] __do_softirq+0xbe/0x2f0
[   62.984101]  [<ffffffff810bb9e0>] kthread+0x150/0x170
[   62.984101]  [<ffffffff81ee5e3f>] ret_from_fork+0x3f/0x70
[   62.984101] 
[   62.984101] Previous write at 0xffff8800b9cf750c of size 4 by thread 2580 on CPU 0:
[   62.984101]  [<ffffffff81951bc9>] e1000_xmit_frame+0x15d9/0x1e90
[   62.984101]  [<ffffffff81b93c69>] dev_hard_start_xmit+0x499/0x700
[   62.984101]  [<ffffffff81bcabab>] sch_direct_xmit+0x21b/0x3d0
[   62.984101]  [<ffffffff81b94589>] __dev_queue_xmit+0x489/0xa50
[   62.984101]  [<ffffffff81b94b6f>] dev_queue_xmit_sk+0x1f/0x30
[   62.984101]  [<ffffffff81c1e21a>] ip_finish_output2+0x4ea/0x720
[   62.984101]  [<ffffffff81c1fc02>] ip_finish_output+0x262/0x350
[   62.984101]  [<ffffffff81c1fd11>] NF_HOOK_COND.part.32.constprop.47+0x21/0x30
[   62.984101]  [<ffffffff81c21061>] ip_output+0x1a1/0x1c0
[   62.984101]  [<ffffffff81c1c181>] ip_local_out_sk+0x61/0x80
[   62.984101]  [<ffffffff81c2044d>] ip_queue_xmit+0x2cd/0x840
[   62.984101]  [<ffffffff81c4db99>] tcp_transmit_skb+0xb39/0x1750
[   62.984101]  [<ffffffff81c51ee8>] tcp_send_ack+0x228/0x2d0
[   62.984101]  [<ffffffff81c37a81>] __tcp_ack_snd_check+0xb1/0x100
[   62.984101]  [<ffffffff81c470f8>] tcp_rcv_established+0x818/0xe30
[   62.984101]  [<ffffffff81c5c842>] tcp_v4_do_rcv+0x2f2/0x800
[   62.984101]  [<ffffffff81b682b6>] release_sock+0xd6/0x270
[   62.984101]  [<ffffffff81c30278>] tcp_recvmsg+0x658/0x12c0
[   62.984101]  [<ffffffff81c85ed8>] inet_recvmsg+0x148/0x180
[   62.984101]  [<ffffffff81b6022a>] sock_recvmsg+0x6a/0x90
[   62.984101]  [<ffffffff81b60366>] sock_read_iter+0x116/0x180
[   62.984101]  [<ffffffff81266400>] __vfs_read+0x1a0/0x1e0
[   62.984101]  [<ffffffff81267207>] vfs_read+0xb7/0x1e0
[   62.984101]  [<ffffffff81268740>] SyS_read+0x70/0xd0
[   62.984101]  [<ffffffff81ee5a51>] entry_SYSCALL_64_fastpath+0x31/0x95
[   62.984101] 
[   62.984101] Mutexes locked by thread 2580:
[   62.984101] Mutex 363965 is locked here:
[   62.984101]  [<ffffffff81ee5400>] _raw_spin_lock+0x50/0x70
[   62.984101]  [<ffffffff81bcab69>] sch_direct_xmit+0x1d9/0x3d0
[   62.984101]  [<ffffffff81b94589>] __dev_queue_xmit+0x489/0xa50
[   62.984101]  [<ffffffff81b94b6f>] dev_queue_xmit_sk+0x1f/0x30
[   62.984101]  [<ffffffff81c1e21a>] ip_finish_output2+0x4ea/0x720
[   62.984101]  [<ffffffff81c1fc02>] ip_finish_output+0x262/0x350
[   62.984101]  [<ffffffff81c1fd11>] NF_HOOK_COND.part.32.constprop.47+0x21/0x30
[   62.984101]  [<ffffffff81c21061>] ip_output+0x1a1/0x1c0
[   62.984101]  [<ffffffff81c1c181>] ip_local_out_sk+0x61/0x80
[   62.984101]  [<ffffffff81c2044d>] ip_queue_xmit+0x2cd/0x840
[   62.984101]  [<ffffffff81c4db99>] tcp_transmit_skb+0xb39/0x1750
[   62.984101]  [<ffffffff81c51ee8>] tcp_send_ack+0x228/0x2d0
[   62.984101]  [<ffffffff81c37a81>] __tcp_ack_snd_check+0xb1/0x100
[   62.984101]  [<ffffffff81c470f8>] tcp_rcv_established+0x818/0xe30
[   62.984101]  [<ffffffff81c5c842>] tcp_v4_do_rcv+0x2f2/0x800
[   62.984101]  [<ffffffff81b682b6>] release_sock+0xd6/0x270
[   62.984101]  [<ffffffff81c30278>] tcp_recvmsg+0x658/0x12c0
[   62.984101]  [<ffffffff81c85ed8>] inet_recvmsg+0x148/0x180
[   62.984101]  [<ffffffff81b6022a>] sock_recvmsg+0x6a/0x90
[   62.984101]  [<ffffffff81b60366>] sock_read_iter+0x116/0x180
[   62.984101]  [<ffffffff81266400>] __vfs_read+0x1a0/0x1e0
[   62.984101]  [<ffffffff81267207>] vfs_read+0xb7/0x1e0
[   62.984101]  [<ffffffff81268740>] SyS_read+0x70/0xd0
[   62.984101]  [<ffffffff81ee5a51>] entry_SYSCALL_64_fastpath+0x31/0x95
[   62.984101] 
[   62.984101] ==================================================================
[   63.174443] kt: end of test.
[   63.175784] 
[   63.176786] dump_desc: [50ms_wait]
[   63.178412] dump_desc evts: 5
[   63.179942] dump_desc   ts: 201
[   63.181002] dump_desc  ret: -22
[   63.181978] 
[   63.182707] dump_desc: [create_200ms_destroy]
[   63.183756] dump_desc evts: 5
[   63.184647] dump_desc   ts: 0 201
[   63.185654] dump_desc  ret: 0
[   63.186539] LIGHT_SUCCESS
[   63.188819] kt: running test for light, case 1, T2582
[   63.188819] 
[   63.190780] kt: starting light_test_wait_destroy test
[   63.397406] kt: end of test.
[   63.398971] 
[   63.399750] dump_desc: [50ms_wait]
[   63.400818] dump_desc evts: 6
[   63.401801] dump_desc   ts: 203
[   63.402731] dump_desc  ret: -22
[   63.403722] 
[   63.404421] dump_desc: [create_200ms_destroy]
[   63.405708] dump_desc evts: 6
[   63.406733] dump_desc   ts: 0 201
[   63.407744] dump_desc  ret: 0
[   63.408729] LIGHT_SUCCESS
[   63.411008] kt: running test for light, case 1, T2582
[   63.411008] 
[   63.415856] kt: starting light_test_wait_destroy test
[   63.624514] kt: end of test.
[   63.626500] 
[   63.627950] dump_desc: [50ms_wait]
[   63.630492] dump_desc evts: 7
[   63.632641] dump_desc   ts: 200
[   63.634498] dump_desc  ret: -22
[   63.635930] 
[   63.636946] dump_desc: [create_200ms_destroy]
[   63.638789] dump_desc evts: 7
[   63.640574] dump_desc   ts: 0 201
[   63.642480] dump_desc  ret: 0
[   63.643864] LIGHT_SUCCESS
[   63.666695] ==================================================================
[   63.667140] ThreadSanitizer: data-race in pollwake
[   63.667140] 
[   63.667140] Write at 0xffff88018d527ab8 of size 4 by thread 2582 on CPU 2:
[   63.667140]  [<ffffffff81287747>] pollwake+0xc7/0x100
[   63.667140]  [<ffffffff810e3858>] __wake_up_common+0x48/0x80
[   63.667140]  [<ffffffff8126993f>] __fput+0x15f/0x310
[   63.667140]  [<ffffffff81269b5d>] ____fput+0x1d/0x30
[   63.667140]  [<ffffffff810b9175>] task_work_run+0x115/0x130
[   63.667140]  [<ffffffff8108d604>] do_exit+0x494/0x13b0
[   63.667140]  [<ffffffff810902f5>] do_group_exit+0x85/0x130
[   63.667140]  [<ffffffff810903c0>] __wake_up_parent+0x0/0x50
[   63.667140]  [<ffffffff81ee5a51>] entry_SYSCALL_64_fastpath+0x31/0x95
[   63.667140] 
[   63.667140] Previous write at 0xffff88018d527ab8 of size 4 by thread -4 on CPU 3:
[   63.667140]  [<ffffffff81287747>] pollwake+0xc7/0x100
[   63.667140]  [<ffffffff810e3858>] __wake_up_common+0x48/0x80
[   63.667140]  [<ffffffff81c47112>] tcp_rcv_established+0x832/0xe30
[   63.667140]  [<ffffffff81c5c842>] tcp_v4_do_rcv+0x2f2/0x800
[   63.667140]  [<ffffffff81c5ec1d>] tcp_v4_rcv+0x10ed/0x14c0
[   63.667140]  [<ffffffff81c156a9>] ip_local_deliver_finish+0x169/0x3f0
[   63.667140]  [<ffffffff81c15c8a>] ip_local_deliver+0x15a/0x160
[   63.667140]  [<ffffffff81c14f73>] ip_rcv_finish+0xe3/0x6b0
[   63.667140]  [<ffffffff81c162d6>] ip_rcv+0x646/0x880
[   63.667140]  [<ffffffff81b8f4af>] __netif_receive_skb_core+0x54f/0x1530
[   63.667140]  [<ffffffff81b904c9>] __netif_receive_skb+0x39/0xf0
[   63.667140]  [<ffffffff81b905c5>] netif_receive_skb_internal+0x45/0x110
[   63.667140]  [<ffffffff81b91e65>] napi_gro_receive+0x115/0x150
[   63.667140]  [<ffffffff81952fe5>] e1000_clean_rx_irq+0x355/0x950
[   63.667140]  [<ffffffff8194f964>] e1000_clean+0x554/0x11e0
[   63.667140]  [<ffffffff81b90f89>] net_rx_action+0x489/0x690
[   63.667140]  [<ffffffff81091c1e>] __do_softirq+0xbe/0x2f0
[   63.667140]  [<ffffffff81ee690a>] apic_timer_interrupt+0x8a/0xa0
[   63.667140] 
[   63.667140] Mutexes locked by thread 2582:
[   63.667140] Mutex 416734 is locked here:
[   63.667140]  [<ffffffff81ee2037>] mutex_lock+0x57/0x70
[   63.667140]  [<ffffffff812753c2>] pipe_release+0x42/0x150
[   63.667140]  [<ffffffff8126993f>] __fput+0x15f/0x310
[   63.667140]  [<ffffffff81269b5d>] ____fput+0x1d/0x30
[   63.667140]  [<ffffffff810b9175>] task_work_run+0x115/0x130
[   63.667140]  [<ffffffff8108d604>] do_exit+0x494/0x13b0
[   63.667140]  [<ffffffff810902f5>] do_group_exit+0x85/0x130
[   63.667140]  [<ffffffff810903c0>] __wake_up_parent+0x0/0x50
[   63.667140]  [<ffffffff81ee5a51>] entry_SYSCALL_64_fastpath+0x31/0x95
[   63.667140] 
[   63.667140] Mutex 413820 is locked here:
[   63.667140]  [<ffffffff81ee57b4>] _raw_spin_lock_irqsave+0x64/0x80
[   63.667140]  [<ffffffff810e3b77>] __wake_up_sync_key+0x27/0x60
[   63.667140]  [<ffffffff8126993f>] __fput+0x15f/0x310
[   63.667140]  [<ffffffff81269b5d>] ____fput+0x1d/0x30
[   63.667140]  [<ffffffff810b9175>] task_work_run+0x115/0x130
[   63.667140]  [<ffffffff8108d604>] do_exit+0x494/0x13b0
[   63.667140]  [<ffffffff810902f5>] do_group_exit+0x85/0x130
[   63.667140]  [<ffffffff810903c0>] __wake_up_parent+0x0/0x50
[   63.667140]  [<ffffffff81ee5a51>] entry_SYSCALL_64_fastpath+0x31/0x95
[   63.667140] 
[   63.667140] Mutexes locked by thread -4:
[   63.667140] Mutex 412206 is locked here:
[   63.667140]  [<ffffffff81ee5400>] _raw_spin_lock+0x50/0x70
[   63.667140]  [<ffffffff81c5eb7d>] tcp_v4_rcv+0x104d/0x14c0
[   63.667140]  [<ffffffff81c156a9>] ip_local_deliver_finish+0x169/0x3f0
[   63.667140]  [<ffffffff81c15c8a>] ip_local_deliver+0x15a/0x160
[   63.667140]  [<ffffffff81c14f73>] ip_rcv_finish+0xe3/0x6b0
[   63.667140]  [<ffffffff81c162d6>] ip_rcv+0x646/0x880
[   63.667140]  [<ffffffff81b8f4af>] __netif_receive_skb_core+0x54f/0x1530
[   63.667140]  [<ffffffff81b904c9>] __netif_receive_skb+0x39/0xf0
[   63.667140]  [<ffffffff81b905c5>] netif_receive_skb_internal+0x45/0x110
[   63.667140]  [<ffffffff81b91e65>] napi_gro_receive+0x115/0x150
[   63.667140]  [<ffffffff81952fe5>] e1000_clean_rx_irq+0x355/0x950
[   63.667140]  [<ffffffff8194f964>] e1000_clean+0x554/0x11e0
[   63.667140]  [<ffffffff81b90f89>] net_rx_action+0x489/0x690
[   63.667140]  [<ffffffff81091c1e>] __do_softirq+0xbe/0x2f0
[   63.667140]  [<ffffffff81ee690a>] apic_timer_interrupt+0x8a/0xa0
[   63.667140] 
[   63.667140] Mutex 412077 is locked here:
[   63.667140]  [<ffffffff81ee57b4>] _raw_spin_lock_irqsave+0x64/0x80
[   63.667140]  [<ffffffff810e3b77>] __wake_up_sync_key+0x27/0x60
[   63.667140]  [<ffffffff81c47112>] tcp_rcv_established+0x832/0xe30
[   63.667140]  [<ffffffff81c5c842>] tcp_v4_do_rcv+0x2f2/0x800
[   63.667140]  [<ffffffff81c5ec1d>] tcp_v4_rcv+0x10ed/0x14c0
[   63.667140]  [<ffffffff81c156a9>] ip_local_deliver_finish+0x169/0x3f0
[   63.667140]  [<ffffffff81c15c8a>] ip_local_deliver+0x15a/0x160
[   63.667140]  [<ffffffff81c14f73>] ip_rcv_finish+0xe3/0x6b0
[   63.667140]  [<ffffffff81c162d6>] ip_rcv+0x646/0x880
[   63.667140]  [<ffffffff81b8f4af>] __netif_receive_skb_core+0x54f/0x1530
[   63.667140]  [<ffffffff81b904c9>] __netif_receive_skb+0x39/0xf0
[   63.667140]  [<ffffffff81b905c5>] netif_receive_skb_internal+0x45/0x110
[   63.667140]  [<ffffffff81b91e65>] napi_gro_receive+0x115/0x150
[   63.667140]  [<ffffffff81952fe5>] e1000_clean_rx_irq+0x355/0x950
[   63.667140]  [<ffffffff8194f964>] e1000_clean+0x554/0x11e0
[   63.667140]  [<ffffffff81b90f89>] net_rx_action+0x489/0x690
[   63.667140]  [<ffffffff81091c1e>] __do_softirq+0xbe/0x2f0
[   63.667140]  [<ffffffff81ee690a>] apic_timer_interrupt+0x8a/0xa0
[   63.667140] 
[   63.667140] ==================================================================
[   63.768727] ==================================================================
[   63.768727] ThreadSanitizer: data-race in mod_timer_pending
[   63.768727] 
[   63.768727] Write at 0xffff88018d76ae10 of size 8 by thread -4 on CPU 3:
[   63.768727]  [<ffffffff811180cb>] mod_timer_pending+0x1ab/0x2f0
[   63.768727]  [<ffffffff81be9f06>] __nf_ct_refresh_acct+0x116/0x140
[   63.768727]  [<ffffffff81bf6b62>] tcp_packet+0x12f2/0x2520
[   63.768727]  [<ffffffff81bed716>] nf_conntrack_in+0x736/0xdc0
[   63.768727]  [<ffffffff81cb420e>] ipv4_conntrack_in+0x5e/0x80
[   63.768727]  [<ffffffff81be3bb3>] nf_iterate+0x113/0x130
[   63.768727]  [<ffffffff81be3c47>] nf_hook_slow+0x77/0x110
[   63.768727]  [<ffffffff81c162c0>] ip_rcv+0x630/0x880
[   63.768727]  [<ffffffff81b8f4af>] __netif_receive_skb_core+0x54f/0x1530
[   63.768727]  [<ffffffff81b904c9>] __netif_receive_skb+0x39/0xf0
[   63.768727]  [<ffffffff81b905c5>] netif_receive_skb_internal+0x45/0x110
[   63.768727]  [<ffffffff81b91e65>] napi_gro_receive+0x115/0x150
[   63.768727]  [<ffffffff81952fe5>] e1000_clean_rx_irq+0x355/0x950
[   63.768727]  [<ffffffff8194f964>] e1000_clean+0x554/0x11e0
[   63.768727]  [<ffffffff81b90f89>] net_rx_action+0x489/0x690
[   63.768727]  [<ffffffff81091c1e>] __do_softirq+0xbe/0x2f0
[   63.768727]  [<ffffffff81ee658a>] common_interrupt+0x8a/0x8f
[   63.768727] 
[   63.768727] Previous read at 0xffff88018d76ae10 of size 8 by thread 2580 on CPU 2:
[   63.768727]  [<ffffffff81be9ee1>] __nf_ct_refresh_acct+0xf1/0x140
[   63.768727]  [<ffffffff81bf6b62>] tcp_packet+0x12f2/0x2520
[   63.768727]  [<ffffffff81bed716>] nf_conntrack_in+0x736/0xdc0
[   63.768727]  [<ffffffff81cb441f>] ipv4_conntrack_local+0xbf/0xe0
[   63.768727]  [<ffffffff81be3bb3>] nf_iterate+0x113/0x130
[   63.768727]  [<ffffffff81be3c47>] nf_hook_slow+0x77/0x110
[   63.768727]  [<ffffffff81c1c0fa>] __ip_local_out_sk+0x15a/0x180
[   63.768727]  [<ffffffff81c1c151>] ip_local_out_sk+0x31/0x80
[   63.768727]  [<ffffffff81c2044d>] ip_queue_xmit+0x2cd/0x840
[   63.768727]  [<ffffffff81c4db99>] tcp_transmit_skb+0xb39/0x1750
[   63.768727]  [<ffffffff81c51ee8>] tcp_send_ack+0x228/0x2d0
[   63.768727]  [<ffffffff81c37a81>] __tcp_ack_snd_check+0xb1/0x100
[   63.768727]  [<ffffffff81c470f8>] tcp_rcv_established+0x818/0xe30
[   63.768727]  [<ffffffff81c5c842>] tcp_v4_do_rcv+0x2f2/0x800
[   63.768727]  [<ffffffff81b682b6>] release_sock+0xd6/0x270
[   63.768727]  [<ffffffff81c347b7>] tcp_sendmsg+0x157/0x14c0
[   63.768727]  [<ffffffff81c86040>] inet_sendmsg+0x130/0x180
[   63.768727]  [<ffffffff81b60bb3>] sock_sendmsg+0x83/0x90
[   63.768727]  [<ffffffff81b60cb1>] sock_write_iter+0xf1/0x1a0
[   63.768727]  [<ffffffff812665e3>] __vfs_write+0x1a3/0x1f0
[   63.768727]  [<ffffffff8126741f>] vfs_write+0xef/0x280
[   63.768727]  [<ffffffff81268810>] SyS_write+0x70/0xd0
[   63.768727]  [<ffffffff81ee5a51>] entry_SYSCALL_64_fastpath+0x31/0x95
[   63.768727] 
[   63.768727] Mutexes locked by thread -4:
[   63.768727] Mutex 1154 is locked here:
[   63.768727]  [<ffffffff81ee5400>] _raw_spin_lock+0x50/0x70
[   63.768727]  [<ffffffff81118090>] mod_timer_pending+0x170/0x2f0
[   63.768727]  [<ffffffff81be9f06>] __nf_ct_refresh_acct+0x116/0x140
[   63.768727]  [<ffffffff81bf6b62>] tcp_packet+0x12f2/0x2520
[   63.768727]  [<ffffffff81bed716>] nf_conntrack_in+0x736/0xdc0
[   63.768727]  [<ffffffff81cb420e>] ipv4_conntrack_in+0x5e/0x80
[   63.768727]  [<ffffffff81be3bb3>] nf_iterate+0x113/0x130
[   63.768727]  [<ffffffff81be3c47>] nf_hook_slow+0x77/0x110
[   63.768727]  [<ffffffff81c162c0>] ip_rcv+0x630/0x880
[   63.768727]  [<ffffffff81b8f4af>] __netif_receive_skb_core+0x54f/0x1530
[   63.768727]  [<ffffffff81b904c9>] __netif_receive_skb+0x39/0xf0
[   63.768727]  [<ffffffff81b905c5>] netif_receive_skb_internal+0x45/0x110
[   63.768727]  [<ffffffff81b91e65>] napi_gro_receive+0x115/0x150
[   63.768727]  [<ffffffff81952fe5>] e1000_clean_rx_irq+0x355/0x950
[   63.768727]  [<ffffffff8194f964>] e1000_clean+0x554/0x11e0
[   63.768727]  [<ffffffff81b90f89>] net_rx_action+0x489/0x690
[   63.768727]  [<ffffffff81091c1e>] __do_softirq+0xbe/0x2f0
[   63.768727]  [<ffffffff81ee658a>] common_interrupt+0x8a/0x8f
[   63.768727] 
[   63.768727] ==================================================================
INIT: Switching to runlevel: 0
INIT: Sending processes the TERM signal
[[36minfo[39;49m] Using makefile-style concurrent boot in runlevel 0.
[....] Asking all remaining processes to terminate...[   66.657279] ==================================================================
[   66.657927] ThreadSanitizer: data-race in do_signal_stop
[   66.657927] 
[   66.657927] Write at 0xffff880190034e54 of size 4 by thread 2603 on CPU 1:
[   66.657927]  [<ffffffff8109f774>] do_signal_stop+0x194/0x3c0
[   66.657927]  [<ffffffff810a195c>] get_signal+0x27c/0xa30
[   66.657927]  [<ffffffff8100628c>] do_signal+0x2c/0xa60
[   66.657927]  [<ffffffff81006d3d>] do_notify_resume+0x7d/0x80
[   66.657927]  [<ffffffff81ee5c21>] int_signal+0x12/0x17
[   66.657927] 
[   66.657927] Previous read at 0xffff880190034e54 of size 4 by thread 2626 on CPU 3:
[   66.657927]  [<ffffffff81086349>] get_task_mm+0x49/0xa0
[   66.667033]  [<ffffffff81317b40>] proc_pid_cmdline_read+0x70/0x570
[   66.667033]  [<ffffffff812662bf>] __vfs_read+0x5f/0x1e0
[   66.667033]  [<ffffffff81267207>] vfs_read+0xb7/0x1e0
[   66.667033]  [<ffffffff81268740>] SyS_read+0x70/0xd0
[   66.667033]  [<ffffffff81ee5a51>] entry_SYSCALL_64_fastpath+0x31/0x95
[   66.667033] 
[   66.667033] Mutexes locked by thread 2626:
[   66.667033] Mutex 419860 is locked here:
[   66.667033]  [<ffffffff81ee5400>] _raw_spin_lock+0x50/0x70
[   66.667033]  [<ffffffff81086328>] get_task_mm+0x28/0xa0
[   66.667033]  [<ffffffff81317b40>] proc_pid_cmdline_read+0x70/0x570
[   66.667033]  [<ffffffff812662bf>] __vfs_read+0x5f/0x1e0
[   66.667033]  [<ffffffff81267207>] vfs_read+0xb7/0x1e0
[   66.667033]  [<ffffffff81268740>] SyS_read+0x70/0xd0
[   66.667033]  [<ffffffff81ee5a51>] entry_SYSCALL_64_fastpath+0x31/0x95
[   66.667033] 
[   66.667033] ==================================================================
[?25l[?1c7[1G[[32m ok [39;49m8[?25h[?0cdone.
[....] All processes ended within 1 seconds...[?25l[?1c7[1G[[32m ok [39;49m8[?25h[?0cdone.
[....] Stopping enhanced syslogd: rsyslogd[   68.242447] ==================================================================
[   68.243177] ThreadSanitizer: data-race in get_task_mm
[   68.243177] 
