early console in setup code
early console in decompress_kernel

Decompressing Linux... Parsing ELF... done.
Booting the kernel.
[    0.000000] Initializing cgroup subsys cpuset
[    0.000000] Initializing cgroup subsys cpu
[    0.000000] Initializing cgroup subsys cpuacct
[    0.000000] Linux version 4.2.0-team50-tsan (progman@m91p) (gcc version 6.0.0 20150825 (experimental) (GCC) ) #228 SMP Mon Oct 31 18:18:19 EDT 2016
[    0.000000] Command line: console=ttyS0 root=/dev/sda debug earlyprintk=serial slub_debug=QUZ
[    0.000000] x86/fpu: Legacy x87 FPU detected.
[    0.000000] x86/fpu: Using 'lazy' FPU context switches.
[    0.000000] e820: BIOS-provided physical RAM map:
[    0.000000] BIOS-e820: [mem 0x0000000000000000-0x000000000009fbff] usable
[    0.000000] BIOS-e820: [mem 0x000000000009fc00-0x000000000009ffff] reserved
[    0.000000] BIOS-e820: [mem 0x00000000000f0000-0x00000000000fffff] reserved
[    0.000000] BIOS-e820: [mem 0x0000000000100000-0x00000000bffdefff] usable
[    0.000000] BIOS-e820: [mem 0x00000000bffdf000-0x00000000bfffffff] reserved
[    0.000000] BIOS-e820: [mem 0x00000000feffc000-0x00000000feffffff] reserved
[    0.000000] BIOS-e820: [mem 0x00000000fffc0000-0x00000000ffffffff] reserved
[    0.000000] BIOS-e820: [mem 0x0000000100000000-0x000000053fffffff] usable
[    0.000000] bootconsole [earlyser0] enabled
[    0.000000] NX (Execute Disable) protection: active
[    0.000000] SMBIOS 2.8 present.
[    0.000000] DMI: QEMU Standard PC (i440FX + PIIX, 1996), BIOS Ubuntu-1.8.2-1ubuntu2 04/01/2014
[    0.000000] Hypervisor detected: KVM
[    0.000000] e820: update [mem 0x00000000-0x00000fff] usable ==> reserved
[    0.000000] e820: remove [mem 0x000a0000-0x000fffff] usable
[    0.000000] e820: last_pfn = 0x540000 max_arch_pfn = 0x400000000
[    0.000000] MTRR default type: write-back
[    0.000000] MTRR fixed ranges enabled:
[    0.000000]   00000-9FFFF write-back
[    0.000000]   A0000-BFFFF uncachable
[    0.000000]   C0000-FFFFF write-protect
[    0.000000] MTRR variable ranges enabled:
[    0.000000]   0 base 00C0000000 mask FFC0000000 uncachable
[    0.000000]   1 disabled
[    0.000000]   2 disabled
[    0.000000]   3 disabled
[    0.000000]   4 disabled
[    0.000000]   5 disabled
[    0.000000]   6 disabled
[    0.000000]   7 disabled
[    0.000000] x86/PAT: PAT not supported by CPU.
[    0.000000] e820: last_pfn = 0xbffdf max_arch_pfn = 0x400000000
[    0.000000] found SMP MP-table at [mem 0x000f64c0-0x000f64cf] mapped at [ffff8800000f64c0]
[    0.000000] Scanning 1 areas for low memory corruption
[    0.000000] Base memory trampoline at [ffff880000099000] 99000 size 24576
[    0.000000] init_memory_mapping: [mem 0x00000000-0x000fffff]
[    0.000000]  [mem 0x00000000-0x000fffff] page 4k
[    0.000000] BRK [0x028d5000, 0x028d5fff] PGTABLE
[    0.000000] BRK [0x028d6000, 0x028d6fff] PGTABLE
[    0.000000] BRK [0x028d7000, 0x028d7fff] PGTABLE
[    0.000000] init_memory_mapping: [mem 0x53fe00000-0x53fffffff]
[    0.000000]  [mem 0x53fe00000-0x53fffffff] page 2M
[    0.000000] BRK [0x028d8000, 0x028d8fff] PGTABLE
[    0.000000] init_memory_mapping: [mem 0x520000000-0x53fdfffff]
[    0.000000]  [mem 0x520000000-0x53fdfffff] page 2M
[    0.000000] init_memory_mapping: [mem 0x00100000-0xbffdefff]
[    0.000000]  [mem 0x00100000-0x001fffff] page 4k
[    0.000000]  [mem 0x00200000-0xbfdfffff] page 2M
[    0.000000]  [mem 0xbfe00000-0xbffdefff] page 4k
[    0.000000] init_memory_mapping: [mem 0x100000000-0x51fffffff]
[    0.000000]  [mem 0x100000000-0x51fffffff] page 2M
[    0.000000] BRK [0x028d9000, 0x028d9fff] PGTABLE
[    0.000000] BRK [0x028da000, 0x028dafff] PGTABLE
[    0.000000] ACPI: Early table checksum verification disabled
[    0.000000] ACPI: RSDP 0x00000000000F6470 000014 (v00 BOCHS )
[    0.000000] ACPI: RSDT 0x00000000BFFE155A 000030 (v01 BOCHS  BXPCRSDT 00000001 BXPC 00000001)
[    0.000000] ACPI: FACP 0x00000000BFFE141E 000074 (v01 BOCHS  BXPCFACP 00000001 BXPC 00000001)
[    0.000000] ACPI: DSDT 0x00000000BFFDFD80 00169E (v01 BOCHS  BXPCDSDT 00000001 BXPC 00000001)
[    0.000000] ACPI: FACS 0x00000000BFFDFD40 000040
[    0.000000] ACPI: APIC 0x00000000BFFE1492 000090 (v01 BOCHS  BXPCAPIC 00000001 BXPC 00000001)
[    0.000000] ACPI: HPET 0x00000000BFFE1522 000038 (v01 BOCHS  BXPCHPET 00000001 BXPC 00000001)
[    0.000000] ACPI: Local APIC address 0xfee00000
[    0.000000] No NUMA configuration found
[    0.000000] Faking a node at [mem 0x0000000000000000-0x000000053fffffff]
[    0.000000] NODE_DATA(0) allocated [mem 0x53ffeb000-0x53ffeefff]
[    0.000000] kvm-clock: Using msrs 4b564d01 and 4b564d00
[    0.000000] kvm-clock: cpu 0, msr 5:3ffea001, primary cpu clock
[    0.000000] clocksource: kvm-clock: mask: 0xffffffffffffffff max_cycles: 0x1cd42e4dffb, max_idle_ns: 881590591483 ns
[    0.000000]  [ffffea0000000000-ffffea0014ffffff] PMD -> [ffff88052b600000-ffff88053f5fffff] on node 0
[    0.000000] Zone ranges:
[    0.000000]   DMA      [mem 0x0000000000001000-0x0000000000ffffff]
[    0.000000]   DMA32    [mem 0x0000000001000000-0x00000000ffffffff]
[    0.000000]   Normal   [mem 0x0000000100000000-0x000000053fffffff]
[    0.000000] Movable zone start for each node
[    0.000000] Early memory node ranges
[    0.000000]   node   0: [mem 0x0000000000001000-0x000000000009efff]
[    0.000000]   node   0: [mem 0x0000000000100000-0x00000000bffdefff]
[    0.000000]   node   0: [mem 0x0000000100000000-0x000000053fffffff]
[    0.000000] Initmem setup node 0 [mem 0x0000000000001000-0x000000053fffffff]
[    0.000000] On node 0 totalpages: 5242749
[    0.000000]   DMA zone: 64 pages used for memmap
[    0.000000]   DMA zone: 21 pages reserved
[    0.000000]   DMA zone: 3998 pages, LIFO batch:0
[    0.000000]   DMA32 zone: 12224 pages used for memmap
[    0.000000]   DMA32 zone: 782303 pages, LIFO batch:31
[    0.000000]   Normal zone: 69632 pages used for memmap
[    0.000000]   Normal zone: 4456448 pages, LIFO batch:31
[    0.000000] ACPI: PM-Timer IO Port: 0x608
[    0.000000] ACPI: Local APIC address 0xfee00000
[    0.000000] ACPI: LAPIC_NMI (acpi_id[0xff] dfl dfl lint[0x1])
[    0.000000] IOAPIC[0]: apic_id 0, version 17, address 0xfec00000, GSI 0-23
[    0.000000] ACPI: INT_SRC_OVR (bus 0 bus_irq 0 global_irq 2 dfl dfl)
[    0.000000] ACPI: INT_SRC_OVR (bus 0 bus_irq 5 global_irq 5 high level)
[    0.000000] ACPI: INT_SRC_OVR (bus 0 bus_irq 9 global_irq 9 high level)
[    0.000000] ACPI: INT_SRC_OVR (bus 0 bus_irq 10 global_irq 10 high level)
[    0.000000] ACPI: INT_SRC_OVR (bus 0 bus_irq 11 global_irq 11 high level)
[    0.000000] ACPI: IRQ0 used by override.
[    0.000000] ACPI: IRQ5 used by override.
[    0.000000] ACPI: IRQ9 used by override.
[    0.000000] ACPI: IRQ10 used by override.
[    0.000000] ACPI: IRQ11 used by override.
[    0.000000] Using ACPI (MADT) for SMP configuration information
[    0.000000] ACPI: HPET id: 0x8086a201 base: 0xfed00000
[    0.000000] smpboot: Allowing 4 CPUs, 0 hotplug CPUs
[    0.000000] PM: Registered nosave memory: [mem 0x00000000-0x00000fff]
[    0.000000] PM: Registered nosave memory: [mem 0x0009f000-0x0009ffff]
[    0.000000] PM: Registered nosave memory: [mem 0x000a0000-0x000effff]
[    0.000000] PM: Registered nosave memory: [mem 0x000f0000-0x000fffff]
[    0.000000] PM: Registered nosave memory: [mem 0xbffdf000-0xbfffffff]
[    0.000000] PM: Registered nosave memory: [mem 0xc0000000-0xfeffbfff]
[    0.000000] PM: Registered nosave memory: [mem 0xfeffc000-0xfeffffff]
[    0.000000] PM: Registered nosave memory: [mem 0xff000000-0xfffbffff]
[    0.000000] PM: Registered nosave memory: [mem 0xfffc0000-0xffffffff]
[    0.000000] e820: [mem 0xc0000000-0xfeffbfff] available for PCI devices
[    0.000000] Booting paravirtualized kernel on KVM
[    0.000000] clocksource: refined-jiffies: mask: 0xffffffff max_cycles: 0xffffffff, max_idle_ns: 1910969940391419 ns
[    0.000000] setup_percpu: NR_CPUS:64 nr_cpumask_bits:64 nr_cpu_ids:4 nr_node_ids:1
[    0.000000] PERCPU: Embedded 32 pages/cpu @ffff88053fc00000 s90328 r8192 d32552 u524288
[    0.000000] pcpu-alloc: s90328 r8192 d32552 u524288 alloc=1*2097152
[    0.000000] pcpu-alloc: [0] 0 1 2 3 
[    0.000000] KVM setup async PF for cpu 0
[    0.000000] kvm-stealtime: cpu 0, msr 53fc0d440
[    0.000000] Built 1 zonelists in Node order, mobility grouping on.  Total pages: 5160808
[    0.000000] Policy zone: Normal
[    0.000000] Kernel command line: console=ttyS0 root=/dev/sda debug earlyprintk=serial slub_debug=QUZ
[    0.000000] PID hash table entries: 4096 (order: 3, 32768 bytes)
[    0.000000] Calgary: detecting Calgary via BIOS EBDA area
[    0.000000] Calgary: Unable to locate Rio Grande table in EBDA - bailing!
[    0.000000] Memory: 5718644K/20970996K available (15275K kernel code, 1106K rwdata, 2804K rodata, 1348K init, 2476K bss, 15252352K reserved, 0K cma-reserved)
[    0.000000] Hierarchical RCU implementation.
[    0.000000] 	Additional per-CPU info printed with stalls.
[    0.000000] 	Build-time adjustment of leaf fanout to 64.
[    0.000000] 	RCU restricting CPUs from NR_CPUS=64 to nr_cpu_ids=4.
[    0.000000] RCU: Adjusting geometry for rcu_fanout_leaf=64, nr_cpu_ids=4
[    0.000000] NR_IRQS:4352 nr_irqs:456 16
[    0.000000] Console: colour VGA+ 80x25
[    0.000000] console [ttyS0] enabled
[    0.000000] console [ttyS0] enabled
[    0.000000] bootconsole [earlyser0] disabled
[    0.000000] bootconsole [earlyser0] disabled
[    0.000000] clocksource: hpet: mask: 0xffffffff max_cycles: 0xffffffff, max_idle_ns: 19112604467 ns
[    0.000000] hpet clockevent registered
[    0.000000] tsc: Detected 2659.998 MHz processor
[    0.003000] Calibrating delay loop (skipped) preset value.. 5319.99 BogoMIPS (lpj=2659998)
[    0.003525] pid_max: default: 32768 minimum: 301
[    0.004059] ACPI: Core revision 20150619
[    0.028066] ACPI: All ACPI Tables successfully acquired
[    0.029187] Security Framework initialized
[    0.029856] SELinux:  Initializing.
[    0.030073] SELinux:  Starting in permissive mode
[    0.131532] Dentry cache hash table entries: 4194304 (order: 13, 33554432 bytes)
[    0.374892] Inode-cache hash table entries: 2097152 (order: 12, 16777216 bytes)
[    0.474575] Mount-cache hash table entries: 65536 (order: 7, 524288 bytes)
[    0.477242] Mountpoint-cache hash table entries: 65536 (order: 7, 524288 bytes)
[    0.486612] Initializing cgroup subsys freezer
[    0.487218] mce: CPU supports 10 MCE banks
[    0.488072] Last level iTLB entries: 4KB 0, 2MB 0, 4MB 0
[    0.489018] Last level dTLB entries: 4KB 0, 2MB 0, 4MB 0, 1GB 0
[    0.491107] Freeing SMP alternatives memory: 4K (ffffffff82667000 - ffffffff82668000)
[    0.581487] KTSAN: enabled
[    0.581936] ktsan memory usage: 14 GB + shadow.
[    0.582011]              syncs: 13413 MB 
[    0.583011]           memblock: 13 MB 
[    0.583602]       percpu syncs: 0 MB
[    0.584010]              tasks: 0 MB
[    0.585011]       thrs (trace): 544 MB
[    0.585601]        stack depot: 512 MB
[    0.593000] ..TIMER: vector=0x30 apic1=0 pin1=2 apic2=-1 pin2=-1
[    0.593000] smpboot: CPU0: Intel QEMU Virtual CPU version 2.5+ (fam: 06, model: 06, stepping: 03)
[    0.594462] Performance Events: Broken PMU hardware detected, using software events only.
[    0.596124] Failed to access perfctr msr (MSR c2 is 0)
[    0.621650] x86: Booting SMP configuration:
[    0.622125] .... node  #0, CPUs:      #1
[    0.003000] kvm-clock: cpu 1, msr 5:3ffea041, secondary cpu clock
[    0.628047] KVM setup async PF for cpu 1
[    0.628763] kvm-stealtime: cpu 1, msr 53fc8d440
[    0.636458]  #2
[    0.003000] kvm-clock: cpu 2, msr 5:3ffea081, secondary cpu clock
[    0.641427] KVM setup async PF for cpu 2
[    0.642000] kvm-stealtime: cpu 2, msr 53fd0d440
[    0.650593]  #3
[    0.003000] kvm-clock: cpu 3, msr 5:3ffea0c1, secondary cpu clock
[    0.656720] x86: Booted up 1 node, 4 CPUs
[    0.656466] KVM setup async PF for cpu 3
[    0.656466] kvm-stealtime: cpu 3, msr 53fd8d440
[    0.659143] smpboot: Total of 4 processors activated (21279.98 BogoMIPS)
[    0.662210] ==================================================================
[    0.663000] ThreadSanitizer: data-race in multi_cpu_stop
[    0.663000] 
[    0.663000] Write at 0xffff8801925dbdd0 of size 4 by thread 18 on CPU 3:
[    0.663000]  [<ffffffff8115ff09>] multi_cpu_stop+0x159/0x1a0
[    0.663000]  [<ffffffff811602b1>] cpu_stopper_thread+0x131/0x1f0
[    0.663000]  [<ffffffff810c1356>] smpboot_thread_fn+0x206/0x270
[    0.663000]  [<ffffffff810bb9e0>] kthread+0x150/0x170
[    0.663000]  [<ffffffff81ee5e3f>] ret_from_fork+0x3f/0x70
[    0.663000] 
[    0.663000] Previous read at 0xffff8801925dbdd0 of size 4 by thread 10 on CPU 1:
[    0.663000]  [<ffffffff8115fe3f>] multi_cpu_stop+0x8f/0x1a0
[    0.663000]  [<ffffffff811602b1>] cpu_stopper_thread+0x131/0x1f0
[    0.663000]  [<ffffffff810c1356>] smpboot_thread_fn+0x206/0x270
[    0.663000]  [<ffffffff810bb9e0>] kthread+0x150/0x170
[    0.663000]  [<ffffffff81ee5e3f>] ret_from_fork+0x3f/0x70
[    0.663000] 
[    0.663000] ==================================================================
[    0.680158] ==================================================================
[    0.681000] ThreadSanitizer: data-race in cpu_stop_signal_done
[    0.681000] 
[    0.681000] Write at 0xffff8801925dbd1c of size 1 by thread 14 on CPU 2:
[    0.681000]  [<ffffffff8115fbea>] cpu_stop_signal_done+0x4a/0x70
[    0.681000]  [<ffffffff811601d6>] cpu_stopper_thread+0x56/0x1f0
[    0.681000]  [<ffffffff810c1356>] smpboot_thread_fn+0x206/0x270
[    0.681000]  [<ffffffff810bb9e0>] kthread+0x150/0x170
[    0.681000]  [<ffffffff81ee5e3f>] ret_from_fork+0x3f/0x70
[    0.681000] 
[    0.681000] Previous write at 0xffff8801925dbd1c of size 1 by thread 18 on CPU 3:
[    0.681000]  [<ffffffff8115fbea>] cpu_stop_signal_done+0x4a/0x70
[    0.681000]  [<ffffffff811601d6>] cpu_stopper_thread+0x56/0x1f0
[    0.681000]  [<ffffffff810c1356>] smpboot_thread_fn+0x206/0x270
[    0.681000]  [<ffffffff810bb9e0>] kthread+0x150/0x170
[    0.681000]  [<ffffffff81ee5e3f>] ret_from_fork+0x3f/0x70
[    0.681000] 
[    0.681000] ==================================================================
[    0.681000] ==================================================================
[    0.681000] ThreadSanitizer: data-race in cpu_stop_signal_done
[    0.681000] 
[    0.681000] Write at 0xffff8801925dbd1c of size 1 by thread 9 on CPU 0:
[    0.681000]  [<ffffffff8115fbea>] cpu_stop_signal_done+0x4a/0x70
[    0.681000]  [<ffffffff811601d6>] cpu_stopper_thread+0x56/0x1f0
[    0.681000]  [<ffffffff810c1356>] smpboot_thread_fn+0x206/0x270
[    0.681000]  [<ffffffff810bb9e0>] kthread+0x150/0x170
[    0.681000]  [<ffffffff81ee5e3f>] ret_from_fork+0x3f/0x70
[    0.681000] 
[    0.681000] Previous write at 0xffff8801925dbd1c of size 1 by thread 18 on CPU 3:
[    0.681000]  [<ffffffff8115fbea>] cpu_stop_signal_done+0x4a/0x70
[    0.681000]  [<ffffffff811601d6>] cpu_stopper_thread+0x56/0x1f0
[    0.681000]  [<ffffffff810c1356>] smpboot_thread_fn+0x206/0x270
[    0.681000]  [<ffffffff810bb9e0>] kthread+0x150/0x170
[    0.681000]  [<ffffffff81ee5e3f>] ret_from_fork+0x3f/0x70
[    0.681000] 
[    0.681000] ==================================================================
[    0.692130] devtmpfs: initialized
[    0.720659] kworker/u8:0 (26) used greatest stack depth: 14104 bytes left
[    0.725241] clocksource: jiffies: mask: 0xffffffff max_cycles: 0xffffffff, max_idle_ns: 1911260446275000 ns
[    0.733889] RTC time:  9:47:10, date: 11/01/16
[    0.735877] kworker/u8:0 (28) used greatest stack depth: 16 bytes left
[    0.743595] NET: Registered protocol family 16
[    0.772275] cpuidle: using governor ladder
[    0.779299] cpuidle: using governor menu
[    0.784225] ACPI: bus type PCI registered
[    0.789517] PCI: Using configuration type 1 for base access
[    0.906900] kworker/u8:0 (115) used greatest stack depth: 8 bytes left
[    1.402192] ACPI: Added _OSI(Module Device)
[    1.403241] ACPI: Added _OSI(Processor Device)
[    1.404208] ACPI: Added _OSI(3.0 _SCP Extensions)
[    1.405174] ACPI: Added _OSI(Processor Aggregator Device)
[    1.582708] ACPI: Interpreter enabled
[    1.584195] ACPI Exception: AE_NOT_FOUND, While evaluating Sleep State [\_S1_] (20150619/hwxface-580)
[    1.586635] ACPI Exception: AE_NOT_FOUND, While evaluating Sleep State [\_S2_] (20150619/hwxface-580)
[    1.588709] ACPI: (supports S0 S3 S4 S5)
[    1.590139] ACPI: Using IOAPIC for interrupt routing
[    1.592099] PCI: Using host bridge windows from ACPI; if necessary, use "pci=nocrs" and report a bug
[    2.073405] ACPI: PCI Root Bridge [PCI0] (domain 0000 [bus 00-ff])
[    2.075334] acpi PNP0A03:00: _OSC: OS supports [ASPM ClockPM Segments MSI]
[    2.077254] acpi PNP0A03:00: _OSC failed (AE_NOT_FOUND); disabling ASPM
[    2.080552] acpi PNP0A03:00: fail to add MMCONFIG information, can't access extended PCI configuration space under this bridge.
[    2.086069] PCI host bridge to bus 0000:00
[    2.087261] pci_bus 0000:00: root bus resource [bus 00-ff]
[    2.089210] pci_bus 0000:00: root bus resource [io  0x0000-0x0cf7 window]
[    2.090215] pci_bus 0000:00: root bus resource [io  0x0d00-0xffff window]
[    2.092229] pci_bus 0000:00: root bus resource [mem 0x000a0000-0x000bffff window]
[    2.093222] pci_bus 0000:00: root bus resource [mem 0xc0000000-0xfebfffff window]
[    2.095485] pci 0000:00:00.0: [8086:1237] type 00 class 0x060000
[    2.110074] pci 0000:00:01.0: [8086:7000] type 00 class 0x060100
[    2.128325] pci 0000:00:01.1: [8086:7010] type 00 class 0x010180
[    2.134679] pci 0000:00:01.1: reg 0x20: [io  0xc040-0xc04f]
[    2.139249] pci 0000:00:01.1: legacy IDE quirk: reg 0x10: [io  0x01f0-0x01f7]
[    2.141225] pci 0000:00:01.1: legacy IDE quirk: reg 0x14: [io  0x03f6]
[    2.142171] pci 0000:00:01.1: legacy IDE quirk: reg 0x18: [io  0x0170-0x0177]
[    2.143226] pci 0000:00:01.1: legacy IDE quirk: reg 0x1c: [io  0x0376]
[    2.157116] pci 0000:00:01.3: [8086:7113] type 00 class 0x068000
[    2.161767] pci 0000:00:01.3: quirk: [io  0x0600-0x063f] claimed by PIIX4 ACPI
[    2.163246] pci 0000:00:01.3: quirk: [io  0x0700-0x070f] claimed by PIIX4 SMB
[    2.178391] pci 0000:00:02.0: [1234:1111] type 00 class 0x030000
[    2.183209] pci 0000:00:02.0: reg 0x10: [mem 0xfd000000-0xfdffffff pref]
[    2.188187] pci 0000:00:02.0: reg 0x18: [mem 0xfebf0000-0xfebf0fff]
[    2.197881] pci 0000:00:02.0: reg 0x30: [mem 0xfebe0000-0xfebeffff pref]
[    2.213079] pci 0000:00:03.0: [8086:100e] type 00 class 0x020000
[    2.217200] pci 0000:00:03.0: reg 0x10: [mem 0xfebc0000-0xfebdffff]
[    2.220205] pci 0000:00:03.0: reg 0x14: [io  0xc000-0xc03f]
[    2.229188] pci 0000:00:03.0: reg 0x30: [mem 0xfeb80000-0xfebbffff pref]
[    2.286672] ACPI: PCI Interrupt Link [LNKA] (IRQs 5 *10 11)
[    2.295497] ACPI: PCI Interrupt Link [LNKB] (IRQs 5 *10 11)
[    2.303384] ACPI: PCI Interrupt Link [LNKC] (IRQs 5 10 *11)
[    2.311579] ACPI: PCI Interrupt Link [LNKD] (IRQs 5 10 *11)
[    2.315265] ACPI: PCI Interrupt Link [LNKS] (IRQs *9)
[    2.356814] ACPI: Enabled 16 GPEs in block 00 to 0F
[    2.369090] vgaarb: setting as boot device: PCI:0000:00:02.0
[    2.369090] vgaarb: device added: PCI:0000:00:02.0,decodes=io+mem,owns=io+mem,locks=none
[    2.372221] vgaarb: loaded
[    2.372846] vgaarb: bridge control possible 0000:00:02.0
[    2.382279] SCSI subsystem initialized
[    2.386799] libata version 3.00 loaded.
[    2.394416] ACPI: bus type USB registered
[    2.398551] usbcore: registered new interface driver usbfs
[    2.400881] usbcore: registered new interface driver hub
[    2.403450] usbcore: registered new device driver usb
[    2.408675] pps_core: LinuxPPS API ver. 1 registered
[    2.409154] pps_core: Software ver. 5.3.6 - Copyright 2005-2007 Rodolfo Giometti <giometti@linux.it>
[    2.412131] PTP clock support registered
[    2.422739] Advanced Linux Sound Architecture Driver Initialized.
[    2.425853] PCI: Using ACPI for IRQ routing
[    2.427163] PCI: pci_cache_line_size set to 64 bytes
[    2.428560] e820: reserve RAM buffer [mem 0x0009fc00-0x0009ffff]
[    2.430179] e820: reserve RAM buffer [mem 0xbffdf000-0xbfffffff]
[    2.458578] NetLabel: Initializing
[    2.460307] NetLabel:  domain hash size = 128
[    2.461151] NetLabel:  protocols = UNLABELED CIPSOv4
[    2.462682] NetLabel:  unlabeled traffic allowed by default
[    2.469704] HPET: 3 timers in total, 0 timers will be used for per-cpu timer
[    2.471186] hpet0: at MMIO 0xfed00000, IRQs 2, 8, 0
[    2.472606] hpet0: 3 comparators, 64-bit 100.000000 MHz counter
[    2.484441] clocksource: Switched to clocksource kvm-clock
[    3.861414] pnp: PnP ACPI init
[    3.869513] pnp 00:00: Plug and Play ACPI device, IDs PNP0b00 (active)
[    3.875764] pnp 00:01: Plug and Play ACPI device, IDs PNP0303 (active)
[    3.881798] pnp 00:02: Plug and Play ACPI device, IDs PNP0f13 (active)
[    3.884751] pnp 00:03: [dma 2]
[    3.888497] pnp 00:03: Plug and Play ACPI device, IDs PNP0700 (active)
[    3.895770] pnp 00:04: Plug and Play ACPI device, IDs PNP0400 (active)
[    3.902690] pnp 00:05: Plug and Play ACPI device, IDs PNP0501 (active)
[    3.926495] pnp: PnP ACPI: found 6 devices
[    4.248440] clocksource: acpi_pm: mask: 0xffffff max_cycles: 0xffffff, max_idle_ns: 2085701024 ns
[    4.250559] pci_bus 0000:00: resource 4 [io  0x0000-0x0cf7 window]
[    4.252161] pci_bus 0000:00: resource 5 [io  0x0d00-0xffff window]
[    4.253898] pci_bus 0000:00: resource 6 [mem 0x000a0000-0x000bffff window]
[    4.255529] pci_bus 0000:00: resource 7 [mem 0xc0000000-0xfebfffff window]
[    4.259880] NET: Registered protocol family 2
[    4.349558] TCP established hash table entries: 262144 (order: 9, 2097152 bytes)
[    4.424565] TCP bind hash table entries: 65536 (order: 8, 1048576 bytes)
[    4.437417] TCP: Hash tables configured (established 262144 bind 65536)
[    4.456019] UDP hash table entries: 16384 (order: 7, 524288 bytes)
[    4.481416] UDP-Lite hash table entries: 16384 (order: 7, 524288 bytes)
[    4.495331] NET: Registered protocol family 1
[    4.503510] RPC: Registered named UNIX socket transport module.
[    4.505353] RPC: Registered udp transport module.
[    4.506841] RPC: Registered tcp transport module.
[    4.508388] RPC: Registered tcp NFSv4.1 backchannel transport module.
[    4.510565] pci 0000:00:00.0: Limiting direct PCI/PCI transfers
[    4.512411] pci 0000:00:01.0: PIIX3: Enabling Passive Release
[    4.514484] pci 0000:00:01.0: Activating ISA DMA hang workarounds
[    4.516688] pci 0000:00:02.0: Video device with shadowed ROM
[    4.518530] PCI: CLS 0 bytes, default 64
[    4.525746] PCI-DMA: Using software bounce buffering for IO (SWIOTLB)
[    4.527731] software IO TLB [mem 0xbbfdf000-0xbffdf000] (64MB) mapped at [ffff8800bbfdf000-ffff8800bffdefff]
[    4.534976] microcode: CPU0 sig=0x663, pf=0x1, revision=0x1
[    4.537512] microcode: CPU1 sig=0x663, pf=0x1, revision=0x1
[    4.538958] microcode: CPU2 sig=0x663, pf=0x1, revision=0x1
[    4.540823] microcode: CPU3 sig=0x663, pf=0x1, revision=0x1
[    4.546430] microcode: Microcode Update Driver: v2.00 <tigran@aivazian.fsnet.co.uk>, Peter Oruba
[    4.590671] Scanning for low memory corruption every 60 seconds
[    4.629542] futex hash table entries: 1024 (order: 4, 65536 bytes)
[    4.632438] audit: initializing netlink subsys (disabled)
[    4.634389] audit: type=2000 audit(1477993634.321:1): initialized
[    4.652496] HugeTLB registered 2 MB page size, pre-allocated 0 pages
[    4.663412] VFS: Disk quotas dquot_6.6.0
[    4.665566] VFS: Dquot-cache hash table entries: 512 (order 0, 4096 bytes)
[    4.684634] NFS: Registering the id_resolver key type
[    4.685897] Key type id_resolver registered
[    4.686852] Key type id_legacy registered
[    4.691716] 9p: Installing v9fs 9p2000 file system support
[    4.697417] SELinux:  Registering netfilter hooks
[    4.756916] Block layer SCSI generic (bsg) driver version 0.4 loaded (major 251)
[    4.758768] io scheduler noop registered
[    4.759964] io scheduler deadline registered
[    4.762008] io scheduler cfq registered (default)
[    4.769965] pci_hotplug: PCI Hot Plug PCI Core version: 0.5
[    4.782874] input: Power Button as /devices/LNXSYSTM:00/LNXPWRBN:00/input/input0
[    4.785350] ACPI: Power Button [PWRF]
[    4.818434] Serial: 8250/16550 driver, 4 ports, IRQ sharing enabled
[    4.846833] 00:05: ttyS0 at I/O 0x3f8 (irq = 4, base_baud = 115200) is a 16550A
[    4.894612] Non-volatile memory driver v1.3
[    4.898818] Linux agpgart interface v0.103
[    4.911637] [drm] Initialized drm 1.1.0 20060810
[    5.094604] loop: module loaded
[    5.109836] ata_piix 0000:00:01.1: version 2.13
[    5.161410] scsi host0: ata_piix
[    5.174451] scsi host1: ata_piix
[    5.184021] ata1: PATA max MWDMA2 cmd 0x1f0 ctl 0x3f6 bmdma 0xc040 irq 14
[    5.186440] ata2: PATA max MWDMA2 cmd 0x170 ctl 0x376 bmdma 0xc048 irq 15
[    5.188914] ==================================================================
[    5.189847] ThreadSanitizer: data-race in scsi_error_handler
[    5.189847] 
[    5.189847] Read at 0xffff8800bb8329a9 of size 1 by thread 743 on CPU 1:
[    5.189847]  [<ffffffff8189d67d>] scsi_error_handler+0x12d/0x9b0
[    5.189847]  [<ffffffff810bb9e0>] kthread+0x150/0x170
[    5.189847]  [<ffffffff81ee5e3f>] ret_from_fork+0x3f/0x70
[    5.189847] 
[    5.189847] Previous write at 0xffff8800bb8329a9 of size 2 by thread 1 on CPU 3:
[    5.189847]  [<ffffffff818dfbf2>] ata_scsi_add_hosts+0x1d2/0x320
[    5.189847]  [<ffffffff818d716c>] ata_host_register+0x1fc/0x440
[    5.198337] e100: Intel(R) PRO/100 Network Driver, 3.5.24-k2-NAPI
[    5.198372] e100: Copyright(c) 1999-2006 Intel Corporation
[    5.199931] e1000: Intel(R) PRO/1000 Network Driver - version 7.3.21-k8-NAPI
[    5.199966] e1000: Copyright (c) 1999-2006 Intel Corporation.
[    5.189847]  [<ffffffff818eec43>] ata_pci_sff_activate_host+0xa3/0x2b0
[    5.189847]  [<ffffffff819009ee>] piix_init_one+0x5ee/0xe50
[    5.189847]  [<ffffffff815a16be>] local_pci_probe+0x7e/0xe0
[    5.189847]  [<ffffffff815a3b91>] pci_device_probe+0x151/0x190
[    5.189847]  [<ffffffff8185918a>] driver_probe_device+0x1ea/0x470
[    5.189847]  [<ffffffff818594d4>] __driver_attach+0xc4/0xd0
[    5.189847]  [<ffffffff81855dd3>] bus_for_each_dev+0x93/0xe0
[    5.189847]  [<ffffffff818586f3>] driver_attach+0x33/0x50
[    5.189847]  [<ffffffff81858039>] bus_add_driver+0x1f9/0x320
[    5.189847]  [<ffffffff8185a2bb>] driver_register+0xdb/0x190
[    5.189847]  [<ffffffff815a0cf8>] __pci_register_driver+0xb8/0xd0
[    5.189847]  [<ffffffff82595ea5>] piix_init+0x24/0x4b
[    5.189847]  [<ffffffff81000337>] do_one_initcall+0xb7/0x210
[    5.189847]  [<ffffffff8252e9f8>] kernel_init_freeable+0x2b5/0x380
[    5.189847]  [<ffffffff81ed2166>] kernel_init+0x16/0x140
[    5.189847]  [<ffffffff81ee5e3f>] ret_from_fork+0x3f/0x70
[    5.189847] 
[    5.189847] Mutexes locked by thread 1:
[    5.189847] Mutex 93222 is locked here:
[    5.189847]  [<ffffffff81ee2037>] mutex_lock+0x57/0x70
[    5.189847]  [<ffffffff81859484>] __driver_attach+0x74/0xd0
[    5.189847]  [<ffffffff81855dd3>] bus_for_each_dev+0x93/0xe0
[    5.189847]  [<ffffffff818586f3>] driver_attach+0x33/0x50
[    5.189847]  [<ffffffff81858039>] bus_add_driver+0x1f9/0x320
[    5.189847]  [<ffffffff8185a2bb>] driver_register+0xdb/0x190
[    5.189847]  [<ffffffff815a0cf8>] __pci_register_driver+0xb8/0xd0
[    5.189847]  [<ffffffff82595ea5>] piix_init+0x24/0x4b
[    5.189847]  [<ffffffff81000337>] do_one_initcall+0xb7/0x210
[    5.189847]  [<ffffffff8252e9f8>] kernel_init_freeable+0x2b5/0x380
[    5.189847]  [<ffffffff81ed2166>] kernel_init+0x16/0x140
[    5.189847]  [<ffffffff81ee5e3f>] ret_from_fork+0x3f/0x70
[    5.189847] 
[    5.189847] Mutex 43000 is locked here:
[    5.189847]  [<ffffffff81ee2037>] mutex_lock+0x57/0x70
[    5.189847]  [<ffffffff81859490>] __driver_attach+0x80/0xd0
[    5.189847]  [<ffffffff81855dd3>] bus_for_each_dev+0x93/0xe0
[    5.189847]  [<ffffffff818586f3>] driver_attach+0x33/0x50
[    5.189847]  [<ffffffff81858039>] bus_add_driver+0x1f9/0x320
[    5.189847]  [<ffffffff8185a2bb>] driver_register+0xdb/0x190
[    5.189847]  [<ffffffff815a0cf8>] __pci_register_driver+0xb8/0xd0
[    5.189847]  [<ffffffff82595ea5>] piix_init+0x24/0x4b
[    5.189847]  [<ffffffff81000337>] do_one_initcall+0xb7/0x210
[    5.189847]  [<ffffffff8252e9f8>] kernel_init_freeable+0x2b5/0x380
[    5.189847]  [<ffffffff81ed2166>] kernel_init+0x16/0x140
[    5.189847]  [<ffffffff81ee5e3f>] ret_from_fork+0x3f/0x70
[    5.189847] 
[    5.189847] ==================================================================
[    5.189701] ==================================================================
[    5.189701] ThreadSanitizer: data-race in scsi_error_handler
[    5.189701] 
[    5.189701] Read at 0xffff8800bb97b0c8 of size 8 by thread 740 on CPU 2:
[    5.251578]  [<ffffffff8189d697>] scsi_error_handler+0x147/0x9b0
[    5.252924]  [<ffffffff810bb9e0>] kthread+0x150/0x170
[    5.254550]  [<ffffffff81ee5e3f>] ret_from_fork+0x3f/0x70
[    5.255834] 
[    5.255834] Previous write at 0xffff8800bb97b0c8 of size 8 by thread 1 on CPU 3:
[    5.255834]  [<ffffffff818dfb59>] ata_scsi_add_hosts+0x139/0x320
[    5.259460]  [<ffffffff818d716c>] ata_host_register+0x1fc/0x440
[    5.259460]  [<ffffffff818eec43>] ata_pci_sff_activate_host+0xa3/0x2b0
[    5.259460]  [<ffffffff819009ee>] piix_init_one+0x5ee/0xe50
[    5.259460]  [<ffffffff815a16be>] local_pci_probe+0x7e/0xe0
[    5.259460]  [<ffffffff815a3b91>] pci_device_probe+0x151/0x190
[    5.259460]  [<ffffffff8185918a>] driver_probe_device+0x1ea/0x470
[    5.259460]  [<ffffffff818594d4>] __driver_attach+0xc4/0xd0
[    5.259460]  [<ffffffff81855dd3>] bus_for_each_dev+0x93/0xe0
[    5.259460]  [<ffffffff818586f3>] driver_attach+0x33/0x50
[    5.259460]  [<ffffffff81858039>] bus_add_driver+0x1f9/0x320
[    5.259460]  [<ffffffff8185a2bb>] driver_register+0xdb/0x190
[    5.259460]  [<ffffffff815a0cf8>] __pci_register_driver+0xb8/0xd0
[    5.259460]  [<ffffffff82595ea5>] piix_init+0x24/0x4b
[    5.259460]  [<ffffffff81000337>] do_one_initcall+0xb7/0x210
[    5.259460]  [<ffffffff8252e9f8>] kernel_init_freeable+0x2b5/0x380
[    5.259460]  [<ffffffff81ed2166>] kernel_init+0x16/0x140
[    5.259460]  [<ffffffff81ee5e3f>] ret_from_fork+0x3f/0x70
[    5.259460] 
[    5.259460] Mutexes locked by thread 1:
[    5.259460] Mutex 93222 is locked here:
[    5.259460]  [<ffffffff81ee2037>] mutex_lock+0x57/0x70
[    5.259460]  [<ffffffff81859484>] __driver_attach+0x74/0xd0
[    5.259460]  [<ffffffff81855dd3>] bus_for_each_dev+0x93/0xe0
[    5.259460]  [<ffffffff818586f3>] driver_attach+0x33/0x50
[    5.259460]  [<ffffffff81858039>] bus_add_driver+0x1f9/0x320
[    5.259460]  [<ffffffff8185a2bb>] driver_register+0xdb/0x190
[    5.259460]  [<ffffffff815a0cf8>] __pci_register_driver+0xb8/0xd0
[    5.259460]  [<ffffffff82595ea5>] piix_init+0x24/0x4b
[    5.259460]  [<ffffffff81000337>] do_one_initcall+0xb7/0x210
[    5.259460]  [<ffffffff8252e9f8>] kernel_init_freeable+0x2b5/0x380
[    5.259460]  [<ffffffff81ed2166>] kernel_init+0x16/0x140
[    5.259460]  [<ffffffff81ee5e3f>] ret_from_fork+0x3f/0x70
[    5.259460] 
[    5.259460] Mutex 43000 is locked here:
[    5.259460]  [<ffffffff81ee2037>] mutex_lock+0x57/0x70
[    5.259460]  [<ffffffff81859490>] __driver_attach+0x80/0xd0
[    5.259460]  [<ffffffff81855dd3>] bus_for_each_dev+0x93/0xe0
[    5.259460]  [<ffffffff818586f3>] driver_attach+0x33/0x50
[    5.259460]  [<ffffffff81858039>] bus_add_driver+0x1f9/0x320
[    5.259460]  [<ffffffff8185a2bb>] driver_register+0xdb/0x190
[    5.259460]  [<ffffffff815a0cf8>] __pci_register_driver+0xb8/0xd0
[    5.259460]  [<ffffffff82595ea5>] piix_init+0x24/0x4b
[    5.259460]  [<ffffffff81000337>] do_one_initcall+0xb7/0x210
[    5.259460]  [<ffffffff8252e9f8>] kernel_init_freeable+0x2b5/0x380
[    5.259460]  [<ffffffff81ed2166>] kernel_init+0x16/0x140
[    5.259460]  [<ffffffff81ee5e3f>] ret_from_fork+0x3f/0x70
[    5.259460] 
[    5.259460] ==================================================================
[    5.399879] ata2.01: NODEV after polling detection
[    5.402793] ata2.00: ATAPI: QEMU DVD-ROM, 2.5+, max UDMA/100
[    5.406795] ata2.00: configured for MWDMA2
[    5.478841] ata1.01: NODEV after polling detection
[    5.481016] ata1.00: ATA-7: QEMU HARDDISK, 2.5+, max UDMA/100
[    5.482835] ata1.00: 2099200 sectors, multi 16: LBA48 
[    5.486787] ata1.00: configured for MWDMA2
[    5.493450] scsi 0:0:0:0: Direct-Access     ATA      QEMU HARDDISK    2.5+ PQ: 0 ANSI: 5
[    5.519785] sd 0:0:0:0: [sda] 2099200 512-byte logical blocks: (1.07 GB/1.00 GiB)
[    5.524678] sd 0:0:0:0: Attached scsi generic sg0 type 0
[    5.526693] ==================================================================
[    5.527354] ThreadSanitizer: data-race in scsi_sysfs_add_sdev
[    5.527354] 
[    5.529031] sd 0:0:0:0: [sda] Write Protect is off
[    5.529450] sd 0:0:0:0: [sda] Mode Sense: 00 3a 00 00
[    5.530878] sd 0:0:0:0: [sda] Write cache: enabled, read cache: enabled, doesn't support DPO or FUA
[    5.534597] tsc: Refined TSC clocksource calibration: 2659.998 MHz
[    5.534674] clocksource: tsc: mask: 0xffffffffffffffff max_cycles: 0x2657a1d9103, max_idle_ns: 440795229008 ns
[    5.527354] Write at 0xffff88018fcfa908 of size 8 by thread 682 on CPU 1:
[    5.527354]  [<ffffffff818ab0be>] scsi_sysfs_add_sdev+0x14e/0x340
[    5.527354]  [<ffffffff818a701b>] scsi_probe_and_add_lun+0x116b/0x1180
[    5.527354]  [<ffffffff818a78df>] __scsi_add_device+0x13f/0x150
[    5.527354]  [<ffffffff818dfe36>] ata_scsi_scan_host+0xf6/0x270
[    5.527354]  [<ffffffff818d7d9e>] async_port_probe+0x6e/0x90
[    5.527354]  [<ffffffff810c032d>] async_run_entry_fn+0x7d/0x1e0
[    5.527354]  [<ffffffff810b1d1e>] process_one_work+0x47e/0x930
[    5.527354]  [<ffffffff810b2280>] worker_thread+0xb0/0x900
[    5.527354]  [<ffffffff810bb9e0>] kthread+0x150/0x170
[    5.527354]  [<ffffffff81ee5e3f>] ret_from_fork+0x3f/0x70
[    5.527354] 
[    5.527354] Previous read at 0xffff88018fcfa908 of size 1 by thread 25 on CPU 0:
[    5.527354]  [<ffffffff81893d7e>] scsi_get_vpd_page+0x3e/0x110
[    5.527354]  [<ffffffff818ba35a>] sd_revalidate_disk+0xd5a/0x2b70
[    5.527354]  [<ffffffff818bc351>] sd_probe_async+0x1e1/0x370
[    5.527354]  [<ffffffff810c032d>] async_run_entry_fn+0x7d/0x1e0
[    5.527354]  [<ffffffff810b1d1e>] process_one_work+0x47e/0x930
[    5.527354]  [<ffffffff810b2280>] worker_thread+0xb0/0x900
[    5.527354]  [<ffffffff810bb9e0>] kthread+0x150/0x170
[    5.527354]  [<ffffffff81ee5e3f>] ret_from_fork+0x3f/0x70
[    5.527354] 
[    5.527354] Mutexes locked by thread 682:
[    5.527354] Mutex 98724 is locked here:
[    5.527354]  [<ffffffff81ee2037>] mutex_lock+0x57/0x70
[    5.527354]  [<ffffffff818a784c>] __scsi_add_device+0xac/0x150
[    5.527354]  [<ffffffff818dfe36>] ata_scsi_scan_host+0xf6/0x270
[    5.571359] sd 0:0:0:0: [sda] Attached SCSI disk
[    5.571538]  [<ffffffff818d7d9e>] async_port_probe+0x6e/0x90
[    5.571538]  [<ffffffff810c032d>] async_run_entry_fn+0x7d/0x1e0
[    5.571538]  [<ffffffff810b1d1e>] process_one_work+0x47e/0x930
[    5.571538]  [<ffffffff810b2280>] worker_thread+0xb0/0x900
[    5.571538]  [<ffffffff810bb9e0>] kthread+0x150/0x170
[    5.571538]  [<ffffffff81ee5e3f>] ret_from_fork+0x3f/0x70
[    5.571538] 
[    5.571538] ==================================================================
[    5.571538] ==================================================================
[    5.571538] ThreadSanitizer: data-race in scsi_sysfs_add_sdev
[    5.571538] 
[    5.571538] Write at 0xffff88018fcfa908 of size 8 by thread 682 on CPU 1:
[    5.571538]  [<ffffffff818ab0be>] scsi_sysfs_add_sdev+0x14e/0x340
[    5.571538]  [<ffffffff818a701b>] scsi_probe_and_add_lun+0x116b/0x1180
[    5.571538]  [<ffffffff818a78df>] __scsi_add_device+0x13f/0x150
[    5.571538]  [<ffffffff818dfe36>] ata_scsi_scan_host+0xf6/0x270
[    5.571538]  [<ffffffff818d7d9e>] async_port_probe+0x6e/0x90
[    5.571538]  [<ffffffff810c032d>] async_run_entry_fn+0x7d/0x1e0
[    5.571538]  [<ffffffff810b1d1e>] process_one_work+0x47e/0x930
[    5.571538]  [<ffffffff810b2280>] worker_thread+0xb0/0x900
[    5.571538]  [<ffffffff810bb9e0>] kthread+0x150/0x170
[    5.571538]  [<ffffffff81ee5e3f>] ret_from_fork+0x3f/0x70
[    5.571538] 
[    5.571538] Previous write at 0xffff88018fcfa908 of size 8 by thread 25 on CPU 0:
[    5.571538]  [<ffffffff818bafdc>] sd_revalidate_disk+0x19dc/0x2b70
[    5.571538]  [<ffffffff818bc410>] sd_probe_async+0x2a0/0x370
[    5.571538]  [<ffffffff810c032d>] async_run_entry_fn+0x7d/0x1e0
[    5.571538]  [<ffffffff810b1d1e>] process_one_work+0x47e/0x930
[    5.571538]  [<ffffffff810b2280>] worker_thread+0xb0/0x900
[    5.571538]  [<ffffffff810bb9e0>] kthread+0x150/0x170
[    5.571538]  [<ffffffff81ee5e3f>] ret_from_fork+0x3f/0x70
[    5.571538] 
[    5.571538] Mutexes locked by thread 682:
[    5.571538] Mutex 98724 is locked here:
[    5.571538]  [<ffffffff81ee2037>] mutex_lock+0x57/0x70
[    5.571538]  [<ffffffff818a784c>] __scsi_add_device+0xac/0x150
[    5.571538]  [<ffffffff818dfe36>] ata_scsi_scan_host+0xf6/0x270
[    5.571538]  [<ffffffff818d7d9e>] async_port_probe+0x6e/0x90
[    5.571538]  [<ffffffff810c032d>] async_run_entry_fn+0x7d/0x1e0
[    5.571538]  [<ffffffff810b1d1e>] process_one_work+0x47e/0x930
[    5.571538]  [<ffffffff810b2280>] worker_thread+0xb0/0x900
[    5.571538]  [<ffffffff810bb9e0>] kthread+0x150/0x170
[    5.571538]  [<ffffffff81ee5e3f>] ret_from_fork+0x3f/0x70
[    5.571538] 
[    5.571538] ==================================================================
[    5.634599] scsi 1:0:0:0: CD-ROM            QEMU     QEMU DVD-ROM     2.5+ PQ: 0 ANSI: 5
[    5.666745] sr 1:0:0:0: [sr0] scsi3-mmc drive: 4x/4x cd/rw xa/form2 tray
[    5.668554] cdrom: Uniform CD-ROM driver Revision: 3.20
[    5.690651] sr 1:0:0:0: Attached scsi CD-ROM sr0
[    5.709473] sr 1:0:0:0: Attached scsi generic sg1 type 5
[   12.453729] ACPI: PCI Interrupt Link [LNKC] enabled at IRQ 11
[   12.889736] e1000 0000:00:03.0 eth0: (PCI:33MHz:32-bit) 52:54:00:12:34:56
[   12.891457] e1000 0000:00:03.0 eth0: Intel(R) PRO/1000 Network Connection
[   12.894539] sky2: driver version 1.30
[   12.908725] ehci_hcd: USB 2.0 'Enhanced' Host Controller (EHCI) Driver
[   12.910546] ehci-pci: EHCI PCI platform driver
[   12.913518] ohci_hcd: USB 1.1 'Open' Host Controller (OHCI) Driver
[   12.915591] ohci-pci: OHCI PCI platform driver
[   12.917884] uhci_hcd: USB Universal Host Controller Interface driver
[   12.922979] usbcore: registered new interface driver usblp
[   12.926661] usbcore: registered new interface driver usb-storage
[   12.931561] i8042: PNP: PS/2 Controller [PNP0303:KBD,PNP0f13:MOU] at 0x60,0x64 irq 1,12
[   12.939485] serio: i8042 KBD port at 0x60,0x64 irq 1
[   12.940775] serio: i8042 AUX port at 0x60,0x64 irq 12
[   12.954405] mousedev: PS/2 mouse device common for all mice
[   12.972646] rtc_cmos 00:00: RTC can wake from S4
[   12.972789] input: AT Translated Set 2 keyboard as /devices/platform/i8042/serio0/input/input1
[   12.986704] rtc_cmos 00:00: rtc core: registered rtc_cmos as rtc0
[   12.989596] rtc_cmos 00:00: alarms up to one day, y3k, 114 bytes nvram, hpet irqs
[   13.011883] device-mapper: ioctl: 4.32.0-ioctl (2015-6-26) initialised: dm-devel@redhat.com
[   13.018518] hidraw: raw HID events driver (C) Jiri Kosina
[   13.054858] usbcore: registered new interface driver usbhid
[   13.056403] usbhid: USB HID core driver
[   13.094663] Netfilter messages via NETLINK v0.30.
[   13.096902] nf_conntrack version 0.5.0 (65536 buckets, 262144 max)
[   13.105747] ctnetlink v0.93: registering with nfnetlink.
[   13.112973] ip_tables: (C) 2000-2006 Netfilter Core Team
[   13.115698] Initializing XFRM netlink socket
[   13.118993] NET: Registered protocol family 10
[   13.136576] ip6_tables: (C) 2000-2006 Netfilter Core Team
[   13.140370] sit: IPv6 over IPv4 tunneling driver
[   13.154989] NET: Registered protocol family 17
[   13.157534] 9pnet: Installing 9P2000 support
[   13.159611] Key type dns_resolver registered
[   13.201551] registered taskstats version 1
[   13.210740]   Magic number: 8:294:777
[   13.212608] misc rfkill: hash matches
[   13.214432] console [netcon0] enabled
[   13.215652] netconsole: network logging started
[   13.232950] PM: Hibernation image not present or could not be loaded.
[   13.234860] ALSA device list:
[   13.235856]   No soundcards found.
[   13.643648] input: ImExPS/2 Generic Explorer Mouse as /devices/platform/i8042/serio1/input/input3
[   13.653616] md: Waiting for all devices to be available before autodetect
[   13.655636] md: If you don't use raid, use raid=noautodetect
[   13.672348] md: Autodetecting RAID arrays.
[   13.673715] md: Scanned 0 and added 0 devices.
[   13.675292] md: autorun ...
[   13.676263] md: ... autorun DONE.
[   13.683599] EXT4-fs (sda): couldn't mount as ext3 due to feature incompatibilities
[   13.690524] EXT4-fs (sda): couldn't mount as ext2 due to feature incompatibilities
[   13.762016] ==================================================================
[   13.762623] ThreadSanitizer: data-race in jbd2_journal_load
[   13.762623] 
[   13.762623] Write at 0xffff8800bb87a800 of size 8 by thread 1 on CPU 2:
[   13.762623]  [<ffffffff813cf6ad>] jbd2_journal_load+0x30d/0x500
[   13.762623]  [<ffffffff8137dbd8>] ext4_fill_super+0x38f8/0x53e0
[   13.762623]  [<ffffffff8126c272>] mount_bdev+0x1d2/0x230
[   13.762623]  [<ffffffff813605d8>] ext4_mount+0x38/0x50
[   13.762623]  [<ffffffff8126d18d>] mount_fs+0x5d/0x1c0
[   13.762623]  [<ffffffff8129bb1f>] vfs_kern_mount+0x6f/0x240
[   13.762623]  [<ffffffff8129ff35>] do_mount+0x275/0x1450
[   13.762623]  [<ffffffff812a1683>] SyS_mount+0xa3/0x100
[   13.762623]  [<ffffffff8252f010>] mount_block_root+0x1ab/0x2f6
[   13.762623]  [<ffffffff8252f2c9>] mount_root+0x16e/0x182
[   13.762623]  [<ffffffff8252f4a8>] prepare_namespace+0x1cb/0x20a
[   13.762623]  [<ffffffff8252eaa5>] kernel_init_freeable+0x362/0x380
[   13.762623]  [<ffffffff81ed2166>] kernel_init+0x16/0x140
[   13.762623]  [<ffffffff81ee5e3f>] ret_from_fork+0x3f/0x70
[   13.762623] 
[   13.762623] Previous read at 0xffff8800bb87a800 of size 8 by thread 876 on CPU 2:
[   13.762623]  [<ffffffff813ccb63>] kjournald2+0x363/0x420
[   13.762623]  [<ffffffff810bb9e0>] kthread+0x150/0x170
[   13.762623]  [<ffffffff81ee5e3f>] ret_from_fork+0x3f/0x70
[   13.762623] 
[   13.762623] Mutexes locked by thread 1:
[   13.762623] Mutex 110970 is locked here:
[   13.762623]  [<ffffffff81ee2975>] down_write+0x65/0x80
[   13.762623]  [<ffffffff8126bbd0>] sget+0x290/0x5b0
[   13.762623]  [<ffffffff8126c174>] mount_bdev+0xd4/0x230
[   13.762623]  [<ffffffff813605d8>] ext4_mount+0x38/0x50
[   13.762623]  [<ffffffff8126d18d>] mount_fs+0x5d/0x1c0
[   13.762623]  [<ffffffff8129bb1f>] vfs_kern_mount+0x6f/0x240
[   13.762623]  [<ffffffff8129ff35>] do_mount+0x275/0x1450
[   13.762623]  [<ffffffff812a1683>] SyS_mount+0xa3/0x100
[   13.762623]  [<ffffffff8252f010>] mount_block_root+0x1ab/0x2f6
[   13.762623]  [<ffffffff8252f2c9>] mount_root+0x16e/0x182
[   13.762623]  [<ffffffff8252f4a8>] prepare_namespace+0x1cb/0x20a
[   13.762623]  [<ffffffff8252eaa5>] kernel_init_freeable+0x362/0x380
[   13.762623]  [<ffffffff81ed2166>] kernel_init+0x16/0x140
[   13.762623]  [<ffffffff81ee5e3f>] ret_from_fork+0x3f/0x70
[   13.762623] 
[   13.762623] Mutexes locked by thread 876:
[   13.762623] Mutex 111134 is locked here:
[   13.762623]  [<ffffffff81ee5568>] _raw_write_lock+0x58/0x70
[   13.762623]  [<ffffffff813cc8b9>] kjournald2+0xb9/0x420
[   13.762623]  [<ffffffff810bb9e0>] kthread+0x150/0x170
[   13.762623]  [<ffffffff81ee5e3f>] ret_from_fork+0x3f/0x70
[   13.762623] 
[   13.762623] ==================================================================
[   13.808656] EXT4-fs (sda): mounted filesystem with ordered data mode. Opts: (null)
[   13.810575] VFS: Mounted root (ext4 filesystem) readonly on device 8:0.
[   13.817325] devtmpfs: mounted
[   13.837708] Freeing unused kernel memory: 1348K (ffffffff82516000 - ffffffff82667000)
[   13.839376] Write protecting the kernel read-only data: 20480k
[   13.869611] Freeing unused kernel memory: 1096K (ffff880001eee000 - ffff880002000000)
[   13.891476] Freeing unused kernel memory: 1292K (ffff8800022bd000 - ffff880002400000)
[   14.143478] ==================================================================
[   14.144400] ThreadSanitizer: data-race in flush_tlb_func
[   14.144400] 
[   14.144400] Read at 0xffff8801925dbbd0 of size 8 by thread -1 on CPU 0:
[   14.144400]  [<ffffffff81081d96>] flush_tlb_func+0x76/0x270
[   14.144400]  [<ffffffff8113ab40>] flush_smp_call_function_queue+0x70/0x1c0
[   14.144400]  [<ffffffff8113b977>] generic_smp_call_function_single_interrupt+0x17/0x80
[   14.144400]  [<ffffffff8105a398>] smp_call_function_single_interrupt+0x48/0x70
[   14.144400]  [<ffffffff8105a3dd>] smp_call_function_interrupt+0x1d/0x30
[   14.144400]  [<ffffffff81ee71ca>] call_function_interrupt+0x8a/0xa0
[   14.144400] 
[   14.144400] Previous write at 0xffff8801925dbbd0 of size 8 by thread 65532 on CPU 3:
[   14.144400]  [<ffffffff81081dbc>] flush_tlb_func+0x9c/0x270
[   14.144400]  [<ffffffff8113ab40>] flush_smp_call_function_queue+0x70/0x1c0
[   14.144400]  [<ffffffff8113b977>] generic_smp_call_function_single_interrupt+0x17/0x80
[   14.144400]  [<ffffffff8105a398>] smp_call_function_single_interrupt+0x48/0x70
[   14.144400]  [<ffffffff8105a3dd>] smp_call_function_interrupt+0x1d/0x30
[   14.144400]  [<ffffffff81ee71ca>] call_function_interrupt+0x8a/0xa0
[   14.144400] 
[   14.144400] ==================================================================
SELinux:  Could not open policy file <= /etc/selinux/targeted/policy/policy.29:  No such file or directory
INIT: version 2.88 booting
[   14.621476] random: nonblocking pool is initialized
[[36minfo[39;49m] Using makefile-style concurrent boot in runlevel S.
[....] Starting the hotplug events dispatcher: udevd[   17.662808] udevd[990]: starting version 175
[?25l[?1c7[1G[[32m ok [39;49m8[?25h[?0c.
[....] Synthesizing the initial hotplug events...[   19.293008] ==================================================================
[   19.293855] ThreadSanitizer: data-race in poll_schedule_timeout
[   19.293855] 
[   19.293855] Atomic read at 0xffff88018d47fc88 of size 4 by thread 1022 on CPU 0:
[   19.293855]  [<ffffffff8128742c>] poll_schedule_timeout+0x9c/0xc0
[   19.293855]  [<ffffffff812893e8>] do_sys_poll+0x6e8/0x7b0
[   19.293855]  [<ffffffff812895e9>] SyS_poll+0x69/0x1b0
[   19.293855]  [<ffffffff81ee5a51>] entry_SYSCALL_64_fastpath+0x31/0x95
[   19.293855] 
[   19.293855] Previous write at 0xffff88018d47fc88 of size 4 by thread 1023 on CPU 2:
[   19.293855]  [<ffffffff81287747>] pollwake+0xc7/0x100
[   19.293855]  [<ffffffff810e3858>] __wake_up_common+0x48/0x80
[   19.293855]  [<ffffffff8109ed0f>] send_signal+0x3f/0x90
[   19.293855]  [<ffffffff810a159e>] do_notify_parent+0x47e/0x4c0
[   19.293855]  [<ffffffff8108e411>] do_exit+0x12a1/0x13b0
[   19.293855]  [<ffffffff810902f5>] do_group_exit+0x85/0x130
[   19.293855]  [<ffffffff810903c0>] __wake_up_parent+0x0/0x50
[   19.293855]  [<ffffffff81ee5a51>] entry_SYSCALL_64_fastpath+0x31/0x95
[   19.293855] 
[   19.293855] Mutexes locked by thread 1023:
[   19.293855] Mutex 190 is locked here:
[   19.293855]  [<ffffffff81ee5504>] _raw_write_lock_irq+0x64/0x70
[   19.293855]  [<ffffffff8108d658>] do_exit+0x4e8/0x13b0
[   19.293855]  [<ffffffff810902f5>] do_group_exit+0x85/0x130
[   19.293855]  [<ffffffff810903c0>] __wake_up_parent+0x0/0x50
[   19.293855]  [<ffffffff81ee5a51>] entry_SYSCALL_64_fastpath+0x31/0x95
[   19.293855] 
[   19.293855] Mutex 138891 is locked here:
[   19.293855]  [<ffffffff81ee57b4>] _raw_spin_lock_irqsave+0x64/0x80
[   19.293855]  [<ffffffff810a145f>] do_notify_parent+0x33f/0x4c0
[   19.293855]  [<ffffffff8108e411>] do_exit+0x12a1/0x13b0
[   19.293855]  [<ffffffff810902f5>] do_group_exit+0x85/0x130
[   19.293855]  [<ffffffff810903c0>] __wake_up_parent+0x0/0x50
[   19.293855]  [<ffffffff81ee5a51>] entry_SYSCALL_64_fastpath+0x31/0x95
[   19.293855] 
[   19.293855] Mutex 138890 is locked here:
[   19.293855]  [<ffffffff81ee57b4>] _raw_spin_lock_irqsave+0x64/0x80
[   19.293855]  [<ffffffff810e38b2>] __wake_up+0x22/0x60
[   19.293855]  [<ffffffff8109ed0f>] send_signal+0x3f/0x90
[   19.293855]  [<ffffffff810a159e>] do_notify_parent+0x47e/0x4c0
[   19.293855]  [<ffffffff8108e411>] do_exit+0x12a1/0x13b0
[   19.293855]  [<ffffffff810902f5>] do_group_exit+0x85/0x130
[   19.293855]  [<ffffffff810903c0>] __wake_up_parent+0x0/0x50
[   19.293855]  [<ffffffff81ee5a51>] entry_SYSCALL_64_fastpath+0x31/0x95
[   19.293855] 
[   19.293855] ==================================================================
[?25l[?1c7[1G[[32m ok [39;49m8[?25h[?0cdone.
[   21.786578] ==================================================================
[   21.787131] ThreadSanitizer: data-race in scsi_set_medium_removal.part.2
[   21.787131] 
[   21.787131] Write at 0xffff88018fcfa108 of size 8 by thread 1115 on CPU 1:
[   21.787131]  [<ffffffff81897df2>] scsi_set_medium_removal.part.2+0xa2/0xe0
[   21.787131]  [<ffffffff81897e89>] scsi_set_medium_removal+0x59/0x60
[   21.787131]  [<ffffffff818c0b1e>] sr_lock_door+0x3e/0x50
[   21.787131]  [<ffffffff8198dac1>] cdrom_release+0x161/0x330
[   21.787131]  [<ffffffff818bf1e1>] sr_block_release+0x41/0x60
[   21.787131]  [<ffffffff812c648c>] __blkdev_put+0x3ac/0x400
[   21.787131]  [<ffffffff812c6b97>] blkdev_put+0x67/0x260
[   21.797510]  [<ffffffff812c6ddd>] blkdev_close+0x4d/0x60
[   21.797510]  [<ffffffff8126993f>] __fput+0x15f/0x310
[   21.797510]  [<ffffffff81269b5d>] ____fput+0x1d/0x30
[   21.797510]  [<ffffffff810b9175>] task_work_run+0x115/0x130
[   21.797510]  [<ffffffff81006d33>] do_notify_resume+0x73/0x80
[   21.797510]  [<ffffffff81ee5c21>] int_signal+0x12/0x17
[   21.797510] 
[   21.797510] Previous read at 0xffff88018fcfa108 of size 1 by thread 405 on CPU 3:
[   21.797510]  [<ffffffff8189f2aa>] scsi_dispatch_cmd+0x8a/0x2f0
[   21.797510]  [<ffffffff818a39f3>] scsi_request_fn+0x903/0xb20
[   21.797510]  [<ffffffff8151193f>] __blk_run_queue+0x6f/0xa0
[   21.797510]  [<ffffffff815119af>] blk_run_queue+0x3f/0x70
[   21.797510]  [<ffffffff8189ec6a>] scsi_run_queue+0x51a/0x5f0
[   21.809974]  [<ffffffff818a026b>] scsi_end_request+0x1db/0x300
[   21.809974]  [<ffffffff818a3e27>] scsi_io_completion+0x137/0x8e0
[   21.809974]  [<ffffffff8189638e>] scsi_finish_command+0x15e/0x1f0
[   21.809974]  [<ffffffff818a30a2>] scsi_softirq_done+0x182/0x1d0
[   21.809974]  [<ffffffff81525556>] blk_done_softirq+0x136/0x160
[   21.809974]  [<ffffffff81091c1e>] __do_softirq+0xbe/0x2f0
[   21.809974]  [<ffffffff81ee658a>] common_interrupt+0x8a/0x8f
[   21.809974] 
[   21.809974] Mutexes locked by thread 1115:
[   21.809974] Mutex 165958 is locked here:
[   21.809974]  [<ffffffff81ee2037>] mutex_lock+0x57/0x70
[   21.809974]  [<ffffffff812c6133>] __blkdev_put+0x53/0x400
[   21.809974]  [<ffffffff812c6b97>] blkdev_put+0x67/0x260
[   21.809974]  [<ffffffff812c6ddd>] blkdev_close+0x4d/0x60
[   21.809974]  [<ffffffff8126993f>] __fput+0x15f/0x310
[   21.809974]  [<ffffffff81269b5d>] ____fput+0x1d/0x30
[   21.809974]  [<ffffffff810b9175>] task_work_run+0x115/0x130
[   21.809974]  [<ffffffff81006d33>] do_notify_resume+0x73/0x80
[   21.809974]  [<ffffffff81ee5c21>] int_signal+0x12/0x17
[   21.809974] 
[   21.809974] Mutex 165959 is locked here:
[   21.809974]  [<ffffffff81ee2037>] mutex_lock+0x57/0x70
[   21.809974]  [<ffffffff818bf1d5>] sr_block_release+0x35/0x60
[   21.809974]  [<ffffffff812c648c>] __blkdev_put+0x3ac/0x400
[   21.809974]  [<ffffffff812c6b97>] blkdev_put+0x67/0x260
[   21.809974]  [<ffffffff812c6ddd>] blkdev_close+0x4d/0x60
[   21.809974]  [<ffffffff8126993f>] __fput+0x15f/0x310
[   21.809974]  [<ffffffff81269b5d>] ____fput+0x1d/0x30
[   21.809974]  [<ffffffff810b9175>] task_work_run+0x115/0x130
[   21.809974]  [<ffffffff81006d33>] do_notify_resume+0x73/0x80
[   21.809974]  [<ffffffff81ee5c21>] int_signal+0x12/0x17
[   21.809974] 
[   21.809974] ==================================================================
[   21.809974] ==================================================================
[   21.809974] ThreadSanitizer: data-race in scsi_set_medium_removal.part.2
[   21.809974] 
[   21.809974] Write at 0xffff88018fcfa108 of size 8 by thread 1115 on CPU 1:
[   21.809974]  [<ffffffff81897df2>] scsi_set_medium_removal.part.2+0xa2/0xe0
[   21.809974]  [<ffffffff81897e89>] scsi_set_medium_removal+0x59/0x60
[   21.809974]  [<ffffffff818c0b1e>] sr_lock_door+0x3e/0x50
[   21.809974]  [<ffffffff8198dac1>] cdrom_release+0x161/0x330
[   21.809974]  [<ffffffff818bf1e1>] sr_block_release+0x41/0x60
[   21.809974]  [<ffffffff812c648c>] __blkdev_put+0x3ac/0x400
[   21.809974]  [<ffffffff812c6b97>] blkdev_put+0x67/0x260
[   21.809974]  [<ffffffff812c6ddd>] blkdev_close+0x4d/0x60
[   21.809974]  [<ffffffff8126993f>] __fput+0x15f/0x310
[   21.809974]  [<ffffffff81269b5d>] ____fput+0x1d/0x30
[   21.809974]  [<ffffffff810b9175>] task_work_run+0x115/0x130
[   21.809974]  [<ffffffff81006d33>] do_notify_resume+0x73/0x80
[   21.809974]  [<ffffffff81ee5c21>] int_signal+0x12/0x17
[   21.809974] 
[   21.809974] Previous read at 0xffff88018fcfa108 of size 1 by thread 405 on CPU 3:
[   21.809974]  [<ffffffff818a3995>] scsi_request_fn+0x8a5/0xb20
[   21.809974]  [<ffffffff8151193f>] __blk_run_queue+0x6f/0xa0
[   21.809974]  [<ffffffff815119af>] blk_run_queue+0x3f/0x70
[   21.809974]  [<ffffffff8189ec6a>] scsi_run_queue+0x51a/0x5f0
[   21.809974]  [<ffffffff818a026b>] scsi_end_request+0x1db/0x300
[   21.809974]  [<ffffffff818a3e27>] scsi_io_completion+0x137/0x8e0
[   21.809974]  [<ffffffff8189638e>] scsi_finish_command+0x15e/0x1f0
[   21.809974]  [<ffffffff818a30a2>] scsi_softirq_done+0x182/0x1d0
[   21.809974]  [<ffffffff81525556>] blk_done_softirq+0x136/0x160
[   21.809974]  [<ffffffff81091c1e>] __do_softirq+0xbe/0x2f0
[   21.809974]  [<ffffffff81ee658a>] common_interrupt+0x8a/0x8f
[   21.809974] 
[   21.809974] Mutexes locked by thread 1115:
[   21.809974] Mutex 165958 is locked here:
[   21.809974]  [<ffffffff81ee2037>] mutex_lock+0x57/0x70
[   21.809974]  [<ffffffff812c6133>] __blkdev_put+0x53/0x400
[   21.809974]  [<ffffffff812c6b97>] blkdev_put+0x67/0x260
[   21.809974]  [<ffffffff812c6ddd>] blkdev_close+0x4d/0x60
[   21.809974]  [<ffffffff8126993f>] __fput+0x15f/0x310
[   21.809974]  [<ffffffff81269b5d>] ____fput+0x1d/0x30
[   21.809974]  [<ffffffff810b9175>] task_work_run+0x115/0x130
[   21.809974]  [<ffffffff81006d33>] do_notify_resume+0x73/0x80
[   21.809974]  [<ffffffff81ee5c21>] int_signal+0x12/0x17
[   21.809974] 
[   21.809974] Mutex 165959 is locked here:
[   21.809974]  [<ffffffff81ee2037>] mutex_lock+0x57/0x70
[   21.809974]  [<ffffffff818bf1d5>] sr_block_release+0x35/0x60
[   21.809974]  [<ffffffff812c648c>] __blkdev_put+0x3ac/0x400
[   21.809974]  [<ffffffff812c6b97>] blkdev_put+0x67/0x260
[   21.809974]  [<ffffffff812c6ddd>] blkdev_close+0x4d/0x60
[   21.809974]  [<ffffffff8126993f>] __fput+0x15f/0x310
[   21.809974]  [<ffffffff81269b5d>] ____fput+0x1d/0x30
[   21.809974]  [<ffffffff810b9175>] task_work_run+0x115/0x130
[   21.809974]  [<ffffffff81006d33>] do_notify_resume+0x73/0x80
[   21.809974]  [<ffffffff81ee5c21>] int_signal+0x12/0x17
[   21.809974] 
[   21.809974] ==================================================================
[....] Waiting for /dev to be fully populated...[   23.418717] ==================================================================
[   23.419149] ThreadSanitizer: data-race in mmap_region
[   23.419149] 
[   23.419149] Write at 0xffff88018dcddcb0 of size 8 by thread 990 on CPU 1:
[   23.419149]  [<ffffffff8122360a>] mmap_region+0x21a/0xb00
[   23.419149]  [<ffffffff81224379>] do_mmap_pgoff+0x489/0x590
[   23.419149]  [<ffffffff811fe75a>] vm_mmap_pgoff+0xaa/0xe0
[   23.419149]  [<ffffffff812212bb>] SyS_mmap_pgoff+0x13b/0x2c0
[   23.419149]  [<ffffffff8100e85b>] SyS_mmap+0x5b/0x80
[   23.430482]  [<ffffffff81ee5a51>] entry_SYSCALL_64_fastpath+0x31/0x95
[   23.430482] 
[   23.430482] Previous read at 0xffff88018dcddcb0 of size 8 by thread 1146 on CPU 2:
[   23.430482]  [<ffffffff81312d53>] task_mem+0x33/0x290
[   23.430482]  [<ffffffff8131d16d>] proc_pid_status+0x73d/0xd30
[   23.430482]  [<ffffffff81316b7b>] proc_single_show+0x8b/0xd0
[   23.430482]  [<ffffffff812a2e4a>] seq_read+0x16a/0x780
[   23.430482]  [<ffffffff812662bf>] __vfs_read+0x5f/0x1e0
[   23.430482]  [<ffffffff81267207>] vfs_read+0xb7/0x1e0
[   23.430482]  [<ffffffff81268740>] SyS_read+0x70/0xd0
[   23.430482]  [<ffffffff81ee5a51>] entry_SYSCALL_64_fastpath+0x31/0x95
[   23.430482] 
[   23.430482] Mutexes locked by thread 990:
[   23.430482] Mutex 130906 is locked here:
[   23.430482]  [<ffffffff81ee2975>] down_write+0x65/0x80
[   23.430482]  [<ffffffff811fe73c>] vm_mmap_pgoff+0x8c/0xe0
[   23.430482]  [<ffffffff812212bb>] SyS_mmap_pgoff+0x13b/0x2c0
[   23.430482]  [<ffffffff8100e85b>] SyS_mmap+0x5b/0x80
[   23.430482]  [<ffffffff81ee5a51>] entry_SYSCALL_64_fastpath+0x31/0x95
[   23.430482] 
[   23.430482] Mutexes locked by thread 1146:
[   23.430482] Mutex 180200 is locked here:
[   23.430482]  [<ffffffff81ee2037>] mutex_lock+0x57/0x70
[   23.430482]  [<ffffffff812a2d3c>] seq_read+0x5c/0x780
[   23.430482]  [<ffffffff812662bf>] __vfs_read+0x5f/0x1e0
[   23.430482]  [<ffffffff81267207>] vfs_read+0xb7/0x1e0
[   23.430482]  [<ffffffff81268740>] SyS_read+0x70/0xd0
[   23.430482]  [<ffffffff81ee5a51>] entry_SYSCALL_64_fastpath+0x31/0x95
[   23.430482] 
[   23.430482] ==================================================================
[   23.430482] ==================================================================
[   23.430482] ThreadSanitizer: data-race in mmap_region
[   23.430482] 
[   23.430482] Write at 0xffff88018dcddcb0 of size 8 by thread 990 on CPU 1:
[   23.430482]  [<ffffffff8122360a>] mmap_region+0x21a/0xb00
[   23.430482]  [<ffffffff81224379>] do_mmap_pgoff+0x489/0x590
[   23.430482]  [<ffffffff811fe75a>] vm_mmap_pgoff+0xaa/0xe0
[   23.430482]  [<ffffffff812212bb>] SyS_mmap_pgoff+0x13b/0x2c0
[   23.430482]  [<ffffffff8100e85b>] SyS_mmap+0x5b/0x80
[   23.430482]  [<ffffffff81ee5a51>] entry_SYSCALL_64_fastpath+0x31/0x95
[   23.430482] 
[   23.430482] Previous read at 0xffff88018dcddcb0 of size 8 by thread 1146 on CPU 2:
[   23.430482]  [<ffffffff81312dd9>] task_mem+0xb9/0x290
[   23.430482]  [<ffffffff8131d16d>] proc_pid_status+0x73d/0xd30
[   23.430482]  [<ffffffff81316b7b>] proc_single_show+0x8b/0xd0
[   23.430482]  [<ffffffff812a2e4a>] seq_read+0x16a/0x780
[   23.430482]  [<ffffffff812662bf>] __vfs_read+0x5f/0x1e0
[   23.430482]  [<ffffffff81267207>] vfs_read+0xb7/0x1e0
[   23.430482]  [<ffffffff81268740>] SyS_read+0x70/0xd0
[   23.430482]  [<ffffffff81ee5a51>] entry_SYSCALL_64_fastpath+0x31/0x95
[   23.430482] 
[   23.430482] Mutexes locked by thread 990:
[   23.430482] Mutex 130906 is locked here:
[   23.430482]  [<ffffffff81ee2975>] down_write+0x65/0x80
[   23.430482]  [<ffffffff811fe73c>] vm_mmap_pgoff+0x8c/0xe0
[   23.430482]  [<ffffffff812212bb>] SyS_mmap_pgoff+0x13b/0x2c0
[   23.430482]  [<ffffffff8100e85b>] SyS_mmap+0x5b/0x80
[   23.430482]  [<ffffffff81ee5a51>] entry_SYSCALL_64_fastpath+0x31/0x95
[   23.430482] 
[   23.430482] Mutexes locked by thread 1146:
[   23.430482] Mutex 180200 is locked here:
[   23.430482]  [<ffffffff81ee2037>] mutex_lock+0x57/0x70
[   23.430482]  [<ffffffff812a2d3c>] seq_read+0x5c/0x780
[   23.430482]  [<ffffffff812662bf>] __vfs_read+0x5f/0x1e0
[   23.430482]  [<ffffffff81267207>] vfs_read+0xb7/0x1e0
[   23.430482]  [<ffffffff81268740>] SyS_read+0x70/0xd0
[   23.430482]  [<ffffffff81ee5a51>] entry_SYSCALL_64_fastpath+0x31/0x95
[   23.430482] 
[   23.430482] ==================================================================
[   23.640482] ==================================================================
[   23.641144] ThreadSanitizer: data-race in get_task_mm
[   23.641144] 
[   23.641144] Read at 0xffff880191705354 of size 4 by thread 1146 on CPU 2:
[   23.643513]  [<ffffffff81086349>] get_task_mm+0x49/0xa0
[   23.643513]  [<ffffffff81317b40>] proc_pid_cmdline_read+0x70/0x570
[   23.643513]  [<ffffffff812662bf>] __vfs_read+0x5f/0x1e0
[   23.643513]  [<ffffffff81267207>] vfs_read+0xb7/0x1e0
[   23.643513]  [<ffffffff81268740>] SyS_read+0x70/0xd0
[   23.643513]  [<ffffffff81ee5a51>] entry_SYSCALL_64_fastpath+0x31/0x95
[   23.643513] 
[   23.643513] Previous write at 0xffff880191705354 of size 4 by thread 1026 on CPU 1:
[   23.643513]  [<ffffffff81097d48>] ns_capable+0x68/0xa0
[   23.643513]  [<ffffffff81bdfcee>] netlink_sendmsg+0x57e/0x5f0
[   23.654477]  [<ffffffff81b60bb3>] sock_sendmsg+0x83/0x90
[   23.654477]  [<ffffffff81b61a5f>] ___sys_sendmsg+0x3cf/0x3e0
[   23.654477]  [<ffffffff81b62b6c>] __sys_sendmsg+0x4c/0xb0
[   23.654477]  [<ffffffff81b62c00>] SyS_sendmsg+0x30/0x50
[   23.654477]  [<ffffffff81ee5a51>] entry_SYSCALL_64_fastpath+0x31/0x95
[   23.654477] 
[   23.654477] Mutexes locked by thread 1146:
[   23.654477] Mutex 146630 is locked here:
[   23.654477]  [<ffffffff81ee5400>] _raw_spin_lock+0x50/0x70
[   23.654477]  [<ffffffff81086328>] get_task_mm+0x28/0xa0
[   23.654477]  [<ffffffff81317b40>] proc_pid_cmdline_read+0x70/0x570
[   23.654477]  [<ffffffff812662bf>] __vfs_read+0x5f/0x1e0
[   23.654477]  [<ffffffff81267207>] vfs_read+0xb7/0x1e0
[   23.654477]  [<ffffffff81268740>] SyS_read+0x70/0xd0
[   23.654477]  [<ffffffff81ee5a51>] entry_SYSCALL_64_fastpath+0x31/0x95
[   23.654477] 
[   23.654477] ==================================================================
[?25l[?1c7[1G[[32m ok [39;49m8[?25h[?0cdone.
[....] Activating swap...[?25l[?1c7[1G[[32m ok [39;49m8[?25h[?0cdone.
[   27.594031] EXT4-fs (sda): re-mounted. Opts: (null)
[....] Creating compatibility symlink from /etc/mtab to /proc/mounts. ...[?25l[?1c7[1G[[33mwarn[39;49m8[?25h[?0c [33m(warning).[39;49m
[....] Cleaning up temporary files... /tmp[?25l[?1c7[1G[[32m ok [39;49m8[?25h[?0c.
[....] Activating lvm and md swap...[?25l[?1c7[1G[[32m ok [39;49m8[?25h[?0cdone.
[....] Checking file systems...fsck from util-linux 2.20.1
[?25l[?1c7[1G[[32m ok [39;49m8[?25h[?0cdone.
[....] Mounting local filesystems...[?25l[?1c7[1G[[32m ok [39;49m8[?25h[?0cdone.
[....] Activating swapfile swap...[?25l[?1c7[1G[[32m ok [39;49m8[?25h[?0cdone.
[....] Cleaning up temporary files...[?25l[?1c7[1G[[32m ok [39;49m8[?25h[?0c.
[....] Setting kernel variables ...[?25l[?1c7[1G[[32m ok [39;49m8[?25h[?0cdone.
[   49.915507] ==================================================================
[   49.916082] ThreadSanitizer: data-race in poll_schedule_timeout
[   49.916082] 
[   49.916082] Read at 0xffff88018dc2ba98 of size 4 by thread 890 on CPU 2:
[   49.916082]  [<ffffffff812873f4>] poll_schedule_timeout+0x64/0xc0
[   49.916082]  [<ffffffff81288448>] do_select+0xa68/0xb70
[   49.916082]  [<ffffffff812887ff>] core_sys_select+0x2af/0x3f0
[   49.916082]  [<ffffffff81288bb9>] SyS_pselect6+0x169/0x2b0
[   49.916082]  [<ffffffff81ee5a51>] entry_SYSCALL_64_fastpath+0x31/0x95
[   49.916082] 
[   49.916082] Previous write at 0xffff88018dc2ba98 of size 4 by thread 2292 on CPU 1:
[   49.916082]  [<ffffffff81287747>] pollwake+0xc7/0x100
[   49.916082]  [<ffffffff810e3858>] __wake_up_common+0x48/0x80
[   49.916082]  [<ffffffff8165d0e1>] tty_release+0x1c1/0x7c0
[   49.916082]  [<ffffffff8126993f>] __fput+0x15f/0x310
[   49.916082]  [<ffffffff81269b5d>] ____fput+0x1d/0x30
[   49.916082]  [<ffffffff810b9175>] task_work_run+0x115/0x130
[   49.916082]  [<ffffffff8108d604>] do_exit+0x494/0x13b0
[   49.916082]  [<ffffffff810902f5>] do_group_exit+0x85/0x130
[   49.916082]  [<ffffffff810903c0>] __wake_up_parent+0x0/0x50
[   49.916082]  [<ffffffff81ee5a51>] entry_SYSCALL_64_fastpath+0x31/0x95
[   49.916082] 
[   49.916082] Mutexes locked by thread 2292:
[   49.916082] Mutex 351860 is locked here:
[   49.916082]  [<ffffffff81ee2037>] mutex_lock+0x57/0x70
[   49.916082]  [<ffffffff81ee5821>] tty_lock+0x51/0xc0
[   49.916082]  [<ffffffff8165cfa2>] tty_release+0x82/0x7c0
[   49.916082]  [<ffffffff8126993f>] __fput+0x15f/0x310
[   49.916082]  [<ffffffff81269b5d>] ____fput+0x1d/0x30
[   49.916082]  [<ffffffff810b9175>] task_work_run+0x115/0x130
[   49.916082]  [<ffffffff8108d604>] do_exit+0x494/0x13b0
[   49.916082]  [<ffffffff810902f5>] do_group_exit+0x85/0x130
[   49.916082]  [<ffffffff810903c0>] __wake_up_parent+0x0/0x50
[   49.916082]  [<ffffffff81ee5a51>] entry_SYSCALL_64_fastpath+0x31/0x95
[   49.916082] 
[   49.916082] Mutex 352170 is locked here:
[   49.916082]  [<ffffffff81ee57b4>] _raw_spin_lock_irqsave+0x64/0x80
[   49.916082]  [<ffffffff810e38b2>] __wake_up+0x22/0x60
[   49.916082]  [<ffffffff8165d0e1>] tty_release+0x1c1/0x7c0
[   49.916082]  [<ffffffff8126993f>] __fput+0x15f/0x310
[   49.916082]  [<ffffffff81269b5d>] ____fput+0x1d/0x30
[   49.916082]  [<ffffffff810b9175>] task_work_run+0x115/0x130
[   49.916082]  [<ffffffff8108d604>] do_exit+0x494/0x13b0
[   49.916082]  [<ffffffff810902f5>] do_group_exit+0x85/0x130
[   49.916082]  [<ffffffff810903c0>] __wake_up_parent+0x0/0x50
[   49.916082]  [<ffffffff81ee5a51>] entry_SYSCALL_64_fastpath+0x31/0x95
[   49.916082] 
[   49.916082] ==================================================================
[....] Configuring network interfaces...Internet Systems Consortium DHCP Client 4.2.2
Copyright 2004-2011 Internet Systems Consortium.
All rights reserved.
For info, please visit https://www.isc.org/software/dhcp/

[   51.802998] e1000: eth0 NIC Link is Up 1000 Mbps Full Duplex, Flow Control: RX
[   51.805493] IPv6: ADDRCONF(NETDEV_UP): eth0: link is not ready
[   51.807768] IPv6: ADDRCONF(NETDEV_CHANGE): eth0: link becomes ready
[   51.937112] ==================================================================
[   51.937731] ThreadSanitizer: data-race in pollwake
[   51.937731] 
[   51.937731] Write at 0xffff8800b9853ab8 of size 4 by thread -4 on CPU 3:
[   51.937731]  [<ffffffff81287747>] pollwake+0xc7/0x100
[   51.937731]  [<ffffffff810e3858>] __wake_up_common+0x48/0x80
[   51.937731]  [<ffffffff81b689ae>] sock_queue_rcv_skb+0x2de/0x3f0
[   51.937731]  [<ffffffff81d6262c>] packet_rcv_spkt+0x1dc/0x220
[   51.937731]  [<ffffffff81b8fa2f>] __netif_receive_skb_core+0xacf/0x1530
[   51.937731]  [<ffffffff81b904c9>] __netif_receive_skb+0x39/0xf0
[   51.937731]  [<ffffffff81b905c5>] netif_receive_skb_internal+0x45/0x110
[   51.947434]  [<ffffffff81b91e65>] napi_gro_receive+0x115/0x150
[   51.947434]  [<ffffffff81952fe5>] e1000_clean_rx_irq+0x355/0x950
[   51.947434]  [<ffffffff8194f964>] e1000_clean+0x554/0x11e0
[   51.947434]  [<ffffffff81b90f89>] net_rx_action+0x489/0x690
[   51.947434]  [<ffffffff81091c1e>] __do_softirq+0xbe/0x2f0
[   51.947434]  [<ffffffff81ee658a>] common_interrupt+0x8a/0x8f
[   51.947434] 
[   51.947434] Previous read at 0xffff8800b9853ab8 of size 4 by thread 2343 on CPU 2:
[   51.947434]  [<ffffffff812873f4>] poll_schedule_timeout+0x64/0xc0
[   51.947434]  [<ffffffff81288448>] do_select+0xa68/0xb70
[   51.947434]  [<ffffffff812887ff>] core_sys_select+0x2af/0x3f0
[   51.958337]  [<ffffffff81288a09>] SyS_select+0xc9/0x110
[   51.958337]  [<ffffffff81ee5a51>] entry_SYSCALL_64_fastpath+0x31/0x95
[   51.958337] 
[   51.958337] Mutexes locked by thread -4:
[   51.958337] Mutex 364913 is locked here:
[   51.958337]  [<ffffffff81ee57b4>] _raw_spin_lock_irqsave+0x64/0x80
[   51.958337]  [<ffffffff810e3b77>] __wake_up_sync_key+0x27/0x60
[   51.958337]  [<ffffffff81b689ae>] sock_queue_rcv_skb+0x2de/0x3f0
[   51.958337]  [<ffffffff81d6262c>] packet_rcv_spkt+0x1dc/0x220
[   51.958337]  [<ffffffff81b8fa2f>] __netif_receive_skb_core+0xacf/0x1530
[   51.958337]  [<ffffffff81b904c9>] __netif_receive_skb+0x39/0xf0
[   51.958337]  [<ffffffff81b905c5>] netif_receive_skb_internal+0x45/0x110
[   51.958337]  [<ffffffff81b91e65>] napi_gro_receive+0x115/0x150
[   51.958337]  [<ffffffff81952fe5>] e1000_clean_rx_irq+0x355/0x950
[   51.971737]  [<ffffffff8194f964>] e1000_clean+0x554/0x11e0
[   51.971737]  [<ffffffff81b90f89>] net_rx_action+0x489/0x690
[   51.971737]  [<ffffffff81091c1e>] __do_softirq+0xbe/0x2f0
[   51.971737]  [<ffffffff81ee658a>] common_interrupt+0x8a/0x8f
[   51.971737] 
[   51.971737] ==================================================================
Listening on LPF/eth0/52:54:00:12:34:56
Sending on   LPF/eth0/52:54:00:12:34:56
Sending on   Socket/fallback
DHCPDISCOVER on eth0 to 255.255.255.255 port 67 interval 5
DHCPREQUEST on eth0 to 255.255.255.255 port 67
DHCPOFFER from 10.0.2.2
DHCPACK from 10.0.2.2
bound to 10.0.2.15 -- renewal in 37454 seconds.
[?25l[?1c7[1G[[32m ok [39;49m8[?25h[?0cdone.
[....] Cleaning up temporary files...[?25l[?1c7[1G[[32m ok [39;49m8[?25h[?0c.
INIT: Entering runlevel: 2
[[36minfo[39;49m] Using makefile-style concurrent boot in runlevel 2.
[   56.764129] ==================================================================
[   56.764160] ThreadSanitizer: data-race in __acct_update_integrals
[   56.764160] 
[   56.764160] Read at 0xffff8800ba51f7f0 of size 8 by thread 2488 on CPU 2:
[   56.764160]  [<ffffffff8117fc28>] __acct_update_integrals+0x188/0x1b0
[   56.764160]  [<ffffffff81180424>] acct_account_cputime+0x44/0x50
[   56.764160]  [<ffffffff810d590e>] account_system_time+0xbe/0x190
[   56.764160]  [<ffffffff81132a0e>] tick_sched_handle.isra.14+0x7e/0xa0
[   56.764160]  [<ffffffff811335ee>] tick_sched_timer+0x5e/0xb0
[   56.764160]  [<ffffffff81119e8e>] __hrtimer_run_queues+0x22e/0x440
[   56.764160]  [<ffffffff8111ab74>] hrtimer_interrupt+0x114/0x2d0
[   56.764160]  [<ffffffff8105d6a7>] local_apic_timer_interrupt+0x77/0xc0
[   56.764160]  [<ffffffff8105ebb6>] smp_apic_timer_interrupt+0x76/0xb0
[   56.764160]  [<ffffffff81ee690a>] apic_timer_interrupt+0x8a/0xa0
[   56.764160] 
[   56.764160] Previous write at 0xffff8800ba51f7f0 of size 8 by thread 2485 on CPU 1:
[   56.787571]  [<ffffffff8122360a>] mmap_region+0x21a/0xb00
[   56.787571]  [<ffffffff81224379>] do_mmap_pgoff+0x489/0x590
[   56.787571]  [<ffffffff811fe75a>] vm_mmap_pgoff+0xaa/0xe0
[   56.787571]  [<ffffffff812212bb>] SyS_mmap_pgoff+0x13b/0x2c0
[   56.787571]  [<ffffffff8100e85b>] SyS_mmap+0x5b/0x80
[   56.787571]  [<ffffffff81ee5a51>] entry_SYSCALL_64_fastpath+0x31/0x95
[   56.787571] 
[   56.787571] Mutexes locked by thread 2485:
[   56.787571] Mutex 385136 is locked here:
[   56.787571]  [<ffffffff81ee2975>] down_write+0x65/0x80
[   56.787571]  [<ffffffff811fe73c>] vm_mmap_pgoff+0x8c/0xe0
[   56.787571]  [<ffffffff812212bb>] SyS_mmap_pgoff+0x13b/0x2c0
[   56.787571]  [<ffffffff8100e85b>] SyS_mmap+0x5b/0x80
[   56.787571]  [<ffffffff81ee5a51>] entry_SYSCALL_64_fastpath+0x31/0x95
[   56.787571] 
[   56.787571] ==================================================================
[   56.929872] ==================================================================
[   56.930140] ThreadSanitizer: data-race in do_brk
[   56.930140] 
[   56.930140] Write at 0xffff8800ba51f7f0 of size 8 by thread 2490 on CPU 1:
[   56.930140]  [<ffffffff81222f5b>] do_brk+0x2bb/0x480
[   56.930140]  [<ffffffff8122335e>] SyS_brk+0x18e/0x220
[   56.930140]  [<ffffffff81ee5a51>] entry_SYSCALL_64_fastpath+0x31/0x95
[   56.930140] 
[   56.930140] Previous read at 0xffff8800ba51f7f0 of size 8 by thread 2488 on CPU 3:
[   56.930140]  [<ffffffff8117fc28>] __acct_update_integrals+0x188/0x1b0
[   56.930140]  [<ffffffff81180424>] acct_account_cputime+0x44/0x50
[   56.930140]  [<ffffffff810d590e>] account_system_time+0xbe/0x190
[   56.930140]  [<ffffffff81132a0e>] tick_sched_handle.isra.14+0x7e/0xa0
[   56.930140]  [<ffffffff811335ee>] tick_sched_timer+0x5e/0xb0
[   56.930140]  [<ffffffff81119e8e>] __hrtimer_run_queues+0x22e/0x440
[   56.930140]  [<ffffffff8111ab74>] hrtimer_interrupt+0x114/0x2d0
[   56.930140]  [<ffffffff8105d6a7>] local_apic_timer_interrupt+0x77/0xc0
[   56.930140]  [<ffffffff8105ebb6>] smp_apic_timer_interrupt+0x76/0xb0
[   56.930140]  [<ffffffff81ee690a>] apic_timer_interrupt+0x8a/0xa0
[   56.930140] 
[   56.930140] Mutexes locked by thread 2490:
[   56.930140] Mutex 385136 is locked here:
[   56.930140]  [<ffffffff81ee2975>] down_write+0x65/0x80
[   56.930140]  [<ffffffff81223215>] SyS_brk+0x45/0x220
[   56.930140]  [<ffffffff81ee5a51>] entry_SYSCALL_64_fastpath+0x31/0x95
[   56.930140] 
[   56.930140] ==================================================================
[....] Starting enhanced syslogd: rsyslogd[?25l[?1c7[1G[[32m ok [39;49m8[?25h[?0c.
[....] Starting periodic command scheduler: cron[?25l[?1c7[1G[[32m ok [39;49m8[?25h[?0c.
[....] Starting OpenBSD Secure Shell server: sshd[?25l[?1c7[1G[[32m ok [39;49m8[?25h[?0c.
[   59.327874] ==================================================================
[   59.328131] ThreadSanitizer: data-race in __jbd2_journal_drop_transaction
[   59.328131] 
[   59.328131] Read at 0xffff8800bb87a858 of size 8 by thread 876 on CPU 1:
[   59.328131]  [<ffffffff813c5692>] __jbd2_journal_drop_transaction+0x172/0x250
[   59.328131]  [<ffffffff813c595e>] __jbd2_journal_remove_checkpoint+0x1ee/0x2e0
[   59.328131]  [<ffffffff813c2b08>] jbd2_journal_commit_transaction+0x24c8/0x3190
[   59.328131]  [<ffffffff813cc93e>] kjournald2+0x13e/0x420
[   59.328131]  [<ffffffff810bb9e0>] kthread+0x150/0x170
[   59.328131]  [<ffffffff81ee5e3f>] ret_from_fork+0x3f/0x70
[   59.328131] 
[   59.328131] Previous write at 0xffff8800bb87a858 of size 8 by thread 2568 on CPU 3:
[   59.328131]  [<ffffffff813bc469>] start_this_handle+0x9b9/0xa20
[   59.328131]  [<ffffffff813bc66d>] jbd2__journal_start+0x19d/0x330
[   59.328131]  [<ffffffff81393d5a>] __ext4_journal_start_sb+0x9a/0x180
[   59.328131]  [<ffffffff8134a643>] ext4_dirty_inode+0x43/0x80
[   59.328131]  [<ffffffff812b0bbe>] __mark_inode_dirty+0x44e/0x5e0
[   59.328131]  [<ffffffff81293749>] generic_update_time+0xd9/0x170
[   59.328131]  [<ffffffff81295c29>] touch_atime+0xe9/0x120
[   59.328131]  [<ffffffff811d511a>] generic_file_read_iter+0x7ba/0x880
[   59.328131]  [<ffffffff81266400>] __vfs_read+0x1a0/0x1e0
[   59.328131]  [<ffffffff81267207>] vfs_read+0xb7/0x1e0
[   59.328131]  [<ffffffff812702f9>] kernel_read+0x79/0xb0
[   59.328131]  [<ffffffff812708fd>] prepare_binprm+0x15d/0x2b0
[   59.328131]  [<ffffffff81273460>] do_execveat_common.isra.36+0x820/0xb40
[   59.328131]  [<ffffffff81273c96>] SyS_execve+0x46/0x60
[   59.328131]  [<ffffffff81ee5d75>] return_from_execve+0x0/0x23
[   59.328131] 
[   59.328131] Mutexes locked by thread 876:
[   59.328131] Mutex 209522 is locked here:
[   59.328131]  [<ffffffff81ee5400>] _raw_spin_lock+0x50/0x70
[   59.328131]  [<ffffffff813c2ab7>] jbd2_journal_commit_transaction+0x2477/0x3190
[   59.328131]  [<ffffffff813cc93e>] kjournald2+0x13e/0x420
[   59.328131]  [<ffffffff810bb9e0>] kthread+0x150/0x170
[   59.328131]  [<ffffffff81ee5e3f>] ret_from_fork+0x3f/0x70
[   59.328131] 
[   59.328131] Mutexes locked by thread 2568:
[   59.328131] Mutex 406049 is locked here:
[   59.328131]  [<ffffffff81ee13f2>] mutex_lock_interruptible+0x62/0xa0
[   59.328131]  [<ffffffff81272bdf>] prepare_bprm_creds+0x4f/0xb0
[   59.328131]  [<ffffffff81272d7f>] do_execveat_common.isra.36+0x13f/0xb40
[   59.328131]  [<ffffffff81273c96>] SyS_execve+0x46/0x60
[   59.328131]  [<ffffffff81ee5d75>] return_from_execve+0x0/0x23
[   59.328131] 
[   59.328131] Mutex 111134 is locked here:
[   59.328131]  [<ffffffff81ee5568>] _raw_write_lock+0x58/0x70
[   59.328131]  [<ffffffff813bbe5f>] start_this_handle+0x3af/0xa20
[   59.328131]  [<ffffffff813bc66d>] jbd2__journal_start+0x19d/0x330
[   59.328131]  [<ffffffff81393d5a>] __ext4_journal_start_sb+0x9a/0x180
[   59.328131]  [<ffffffff8134a643>] ext4_dirty_inode+0x43/0x80
[   59.328131]  [<ffffffff812b0bbe>] __mark_inode_dirty+0x44e/0x5e0
[   59.328131]  [<ffffffff81293749>] generic_update_time+0xd9/0x170
[   59.328131]  [<ffffffff81295c29>] touch_atime+0xe9/0x120
[   59.328131]  [<ffffffff811d511a>] generic_file_read_iter+0x7ba/0x880
[   59.328131]  [<ffffffff81266400>] __vfs_read+0x1a0/0x1e0
[   59.328131]  [<ffffffff81267207>] vfs_read+0xb7/0x1e0
[   59.328131]  [<ffffffff812702f9>] kernel_read+0x79/0xb0
[   59.328131]  [<ffffffff812708fd>] prepare_binprm+0x15d/0x2b0
[   59.328131]  [<ffffffff81273460>] do_execveat_common.isra.36+0x820/0xb40
[   59.328131]  [<ffffffff81273c96>] SyS_execve+0x46/0x60
[   59.328131]  [<ffffffff81ee5d75>] return_from_execve+0x0/0x23
[   59.328131] 
[   59.328131] ==================================================================
[   62.306785] kt: running test for light, case 10, T2586
[   62.306785] 
[   62.311043] kt: starting test light_test_4thread_on_3scenario
[   62.315401] ==================================================================
[   62.316128] ThreadSanitizer: data-race in tcp_recvmsg
[   62.316128] 
[   62.316128] Read at 0xffff8800bb3278c0 of size 8 by thread 2584 on CPU 0:
[   62.316128]  [<ffffffff81c30032>] tcp_recvmsg+0x412/0x12c0
[   62.316128]  [<ffffffff81c85ed8>] inet_recvmsg+0x148/0x180
[   62.316128]  [<ffffffff81b6022a>] sock_recvmsg+0x6a/0x90
[   62.316128]  [<ffffffff81b60366>] sock_read_iter+0x116/0x180
[   62.316128]  [<ffffffff81266400>] __vfs_read+0x1a0/0x1e0
[   62.316128]  [<ffffffff81267207>] vfs_read+0xb7/0x1e0
[   62.316128]  [<ffffffff81268740>] SyS_read+0x70/0xd0
[   62.316128]  [<ffffffff81ee5a51>] entry_SYSCALL_64_fastpath+0x31/0x95
[   62.316128] 
[   62.316128] Previous write at 0xffff8800bb3278c0 of size 8 by thread -4 on CPU 3:
[   62.316128]  [<ffffffff81c5eece>] tcp_v4_rcv+0x139e/0x14c0
[   62.316128]  [<ffffffff81c156a9>] ip_local_deliver_finish+0x169/0x3f0
[   62.316128]  [<ffffffff81c15c8a>] ip_local_deliver+0x15a/0x160
[   62.316128]  [<ffffffff81c14f73>] ip_rcv_finish+0xe3/0x6b0
[   62.316128]  [<ffffffff81c162d6>] ip_rcv+0x646/0x880
[   62.316128]  [<ffffffff81b8f4af>] __netif_receive_skb_core+0x54f/0x1530
[   62.316128]  [<ffffffff81b904c9>] __netif_receive_skb+0x39/0xf0
[   62.316128]  [<ffffffff81b905c5>] netif_receive_skb_internal+0x45/0x110
[   62.316128]  [<ffffffff81b91e65>] napi_gro_receive+0x115/0x150
[   62.316128]  [<ffffffff81952fe5>] e1000_clean_rx_irq+0x355/0x950
[   62.316128]  [<ffffffff8194f964>] e1000_clean+0x554/0x11e0
[   62.316128]  [<ffffffff81b90f89>] net_rx_action+0x489/0x690
[   62.351425]  [<ffffffff81091c1e>] __do_softirq+0xbe/0x2f0
[   62.351425]  [<ffffffff81ee658a>] common_interrupt+0x8a/0x8f
[   62.351425] 
[   62.351425] Mutexes locked by thread -4:
[   62.351425] Mutex 411381 is locked here:
[   62.351425]  [<ffffffff81ee5400>] _raw_spin_lock+0x50/0x70
[   62.351425]  [<ffffffff81c5eb7d>] tcp_v4_rcv+0x104d/0x14c0
[   62.351425]  [<ffffffff81c156a9>] ip_local_deliver_finish+0x169/0x3f0
[   62.351425]  [<ffffffff81c15c8a>] ip_local_deliver+0x15a/0x160
[   62.351425]  [<ffffffff81c14f73>] ip_rcv_finish+0xe3/0x6b0
[   62.351425]  [<ffffffff81c162d6>] ip_rcv+0x646/0x880
[   62.351425]  [<ffffffff81b8f4af>] __netif_receive_skb_core+0x54f/0x1530
[   62.351425]  [<ffffffff81b904c9>] __netif_receive_skb+0x39/0xf0
[   62.351425]  [<ffffffff81b905c5>] netif_receive_skb_internal+0x45/0x110
[   62.351425]  [<ffffffff81b91e65>] napi_gro_receive+0x115/0x150
[   62.351425]  [<ffffffff81952fe5>] e1000_clean_rx_irq+0x355/0x950
[   62.351425]  [<ffffffff8194f964>] e1000_clean+0x554/0x11e0
[   62.351425]  [<ffffffff81b90f89>] net_rx_action+0x489/0x690
[   62.351425]  [<ffffffff81091c1e>] __do_softirq+0xbe/0x2f0
[   62.351425]  [<ffffffff81ee658a>] common_interrupt+0x8a/0x8f
[   62.351425] 
[   62.351425] ==================================================================
[   62.375559] ==================================================================
[   62.376370] ThreadSanitizer: data-race in e1000_clean
[   62.376370] 
[   62.376370] Read at 0xffff8800bb2dd37c of size 4 by thread -4 on CPU 3:
[   62.376370]  [<ffffffff8194f523>] e1000_clean+0x113/0x11e0
[   62.376370]  [<ffffffff81b90f89>] net_rx_action+0x489/0x690
[   62.376370]  [<ffffffff81091c1e>] __do_softirq+0xbe/0x2f0
[   62.376370]  [<ffffffff81ee658a>] common_interrupt+0x8a/0x8f
[   62.376370] 
[   62.376370] Previous write at 0xffff8800bb2dd37c of size 4 by thread 2584 on CPU 0:
[   62.376370]  [<ffffffff81951bc9>] e1000_xmit_frame+0x15d9/0x1e90
[   62.376370]  [<ffffffff81b93c69>] dev_hard_start_xmit+0x499/0x700
[   62.376370]  [<ffffffff81bcabab>] sch_direct_xmit+0x21b/0x3d0
[   62.376370]  [<ffffffff81b94589>] __dev_queue_xmit+0x489/0xa50
[   62.376370]  [<ffffffff81b94b6f>] dev_queue_xmit_sk+0x1f/0x30
[   62.376370]  [<ffffffff81c1e21a>] ip_finish_output2+0x4ea/0x720
[   62.376370]  [<ffffffff81c1fc02>] ip_finish_output+0x262/0x350
[   62.376370]  [<ffffffff81c1fd11>] NF_HOOK_COND.part.32.constprop.47+0x21/0x30
[   62.376370]  [<ffffffff81c21061>] ip_output+0x1a1/0x1c0
[   62.376370]  [<ffffffff81c1c181>] ip_local_out_sk+0x61/0x80
[   62.376370]  [<ffffffff81c2044d>] ip_queue_xmit+0x2cd/0x840
[   62.376370]  [<ffffffff81c4db99>] tcp_transmit_skb+0xb39/0x1750
[   62.376370]  [<ffffffff81c51ee8>] tcp_send_ack+0x228/0x2d0
[   62.376370]  [<ffffffff81c37a81>] __tcp_ack_snd_check+0xb1/0x100
[   62.376370]  [<ffffffff81c470f8>] tcp_rcv_established+0x818/0xe30
[   62.376370]  [<ffffffff81c5c842>] tcp_v4_do_rcv+0x2f2/0x800
[   62.376370]  [<ffffffff81b682b6>] release_sock+0xd6/0x270
[   62.376370]  [<ffffffff81c30278>] tcp_recvmsg+0x658/0x12c0
[   62.376370]  [<ffffffff81c85ed8>] inet_recvmsg+0x148/0x180
[   62.376370]  [<ffffffff81b6022a>] sock_recvmsg+0x6a/0x90
[   62.376370]  [<ffffffff81b60366>] sock_read_iter+0x116/0x180
[   62.376370]  [<ffffffff81266400>] __vfs_read+0x1a0/0x1e0
[   62.376370]  [<ffffffff81267207>] vfs_read+0xb7/0x1e0
[   62.376370]  [<ffffffff81268740>] SyS_read+0x70/0xd0
[   62.376370]  [<ffffffff81ee5a51>] entry_SYSCALL_64_fastpath+0x31/0x95
[   62.376370] 
[   62.376370] Mutexes locked by thread 2584:
[   62.376370] Mutex 363986 is locked here:
[   62.376370]  [<ffffffff81ee5400>] _raw_spin_lock+0x50/0x70
[   62.376370]  [<ffffffff81bcab69>] sch_direct_xmit+0x1d9/0x3d0
[   62.376370]  [<ffffffff81b94589>] __dev_queue_xmit+0x489/0xa50
[   62.376370]  [<ffffffff81b94b6f>] dev_queue_xmit_sk+0x1f/0x30
[   62.376370]  [<ffffffff81c1e21a>] ip_finish_output2+0x4ea/0x720
[   62.376370]  [<ffffffff81c1fc02>] ip_finish_output+0x262/0x350
[   62.376370]  [<ffffffff81c1fd11>] NF_HOOK_COND.part.32.constprop.47+0x21/0x30
[   62.376370]  [<ffffffff81c21061>] ip_output+0x1a1/0x1c0
[   62.376370]  [<ffffffff81c1c181>] ip_local_out_sk+0x61/0x80
[   62.376370]  [<ffffffff81c2044d>] ip_queue_xmit+0x2cd/0x840
[   62.376370]  [<ffffffff81c4db99>] tcp_transmit_skb+0xb39/0x1750
[   62.376370]  [<ffffffff81c51ee8>] tcp_send_ack+0x228/0x2d0
[   62.376370]  [<ffffffff81c37a81>] __tcp_ack_snd_check+0xb1/0x100
[   62.376370]  [<ffffffff81c470f8>] tcp_rcv_established+0x818/0xe30
[   62.376370]  [<ffffffff81c5c842>] tcp_v4_do_rcv+0x2f2/0x800
[   62.376370]  [<ffffffff81b682b6>] release_sock+0xd6/0x270
[   62.376370]  [<ffffffff81c30278>] tcp_recvmsg+0x658/0x12c0
[   62.376370]  [<ffffffff81c85ed8>] inet_recvmsg+0x148/0x180
[   62.376370]  [<ffffffff81b6022a>] sock_recvmsg+0x6a/0x90
[   62.376370]  [<ffffffff81b60366>] sock_read_iter+0x116/0x180
[   62.376370]  [<ffffffff81266400>] __vfs_read+0x1a0/0x1e0
[   62.376370]  [<ffffffff81267207>] vfs_read+0xb7/0x1e0
[   62.376370]  [<ffffffff81268740>] SyS_read+0x70/0xd0
[   62.376370]  [<ffffffff81ee5a51>] entry_SYSCALL_64_fastpath+0x31/0x95
[   62.376370] 
[   62.376370] ==================================================================
[   63.770313] kt: end of test
[   63.771581] 
[   63.772444] dump_desc: [messey_signal]
[   63.774352] dump_desc evts:
[   63.776371] dump_desc   ts: 301 403 505
[   63.778350] dump_desc  ret: 0 0 0
[   63.780064] 
[   63.780915] dump_desc: [messey_destroy]
[   63.782474] dump_desc evts: 0 1 2
[   63.783940] dump_desc   ts: 301 301 604
[   63.785457] dump_desc  ret: 0 0 0
[   63.786760] 
[   63.787691] dump_desc: [sum_wait]
[   63.789021] dump_desc evts:
[   63.790737] dump_desc   ts: 1223 1223 1222 1223 1302 1302 1303 1302 1424 1423 1423 1424
[   63.793535] dump_desc  ret: 0 0 0 0 -22 -22 -22 -22 0 0 0 0
[   63.795567] LIGHT_SUCCESS
[   63.798689] kt: running test for light, case 10, T2586
[   63.798689] 
[   63.801779] kt: starting test light_test_4thread_on_3scenario
[   63.809570] ==================================================================
[   63.810124] ThreadSanitizer: data-race in tcp_v4_rcv
[   63.810124] 
[   63.810124] Write at 0xffff8800bb3278c0 of size 8 by thread 19 on CPU 3:
[   63.810124]  [<ffffffff81c5eece>] tcp_v4_rcv+0x139e/0x14c0
[   63.810124]  [<ffffffff81c156a9>] ip_local_deliver_finish+0x169/0x3f0
[   63.810124]  [<ffffffff81c15c8a>] ip_local_deliver+0x15a/0x160
[   63.810124]  [<ffffffff81c14f73>] ip_rcv_finish+0xe3/0x6b0
[   63.810124]  [<ffffffff81c162d6>] ip_rcv+0x646/0x880
[   63.810124]  [<ffffffff81b8f4af>] __netif_receive_skb_core+0x54f/0x1530
[   63.810124]  [<ffffffff81b904c9>] __netif_receive_skb+0x39/0xf0
[   63.810124]  [<ffffffff81b905c5>] netif_receive_skb_internal+0x45/0x110
[   63.810124]  [<ffffffff81b91e65>] napi_gro_receive+0x115/0x150
[   63.810124]  [<ffffffff81952fe5>] e1000_clean_rx_irq+0x355/0x950
[   63.810124]  [<ffffffff8194f964>] e1000_clean+0x554/0x11e0
[   63.810124]  [<ffffffff81b90f89>] net_rx_action+0x489/0x690
[   63.810124]  [<ffffffff81091c1e>] __do_softirq+0xbe/0x2f0
[   63.810124]  [<ffffffff810bb9e0>] kthread+0x150/0x170
[   63.810124]  [<ffffffff81ee5e3f>] ret_from_fork+0x3f/0x70
[   63.810124] 
[   63.810124] Previous read at 0xffff8800bb3278c0 of size 8 by thread 2584 on CPU 2:
[   63.810124]  [<ffffffff81c30032>] tcp_recvmsg+0x412/0x12c0
[   63.810124]  [<ffffffff81c85ed8>] inet_recvmsg+0x148/0x180
[   63.810124]  [<ffffffff81b6022a>] sock_recvmsg+0x6a/0x90
[   63.810124]  [<ffffffff81b60366>] sock_read_iter+0x116/0x180
[   63.810124]  [<ffffffff81266400>] __vfs_read+0x1a0/0x1e0
[   63.810124]  [<ffffffff81267207>] vfs_read+0xb7/0x1e0
[   63.810124]  [<ffffffff81268740>] SyS_read+0x70/0xd0
[   63.810124]  [<ffffffff81ee5a51>] entry_SYSCALL_64_fastpath+0x31/0x95
[   63.810124] 
[   63.810124] Mutexes locked by thread 19:
[   63.810124] Mutex 411381 is locked here:
[   63.810124]  [<ffffffff81ee5400>] _raw_spin_lock+0x50/0x70
[   63.810124]  [<ffffffff81c5eb7d>] tcp_v4_rcv+0x104d/0x14c0
[   63.810124]  [<ffffffff81c156a9>] ip_local_deliver_finish+0x169/0x3f0
[   63.810124]  [<ffffffff81c15c8a>] ip_local_deliver+0x15a/0x160
[   63.810124]  [<ffffffff81c14f73>] ip_rcv_finish+0xe3/0x6b0
[   63.810124]  [<ffffffff81c162d6>] ip_rcv+0x646/0x880
[   63.810124]  [<ffffffff81b8f4af>] __netif_receive_skb_core+0x54f/0x1530
[   63.810124]  [<ffffffff81b904c9>] __netif_receive_skb+0x39/0xf0
[   63.810124]  [<ffffffff81b905c5>] netif_receive_skb_internal+0x45/0x110
[   63.810124]  [<ffffffff81b91e65>] napi_gro_receive+0x115/0x150
[   63.810124]  [<ffffffff81952fe5>] e1000_clean_rx_irq+0x355/0x950
[   63.810124]  [<ffffffff8194f964>] e1000_clean+0x554/0x11e0
[   63.810124]  [<ffffffff81b90f89>] net_rx_action+0x489/0x690
[   63.810124]  [<ffffffff81091c1e>] __do_softirq+0xbe/0x2f0
[   63.810124]  [<ffffffff810bb9e0>] kthread+0x150/0x170
[   63.810124]  [<ffffffff81ee5e3f>] ret_from_fork+0x3f/0x70
[   63.810124] 
[   63.810124] ==================================================================
[   65.258910] kt: end of test
[   65.260430] 
[   65.261509] dump_desc: [messey_signal]
[   65.263490] dump_desc evts:
[   65.265514] dump_desc   ts: 301 403 503
[   65.267462] dump_desc  ret: 0 0 0
[   65.268828] 
[   65.269756] dump_desc: [messey_destroy]
[   65.271533] dump_desc evts: 3 5 4
[   65.272898] dump_desc   ts: 301 301 604
[   65.274535] dump_desc  ret: 0 0 0
[   65.275887] 
[   65.276838] dump_desc: [sum_wait]
[   65.278492] dump_desc evts:
[   65.279869] dump_desc   ts: 1224 1223 1223 1222 1303 1302 1302 1302 1425 1423 1424 1425
[   65.282638] dump_desc  ret: 0 0 0 0 -22 -22 -22 -22 0 0 0 0
[   65.284651] LIGHT_SUCCESS
[   65.287677] kt: running test for light, case 10, T2586
[   65.287677] 
[   65.290590] kt: starting test light_test_4thread_on_3scenario
[   65.304883] ==================================================================
[   65.305123] ThreadSanitizer: data-race in __nf_ct_refresh_acct
[   65.305123] 
[   65.305123] Read at 0xffff8800bae0b0a8 of size 8 by thread 19 on CPU 3:
[   65.305123]  [<ffffffff81be9ee1>] __nf_ct_refresh_acct+0xf1/0x140
[   65.305123]  [<ffffffff81bf6b62>] tcp_packet+0x12f2/0x2520
[   65.305123]  [<ffffffff81bed716>] nf_conntrack_in+0x736/0xdc0
[   65.305123]  [<ffffffff81cb420e>] ipv4_conntrack_in+0x5e/0x80
[   65.305123]  [<ffffffff81be3bb3>] nf_iterate+0x113/0x130
[   65.305123]  [<ffffffff81be3c47>] nf_hook_slow+0x77/0x110
[   65.305123]  [<ffffffff81c162c0>] ip_rcv+0x630/0x880
[   65.305123]  [<ffffffff81b8f4af>] __netif_receive_skb_core+0x54f/0x1530
[   65.305123]  [<ffffffff81b904c9>] __netif_receive_skb+0x39/0xf0
[   65.305123]  [<ffffffff81b905c5>] netif_receive_skb_internal+0x45/0x110
[   65.305123]  [<ffffffff81b908ac>] napi_gro_complete+0x17c/0x1a0
[   65.305123]  [<ffffffff81b916bf>] dev_gro_receive+0x52f/0x820
[   65.305123]  [<ffffffff81b91d8f>] napi_gro_receive+0x3f/0x150
[   65.305123]  [<ffffffff81952fe5>] e1000_clean_rx_irq+0x355/0x950
[   65.305123]  [<ffffffff8194f964>] e1000_clean+0x554/0x11e0
[   65.305123]  [<ffffffff81b90f89>] net_rx_action+0x489/0x690
[   65.305123]  [<ffffffff81091c1e>] __do_softirq+0xbe/0x2f0
[   65.305123]  [<ffffffff810bb9e0>] kthread+0x150/0x170
[   65.305123]  [<ffffffff81ee5e3f>] ret_from_fork+0x3f/0x70
[   65.305123] 
[   65.305123] Previous write at 0xffff8800bae0b0a8 of size 8 by thread 2584 on CPU 0:
[   65.305123]  [<ffffffff811180cb>] mod_timer_pending+0x1ab/0x2f0
[   65.305123]  [<ffffffff81be9f06>] __nf_ct_refresh_acct+0x116/0x140
[   65.305123]  [<ffffffff81bf6b62>] tcp_packet+0x12f2/0x2520
[   65.305123]  [<ffffffff81bed716>] nf_conntrack_in+0x736/0xdc0
[   65.305123]  [<ffffffff81cb441f>] ipv4_conntrack_local+0xbf/0xe0
[   65.305123]  [<ffffffff81be3bb3>] nf_iterate+0x113/0x130
[   65.305123]  [<ffffffff81be3c47>] nf_hook_slow+0x77/0x110
[   65.305123]  [<ffffffff81c1c0fa>] __ip_local_out_sk+0x15a/0x180
[   65.305123]  [<ffffffff81c1c151>] ip_local_out_sk+0x31/0x80
[   65.305123]  [<ffffffff81c2044d>] ip_queue_xmit+0x2cd/0x840
[   65.305123]  [<ffffffff81c4db99>] tcp_transmit_skb+0xb39/0x1750
[   65.305123]  [<ffffffff81c51ee8>] tcp_send_ack+0x228/0x2d0
[   65.305123]  [<ffffffff81c2e291>] tcp_cleanup_rbuf+0xd1/0x210
[   65.305123]  [<ffffffff81c30270>] tcp_recvmsg+0x650/0x12c0
[   65.305123]  [<ffffffff81c85ed8>] inet_recvmsg+0x148/0x180
[   65.305123]  [<ffffffff81b6022a>] sock_recvmsg+0x6a/0x90
[   65.305123]  [<ffffffff81b60366>] sock_read_iter+0x116/0x180
[   65.305123]  [<ffffffff81266400>] __vfs_read+0x1a0/0x1e0
[   65.305123]  [<ffffffff81267207>] vfs_read+0xb7/0x1e0
[   65.305123]  [<ffffffff81268740>] SyS_read+0x70/0xd0
[   65.305123]  [<ffffffff81ee5a51>] entry_SYSCALL_64_fastpath+0x31/0x95
[   65.305123] 
[   65.305123] Mutexes locked by thread 2584:
[   65.305123] Mutex 103 is locked here:
[   65.305123]  [<ffffffff81ee5400>] _raw_spin_lock+0x50/0x70
[   65.305123]  [<ffffffff81118090>] mod_timer_pending+0x170/0x2f0
[   65.305123]  [<ffffffff81be9f06>] __nf_ct_refresh_acct+0x116/0x140
[   65.305123]  [<ffffffff81bf6b62>] tcp_packet+0x12f2/0x2520
[   65.305123]  [<ffffffff81bed716>] nf_conntrack_in+0x736/0xdc0
[   65.305123]  [<ffffffff81cb441f>] ipv4_conntrack_local+0xbf/0xe0
[   65.305123]  [<ffffffff81be3bb3>] nf_iterate+0x113/0x130
[   65.305123]  [<ffffffff81be3c47>] nf_hook_slow+0x77/0x110
[   65.305123]  [<ffffffff81c1c0fa>] __ip_local_out_sk+0x15a/0x180
[   65.305123]  [<ffffffff81c1c151>] ip_local_out_sk+0x31/0x80
[   65.305123]  [<ffffffff81c2044d>] ip_queue_xmit+0x2cd/0x840
[   65.305123]  [<ffffffff81c4db99>] tcp_transmit_skb+0xb39/0x1750
[   65.305123]  [<ffffffff81c51ee8>] tcp_send_ack+0x228/0x2d0
[   65.305123]  [<ffffffff81c2e291>] tcp_cleanup_rbuf+0xd1/0x210
[   65.305123]  [<ffffffff81c30270>] tcp_recvmsg+0x650/0x12c0
[   65.305123]  [<ffffffff81c85ed8>] inet_recvmsg+0x148/0x180
[   65.305123]  [<ffffffff81b6022a>] sock_recvmsg+0x6a/0x90
[   65.305123]  [<ffffffff81b60366>] sock_read_iter+0x116/0x180
[   65.305123]  [<ffffffff81266400>] __vfs_read+0x1a0/0x1e0
[   65.305123]  [<ffffffff81267207>] vfs_read+0xb7/0x1e0
[   65.305123]  [<ffffffff81268740>] SyS_read+0x70/0xd0
[   65.305123]  [<ffffffff81ee5a51>] entry_SYSCALL_64_fastpath+0x31/0x95
[   65.305123] 
[   65.305123] ==================================================================
[   66.743751] kt: end of test
[   66.745620] 
[   66.746963] dump_desc: [messey_signal]
[   66.749022] dump_desc evts:
[   66.751002] dump_desc   ts: 303 404 506
[   66.752999] dump_desc  ret: 0 0 0
[   66.754683] 
[   66.755613] dump_desc: [messey_destroy]
[   66.757341] dump_desc evts: 6 7 8
[   66.758813] dump_desc   ts: 301 301 604
[   66.760320] dump_desc  ret: 0 0 0
[   66.761762] 
[   66.762574] dump_desc: [sum_wait]
[   66.763982] dump_desc evts:
[   66.765510] dump_desc   ts: 1221 1221 1222 1222 1302 1302 1303 1301 1423 1424 1423 1423
[   66.768422] dump_desc  ret: 0 0 0 0 -22 -22 -22 -22 0 0 0 0
[   66.770500] LIGHT_SUCCESS
[   66.773288] kt: running test for light, case 10, T2586
[   66.773288] 
[   66.775963] kt: starting test light_test_4thread_on_3scenario
[   68.222923] kt: end of test
[   68.224427] 
[   68.224971] dump_desc: [messey_signal]
[   68.227519] dump_desc evts:
[   68.228745] dump_desc   ts: 303 403 505
[   68.230938] dump_desc  ret: 0 0 0
[   68.232510] 
[   68.233355] dump_desc: [messey_destroy]
[   68.234831] dump_desc evts: 9 10 11
[   68.236325] dump_desc   ts: 301 301 604
[   68.237769] dump_desc  ret: 0 0 0
[   68.238965] 
[   68.239793] dump_desc: [sum_wait]
[   68.241281] dump_desc evts:
[   68.242532] dump_desc   ts: 1223 1222 1223 1222 1302 1302 1303 1303 1424 1424 1423 1424
[   68.244930] dump_desc  ret: 0 0 0 0 -22 -22 -22 -22 0 0 0 0
[   68.246783] LIGHT_SUCCESS
[   68.249499] kt: running test for light, case 10, T2586
[   68.249499] 
[   68.251911] kt: starting test light_test_4thread_on_3scenario
[   69.702804] kt: end of test
[   69.704543] 
[   69.705717] dump_desc: [messey_signal]
[   69.707580] dump_desc evts:
[   69.709471] dump_desc   ts: 303 403 505
[   69.710890] dump_desc  ret: 0 0 0
[   69.711983] 
[   69.712734] dump_desc: [messey_destroy]
[   69.714354] dump_desc evts: 12 13 14
[   69.715550] dump_desc   ts: 301 301 604
[   69.716806] dump_desc  ret: 0 0 0
[   69.717941] 
[   69.718710] dump_desc: [sum_wait]
[   69.719917] dump_desc evts:
[   69.721561] dump_desc   ts: 1223 1223 1223 1224 1302 1303 1303 1303 1425 1425 1424 1426
[   69.723482] dump_desc  ret: 0 0 0 0 -22 -22 -22 -22 0 0 0 0
[   69.724869] LIGHT_SUCCESS
[   69.727874] kt: running test for light, case 10, T2586
[   69.727874] 
[   69.729852] kt: starting test light_test_4thread_on_3scenario
[   71.184588] kt: end of test
[   71.191622] 
[   71.192738] dump_desc: [messey_signal]
[   71.208530] dump_desc evts:
[   71.217697] dump_desc   ts: 301 403 503
[   71.232957] dump_desc  ret: 0 0 0
[   71.250933] 
[   71.257656] dump_desc: [messey_destroy]
[   71.276954] dump_desc evts: 15 16 17
[   71.286945] dump_desc   ts: 301 301 604
[   71.305472] dump_desc  ret: 0 0 0
[   71.321982] 
[   71.323545] dump_desc: [sum_wait]
[   71.351574] dump_desc evts:
[   71.366591] dump_desc   ts: 1222 1222 1222 1224 1304 1301 1302 1302 1423 1424 1423 1424
[   71.395504] dump_desc  ret: 0 0 0 0 -22 -22 -22 -22 0 0 0 0
[   71.423998] LIGHT_SUCCESS
[   71.450719] kt: running test for light, case 10, T2586
[   71.450719] 
[   71.454798] kt: starting test light_test_4thread_on_3scenario
[   72.918875] kt: end of test
[   72.920469] 
[   72.921501] dump_desc: [messey_signal]
[   72.923335] dump_desc evts:
[   72.924938] dump_desc   ts: 301 403 503
[   72.926496] dump_desc  ret: 0 0 0
[   72.927452] 
[   72.927830] dump_desc: [messey_destroy]
[   72.928876] dump_desc evts: 18 19 20
[   72.929877] dump_desc   ts: 301 301 604
[   72.930909] dump_desc  ret: 0 0 0
[   72.931839] 
[   72.932503] dump_desc: [sum_wait]
[   72.933459] dump_desc evts:
[   72.934415] dump_desc   ts: 1223 1222 1223 1223 1303 1303 1304 1302 1424 1425 1424 1426
[   72.936440] dump_desc  ret: 0 0 0 0 -22 -22 -22 -22 0 0 0 0
[   72.937733] LIGHT_SUCCESS
[   72.942766] kt: running test for light, case 10, T2586
[   72.942766] 
[   72.944755] kt: starting test light_test_4thread_on_3scenario
[   74.390634] kt: end of test
[   74.398758] 
[   74.404402] dump_desc: [messey_signal]
[   74.413758] dump_desc evts:
[   74.423472] ==================================================================
[   74.424138] ThreadSanitizer: data-race in e1000_clean
[   74.424138] 
[   74.424138] Read at 0xffff8800bb2dde5c of size 4 by thread 2586 on CPU 3:
[   74.424138]  [<ffffffff8194f6cc>] e1000_clean+0x2bc/0x11e0
[   74.424138]  [<ffffffff81b90f89>] net_rx_action+0x489/0x690
[   74.424138]  [<ffffffff81091c1e>] __do_softirq+0xbe/0x2f0
[   74.424138]  [<ffffffff81ee690a>] apic_timer_interrupt+0x8a/0xa0
[   74.424138] 
[   74.424138] Previous write at 0xffff8800bb2dde5c of size 4 by thread 2584 on CPU 0:
[   74.424138]  [<ffffffff81951bc9>] e1000_xmit_frame+0x15d9/0x1e90
[   74.424138]  [<ffffffff81b93c69>] dev_hard_start_xmit+0x499/0x700
[   74.424138]  [<ffffffff81bcabab>] sch_direct_xmit+0x21b/0x3d0
[   74.424138]  [<ffffffff81b94589>] __dev_queue_xmit+0x489/0xa50
[   74.424138]  [<ffffffff81b94b6f>] dev_queue_xmit_sk+0x1f/0x30
[   74.424138]  [<ffffffff81c1e21a>] ip_finish_output2+0x4ea/0x720
[   74.424138]  [<ffffffff81c1fc02>] ip_finish_output+0x262/0x350
[   74.424138]  [<ffffffff81c1fd11>] NF_HOOK_COND.part.32.constprop.47+0x21/0x30
[   74.424138]  [<ffffffff81c21061>] ip_output+0x1a1/0x1c0
[   74.424138]  [<ffffffff81c1c181>] ip_local_out_sk+0x61/0x80
[   74.424138]  [<ffffffff81c2044d>] ip_queue_xmit+0x2cd/0x840
[   74.424138]  [<ffffffff81c4db99>] tcp_transmit_skb+0xb39/0x1750
