early console in setup code
early console in decompress_kernel

Decompressing Linux... Parsing ELF... done.
Booting the kernel.
[    0.000000] Initializing cgroup subsys cpuset
[    0.000000] Initializing cgroup subsys cpu
[    0.000000] Initializing cgroup subsys cpuacct
[    0.000000] Linux version 4.2.0-team50-tsan (progman@m91p) (gcc version 6.0.0 20150825 (experimental) (GCC) ) #228 SMP Mon Oct 31 18:18:19 EDT 2016
[    0.000000] Command line: console=ttyS0 root=/dev/sda debug earlyprintk=serial slub_debug=QUZ
[    0.000000] x86/fpu: Legacy x87 FPU detected.
[    0.000000] x86/fpu: Using 'lazy' FPU context switches.
[    0.000000] e820: BIOS-provided physical RAM map:
[    0.000000] BIOS-e820: [mem 0x0000000000000000-0x000000000009fbff] usable
[    0.000000] BIOS-e820: [mem 0x000000000009fc00-0x000000000009ffff] reserved
[    0.000000] BIOS-e820: [mem 0x00000000000f0000-0x00000000000fffff] reserved
[    0.000000] BIOS-e820: [mem 0x0000000000100000-0x00000000bffdefff] usable
[    0.000000] BIOS-e820: [mem 0x00000000bffdf000-0x00000000bfffffff] reserved
[    0.000000] BIOS-e820: [mem 0x00000000feffc000-0x00000000feffffff] reserved
[    0.000000] BIOS-e820: [mem 0x00000000fffc0000-0x00000000ffffffff] reserved
[    0.000000] BIOS-e820: [mem 0x0000000100000000-0x000000053fffffff] usable
[    0.000000] bootconsole [earlyser0] enabled
[    0.000000] NX (Execute Disable) protection: active
[    0.000000] SMBIOS 2.8 present.
[    0.000000] DMI: QEMU Standard PC (i440FX + PIIX, 1996), BIOS Ubuntu-1.8.2-1ubuntu2 04/01/2014
[    0.000000] Hypervisor detected: KVM
[    0.000000] e820: update [mem 0x00000000-0x00000fff] usable ==> reserved
[    0.000000] e820: remove [mem 0x000a0000-0x000fffff] usable
[    0.000000] e820: last_pfn = 0x540000 max_arch_pfn = 0x400000000
[    0.000000] MTRR default type: write-back
[    0.000000] MTRR fixed ranges enabled:
[    0.000000]   00000-9FFFF write-back
[    0.000000]   A0000-BFFFF uncachable
[    0.000000]   C0000-FFFFF write-protect
[    0.000000] MTRR variable ranges enabled:
[    0.000000]   0 base 00C0000000 mask FFC0000000 uncachable
[    0.000000]   1 disabled
[    0.000000]   2 disabled
[    0.000000]   3 disabled
[    0.000000]   4 disabled
[    0.000000]   5 disabled
[    0.000000]   6 disabled
[    0.000000]   7 disabled
[    0.000000] x86/PAT: PAT not supported by CPU.
[    0.000000] e820: last_pfn = 0xbffdf max_arch_pfn = 0x400000000
[    0.000000] found SMP MP-table at [mem 0x000f64c0-0x000f64cf] mapped at [ffff8800000f64c0]
[    0.000000] Scanning 1 areas for low memory corruption
[    0.000000] Base memory trampoline at [ffff880000099000] 99000 size 24576
[    0.000000] init_memory_mapping: [mem 0x00000000-0x000fffff]
[    0.000000]  [mem 0x00000000-0x000fffff] page 4k
[    0.000000] BRK [0x028d5000, 0x028d5fff] PGTABLE
[    0.000000] BRK [0x028d6000, 0x028d6fff] PGTABLE
[    0.000000] BRK [0x028d7000, 0x028d7fff] PGTABLE
[    0.000000] init_memory_mapping: [mem 0x53fe00000-0x53fffffff]
[    0.000000]  [mem 0x53fe00000-0x53fffffff] page 2M
[    0.000000] BRK [0x028d8000, 0x028d8fff] PGTABLE
[    0.000000] init_memory_mapping: [mem 0x520000000-0x53fdfffff]
[    0.000000]  [mem 0x520000000-0x53fdfffff] page 2M
[    0.000000] init_memory_mapping: [mem 0x00100000-0xbffdefff]
[    0.000000]  [mem 0x00100000-0x001fffff] page 4k
[    0.000000]  [mem 0x00200000-0xbfdfffff] page 2M
[    0.000000]  [mem 0xbfe00000-0xbffdefff] page 4k
[    0.000000] init_memory_mapping: [mem 0x100000000-0x51fffffff]
[    0.000000]  [mem 0x100000000-0x51fffffff] page 2M
[    0.000000] BRK [0x028d9000, 0x028d9fff] PGTABLE
[    0.000000] BRK [0x028da000, 0x028dafff] PGTABLE
[    0.000000] ACPI: Early table checksum verification disabled
[    0.000000] ACPI: RSDP 0x00000000000F6470 000014 (v00 BOCHS )
[    0.000000] ACPI: RSDT 0x00000000BFFE155A 000030 (v01 BOCHS  BXPCRSDT 00000001 BXPC 00000001)
[    0.000000] ACPI: FACP 0x00000000BFFE141E 000074 (v01 BOCHS  BXPCFACP 00000001 BXPC 00000001)
[    0.000000] ACPI: DSDT 0x00000000BFFDFD80 00169E (v01 BOCHS  BXPCDSDT 00000001 BXPC 00000001)
[    0.000000] ACPI: FACS 0x00000000BFFDFD40 000040
[    0.000000] ACPI: APIC 0x00000000BFFE1492 000090 (v01 BOCHS  BXPCAPIC 00000001 BXPC 00000001)
[    0.000000] ACPI: HPET 0x00000000BFFE1522 000038 (v01 BOCHS  BXPCHPET 00000001 BXPC 00000001)
[    0.000000] ACPI: Local APIC address 0xfee00000
[    0.000000] No NUMA configuration found
[    0.000000] Faking a node at [mem 0x0000000000000000-0x000000053fffffff]
[    0.000000] NODE_DATA(0) allocated [mem 0x53ffeb000-0x53ffeefff]
[    0.000000] kvm-clock: Using msrs 4b564d01 and 4b564d00
[    0.000000] kvm-clock: cpu 0, msr 5:3ffea001, primary cpu clock
[    0.000000] clocksource: kvm-clock: mask: 0xffffffffffffffff max_cycles: 0x1cd42e4dffb, max_idle_ns: 881590591483 ns
[    0.000000]  [ffffea0000000000-ffffea0014ffffff] PMD -> [ffff88052b600000-ffff88053f5fffff] on node 0
[    0.000000] Zone ranges:
[    0.000000]   DMA      [mem 0x0000000000001000-0x0000000000ffffff]
[    0.000000]   DMA32    [mem 0x0000000001000000-0x00000000ffffffff]
[    0.000000]   Normal   [mem 0x0000000100000000-0x000000053fffffff]
[    0.000000] Movable zone start for each node
[    0.000000] Early memory node ranges
[    0.000000]   node   0: [mem 0x0000000000001000-0x000000000009efff]
[    0.000000]   node   0: [mem 0x0000000000100000-0x00000000bffdefff]
[    0.000000]   node   0: [mem 0x0000000100000000-0x000000053fffffff]
[    0.000000] Initmem setup node 0 [mem 0x0000000000001000-0x000000053fffffff]
[    0.000000] On node 0 totalpages: 5242749
[    0.000000]   DMA zone: 64 pages used for memmap
[    0.000000]   DMA zone: 21 pages reserved
[    0.000000]   DMA zone: 3998 pages, LIFO batch:0
[    0.000000]   DMA32 zone: 12224 pages used for memmap
[    0.000000]   DMA32 zone: 782303 pages, LIFO batch:31
[    0.000000]   Normal zone: 69632 pages used for memmap
[    0.000000]   Normal zone: 4456448 pages, LIFO batch:31
[    0.000000] ACPI: PM-Timer IO Port: 0x608
[    0.000000] ACPI: Local APIC address 0xfee00000
[    0.000000] ACPI: LAPIC_NMI (acpi_id[0xff] dfl dfl lint[0x1])
[    0.000000] IOAPIC[0]: apic_id 0, version 17, address 0xfec00000, GSI 0-23
[    0.000000] ACPI: INT_SRC_OVR (bus 0 bus_irq 0 global_irq 2 dfl dfl)
[    0.000000] ACPI: INT_SRC_OVR (bus 0 bus_irq 5 global_irq 5 high level)
[    0.000000] ACPI: INT_SRC_OVR (bus 0 bus_irq 9 global_irq 9 high level)
[    0.000000] ACPI: INT_SRC_OVR (bus 0 bus_irq 10 global_irq 10 high level)
[    0.000000] ACPI: INT_SRC_OVR (bus 0 bus_irq 11 global_irq 11 high level)
[    0.000000] ACPI: IRQ0 used by override.
[    0.000000] ACPI: IRQ5 used by override.
[    0.000000] ACPI: IRQ9 used by override.
[    0.000000] ACPI: IRQ10 used by override.
[    0.000000] ACPI: IRQ11 used by override.
[    0.000000] Using ACPI (MADT) for SMP configuration information
[    0.000000] ACPI: HPET id: 0x8086a201 base: 0xfed00000
[    0.000000] smpboot: Allowing 4 CPUs, 0 hotplug CPUs
[    0.000000] PM: Registered nosave memory: [mem 0x00000000-0x00000fff]
[    0.000000] PM: Registered nosave memory: [mem 0x0009f000-0x0009ffff]
[    0.000000] PM: Registered nosave memory: [mem 0x000a0000-0x000effff]
[    0.000000] PM: Registered nosave memory: [mem 0x000f0000-0x000fffff]
[    0.000000] PM: Registered nosave memory: [mem 0xbffdf000-0xbfffffff]
[    0.000000] PM: Registered nosave memory: [mem 0xc0000000-0xfeffbfff]
[    0.000000] PM: Registered nosave memory: [mem 0xfeffc000-0xfeffffff]
[    0.000000] PM: Registered nosave memory: [mem 0xff000000-0xfffbffff]
[    0.000000] PM: Registered nosave memory: [mem 0xfffc0000-0xffffffff]
[    0.000000] e820: [mem 0xc0000000-0xfeffbfff] available for PCI devices
[    0.000000] Booting paravirtualized kernel on KVM
[    0.000000] clocksource: refined-jiffies: mask: 0xffffffff max_cycles: 0xffffffff, max_idle_ns: 1910969940391419 ns
[    0.000000] setup_percpu: NR_CPUS:64 nr_cpumask_bits:64 nr_cpu_ids:4 nr_node_ids:1
[    0.000000] PERCPU: Embedded 32 pages/cpu @ffff88053fc00000 s90328 r8192 d32552 u524288
[    0.000000] pcpu-alloc: s90328 r8192 d32552 u524288 alloc=1*2097152
[    0.000000] pcpu-alloc: [0] 0 1 2 3 
[    0.000000] KVM setup async PF for cpu 0
[    0.000000] kvm-stealtime: cpu 0, msr 53fc0d440
[    0.000000] Built 1 zonelists in Node order, mobility grouping on.  Total pages: 5160808
[    0.000000] Policy zone: Normal
[    0.000000] Kernel command line: console=ttyS0 root=/dev/sda debug earlyprintk=serial slub_debug=QUZ
[    0.000000] PID hash table entries: 4096 (order: 3, 32768 bytes)
[    0.000000] Calgary: detecting Calgary via BIOS EBDA area
[    0.000000] Calgary: Unable to locate Rio Grande table in EBDA - bailing!
[    0.000000] Memory: 5718644K/20970996K available (15275K kernel code, 1106K rwdata, 2804K rodata, 1348K init, 2476K bss, 15252352K reserved, 0K cma-reserved)
[    0.000000] Hierarchical RCU implementation.
[    0.000000] 	Additional per-CPU info printed with stalls.
[    0.000000] 	Build-time adjustment of leaf fanout to 64.
[    0.000000] 	RCU restricting CPUs from NR_CPUS=64 to nr_cpu_ids=4.
[    0.000000] RCU: Adjusting geometry for rcu_fanout_leaf=64, nr_cpu_ids=4
[    0.000000] NR_IRQS:4352 nr_irqs:456 16
[    0.000000] Console: colour VGA+ 80x25
[    0.000000] console [ttyS0] enabled
[    0.000000] console [ttyS0] enabled
[    0.000000] bootconsole [earlyser0] disabled
[    0.000000] bootconsole [earlyser0] disabled
[    0.000000] clocksource: hpet: mask: 0xffffffff max_cycles: 0xffffffff, max_idle_ns: 19112604467 ns
[    0.000000] hpet clockevent registered
[    0.000000] tsc: Detected 2659.998 MHz processor
[    0.003000] Calibrating delay loop (skipped) preset value.. 5319.99 BogoMIPS (lpj=2659998)
[    0.004022] pid_max: default: 32768 minimum: 301
[    0.005073] ACPI: Core revision 20150619
[    0.029232] ACPI: All ACPI Tables successfully acquired
[    0.030314] Security Framework initialized
[    0.031017] SELinux:  Initializing.
[    0.031637] SELinux:  Starting in permissive mode
[    0.132471] Dentry cache hash table entries: 4194304 (order: 13, 33554432 bytes)
[    0.375106] Inode-cache hash table entries: 2097152 (order: 12, 16777216 bytes)
[    0.475539] Mount-cache hash table entries: 65536 (order: 7, 524288 bytes)
[    0.478281] Mountpoint-cache hash table entries: 65536 (order: 7, 524288 bytes)
[    0.487467] Initializing cgroup subsys freezer
[    0.488215] mce: CPU supports 10 MCE banks
[    0.489071] Last level iTLB entries: 4KB 0, 2MB 0, 4MB 0
[    0.490018] Last level dTLB entries: 4KB 0, 2MB 0, 4MB 0, 1GB 0
[    0.491877] Freeing SMP alternatives memory: 4K (ffffffff82667000 - ffffffff82668000)
[    0.581447] KTSAN: enabled
[    0.581896] ktsan memory usage: 14 GB + shadow.
[    0.582011]              syncs: 13413 MB 
[    0.583011]           memblock: 13 MB 
[    0.584011]       percpu syncs: 0 MB
[    0.584583]              tasks: 0 MB
[    0.585011]       thrs (trace): 544 MB
[    0.585608]        stack depot: 512 MB
[    0.593000] ..TIMER: vector=0x30 apic1=0 pin1=2 apic2=-1 pin2=-1
[    0.593000] smpboot: CPU0: Intel QEMU Virtual CPU version 2.5+ (fam: 06, model: 06, stepping: 03)
[    0.594512] Performance Events: Broken PMU hardware detected, using software events only.
[    0.596124] Failed to access perfctr msr (MSR c2 is 0)
[    0.622541] x86: Booting SMP configuration:
[    0.623126] .... node  #0, CPUs:      #1
[    0.003000] kvm-clock: cpu 1, msr 5:3ffea041, secondary cpu clock
[    0.629377] KVM setup async PF for cpu 1
[    0.629810] kvm-stealtime: cpu 1, msr 53fc8d440
[    0.638799]  #2
[    0.003000] kvm-clock: cpu 2, msr 5:3ffea081, secondary cpu clock
[    0.644228] KVM setup async PF for cpu 2
[    0.644868] kvm-stealtime: cpu 2, msr 53fd0d440
[    0.654479]  #3
[    0.003000] kvm-clock: cpu 3, msr 5:3ffea0c1, secondary cpu clock
[    0.660159] KVM setup async PF for cpu 3
[    0.660443] x86: Booted up 1 node, 4 CPUs
[    0.660525] smpboot: Total of 4 processors activated (21279.98 BogoMIPS)
[    0.661382] kvm-stealtime: cpu 3, msr 53fd8d440
[    0.668138] ==================================================================
[    0.669000] ThreadSanitizer: data-race in multi_cpu_stop
[    0.669000] 
[    0.669000] Write at 0xffff8801925dbdd0 of size 4 by thread 18 on CPU 3:
[    0.669000]  [<ffffffff8115ff09>] multi_cpu_stop+0x159/0x1a0
[    0.669000]  [<ffffffff811602b1>] cpu_stopper_thread+0x131/0x1f0
[    0.669000]  [<ffffffff810c1356>] smpboot_thread_fn+0x206/0x270
[    0.669000]  [<ffffffff810bb9e0>] kthread+0x150/0x170
[    0.669000]  [<ffffffff81ee5e3f>] ret_from_fork+0x3f/0x70
[    0.669000] 
[    0.669000] Previous read at 0xffff8801925dbdd0 of size 4 by thread 14 on CPU 2:
[    0.669000]  [<ffffffff8115fe3f>] multi_cpu_stop+0x8f/0x1a0
[    0.669000]  [<ffffffff811602b1>] cpu_stopper_thread+0x131/0x1f0
[    0.669000]  [<ffffffff810c1356>] smpboot_thread_fn+0x206/0x270
[    0.669000]  [<ffffffff810bb9e0>] kthread+0x150/0x170
[    0.669000]  [<ffffffff81ee5e3f>] ret_from_fork+0x3f/0x70
[    0.669000] 
[    0.669000] ==================================================================
[    0.692834] ==================================================================
[    0.693000] ThreadSanitizer: data-race in cpu_stop_signal_done
[    0.693000] 
[    0.693000] Write at 0xffff8801925dbd1c of size 1 by thread 10 on CPU 1:
[    0.693000]  [<ffffffff8115fbea>] cpu_stop_signal_done+0x4a/0x70
[    0.693000]  [<ffffffff811601d6>] cpu_stopper_thread+0x56/0x1f0
[    0.693000]  [<ffffffff810c1356>] smpboot_thread_fn+0x206/0x270
[    0.693000]  [<ffffffff810bb9e0>] kthread+0x150/0x170
[    0.693000]  [<ffffffff81ee5e3f>] ret_from_fork+0x3f/0x70
[    0.693000] 
[    0.693000] Previous write at 0xffff8801925dbd1c of size 1 by thread 9 on CPU 0:
[    0.693000]  [<ffffffff8115fbea>] cpu_stop_signal_done+0x4a/0x70
[    0.693000]  [<ffffffff811601d6>] cpu_stopper_thread+0x56/0x1f0
[    0.693000]  [<ffffffff810c1356>] smpboot_thread_fn+0x206/0x270
[    0.693000]  [<ffffffff810bb9e0>] kthread+0x150/0x170
[    0.693000]  [<ffffffff81ee5e3f>] ret_from_fork+0x3f/0x70
[    0.693000] 
[    0.693000] ==================================================================
[    0.722031] devtmpfs: initialized
[    0.754560] kworker/u8:0 (26) used greatest stack depth: 12888 bytes left
[    0.755281] clocksource: jiffies: mask: 0xffffffff max_cycles: 0xffffffff, max_idle_ns: 1911260446275000 ns
[    0.763346] RTC time:  9:37:44, date: 11/01/16
[    0.773384] NET: Registered protocol family 16
[    0.803284] cpuidle: using governor ladder
[    0.810249] cpuidle: using governor menu
[    0.816421] ACPI: bus type PCI registered
[    0.822609] PCI: Using configuration type 1 for base access
[    0.836302] kworker/u8:1 (44) used greatest stack depth: 16 bytes left
[    1.083627] kworker/u8:1 (182) used greatest stack depth: 8 bytes left
[    1.473503] ACPI: Added _OSI(Module Device)
[    1.475355] ACPI: Added _OSI(Processor Device)
[    1.476185] ACPI: Added _OSI(3.0 _SCP Extensions)
[    1.477185] ACPI: Added _OSI(Processor Aggregator Device)
[    1.654929] ACPI: Interpreter enabled
[    1.656193] ACPI Exception: AE_NOT_FOUND, While evaluating Sleep State [\_S1_] (20150619/hwxface-580)
[    1.658236] ACPI Exception: AE_NOT_FOUND, While evaluating Sleep State [\_S2_] (20150619/hwxface-580)
[    1.662206] ACPI: (supports S0 S3 S4 S5)
[    1.663138] ACPI: Using IOAPIC for interrupt routing
[    1.665387] PCI: Using host bridge windows from ACPI; if necessary, use "pci=nocrs" and report a bug
[    2.143701] ACPI: PCI Root Bridge [PCI0] (domain 0000 [bus 00-ff])
[    2.145277] acpi PNP0A03:00: _OSC: OS supports [ASPM ClockPM Segments MSI]
[    2.147166] acpi PNP0A03:00: _OSC failed (AE_NOT_FOUND); disabling ASPM
[    2.149468] acpi PNP0A03:00: fail to add MMCONFIG information, can't access extended PCI configuration space under this bridge.
[    2.155585] PCI host bridge to bus 0000:00
[    2.156240] pci_bus 0000:00: root bus resource [bus 00-ff]
[    2.158242] pci_bus 0000:00: root bus resource [io  0x0000-0x0cf7 window]
[    2.159259] pci_bus 0000:00: root bus resource [io  0x0d00-0xffff window]
[    2.161233] pci_bus 0000:00: root bus resource [mem 0x000a0000-0x000bffff window]
[    2.163252] pci_bus 0000:00: root bus resource [mem 0xc0000000-0xfebfffff window]
[    2.165221] pci 0000:00:00.0: [8086:1237] type 00 class 0x060000
[    2.180274] pci 0000:00:01.0: [8086:7000] type 00 class 0x060100
[    2.198312] pci 0000:00:01.1: [8086:7010] type 00 class 0x010180
[    2.205205] pci 0000:00:01.1: reg 0x20: [io  0xc040-0xc04f]
[    2.208650] pci 0000:00:01.1: legacy IDE quirk: reg 0x10: [io  0x01f0-0x01f7]
[    2.210178] pci 0000:00:01.1: legacy IDE quirk: reg 0x14: [io  0x03f6]
[    2.212174] pci 0000:00:01.1: legacy IDE quirk: reg 0x18: [io  0x0170-0x0177]
[    2.213241] pci 0000:00:01.1: legacy IDE quirk: reg 0x1c: [io  0x0376]
[    2.226940] pci 0000:00:01.3: [8086:7113] type 00 class 0x068000
[    2.230929] pci 0000:00:01.3: quirk: [io  0x0600-0x063f] claimed by PIIX4 ACPI
[    2.233244] pci 0000:00:01.3: quirk: [io  0x0700-0x070f] claimed by PIIX4 SMB
[    2.248610] pci 0000:00:02.0: [1234:1111] type 00 class 0x030000
[    2.254222] pci 0000:00:02.0: reg 0x10: [mem 0xfd000000-0xfdffffff pref]
[    2.258926] pci 0000:00:02.0: reg 0x18: [mem 0xfebf0000-0xfebf0fff]
[    2.268200] pci 0000:00:02.0: reg 0x30: [mem 0xfebe0000-0xfebeffff pref]
[    2.283823] pci 0000:00:03.0: [8086:100e] type 00 class 0x020000
[    2.286795] pci 0000:00:03.0: reg 0x10: [mem 0xfebc0000-0xfebdffff]
[    2.289823] pci 0000:00:03.0: reg 0x14: [io  0xc000-0xc03f]
[    2.300222] pci 0000:00:03.0: reg 0x30: [mem 0xfeb80000-0xfebbffff pref]
[    2.358857] ACPI: PCI Interrupt Link [LNKA] (IRQs 5 *10 11)
[    2.366667] ACPI: PCI Interrupt Link [LNKB] (IRQs 5 *10 11)
[    2.374589] ACPI: PCI Interrupt Link [LNKC] (IRQs 5 10 *11)
[    2.382544] ACPI: PCI Interrupt Link [LNKD] (IRQs 5 10 *11)
[    2.387199] ACPI: PCI Interrupt Link [LNKS] (IRQs *9)
[    2.428714] ACPI: Enabled 16 GPEs in block 00 to 0F
[    2.440250] vgaarb: setting as boot device: PCI:0000:00:02.0
[    2.441000] vgaarb: device added: PCI:0000:00:02.0,decodes=io+mem,owns=io+mem,locks=none
[    2.443174] vgaarb: loaded
[    2.443723] vgaarb: bridge control possible 0000:00:02.0
[    2.455640] SCSI subsystem initialized
[    2.461335] libata version 3.00 loaded.
[    2.468641] ACPI: bus type USB registered
[    2.473205] usbcore: registered new interface driver usbfs
[    2.476175] usbcore: registered new interface driver hub
[    2.479364] usbcore: registered new device driver usb
[    2.484216] pps_core: LinuxPPS API ver. 1 registered
[    2.485200] pps_core: Software ver. 5.3.6 - Copyright 2005-2007 Rodolfo Giometti <giometti@linux.it>
[    2.488066] PTP clock support registered
[    2.497548] Advanced Linux Sound Architecture Driver Initialized.
[    2.502259] PCI: Using ACPI for IRQ routing
[    2.503187] PCI: pci_cache_line_size set to 64 bytes
[    2.504578] e820: reserve RAM buffer [mem 0x0009fc00-0x0009ffff]
[    2.506201] e820: reserve RAM buffer [mem 0xbffdf000-0xbfffffff]
[    2.529762] NetLabel: Initializing
[    2.531194] NetLabel:  domain hash size = 128
[    2.532163] NetLabel:  protocols = UNLABELED CIPSOv4
[    2.534662] NetLabel:  unlabeled traffic allowed by default
[    2.542714] HPET: 3 timers in total, 0 timers will be used for per-cpu timer
[    2.544221] hpet0: at MMIO 0xfed00000, IRQs 2, 8, 0
[    2.545651] hpet0: 3 comparators, 64-bit 100.000000 MHz counter
[    2.557583] clocksource: Switched to clocksource kvm-clock
[    3.934375] pnp: PnP ACPI init
[    3.939728] pnp 00:00: Plug and Play ACPI device, IDs PNP0b00 (active)
[    3.944769] pnp 00:01: Plug and Play ACPI device, IDs PNP0303 (active)
[    3.949984] pnp 00:02: Plug and Play ACPI device, IDs PNP0f13 (active)
[    3.952706] pnp 00:03: [dma 2]
[    3.955864] pnp 00:03: Plug and Play ACPI device, IDs PNP0700 (active)
[    3.961949] pnp 00:04: Plug and Play ACPI device, IDs PNP0400 (active)
[    3.967903] pnp 00:05: Plug and Play ACPI device, IDs PNP0501 (active)
[    3.988666] pnp: PnP ACPI: found 6 devices
[    4.258311] clocksource: acpi_pm: mask: 0xffffff max_cycles: 0xffffff, max_idle_ns: 2085701024 ns
[    4.260416] pci_bus 0000:00: resource 4 [io  0x0000-0x0cf7 window]
[    4.261723] pci_bus 0000:00: resource 5 [io  0x0d00-0xffff window]
[    4.263302] pci_bus 0000:00: resource 6 [mem 0x000a0000-0x000bffff window]
[    4.264743] pci_bus 0000:00: resource 7 [mem 0xc0000000-0xfebfffff window]
[    4.268510] NET: Registered protocol family 2
[    4.340825] TCP established hash table entries: 262144 (order: 9, 2097152 bytes)
[    4.398589] TCP bind hash table entries: 65536 (order: 8, 1048576 bytes)
[    4.410882] TCP: Hash tables configured (established 262144 bind 65536)
[    4.428717] UDP hash table entries: 16384 (order: 7, 524288 bytes)
[    4.452876] UDP-Lite hash table entries: 16384 (order: 7, 524288 bytes)
[    4.465635] NET: Registered protocol family 1
[    4.473689] RPC: Registered named UNIX socket transport module.
[    4.474980] RPC: Registered udp transport module.
[    4.476290] RPC: Registered tcp transport module.
[    4.477526] RPC: Registered tcp NFSv4.1 backchannel transport module.
[    4.478957] pci 0000:00:00.0: Limiting direct PCI/PCI transfers
[    4.480408] pci 0000:00:01.0: PIIX3: Enabling Passive Release
[    4.481924] pci 0000:00:01.0: Activating ISA DMA hang workarounds
[    4.483652] pci 0000:00:02.0: Video device with shadowed ROM
[    4.485306] PCI: CLS 0 bytes, default 64
[    4.492853] PCI-DMA: Using software bounce buffering for IO (SWIOTLB)
[    4.494374] software IO TLB [mem 0xbbfdf000-0xbffdf000] (64MB) mapped at [ffff8800bbfdf000-ffff8800bffdefff]
[    4.501929] microcode: CPU0 sig=0x663, pf=0x1, revision=0x1
[    4.503555] microcode: CPU1 sig=0x663, pf=0x1, revision=0x1
[    4.505579] microcode: CPU2 sig=0x663, pf=0x1, revision=0x1
[    4.506750] microcode: CPU3 sig=0x663, pf=0x1, revision=0x1
[    4.512775] microcode: Microcode Update Driver: v2.00 <tigran@aivazian.fsnet.co.uk>, Peter Oruba
[    4.551842] Scanning for low memory corruption every 60 seconds
[    4.588982] futex hash table entries: 1024 (order: 4, 65536 bytes)
[    4.592391] audit: initializing netlink subsys (disabled)
[    4.594490] audit: type=2000 audit(1477993068.729:1): initialized
[    4.613745] HugeTLB registered 2 MB page size, pre-allocated 0 pages
[    4.625435] VFS: Disk quotas dquot_6.6.0
[    4.627805] VFS: Dquot-cache hash table entries: 512 (order 0, 4096 bytes)
[    4.647291] NFS: Registering the id_resolver key type
[    4.649401] Key type id_resolver registered
[    4.650460] Key type id_legacy registered
[    4.656780] 9p: Installing v9fs 9p2000 file system support
[    4.661756] SELinux:  Registering netfilter hooks
[    4.734654] Block layer SCSI generic (bsg) driver version 0.4 loaded (major 251)
[    4.736518] io scheduler noop registered
[    4.737660] io scheduler deadline registered
[    4.739669] io scheduler cfq registered (default)
[    4.747662] pci_hotplug: PCI Hot Plug PCI Core version: 0.5
[    4.762923] input: Power Button as /devices/LNXSYSTM:00/LNXPWRBN:00/input/input0
[    4.764720] ACPI: Power Button [PWRF]
[    4.802021] Serial: 8250/16550 driver, 4 ports, IRQ sharing enabled
[    4.830524] 00:05: ttyS0 at I/O 0x3f8 (irq = 4, base_baud = 115200) is a 16550A
[    4.880703] Non-volatile memory driver v1.3
[    4.885906] Linux agpgart interface v0.103
[    4.899628] [drm] Initialized drm 1.1.0 20060810
[    5.101995] loop: module loaded
[    5.116847] ata_piix 0000:00:01.1: version 2.13
[    5.166971] scsi host0: ata_piix
[    5.178563] scsi host1: ata_piix
[    5.187535] ata1: PATA max MWDMA2 cmd 0x1f0 ctl 0x3f6 bmdma 0xc040 irq 14
[    5.189047] ata2: PATA max MWDMA2 cmd 0x170 ctl 0x376 bmdma 0xc048 irq 15
[    5.191871] ==================================================================
[    5.192733] ThreadSanitizer: data-race in scsi_error_handler
[    5.192733] 
[    5.192733] Read at 0xffff8800bba529a9 of size 1 by thread 744 on CPU 2:
[    5.192733]  [<ffffffff8189d67d>] scsi_error_handler+0x12d/0x9b0
[    5.192733]  [<ffffffff810bb9e0>] kthread+0x150/0x170
[    5.192733]  [<ffffffff81ee5e3f>] ret_from_fork+0x3f/0x70
[    5.192733] 
[    5.192733] Previous write at 0xffff8800bba529a9 of size 2 by thread 1 on CPU 2:
[    5.192733]  [<ffffffff818dfbf2>] ata_scsi_add_hosts+0x1d2/0x320
[    5.199932] e100: Intel(R) PRO/100 Network Driver, 3.5.24-k2-NAPI
[    5.199965] e100: Copyright(c) 1999-2006 Intel Corporation
[    5.201755] e1000: Intel(R) PRO/1000 Network Driver - version 7.3.21-k8-NAPI
[    5.201789] e1000: Copyright (c) 1999-2006 Intel Corporation.
[    5.192733]  [<ffffffff818d716c>] ata_host_register+0x1fc/0x440
[    5.192733]  [<ffffffff818eec43>] ata_pci_sff_activate_host+0xa3/0x2b0
[    5.192733]  [<ffffffff819009ee>] piix_init_one+0x5ee/0xe50
[    5.192733]  [<ffffffff815a16be>] local_pci_probe+0x7e/0xe0
[    5.192733]  [<ffffffff815a3b91>] pci_device_probe+0x151/0x190
[    5.192733]  [<ffffffff8185918a>] driver_probe_device+0x1ea/0x470
[    5.192733]  [<ffffffff818594d4>] __driver_attach+0xc4/0xd0
[    5.192733]  [<ffffffff81855dd3>] bus_for_each_dev+0x93/0xe0
[    5.192733]  [<ffffffff818586f3>] driver_attach+0x33/0x50
[    5.192733]  [<ffffffff81858039>] bus_add_driver+0x1f9/0x320
[    5.192733]  [<ffffffff8185a2bb>] driver_register+0xdb/0x190
[    5.192733]  [<ffffffff815a0cf8>] __pci_register_driver+0xb8/0xd0
[    5.192733]  [<ffffffff82595ea5>] piix_init+0x24/0x4b
[    5.192733]  [<ffffffff81000337>] do_one_initcall+0xb7/0x210
[    5.192733]  [<ffffffff8252e9f8>] kernel_init_freeable+0x2b5/0x380
[    5.192733]  [<ffffffff81ed2166>] kernel_init+0x16/0x140
[    5.192733]  [<ffffffff81ee5e3f>] ret_from_fork+0x3f/0x70
[    5.192733] 
[    5.192733] Mutexes locked by thread 1:
[    5.192733] Mutex 94187 is locked here:
[    5.192733]  [<ffffffff81ee2037>] mutex_lock+0x57/0x70
[    5.192733]  [<ffffffff81859484>] __driver_attach+0x74/0xd0
[    5.192733]  [<ffffffff81855dd3>] bus_for_each_dev+0x93/0xe0
[    5.192733]  [<ffffffff818586f3>] driver_attach+0x33/0x50
[    5.192733]  [<ffffffff81858039>] bus_add_driver+0x1f9/0x320
[    5.192733]  [<ffffffff8185a2bb>] driver_register+0xdb/0x190
[    5.192733]  [<ffffffff815a0cf8>] __pci_register_driver+0xb8/0xd0
[    5.192733]  [<ffffffff82595ea5>] piix_init+0x24/0x4b
[    5.192733]  [<ffffffff81000337>] do_one_initcall+0xb7/0x210
[    5.192733]  [<ffffffff8252e9f8>] kernel_init_freeable+0x2b5/0x380
[    5.192733]  [<ffffffff81ed2166>] kernel_init+0x16/0x140
[    5.192733]  [<ffffffff81ee5e3f>] ret_from_fork+0x3f/0x70
[    5.192733] 
[    5.192733] Mutex 44059 is locked here:
[    5.192733]  [<ffffffff81ee2037>] mutex_lock+0x57/0x70
[    5.192733]  [<ffffffff81859490>] __driver_attach+0x80/0xd0
[    5.192733]  [<ffffffff81855dd3>] bus_for_each_dev+0x93/0xe0
[    5.192733]  [<ffffffff818586f3>] driver_attach+0x33/0x50
[    5.192733]  [<ffffffff81858039>] bus_add_driver+0x1f9/0x320
[    5.192733]  [<ffffffff8185a2bb>] driver_register+0xdb/0x190
[    5.192733]  [<ffffffff815a0cf8>] __pci_register_driver+0xb8/0xd0
[    5.192733]  [<ffffffff82595ea5>] piix_init+0x24/0x4b
[    5.192733]  [<ffffffff81000337>] do_one_initcall+0xb7/0x210
[    5.192733]  [<ffffffff8252e9f8>] kernel_init_freeable+0x2b5/0x380
[    5.192733]  [<ffffffff81ed2166>] kernel_init+0x16/0x140
[    5.192733]  [<ffffffff81ee5e3f>] ret_from_fork+0x3f/0x70
[    5.192733] 
[    5.192733] ==================================================================
[    5.192324] ==================================================================
[    5.192324] ThreadSanitizer: data-race in scsi_error_handler
[    5.192324] 
[    5.192324] Read at 0xffff8800bb8fb0c8 of size 8 by thread 740 on CPU 1:
[    5.192324]  [<ffffffff8189d697>] scsi_error_handler+0x147/0x9b0
[    5.249887]  [<ffffffff810bb9e0>] kthread+0x150/0x170
[    5.250585]  [<ffffffff81ee5e3f>] ret_from_fork+0x3f/0x70
[    5.251638] 
[    5.252582] Previous write at 0xffff8800bb8fb0c8 of size 8 by thread 1 on CPU 0:
[    5.252707]  [<ffffffff818dfb59>] ata_scsi_add_hosts+0x139/0x320
[    5.252707]  [<ffffffff818d716c>] ata_host_register+0x1fc/0x440
[    5.255406]  [<ffffffff818eec43>] ata_pci_sff_activate_host+0xa3/0x2b0
[    5.255406]  [<ffffffff819009ee>] piix_init_one+0x5ee/0xe50
[    5.255406]  [<ffffffff815a16be>] local_pci_probe+0x7e/0xe0
[    5.255406]  [<ffffffff815a3b91>] pci_device_probe+0x151/0x190
[    5.255406]  [<ffffffff8185918a>] driver_probe_device+0x1ea/0x470
[    5.255406]  [<ffffffff818594d4>] __driver_attach+0xc4/0xd0
[    5.255406]  [<ffffffff81855dd3>] bus_for_each_dev+0x93/0xe0
[    5.255406]  [<ffffffff818586f3>] driver_attach+0x33/0x50
[    5.255406]  [<ffffffff81858039>] bus_add_driver+0x1f9/0x320
[    5.255406]  [<ffffffff8185a2bb>] driver_register+0xdb/0x190
[    5.255406]  [<ffffffff815a0cf8>] __pci_register_driver+0xb8/0xd0
[    5.255406]  [<ffffffff82595ea5>] piix_init+0x24/0x4b
[    5.255406]  [<ffffffff81000337>] do_one_initcall+0xb7/0x210
[    5.255406]  [<ffffffff8252e9f8>] kernel_init_freeable+0x2b5/0x380
[    5.255406]  [<ffffffff81ed2166>] kernel_init+0x16/0x140
[    5.255406]  [<ffffffff81ee5e3f>] ret_from_fork+0x3f/0x70
[    5.255406] 
[    5.255406] Mutexes locked by thread 1:
[    5.255406] Mutex 94187 is locked here:
[    5.255406]  [<ffffffff81ee2037>] mutex_lock+0x57/0x70
[    5.255406]  [<ffffffff81859484>] __driver_attach+0x74/0xd0
[    5.255406]  [<ffffffff81855dd3>] bus_for_each_dev+0x93/0xe0
[    5.255406]  [<ffffffff818586f3>] driver_attach+0x33/0x50
[    5.255406]  [<ffffffff81858039>] bus_add_driver+0x1f9/0x320
[    5.255406]  [<ffffffff8185a2bb>] driver_register+0xdb/0x190
[    5.255406]  [<ffffffff815a0cf8>] __pci_register_driver+0xb8/0xd0
[    5.255406]  [<ffffffff82595ea5>] piix_init+0x24/0x4b
[    5.255406]  [<ffffffff81000337>] do_one_initcall+0xb7/0x210
[    5.255406]  [<ffffffff8252e9f8>] kernel_init_freeable+0x2b5/0x380
[    5.255406]  [<ffffffff81ed2166>] kernel_init+0x16/0x140
[    5.255406]  [<ffffffff81ee5e3f>] ret_from_fork+0x3f/0x70
[    5.255406] 
[    5.255406] Mutex 44059 is locked here:
[    5.255406]  [<ffffffff81ee2037>] mutex_lock+0x57/0x70
[    5.255406]  [<ffffffff81859490>] __driver_attach+0x80/0xd0
[    5.255406]  [<ffffffff81855dd3>] bus_for_each_dev+0x93/0xe0
[    5.255406]  [<ffffffff818586f3>] driver_attach+0x33/0x50
[    5.255406]  [<ffffffff81858039>] bus_add_driver+0x1f9/0x320
[    5.255406]  [<ffffffff8185a2bb>] driver_register+0xdb/0x190
[    5.255406]  [<ffffffff815a0cf8>] __pci_register_driver+0xb8/0xd0
[    5.255406]  [<ffffffff82595ea5>] piix_init+0x24/0x4b
[    5.255406]  [<ffffffff81000337>] do_one_initcall+0xb7/0x210
[    5.255406]  [<ffffffff8252e9f8>] kernel_init_freeable+0x2b5/0x380
[    5.255406]  [<ffffffff81ed2166>] kernel_init+0x16/0x140
[    5.255406]  [<ffffffff81ee5e3f>] ret_from_fork+0x3f/0x70
[    5.255406] 
[    5.255406] ==================================================================
[    5.398589] ata2.01: NODEV after polling detection
[    5.400779] ata2.00: ATAPI: QEMU DVD-ROM, 2.5+, max UDMA/100
[    5.403758] ata2.00: configured for MWDMA2
[    5.455571] ata1.01: NODEV after polling detection
[    5.458018] ata1.00: ATA-7: QEMU HARDDISK, 2.5+, max UDMA/100
[    5.459809] ata1.00: 2099200 sectors, multi 16: LBA48 
[    5.463457] ata1.00: configured for MWDMA2
[    5.468808] scsi 0:0:0:0: Direct-Access     ATA      QEMU HARDDISK    2.5+ PQ: 0 ANSI: 5
[    5.486806] sd 0:0:0:0: [sda] 2099200 512-byte logical blocks: (1.07 GB/1.00 GiB)
[    5.492698] sd 0:0:0:0: Attached scsi generic sg0 type 0
[    5.494641] sd 0:0:0:0: [sda] Write Protect is off
[    5.495823] sd 0:0:0:0: [sda] Mode Sense: 00 3a 00 00
[    5.499819] tsc: Refined TSC clocksource calibration: 2659.990 MHz
[    5.501567] clocksource: tsc: mask: 0xffffffffffffffff max_cycles: 0x26579a4f84f, max_idle_ns: 440795241742 ns
[    5.504756] scsi 1:0:0:0: CD-ROM            QEMU     QEMU DVD-ROM     2.5+ PQ: 0 ANSI: 5
[    5.505326] sd 0:0:0:0: [sda] Write cache: enabled, read cache: enabled, doesn't support DPO or FUA
[    5.536577] sr 1:0:0:0: [sr0] scsi3-mmc drive: 4x/4x cd/rw xa/form2 tray
[    5.538285] cdrom: Uniform CD-ROM driver Revision: 3.20
[    5.546874] sd 0:0:0:0: [sda] Attached SCSI disk
[    5.555703] sr 1:0:0:0: Attached scsi CD-ROM sr0
[    5.566703] sr 1:0:0:0: Attached scsi generic sg1 type 5
[   12.429292] ACPI: PCI Interrupt Link [LNKC] enabled at IRQ 11
[   12.863602] e1000 0000:00:03.0 eth0: (PCI:33MHz:32-bit) 52:54:00:12:34:56
[   12.865611] e1000 0000:00:03.0 eth0: Intel(R) PRO/1000 Network Connection
[   12.870501] sky2: driver version 1.30
[   12.887893] ehci_hcd: USB 2.0 'Enhanced' Host Controller (EHCI) Driver
[   12.889562] ehci-pci: EHCI PCI platform driver
[   12.892639] ohci_hcd: USB 1.1 'Open' Host Controller (OHCI) Driver
[   12.894696] ohci-pci: OHCI PCI platform driver
[   12.897457] uhci_hcd: USB Universal Host Controller Interface driver
[   12.902530] usbcore: registered new interface driver usblp
[   12.905740] usbcore: registered new interface driver usb-storage
[   12.910480] i8042: PNP: PS/2 Controller [PNP0303:KBD,PNP0f13:MOU] at 0x60,0x64 irq 1,12
[   12.918024] serio: i8042 KBD port at 0x60,0x64 irq 1
[   12.919674] serio: i8042 AUX port at 0x60,0x64 irq 12
[   12.932529] mousedev: PS/2 mouse device common for all mice
[   12.946568] rtc_cmos 00:00: RTC can wake from S4
[   12.950945] input: AT Translated Set 2 keyboard as /devices/platform/i8042/serio0/input/input1
[   12.959458] rtc_cmos 00:00: rtc core: registered rtc_cmos as rtc0
[   12.962010] rtc_cmos 00:00: alarms up to one day, y3k, 114 bytes nvram, hpet irqs
[   12.978737] device-mapper: ioctl: 4.32.0-ioctl (2015-6-26) initialised: dm-devel@redhat.com
[   12.986671] hidraw: raw HID events driver (C) Jiri Kosina
[   12.998562] ==================================================================
[   12.999190] ThreadSanitizer: data-race in psmouse_handle_byte
[   12.999190] 
[   12.999190] Write at 0xffff88018e559309 of size 1 by thread 1 on CPU 0:
[   12.999190]  [<ffffffff81a2201f>] psmouse_handle_byte+0x6f/0x250
[   12.999190]  [<ffffffff81a22385>] psmouse_interrupt+0x185/0x5d0
[   12.999190]  [<ffffffff81a097f6>] serio_interrupt+0x66/0xc0
[   12.999190]  [<ffffffff81a0b0bd>] i8042_interrupt+0x25d/0x4f0
[   12.999190]  [<ffffffff810fdf32>] handle_irq_event_percpu+0x62/0x2b0
[   12.999190]  [<ffffffff810fe21b>] handle_irq_event+0x9b/0xd0
[   12.999190]  [<ffffffff81102ecf>] handle_edge_irq+0x11f/0x370
[   12.999190]  [<ffffffff8100a15f>] handle_irq+0x9f/0x230
[   12.999190]  [<ffffffff8100946a>] do_IRQ+0x8a/0x170
[   12.999190]  [<ffffffff81ee658a>] common_interrupt+0x8a/0x8f
[   12.999190]  [<ffffffff81ee690a>] apic_timer_interrupt+0x8a/0xa0
[   12.999190] 
[   12.999190] Previous atomic read at 0xffff88018e559309 of size 1 by thread 402 on CPU 1:
[   12.999190]  [<ffffffff81a33fc8>] cypress_send_ext_cmd+0x348/0x570
[   12.999190]  [<ffffffff81a342ba>] cypress_detect+0x2a/0xb0
[   12.999190]  [<ffffffff81a22dde>] psmouse_extensions+0x23e/0x480
[   12.999190]  [<ffffffff81a232cb>] psmouse_switch_protocol+0x2ab/0x330
[   12.999190]  [<ffffffff81a242f8>] psmouse_connect+0x2e8/0x450
[   12.999190]  [<ffffffff81a09a57>] serio_driver_probe+0x57/0x80
[   12.999190]  [<ffffffff8185918a>] driver_probe_device+0x1ea/0x470
[   12.999190]  [<ffffffff818594d4>] __driver_attach+0xc4/0xd0
[   12.999190]  [<ffffffff81855dd3>] bus_for_each_dev+0x93/0xe0
[   12.999190]  [<ffffffff818586f3>] driver_attach+0x33/0x50
[   12.999190]  [<ffffffff81a0a48b>] serio_handle_event+0x2eb/0x3e0
[   12.999190]  [<ffffffff810b1d1e>] process_one_work+0x47e/0x930
[   12.999190]  [<ffffffff810b2280>] worker_thread+0xb0/0x900
[   12.999190]  [<ffffffff810bb9e0>] kthread+0x150/0x170
[   12.999190]  [<ffffffff81ee5e3f>] ret_from_fork+0x3f/0x70
[   12.999190] 
[   12.999190] Mutexes locked by thread 1:
[   12.999190] Mutex 105738 is locked here:
[   12.999190]  [<ffffffff81ee57b4>] _raw_spin_lock_irqsave+0x64/0x80
[   12.999190]  [<ffffffff81a097c2>] serio_interrupt+0x32/0xc0
[   12.999190]  [<ffffffff81a0b0bd>] i8042_interrupt+0x25d/0x4f0
[   12.999190]  [<ffffffff810fdf32>] handle_irq_event_percpu+0x62/0x2b0
[   12.999190]  [<ffffffff810fe21b>] handle_irq_event+0x9b/0xd0
[   12.999190]  [<ffffffff81102ecf>] handle_edge_irq+0x11f/0x370
[   12.999190]  [<ffffffff8100a15f>] handle_irq+0x9f/0x230
[   12.999190]  [<ffffffff8100946a>] do_IRQ+0x8a/0x170
[   12.999190]  [<ffffffff81ee658a>] common_interrupt+0x8a/0x8f
[   12.999190]  [<ffffffff81ee690a>] apic_timer_interrupt+0x8a/0xa0
[   12.999190] 
[   12.999190] Mutexes locked by thread 402:
[   12.999190] Mutex 103377 is locked here:
[   12.999190]  [<ffffffff81ee2037>] mutex_lock+0x57/0x70
[   12.999190]  [<ffffffff81a0a1c6>] serio_handle_event+0x26/0x3e0
[   12.999190]  [<ffffffff810b1d1e>] process_one_work+0x47e/0x930
[   12.999190]  [<ffffffff810b2280>] worker_thread+0xb0/0x900
[   12.999190]  [<ffffffff810bb9e0>] kthread+0x150/0x170
[   12.999190]  [<ffffffff81ee5e3f>] ret_from_fork+0x3f/0x70
[   12.999190] 
[   12.999190] Mutex 103359 is locked here:
[   12.999190]  [<ffffffff81ee2037>] mutex_lock+0x57/0x70
[   12.999190]  [<ffffffff81859484>] __driver_attach+0x74/0xd0
[   12.999190]  [<ffffffff81855dd3>] bus_for_each_dev+0x93/0xe0
[   12.999190]  [<ffffffff818586f3>] driver_attach+0x33/0x50
[   12.999190]  [<ffffffff81a0a48b>] serio_handle_event+0x2eb/0x3e0
[   12.999190]  [<ffffffff810b1d1e>] process_one_work+0x47e/0x930
[   12.999190]  [<ffffffff810b2280>] worker_thread+0xb0/0x900
[   12.999190]  [<ffffffff810bb9e0>] kthread+0x150/0x170
[   12.999190]  [<ffffffff81ee5e3f>] ret_from_fork+0x3f/0x70
[   12.999190] 
[   12.999190] Mutex 103395 is locked here:
[   12.999190]  [<ffffffff81ee2037>] mutex_lock+0x57/0x70
[   12.999190]  [<ffffffff81859490>] __driver_attach+0x80/0xd0
[   12.999190]  [<ffffffff81855dd3>] bus_for_each_dev+0x93/0xe0
[   12.999190]  [<ffffffff818586f3>] driver_attach+0x33/0x50
[   12.999190]  [<ffffffff81a0a48b>] serio_handle_event+0x2eb/0x3e0
[   12.999190]  [<ffffffff810b1d1e>] process_one_work+0x47e/0x930
[   12.999190]  [<ffffffff810b2280>] worker_thread+0xb0/0x900
[   12.999190]  [<ffffffff810bb9e0>] kthread+0x150/0x170
[   12.999190]  [<ffffffff81ee5e3f>] ret_from_fork+0x3f/0x70
[   12.999190] 
[   12.999190] Mutex 105736 is locked here:
[   12.999190]  [<ffffffff81ee2037>] mutex_lock+0x57/0x70
[   12.999190]  [<ffffffff81a09a44>] serio_driver_probe+0x44/0x80
[   12.999190]  [<ffffffff8185918a>] driver_probe_device+0x1ea/0x470
[   12.999190]  [<ffffffff818594d4>] __driver_attach+0xc4/0xd0
[   12.999190]  [<ffffffff81855dd3>] bus_for_each_dev+0x93/0xe0
[   12.999190]  [<ffffffff818586f3>] driver_attach+0x33/0x50
[   12.999190]  [<ffffffff81a0a48b>] serio_handle_event+0x2eb/0x3e0
[   12.999190]  [<ffffffff810b1d1e>] process_one_work+0x47e/0x930
[   12.999190]  [<ffffffff810b2280>] worker_thread+0xb0/0x900
[   12.999190]  [<ffffffff810bb9e0>] kthread+0x150/0x170
[   12.999190]  [<ffffffff81ee5e3f>] ret_from_fork+0x3f/0x70
[   12.999190] 
[   12.999190] Mutex 105749 is locked here:
[   12.999190]  [<ffffffff81ee2037>] mutex_lock+0x57/0x70
[   12.999190]  [<ffffffff81a2403d>] psmouse_connect+0x2d/0x450
[   12.999190]  [<ffffffff81a09a57>] serio_driver_probe+0x57/0x80
[   12.999190]  [<ffffffff8185918a>] driver_probe_device+0x1ea/0x470
[   12.999190]  [<ffffffff818594d4>] __driver_attach+0xc4/0xd0
[   12.999190]  [<ffffffff81855dd3>] bus_for_each_dev+0x93/0xe0
[   12.999190]  [<ffffffff818586f3>] driver_attach+0x33/0x50
[   12.999190]  [<ffffffff81a0a48b>] serio_handle_event+0x2eb/0x3e0
[   12.999190]  [<ffffffff810b1d1e>] process_one_work+0x47e/0x930
[   12.999190]  [<ffffffff810b2280>] worker_thread+0xb0/0x900
[   12.999190]  [<ffffffff810bb9e0>] kthread+0x150/0x170
[   12.999190]  [<ffffffff81ee5e3f>] ret_from_fork+0x3f/0x70
[   12.999190] 
[   12.999190] Mutex 105751 is locked here:
[   12.999190]  [<ffffffff81ee2037>] mutex_lock+0x57/0x70
[   12.999190]  [<ffffffff81a0d12e>] ps2_begin_command+0x1e/0x50
[   12.999190]  [<ffffffff81a33d8e>] cypress_send_ext_cmd+0x10e/0x570
[   12.999190]  [<ffffffff81a342ba>] cypress_detect+0x2a/0xb0
[   12.999190]  [<ffffffff81a22dde>] psmouse_extensions+0x23e/0x480
[   12.999190]  [<ffffffff81a232cb>] psmouse_switch_protocol+0x2ab/0x330
[   12.999190]  [<ffffffff81a242f8>] psmouse_connect+0x2e8/0x450
[   12.999190]  [<ffffffff81a09a57>] serio_driver_probe+0x57/0x80
[   12.999190]  [<ffffffff8185918a>] driver_probe_device+0x1ea/0x470
[   12.999190]  [<ffffffff818594d4>] __driver_attach+0xc4/0xd0
[   12.999190]  [<ffffffff81855dd3>] bus_for_each_dev+0x93/0xe0
[   12.999190]  [<ffffffff818586f3>] driver_attach+0x33/0x50
[   12.999190]  [<ffffffff81a0a48b>] serio_handle_event+0x2eb/0x3e0
[   12.999190]  [<ffffffff810b1d1e>] process_one_work+0x47e/0x930
[   12.999190]  [<ffffffff810b2280>] worker_thread+0xb0/0x900
[   12.999190]  [<ffffffff810bb9e0>] kthread+0x150/0x170
[   12.999190]  [<ffffffff81ee5e3f>] ret_from_fork+0x3f/0x70
[   12.999190] 
[   12.999190] Mutex 104648 is locked here:
[   12.999190]  [<ffffffff81ee2037>] mutex_lock+0x57/0x70
[   12.999190]  [<ffffffff81a0aa39>] i8042_lock_chip+0x19/0x20
[   12.999190]  [<ffffffff81a0d147>] ps2_begin_command+0x37/0x50
[   12.999190]  [<ffffffff81a33d8e>] cypress_send_ext_cmd+0x10e/0x570
[   12.999190]  [<ffffffff81a342ba>] cypress_detect+0x2a/0xb0
[   12.999190]  [<ffffffff81a22dde>] psmouse_extensions+0x23e/0x480
[   12.999190]  [<ffffffff81a232cb>] psmouse_switch_protocol+0x2ab/0x330
[   12.999190]  [<ffffffff81a242f8>] psmouse_connect+0x2e8/0x450
[   12.999190]  [<ffffffff81a09a57>] serio_driver_probe+0x57/0x80
[   12.999190]  [<ffffffff8185918a>] driver_probe_device+0x1ea/0x470
[   12.999190]  [<ffffffff818594d4>] __driver_attach+0xc4/0xd0
[   12.999190]  [<ffffffff81855dd3>] bus_for_each_dev+0x93/0xe0
[   12.999190]  [<ffffffff818586f3>] driver_attach+0x33/0x50
[   12.999190]  [<ffffffff81a0a48b>] serio_handle_event+0x2eb/0x3e0
[   12.999190]  [<ffffffff810b1d1e>] process_one_work+0x47e/0x930
[   12.999190]  [<ffffffff810b2280>] worker_thread+0xb0/0x900
[   12.999190]  [<ffffffff810bb9e0>] kthread+0x150/0x170
[   12.999190]  [<ffffffff81ee5e3f>] ret_from_fork+0x3f/0x70
[   12.999190] 
[   12.999190] ==================================================================
[   13.151973] usbcore: registered new interface driver usbhid
[   13.153397] usbhid: USB HID core driver
[   13.195876] Netfilter messages via NETLINK v0.30.
[   13.198773] nf_conntrack version 0.5.0 (65536 buckets, 262144 max)
[   13.212793] ctnetlink v0.93: registering with nfnetlink.
[   13.220841] ip_tables: (C) 2000-2006 Netfilter Core Team
[   13.223979] Initializing XFRM netlink socket
[   13.227525] NET: Registered protocol family 10
[   13.245508] ip6_tables: (C) 2000-2006 Netfilter Core Team
[   13.249002] sit: IPv6 over IPv4 tunneling driver
[   13.265570] NET: Registered protocol family 17
[   13.267943] 9pnet: Installing 9P2000 support
[   13.270597] Key type dns_resolver registered
[   13.319830] registered taskstats version 1
[   13.333707]   Magic number: 8:638:625
[   13.335876] console [netcon0] enabled
[   13.336997] netconsole: network logging started
[   13.355754] PM: Hibernation image not present or could not be loaded.
[   13.357582] ALSA device list:
[   13.358534]   No soundcards found.
[   13.633770] input: ImExPS/2 Generic Explorer Mouse as /devices/platform/i8042/serio1/input/input3
[   13.646831] md: Waiting for all devices to be available before autodetect
[   13.648514] md: If you don't use raid, use raid=noautodetect
[   13.669803] md: Autodetecting RAID arrays.
[   13.670902] md: Scanned 0 and added 0 devices.
[   13.671987] md: autorun ...
[   13.672958] md: ... autorun DONE.
[   13.682799] EXT4-fs (sda): couldn't mount as ext3 due to feature incompatibilities
[   13.690448] EXT4-fs (sda): couldn't mount as ext2 due to feature incompatibilities
[   13.761764] ==================================================================
[   13.762420] ThreadSanitizer: data-race in jbd2_journal_load
[   13.762420] 
[   13.762420] Write at 0xffff8800bb871800 of size 8 by thread 1 on CPU 2:
[   13.762420]  [<ffffffff813cf6ad>] jbd2_journal_load+0x30d/0x500
[   13.762420]  [<ffffffff8137dbd8>] ext4_fill_super+0x38f8/0x53e0
[   13.762420]  [<ffffffff8126c272>] mount_bdev+0x1d2/0x230
[   13.762420]  [<ffffffff813605d8>] ext4_mount+0x38/0x50
[   13.762420]  [<ffffffff8126d18d>] mount_fs+0x5d/0x1c0
[   13.762420]  [<ffffffff8129bb1f>] vfs_kern_mount+0x6f/0x240
[   13.762420]  [<ffffffff8129ff35>] do_mount+0x275/0x1450
[   13.762420]  [<ffffffff812a1683>] SyS_mount+0xa3/0x100
[   13.762420]  [<ffffffff8252f010>] mount_block_root+0x1ab/0x2f6
[   13.762420]  [<ffffffff8252f2c9>] mount_root+0x16e/0x182
[   13.762420]  [<ffffffff8252f4a8>] prepare_namespace+0x1cb/0x20a
[   13.762420]  [<ffffffff8252eaa5>] kernel_init_freeable+0x362/0x380
[   13.762420]  [<ffffffff81ed2166>] kernel_init+0x16/0x140
[   13.762420]  [<ffffffff81ee5e3f>] ret_from_fork+0x3f/0x70
[   13.762420] 
[   13.762420] Previous read at 0xffff8800bb871800 of size 8 by thread 875 on CPU 2:
[   13.762420]  [<ffffffff813ccb63>] kjournald2+0x363/0x420
[   13.762420]  [<ffffffff810bb9e0>] kthread+0x150/0x170
[   13.762420]  [<ffffffff81ee5e3f>] ret_from_fork+0x3f/0x70
[   13.762420] 
[   13.762420] Mutexes locked by thread 1:
[   13.762420] Mutex 111973 is locked here:
[   13.762420]  [<ffffffff81ee2975>] down_write+0x65/0x80
[   13.762420]  [<ffffffff8126bbd0>] sget+0x290/0x5b0
[   13.762420]  [<ffffffff8126c174>] mount_bdev+0xd4/0x230
[   13.762420]  [<ffffffff813605d8>] ext4_mount+0x38/0x50
[   13.762420]  [<ffffffff8126d18d>] mount_fs+0x5d/0x1c0
[   13.762420]  [<ffffffff8129bb1f>] vfs_kern_mount+0x6f/0x240
[   13.762420]  [<ffffffff8129ff35>] do_mount+0x275/0x1450
[   13.762420]  [<ffffffff812a1683>] SyS_mount+0xa3/0x100
[   13.762420]  [<ffffffff8252f010>] mount_block_root+0x1ab/0x2f6
[   13.762420]  [<ffffffff8252f2c9>] mount_root+0x16e/0x182
[   13.762420]  [<ffffffff8252f4a8>] prepare_namespace+0x1cb/0x20a
[   13.762420]  [<ffffffff8252eaa5>] kernel_init_freeable+0x362/0x380
[   13.762420]  [<ffffffff81ed2166>] kernel_init+0x16/0x140
[   13.762420]  [<ffffffff81ee5e3f>] ret_from_fork+0x3f/0x70
[   13.762420] 
[   13.762420] Mutexes locked by thread 875:
[   13.762420] Mutex 112232 is locked here:
[   13.762420]  [<ffffffff81ee5568>] _raw_write_lock+0x58/0x70
[   13.762420]  [<ffffffff813cc8b9>] kjournald2+0xb9/0x420
[   13.762420]  [<ffffffff810bb9e0>] kthread+0x150/0x170
[   13.762420]  [<ffffffff81ee5e3f>] ret_from_fork+0x3f/0x70
[   13.762420] 
[   13.762420] ==================================================================
[   13.808891] EXT4-fs (sda): mounted filesystem with ordered data mode. Opts: (null)
[   13.810631] VFS: Mounted root (ext4 filesystem) readonly on device 8:0.
[   13.817991] devtmpfs: mounted
[   13.837870] Freeing unused kernel memory: 1348K (ffffffff82516000 - ffffffff82667000)
[   13.839385] Write protecting the kernel read-only data: 20480k
[   13.867787] Freeing unused kernel memory: 1096K (ffff880001eee000 - ffff880002000000)
[   13.887834] Freeing unused kernel memory: 1292K (ffff8800022bd000 - ffff880002400000)
[   14.149574] ==================================================================
[   14.150437] ThreadSanitizer: data-race in flush_tlb_func
[   14.150437] 
[   14.150437] Read at 0xffff8801925dbbd0 of size 8 by thread -2 on CPU 1:
[   14.150437]  [<ffffffff81081d96>] flush_tlb_func+0x76/0x270
[   14.150437]  [<ffffffff8113ab40>] flush_smp_call_function_queue+0x70/0x1c0
[   14.150437]  [<ffffffff8113b977>] generic_smp_call_function_single_interrupt+0x17/0x80
[   14.150437]  [<ffffffff8105a398>] smp_call_function_single_interrupt+0x48/0x70
[   14.150437]  [<ffffffff8105a3dd>] smp_call_function_interrupt+0x1d/0x30
[   14.150437]  [<ffffffff81ee71ca>] call_function_interrupt+0x8a/0xa0
[   14.150437] 
[   14.150437] Previous write at 0xffff8801925dbbd0 of size 8 by thread 65533 on CPU 2:
[   14.150437]  [<ffffffff81081dbc>] flush_tlb_func+0x9c/0x270
[   14.150437]  [<ffffffff8113ab40>] flush_smp_call_function_queue+0x70/0x1c0
[   14.150437]  [<ffffffff8113b977>] generic_smp_call_function_single_interrupt+0x17/0x80
[   14.150437]  [<ffffffff8105a398>] smp_call_function_single_interrupt+0x48/0x70
[   14.150437]  [<ffffffff8105a3dd>] smp_call_function_interrupt+0x1d/0x30
[   14.150437]  [<ffffffff81ee71ca>] call_function_interrupt+0x8a/0xa0
[   14.150437] 
[   14.150437] ==================================================================
SELinux:  Could not open policy file <= /etc/selinux/targeted/policy/policy.29:  No such file or directory
INIT: version 2.88 booting
[   14.631841] random: nonblocking pool is initialized
[[36minfo[39;49m] Using makefile-style concurrent boot in runlevel S.
[   16.934065] ==================================================================
[   16.934150] ThreadSanitizer: data-race in uart_ioctl
[   16.934150] 
[   16.934150] Read at 0xffff88018e4b0288 of size 8 by thread 974 on CPU 2:
[   16.934150]  [<ffffffff81690656>] uart_ioctl+0x36/0x1240
[   16.934150]  [<ffffffff8165bd33>] tty_ioctl+0x4f3/0x1190
[   16.934150]  [<ffffffff812861a9>] do_vfs_ioctl+0x449/0x750
[   16.934150]  [<ffffffff81286529>] SyS_ioctl+0x79/0xa0
[   16.934150]  [<ffffffff81ee5a51>] entry_SYSCALL_64_fastpath+0x31/0x95
[   16.934150] 
[   16.934150] Previous write at 0xffff88018e4b0288 of size 8 by thread 973 on CPU 3:
[   16.934150]  [<ffffffff8169051c>] uart_open+0x12c/0x230
[   16.934150]  [<ffffffff8165e166>] tty_open+0x1c6/0x910
[   16.934150]  [<ffffffff8126e08d>] chrdev_open+0x14d/0x2b0
[   16.934150]  [<ffffffff81263a53>] do_dentry_open+0x3c3/0x570
[   16.934150]  [<ffffffff81265518>] vfs_open+0xb8/0xe0
[   16.934150]  [<ffffffff8127e66c>] path_openat+0x84c/0x2060
[   16.934150]  [<ffffffff8128188f>] do_filp_open+0xff/0x170
[   16.934150]  [<ffffffff81265a11>] do_sys_open+0x191/0x2b0
[   16.934150]  [<ffffffff81265b65>] SyS_open+0x35/0x50
[   16.934150]  [<ffffffff81ee5a51>] entry_SYSCALL_64_fastpath+0x31/0x95
[   16.934150] 
[   16.934150] Mutexes locked by thread 973:
[   16.934150] Mutex 113881 is locked here:
[   16.934150]  [<ffffffff81ee2037>] mutex_lock+0x57/0x70
[   16.934150]  [<ffffffff81ee5821>] tty_lock+0x51/0xc0
[   16.934150]  [<ffffffff8165e0c2>] tty_open+0x122/0x910
[   16.934150]  [<ffffffff8126e08d>] chrdev_open+0x14d/0x2b0
[   16.934150]  [<ffffffff81263a53>] do_dentry_open+0x3c3/0x570
[   16.934150]  [<ffffffff81265518>] vfs_open+0xb8/0xe0
[   16.934150]  [<ffffffff8127e66c>] path_openat+0x84c/0x2060
[   16.934150]  [<ffffffff8128188f>] do_filp_open+0xff/0x170
[   16.934150]  [<ffffffff81265a11>] do_sys_open+0x191/0x2b0
[   16.934150]  [<ffffffff81265b65>] SyS_open+0x35/0x50
[   16.934150]  [<ffffffff81ee5a51>] entry_SYSCALL_64_fastpath+0x31/0x95
[   16.934150] 
[   16.934150] Mutex 92093 is locked here:
[   16.934150]  [<ffffffff81ee13f2>] mutex_lock_interruptible+0x62/0xa0
[   16.934150]  [<ffffffff816904cf>] uart_open+0xdf/0x230
[   16.934150]  [<ffffffff8165e166>] tty_open+0x1c6/0x910
[   16.934150]  [<ffffffff8126e08d>] chrdev_open+0x14d/0x2b0
[   16.934150]  [<ffffffff81263a53>] do_dentry_open+0x3c3/0x570
[   16.934150]  [<ffffffff81265518>] vfs_open+0xb8/0xe0
[   16.934150]  [<ffffffff8127e66c>] path_openat+0x84c/0x2060
[   16.934150]  [<ffffffff8128188f>] do_filp_open+0xff/0x170
[   16.934150]  [<ffffffff81265a11>] do_sys_open+0x191/0x2b0
[   16.934150]  [<ffffffff81265b65>] SyS_open+0x35/0x50
[   16.934150]  [<ffffffff81ee5a51>] entry_SYSCALL_64_fastpath+0x31/0x95
[   16.934150] 
[   16.934150] ==================================================================
[....] Starting the hotplug events dispatcher: udevd[   17.739431] udevd[990]: starting version 175
[?25l[?1c7[1G[[32m ok [39;49m8[?25h[?0c.
[....] Synthesizing the initial hotplug events...[   19.387803] ==================================================================
[   19.388556] ThreadSanitizer: data-race in poll_schedule_timeout
[   19.388556] 
[   19.388556] Atomic read at 0xffff8800baa5fc88 of size 4 by thread 1022 on CPU 3:
[   19.388556]  [<ffffffff8128742c>] poll_schedule_timeout+0x9c/0xc0
[   19.388556]  [<ffffffff812893e8>] do_sys_poll+0x6e8/0x7b0
[   19.388556]  [<ffffffff812895e9>] SyS_poll+0x69/0x1b0
[   19.388556]  [<ffffffff81ee5a51>] entry_SYSCALL_64_fastpath+0x31/0x95
[   19.388556] 
[   19.388556] Previous write at 0xffff8800baa5fc88 of size 4 by thread 1023 on CPU 0:
[   19.388556]  [<ffffffff81287747>] pollwake+0xc7/0x100
[   19.388556]  [<ffffffff810e3858>] __wake_up_common+0x48/0x80
[   19.388556]  [<ffffffff8109ed0f>] send_signal+0x3f/0x90
[   19.388556]  [<ffffffff810a159e>] do_notify_parent+0x47e/0x4c0
[   19.388556]  [<ffffffff8108e411>] do_exit+0x12a1/0x13b0
[   19.388556]  [<ffffffff810902f5>] do_group_exit+0x85/0x130
[   19.388556]  [<ffffffff810903c0>] __wake_up_parent+0x0/0x50
[   19.388556]  [<ffffffff81ee5a51>] entry_SYSCALL_64_fastpath+0x31/0x95
[   19.388556] 
[   19.388556] Mutexes locked by thread 1023:
[   19.388556] Mutex 190 is locked here:
[   19.388556]  [<ffffffff81ee5504>] _raw_write_lock_irq+0x64/0x70
[   19.388556]  [<ffffffff8108d658>] do_exit+0x4e8/0x13b0
[   19.388556]  [<ffffffff810902f5>] do_group_exit+0x85/0x130
[   19.388556]  [<ffffffff810903c0>] __wake_up_parent+0x0/0x50
[   19.388556]  [<ffffffff81ee5a51>] entry_SYSCALL_64_fastpath+0x31/0x95
[   19.388556] 
[   19.388556] Mutex 140069 is locked here:
[   19.388556]  [<ffffffff81ee57b4>] _raw_spin_lock_irqsave+0x64/0x80
[   19.388556]  [<ffffffff810a145f>] do_notify_parent+0x33f/0x4c0
[   19.388556]  [<ffffffff8108e411>] do_exit+0x12a1/0x13b0
[   19.388556]  [<ffffffff810902f5>] do_group_exit+0x85/0x130
[   19.388556]  [<ffffffff810903c0>] __wake_up_parent+0x0/0x50
[   19.388556]  [<ffffffff81ee5a51>] entry_SYSCALL_64_fastpath+0x31/0x95
[   19.388556] 
[   19.388556] Mutex 140068 is locked here:
[   19.388556]  [<ffffffff81ee57b4>] _raw_spin_lock_irqsave+0x64/0x80
[   19.388556]  [<ffffffff810e38b2>] __wake_up+0x22/0x60
[   19.388556]  [<ffffffff8109ed0f>] send_signal+0x3f/0x90
[   19.388556]  [<ffffffff810a159e>] do_notify_parent+0x47e/0x4c0
[   19.388556]  [<ffffffff8108e411>] do_exit+0x12a1/0x13b0
[   19.388556]  [<ffffffff810902f5>] do_group_exit+0x85/0x130
[   19.388556]  [<ffffffff810903c0>] __wake_up_parent+0x0/0x50
[   19.430657]  [<ffffffff81ee5a51>] entry_SYSCALL_64_fastpath+0x31/0x95
[   19.430657] 
[   19.430657] ==================================================================
[?25l[?1c7[1G[[32m ok [39;49m8[?25h[?0cdone.
[....] Waiting for /dev to be fully populated...[   23.613002] ==================================================================
[   23.613132] ThreadSanitizer: data-race in task_mem
[   23.613132] 
[   23.613132] Read at 0xffff8800baeaa970 of size 8 by thread 1154 on CPU 1:
[   23.613132]  [<ffffffff81312d53>] task_mem+0x33/0x290
[   23.613132]  [<ffffffff8131d16d>] proc_pid_status+0x73d/0xd30
[   23.613132]  [<ffffffff81316b7b>] proc_single_show+0x8b/0xd0
[   23.613132]  [<ffffffff812a2e4a>] seq_read+0x16a/0x780
[   23.613132]  [<ffffffff812662bf>] __vfs_read+0x5f/0x1e0
[   23.613132]  [<ffffffff81267207>] vfs_read+0xb7/0x1e0
[   23.613132]  [<ffffffff81268740>] SyS_read+0x70/0xd0
[   23.613132]  [<ffffffff81ee5a51>] entry_SYSCALL_64_fastpath+0x31/0x95
[   23.613132] 
[   23.613132] Previous write at 0xffff8800baeaa970 of size 8 by thread 990 on CPU 2:
[   23.613132]  [<ffffffff812229ac>] do_munmap+0x52c/0x7b0
[   23.613132]  [<ffffffff81222c81>] vm_munmap+0x51/0x70
[   23.613132]  [<ffffffff812244a9>] SyS_munmap+0x29/0x40
[   23.613132]  [<ffffffff81ee5a51>] entry_SYSCALL_64_fastpath+0x31/0x95
[   23.613132] 
[   23.613132] Mutexes locked by thread 1154:
[   23.613132] Mutex 183048 is locked here:
[   23.613132]  [<ffffffff81ee2037>] mutex_lock+0x57/0x70
[   23.613132]  [<ffffffff812a2d3c>] seq_read+0x5c/0x780
[   23.613132]  [<ffffffff812662bf>] __vfs_read+0x5f/0x1e0
[   23.613132]  [<ffffffff81267207>] vfs_read+0xb7/0x1e0
[   23.613132]  [<ffffffff81268740>] SyS_read+0x70/0xd0
[   23.613132]  [<ffffffff81ee5a51>] entry_SYSCALL_64_fastpath+0x31/0x95
[   23.613132] 
[   23.613132] Mutexes locked by thread 990:
[   23.613132] Mutex 129257 is locked here:
[   23.613132]  [<ffffffff81ee2975>] down_write+0x65/0x80
[   23.613132]  [<ffffffff81222c73>] vm_munmap+0x43/0x70
[   23.613132]  [<ffffffff812244a9>] SyS_munmap+0x29/0x40
[   23.613132]  [<ffffffff81ee5a51>] entry_SYSCALL_64_fastpath+0x31/0x95
[   23.613132] 
[   23.613132] ==================================================================
[?25l[?1c7[1G[[32m ok [39;49m8[?25h[?0cdone.
[....] Activating swap...[?25l[?1c7[1G[[32m ok [39;49m8[?25h[?0cdone.
[   28.046677] EXT4-fs (sda): re-mounted. Opts: (null)
[....] Creating compatibility symlink from /etc/mtab to /proc/mounts. ...[?25l[?1c7[1G[[33mwarn[39;49m8[?25h[?0c [33m(warning).[39;49m
[....] Cleaning up temporary files... /tmp[?25l[?1c7[1G[[32m ok [39;49m8[?25h[?0c.
[....] Activating lvm and md swap...[?25l[?1c7[1G[[32m ok [39;49m8[?25h[?0cdone.
[....] Checking file systems...fsck from util-linux 2.20.1
[?25l[?1c7[1G[[32m ok [39;49m8[?25h[?0cdone.
[....] Mounting local filesystems...[?25l[?1c7[1G[[32m ok [39;49m8[?25h[?0cdone.
[....] Activating swapfile swap...[?25l[?1c7[1G[[32m ok [39;49m8[?25h[?0cdone.
[....] Cleaning up temporary files...[?25l[?1c7[1G[[32m ok [39;49m8[?25h[?0c.
[....] Setting kernel variables ...[?25l[?1c7[1G[[32m ok [39;49m8[?25h[?0cdone.
[....] Configuring network interfaces...Internet Systems Consortium DHCP Client 4.2.2
Copyright 2004-2011 Internet Systems Consortium.
All rights reserved.
For info, please visit https://www.isc.org/software/dhcp/

[   51.898741] e1000: eth0 NIC Link is Up 1000 Mbps Full Duplex, Flow Control: RX
[   51.910947] ==================================================================
[   51.911790] ThreadSanitizer: data-race in e1000_clean
[   51.911790] 
[   51.911790] Read at 0xffff8800b9d5600c of size 4 by thread -4 on CPU 3:
[   51.911790]  [<ffffffff8194f523>] e1000_clean+0x113/0x11e0
[   51.911790]  [<ffffffff81b90f89>] net_rx_action+0x489/0x690
[   51.911790]  [<ffffffff81091c1e>] __do_softirq+0xbe/0x2f0
[   51.911790]  [<ffffffff81ee658a>] common_interrupt+0x8a/0x8f
[   51.911790] 
[   51.911790] Previous write at 0xffff8800b9d5600c of size 4 by thread -2 on CPU 1:
[   51.911790]  [<ffffffff81951bc9>] e1000_xmit_frame+0x15d9/0x1e90
[   51.911790]  [<ffffffff81b93c69>] dev_hard_start_xmit+0x499/0x700
[   51.911790]  [<ffffffff81bcabab>] sch_direct_xmit+0x21b/0x3d0
[   51.911790]  [<ffffffff81b94589>] __dev_queue_xmit+0x489/0xa50
[   51.911790]  [<ffffffff81b94b6f>] dev_queue_xmit_sk+0x1f/0x30
[   51.911790]  [<ffffffff81ba17a9>] neigh_resolve_output+0x279/0x350
[   51.911790]  [<ffffffff81ced3e4>] ip6_finish_output2+0x3d4/0xb30
[   51.911790]  [<ffffffff81cf26c4>] ip6_finish_output+0x164/0x220
[   51.911790]  [<ffffffff81cf28dc>] ip6_output+0x15c/0x220
[   51.911790]  [<ffffffff81d294a1>] NF_HOOK_THRESH.constprop.37+0x121/0x130
[   51.911790]  [<ffffffff81d29805>] mld_sendpack+0x355/0x5f0
[   51.911790]  [<ffffffff81d2bafc>] mld_ifc_timer_expire+0x27c/0x420
[   51.911790]  [<ffffffff811155fc>] call_timer_fn+0x4c/0x1b0
[   51.911790]  [<ffffffff811162e3>] run_timer_softirq+0x313/0x500
[   51.911790]  [<ffffffff81091c1e>] __do_softirq+0xbe/0x2f0
[   51.911790]  [<ffffffff81ee690a>] apic_timer_interrupt+0x8a/0xa0
[   51.911790] 
[   51.911790] Mutexes locked by thread -2:
[   51.911790] Mutex 365631 is locked here:
[   51.911790]  [<ffffffff81ee5400>] _raw_spin_lock+0x50/0x70
[   51.911790]  [<ffffffff81bcab69>] sch_direct_xmit+0x1d9/0x3d0
[   51.911790]  [<ffffffff81b94589>] __dev_queue_xmit+0x489/0xa50
[   51.911790]  [<ffffffff81b94b6f>] dev_queue_xmit_sk+0x1f/0x30
[   51.911790]  [<ffffffff81ba17a9>] neigh_resolve_output+0x279/0x350
[   51.911790]  [<ffffffff81ced3e4>] ip6_finish_output2+0x3d4/0xb30
[   51.911790]  [<ffffffff81cf26c4>] ip6_finish_output+0x164/0x220
[   51.911790]  [<ffffffff81cf28dc>] ip6_output+0x15c/0x220
[   51.911790]  [<ffffffff81d294a1>] NF_HOOK_THRESH.constprop.37+0x121/0x130
[   51.911790]  [<ffffffff81d29805>] mld_sendpack+0x355/0x5f0
[   51.911790]  [<ffffffff81d2bafc>] mld_ifc_timer_expire+0x27c/0x420
[   51.911790]  [<ffffffff811155fc>] call_timer_fn+0x4c/0x1b0
[   51.911790]  [<ffffffff811162e3>] run_timer_softirq+0x313/0x500
[   51.911790]  [<ffffffff81091c1e>] __do_softirq+0xbe/0x2f0
[   51.911790]  [<ffffffff81ee690a>] apic_timer_interrupt+0x8a/0xa0
[   51.911790] 
[   51.911790] ==================================================================
Listening on LPF/eth0/52:54:00:12:34:56
Sending on   LPF/eth0/52:54:00:12:34:56
Sending on   Socket/fallback
DHCPDISCOVER on eth0 to 255.255.255.255 port 67 interval 5
DHCPREQUEST on eth0 to 255.255.255.255 port 67
DHCPOFFER from 10.0.2.2
DHCPACK from 10.0.2.2
bound to 10.0.2.15 -- renewal in 36979 seconds.
[?25l[?1c7[1G[[32m ok [39;49m8[?25h[?0cdone.
[....] Cleaning up temporary files...[?25l[?1c7[1G[[32m ok [39;49m8[?25h[?0c.
INIT: Entering runlevel: 2
[[36minfo[39;49m] Using makefile-style concurrent boot in runlevel 2.
[   56.596893] ==================================================================
[   56.597378] ThreadSanitizer: data-race in mmap_region
[   56.597378] 
[   56.597378] Write at 0xffff8800b9e8f1b0 of size 8 by thread 2490 on CPU 2:
[   56.597378]  [<ffffffff8122360a>] mmap_region+0x21a/0xb00
[   56.597378]  [<ffffffff81224379>] do_mmap_pgoff+0x489/0x590
[   56.597378]  [<ffffffff811fe75a>] vm_mmap_pgoff+0xaa/0xe0
[   56.597378]  [<ffffffff812212bb>] SyS_mmap_pgoff+0x13b/0x2c0
[   56.597378]  [<ffffffff8100e85b>] SyS_mmap+0x5b/0x80
[   56.597378]  [<ffffffff81ee5a51>] entry_SYSCALL_64_fastpath+0x31/0x95
[   56.597378] 
[   56.597378] Previous read at 0xffff8800b9e8f1b0 of size 8 by thread 2492 on CPU 1:
[   56.597378]  [<ffffffff8117fc28>] __acct_update_integrals+0x188/0x1b0
[   56.597378]  [<ffffffff81180424>] acct_account_cputime+0x44/0x50
[   56.597378]  [<ffffffff810d590e>] account_system_time+0xbe/0x190
[   56.597378]  [<ffffffff81132a0e>] tick_sched_handle.isra.14+0x7e/0xa0
[   56.597378]  [<ffffffff811335ee>] tick_sched_timer+0x5e/0xb0
[   56.597378]  [<ffffffff81119e8e>] __hrtimer_run_queues+0x22e/0x440
[   56.597378]  [<ffffffff8111ab74>] hrtimer_interrupt+0x114/0x2d0
[   56.597378]  [<ffffffff8105d6a7>] local_apic_timer_interrupt+0x77/0xc0
[   56.597378]  [<ffffffff8105ebb6>] smp_apic_timer_interrupt+0x76/0xb0
[   56.597378]  [<ffffffff81ee690a>] apic_timer_interrupt+0x8a/0xa0
[   56.597378] 
[   56.597378] Mutexes locked by thread 2490:
[   56.597378] Mutex 258388 is locked here:
[   56.597378]  [<ffffffff81ee2975>] down_write+0x65/0x80
[   56.597378]  [<ffffffff811fe73c>] vm_mmap_pgoff+0x8c/0xe0
[   56.597378]  [<ffffffff812212bb>] SyS_mmap_pgoff+0x13b/0x2c0
[   56.597378]  [<ffffffff8100e85b>] SyS_mmap+0x5b/0x80
[   56.597378]  [<ffffffff81ee5a51>] entry_SYSCALL_64_fastpath+0x31/0x95
[   56.597378] 
[   56.597378] ==================================================================
[....] Starting enhanced syslogd: rsyslogd[?25l[?1c7[1G[[32m ok [39;49m8[?25h[?0c.
[....] Starting periodic command scheduler: cron[?25l[?1c7[1G[[32m ok [39;49m8[?25h[?0c.
[....] Starting OpenBSD Secure Shell server: sshd[?25l[?1c7[1G[[32m ok [39;49m8[?25h[?0c.
[   61.934557] ==================================================================
[   61.935077] ThreadSanitizer: data-race in pollwake
[   61.935077] 
[   61.935077] Write at 0xffff8800baf07c88 of size 4 by thread 2590 on CPU 3:
[   61.935077]  [<ffffffff81287747>] pollwake+0xc7/0x100
[   61.935077]  [<ffffffff810e3858>] __wake_up_common+0x48/0x80
[   61.935077]  [<ffffffff81ce4238>] unix_stream_sendmsg+0x328/0x710
[   61.935077]  [<ffffffff81b60bb3>] sock_sendmsg+0x83/0x90
[   61.935077]  [<ffffffff81b60cb1>] sock_write_iter+0xf1/0x1a0
[   61.935077]  [<ffffffff812665e3>] __vfs_write+0x1a3/0x1f0
[   61.935077]  [<ffffffff8126741f>] vfs_write+0xef/0x280
[   61.935077]  [<ffffffff81268810>] SyS_write+0x70/0xd0
[   61.935077]  [<ffffffff81ee5a51>] entry_SYSCALL_64_fastpath+0x31/0x95
[   61.935077] 
[   61.935077] Previous read at 0xffff8800baf07c88 of size 4 by thread 2589 on CPU 1:
[   61.935077]  [<ffffffff812873f4>] poll_schedule_timeout+0x64/0xc0
[   61.935077]  [<ffffffff812893e8>] do_sys_poll+0x6e8/0x7b0
[   61.935077]  [<ffffffff812896bd>] SyS_poll+0x13d/0x1b0
[   61.935077]  [<ffffffff81ee5a51>] entry_SYSCALL_64_fastpath+0x31/0x95
[   61.935077] 
[   61.935077] Mutexes locked by thread 2590:
[   61.935077] Mutex 413947 is locked here:
[   61.935077]  [<ffffffff81ee57b4>] _raw_spin_lock_irqsave+0x64/0x80
[   61.935077]  [<ffffffff810e3b77>] __wake_up_sync_key+0x27/0x60
[   61.935077]  [<ffffffff81ce4238>] unix_stream_sendmsg+0x328/0x710
[   61.935077]  [<ffffffff81b60bb3>] sock_sendmsg+0x83/0x90
[   61.935077]  [<ffffffff81b60cb1>] sock_write_iter+0xf1/0x1a0
[   61.935077]  [<ffffffff812665e3>] __vfs_write+0x1a3/0x1f0
[   61.935077]  [<ffffffff8126741f>] vfs_write+0xef/0x280
[   61.935077]  [<ffffffff81268810>] SyS_write+0x70/0xd0
[   61.935077]  [<ffffffff81ee5a51>] entry_SYSCALL_64_fastpath+0x31/0x95
[   61.935077] 
[   61.935077] ==================================================================
[   62.122900] kt: running test for light, case 4, T2591
[   62.122900] 
[   62.126797] kt: starting light_test_wait_signal_destroy_wait test
[   62.144578] ==================================================================
[   62.145156] ThreadSanitizer: data-race in tcp_recvmsg
[   62.145156] 
[   62.145156] Read at 0xffff8800baed78c0 of size 8 by thread 2589 on CPU 1:
[   62.145156]  [<ffffffff81c30032>] tcp_recvmsg+0x412/0x12c0
[   62.145156]  [<ffffffff81c85ed8>] inet_recvmsg+0x148/0x180
[   62.145156]  [<ffffffff81b6022a>] sock_recvmsg+0x6a/0x90
[   62.145156]  [<ffffffff81b60366>] sock_read_iter+0x116/0x180
[   62.145156]  [<ffffffff81266400>] __vfs_read+0x1a0/0x1e0
[   62.145156]  [<ffffffff81267207>] vfs_read+0xb7/0x1e0
[   62.145156]  [<ffffffff81268740>] SyS_read+0x70/0xd0
[   62.145156]  [<ffffffff81ee5a51>] entry_SYSCALL_64_fastpath+0x31/0x95
[   62.145156] 
[   62.145156] Previous write at 0xffff8800baed78c0 of size 8 by thread 19 on CPU 3:
[   62.145156]  [<ffffffff81c5eece>] tcp_v4_rcv+0x139e/0x14c0
[   62.145156]  [<ffffffff81c156a9>] ip_local_deliver_finish+0x169/0x3f0
[   62.145156]  [<ffffffff81c15c8a>] ip_local_deliver+0x15a/0x160
[   62.145156]  [<ffffffff81c14f73>] ip_rcv_finish+0xe3/0x6b0
[   62.145156]  [<ffffffff81c162d6>] ip_rcv+0x646/0x880
[   62.145156]  [<ffffffff81b8f4af>] __netif_receive_skb_core+0x54f/0x1530
[   62.145156]  [<ffffffff81b904c9>] __netif_receive_skb+0x39/0xf0
[   62.145156]  [<ffffffff81b905c5>] netif_receive_skb_internal+0x45/0x110
[   62.145156]  [<ffffffff81b91e65>] napi_gro_receive+0x115/0x150
[   62.145156]  [<ffffffff81952fe5>] e1000_clean_rx_irq+0x355/0x950
[   62.145156]  [<ffffffff8194f964>] e1000_clean+0x554/0x11e0
[   62.145156]  [<ffffffff81b90f89>] net_rx_action+0x489/0x690
[   62.145156]  [<ffffffff81091c1e>] __do_softirq+0xbe/0x2f0
[   62.145156]  [<ffffffff810bb9e0>] kthread+0x150/0x170
[   62.145156]  [<ffffffff81ee5e3f>] ret_from_fork+0x3f/0x70
[   62.145156] 
[   62.145156] Mutexes locked by thread 19:
[   62.145156] Mutex 413270 is locked here:
[   62.145156]  [<ffffffff81ee5400>] _raw_spin_lock+0x50/0x70
[   62.145156]  [<ffffffff81c5eb7d>] tcp_v4_rcv+0x104d/0x14c0
[   62.145156]  [<ffffffff81c156a9>] ip_local_deliver_finish+0x169/0x3f0
[   62.145156]  [<ffffffff81c15c8a>] ip_local_deliver+0x15a/0x160
[   62.145156]  [<ffffffff81c14f73>] ip_rcv_finish+0xe3/0x6b0
[   62.145156]  [<ffffffff81c162d6>] ip_rcv+0x646/0x880
[   62.145156]  [<ffffffff81b8f4af>] __netif_receive_skb_core+0x54f/0x1530
[   62.145156]  [<ffffffff81b904c9>] __netif_receive_skb+0x39/0xf0
[   62.145156]  [<ffffffff81b905c5>] netif_receive_skb_internal+0x45/0x110
[   62.145156]  [<ffffffff81b91e65>] napi_gro_receive+0x115/0x150
[   62.145156]  [<ffffffff81952fe5>] e1000_clean_rx_irq+0x355/0x950
[   62.145156]  [<ffffffff8194f964>] e1000_clean+0x554/0x11e0
[   62.145156]  [<ffffffff81b90f89>] net_rx_action+0x489/0x690
[   62.145156]  [<ffffffff81091c1e>] __do_softirq+0xbe/0x2f0
[   62.145156]  [<ffffffff810bb9e0>] kthread+0x150/0x170
[   62.145156]  [<ffffffff81ee5e3f>] ret_from_fork+0x3f/0x70
[   62.145156] 
[   62.145156] ==================================================================
[   62.435841] kt: end of test.
[   62.437634] 
[   62.438731] dump_desc: [100ms_wait_100ms_wait]
[   62.441408] dump_desc evts: 0
[   62.442928] dump_desc   ts: 201 302
[   62.444448] dump_desc  ret: 0 -22
[   62.445875] 
[   62.446683] dump_desc: [create_200ms_signal2_destroy]
[   62.448810] dump_desc evts: 0
[   62.450361] dump_desc   ts: 0 201 201 201
[   62.452337] dump_desc  ret: 0 0 0
[   62.453789] LIGHT_SUCCESS
[   62.456498] kt: running test for light, case 4, T2591
[   62.456498] 
[   62.459538] kt: starting light_test_wait_signal_destroy_wait test
[   62.765670] kt: end of test.
[   62.767600] 
[   62.768748] dump_desc: [100ms_wait_100ms_wait]
[   62.771276] dump_desc evts: 1
[   62.772775] dump_desc   ts: 201 302
[   62.774432] dump_desc  ret: 0 -22
[   62.775850] 
[   62.776733] dump_desc: [create_200ms_signal2_destroy]
[   62.778598] dump_desc evts: 1
[   62.779846] dump_desc   ts: 0 201 201 201
[   62.781403] dump_desc  ret: 0 0 0
[   62.782730] LIGHT_SUCCESS
[   62.787462] kt: running test for light, case 4, T2591
[   62.787462] 
[   62.789959] kt: starting light_test_wait_signal_destroy_wait test
[   62.795907] ==================================================================
[   62.796106] ThreadSanitizer: data-race in tcp_v4_rcv
[   62.796106] 
[   62.796106] Write at 0xffff8800baed78c0 of size 8 by thread 19 on CPU 3:
[   62.796106]  [<ffffffff81c5eece>] tcp_v4_rcv+0x139e/0x14c0
[   62.796106]  [<ffffffff81c156a9>] ip_local_deliver_finish+0x169/0x3f0
[   62.796106]  [<ffffffff81c15c8a>] ip_local_deliver+0x15a/0x160
[   62.796106]  [<ffffffff81c14f73>] ip_rcv_finish+0xe3/0x6b0
[   62.796106]  [<ffffffff81c162d6>] ip_rcv+0x646/0x880
[   62.796106]  [<ffffffff81b8f4af>] __netif_receive_skb_core+0x54f/0x1530
[   62.796106]  [<ffffffff81b904c9>] __netif_receive_skb+0x39/0xf0
[   62.796106]  [<ffffffff81b905c5>] netif_receive_skb_internal+0x45/0x110
[   62.796106]  [<ffffffff81b91e65>] napi_gro_receive+0x115/0x150
[   62.796106]  [<ffffffff81952fe5>] e1000_clean_rx_irq+0x355/0x950
[   62.796106]  [<ffffffff8194f964>] e1000_clean+0x554/0x11e0
[   62.796106]  [<ffffffff81b90f89>] net_rx_action+0x489/0x690
[   62.796106]  [<ffffffff81091c1e>] __do_softirq+0xbe/0x2f0
[   62.796106]  [<ffffffff810bb9e0>] kthread+0x150/0x170
[   62.796106]  [<ffffffff81ee5e3f>] ret_from_fork+0x3f/0x70
[   62.796106] 
[   62.796106] Previous read at 0xffff8800baed78c0 of size 8 by thread 2589 on CPU 2:
[   62.796106]  [<ffffffff81c30032>] tcp_recvmsg+0x412/0x12c0
[   62.796106]  [<ffffffff81c85ed8>] inet_recvmsg+0x148/0x180
[   62.796106]  [<ffffffff81b6022a>] sock_recvmsg+0x6a/0x90
[   62.796106]  [<ffffffff81b60366>] sock_read_iter+0x116/0x180
[   62.796106]  [<ffffffff81266400>] __vfs_read+0x1a0/0x1e0
[   62.796106]  [<ffffffff81267207>] vfs_read+0xb7/0x1e0
[   62.796106]  [<ffffffff81268740>] SyS_read+0x70/0xd0
[   62.796106]  [<ffffffff81ee5a51>] entry_SYSCALL_64_fastpath+0x31/0x95
[   62.796106] 
[   62.796106] Mutexes locked by thread 19:
[   62.796106] Mutex 413270 is locked here:
[   62.796106]  [<ffffffff81ee5400>] _raw_spin_lock+0x50/0x70
[   62.796106]  [<ffffffff81c5eb7d>] tcp_v4_rcv+0x104d/0x14c0
[   62.796106]  [<ffffffff81c156a9>] ip_local_deliver_finish+0x169/0x3f0
[   62.796106]  [<ffffffff81c15c8a>] ip_local_deliver+0x15a/0x160
[   62.796106]  [<ffffffff81c14f73>] ip_rcv_finish+0xe3/0x6b0
[   62.796106]  [<ffffffff81c162d6>] ip_rcv+0x646/0x880
[   62.796106]  [<ffffffff81b8f4af>] __netif_receive_skb_core+0x54f/0x1530
[   62.796106]  [<ffffffff81b904c9>] __netif_receive_skb+0x39/0xf0
[   62.796106]  [<ffffffff81b905c5>] netif_receive_skb_internal+0x45/0x110
[   62.796106]  [<ffffffff81b91e65>] napi_gro_receive+0x115/0x150
[   62.796106]  [<ffffffff81952fe5>] e1000_clean_rx_irq+0x355/0x950
[   62.796106]  [<ffffffff8194f964>] e1000_clean+0x554/0x11e0
[   62.796106]  [<ffffffff81b90f89>] net_rx_action+0x489/0x690
[   62.796106]  [<ffffffff81091c1e>] __do_softirq+0xbe/0x2f0
[   62.796106]  [<ffffffff810bb9e0>] kthread+0x150/0x170
[   62.796106]  [<ffffffff81ee5e3f>] ret_from_fork+0x3f/0x70
[   62.796106] 
[   62.796106] ==================================================================
[   63.100904] kt: end of test.
[   63.102484] 
[   63.103479] dump_desc: [100ms_wait_100ms_wait]
[   63.105562] dump_desc evts: 2
[   63.107372] dump_desc   ts: 201 302
[   63.108503] dump_desc  ret: 0 -22
[   63.109467] 
[   63.109844] dump_desc: [create_200ms_signal2_destroy]
[   63.111394] dump_desc evts: 2
[   63.112466] dump_desc   ts: 0 201 201 201
[   63.113555] dump_desc  ret: 0 0 0
[   63.114515] LIGHT_SUCCESS
[   63.118955] kt: running test for light, case 4, T2591
[   63.118955] 
[   63.120905] kt: starting light_test_wait_signal_destroy_wait test
[   63.429874] kt: end of test.
[   63.431417] 
[   63.432466] dump_desc: [100ms_wait_100ms_wait]
[   63.434575] dump_desc evts: 3
[   63.436315] dump_desc   ts: 201 302
[   63.437022] dump_desc  ret: 0 -22
[   63.437965] 
[   63.438599] dump_desc: [create_200ms_signal2_destroy]
[   63.439823] dump_desc evts: 3
[   63.440779] dump_desc   ts: 0 201 201 201
[   63.441927] dump_desc  ret: 0 0 0
[   63.442862] LIGHT_SUCCESS
[   63.447436] kt: running test for light, case 4, T2591
[   63.447436] 
[   63.449637] kt: starting light_test_wait_signal_destroy_wait test
[   63.757926] kt: end of test.
[   63.759397] 
[   63.759978] dump_desc: [100ms_wait_100ms_wait]
[   63.761701] dump_desc evts: 4
[   63.762693] dump_desc   ts: 201 302
[   63.763703] dump_desc  ret: 0 -22
[   63.764762] 
[   63.765676] dump_desc: [create_200ms_signal2_destroy]
[   63.768441] dump_desc evts: 4
[   63.770409] dump_desc   ts: 0 201 201 201
[   63.771552] dump_desc  ret: 0 0 0
[   63.772558] LIGHT_SUCCESS
[   63.774841] kt: running test for light, case 4, T2591
[   63.774841] 
[   63.776689] kt: starting light_test_wait_signal_destroy_wait test
[   63.803757] ==================================================================
[   63.804117] ThreadSanitizer: data-race in __nf_ct_refresh_acct
[   63.804117] 
[   63.804117] Read at 0xffff88018dccc0a8 of size 8 by thread 19 on CPU 3:
[   63.804117]  [<ffffffff81be9ee1>] __nf_ct_refresh_acct+0xf1/0x140
[   63.804117]  [<ffffffff81bf6b62>] tcp_packet+0x12f2/0x2520
[   63.804117]  [<ffffffff81bed716>] nf_conntrack_in+0x736/0xdc0
[   63.804117]  [<ffffffff81cb420e>] ipv4_conntrack_in+0x5e/0x80
[   63.804117]  [<ffffffff81be3bb3>] nf_iterate+0x113/0x130
[   63.804117]  [<ffffffff81be3c47>] nf_hook_slow+0x77/0x110
[   63.804117]  [<ffffffff81c162c0>] ip_rcv+0x630/0x880
[   63.804117]  [<ffffffff81b8f4af>] __netif_receive_skb_core+0x54f/0x1530
[   63.804117]  [<ffffffff81b904c9>] __netif_receive_skb+0x39/0xf0
[   63.804117]  [<ffffffff81b905c5>] netif_receive_skb_internal+0x45/0x110
[   63.804117]  [<ffffffff81b908ac>] napi_gro_complete+0x17c/0x1a0
[   63.804117]  [<ffffffff81b916bf>] dev_gro_receive+0x52f/0x820
[   63.804117]  [<ffffffff81b91d8f>] napi_gro_receive+0x3f/0x150
[   63.804117]  [<ffffffff81952fe5>] e1000_clean_rx_irq+0x355/0x950
[   63.804117]  [<ffffffff8194f964>] e1000_clean+0x554/0x11e0
[   63.804117]  [<ffffffff81b90f89>] net_rx_action+0x489/0x690
[   63.804117]  [<ffffffff81091c1e>] __do_softirq+0xbe/0x2f0
[   63.804117]  [<ffffffff810bb9e0>] kthread+0x150/0x170
[   63.804117]  [<ffffffff81ee5e3f>] ret_from_fork+0x3f/0x70
[   63.804117] 
[   63.804117] Previous write at 0xffff88018dccc0a8 of size 8 by thread 2589 on CPU 2:
[   63.804117]  [<ffffffff811180cb>] mod_timer_pending+0x1ab/0x2f0
[   63.804117]  [<ffffffff81be9f06>] __nf_ct_refresh_acct+0x116/0x140
[   63.804117]  [<ffffffff81bf6b62>] tcp_packet+0x12f2/0x2520
[   63.804117]  [<ffffffff81bed716>] nf_conntrack_in+0x736/0xdc0
[   63.804117]  [<ffffffff81cb441f>] ipv4_conntrack_local+0xbf/0xe0
[   63.804117]  [<ffffffff81be3bb3>] nf_iterate+0x113/0x130
[   63.804117]  [<ffffffff81be3c47>] nf_hook_slow+0x77/0x110
[   63.804117]  [<ffffffff81c1c0fa>] __ip_local_out_sk+0x15a/0x180
[   63.804117]  [<ffffffff81c1c151>] ip_local_out_sk+0x31/0x80
[   63.804117]  [<ffffffff81c2044d>] ip_queue_xmit+0x2cd/0x840
[   63.804117]  [<ffffffff81c4db99>] tcp_transmit_skb+0xb39/0x1750
[   63.804117]  [<ffffffff81c51ee8>] tcp_send_ack+0x228/0x2d0
[   63.804117]  [<ffffffff81c37a81>] __tcp_ack_snd_check+0xb1/0x100
[   63.804117]  [<ffffffff81c470f8>] tcp_rcv_established+0x818/0xe30
[   63.804117]  [<ffffffff81c5c842>] tcp_v4_do_rcv+0x2f2/0x800
[   63.804117]  [<ffffffff81b682b6>] release_sock+0xd6/0x270
[   63.804117]  [<ffffffff81c30278>] tcp_recvmsg+0x658/0x12c0
[   63.804117]  [<ffffffff81c85ed8>] inet_recvmsg+0x148/0x180
[   63.804117]  [<ffffffff81b6022a>] sock_recvmsg+0x6a/0x90
[   63.804117]  [<ffffffff81b60366>] sock_read_iter+0x116/0x180
[   63.804117]  [<ffffffff81266400>] __vfs_read+0x1a0/0x1e0
[   63.804117]  [<ffffffff81267207>] vfs_read+0xb7/0x1e0
[   63.804117]  [<ffffffff81268740>] SyS_read+0x70/0xd0
[   63.804117]  [<ffffffff81ee5a51>] entry_SYSCALL_64_fastpath+0x31/0x95
[   63.804117] 
[   63.804117] Mutexes locked by thread 2589:
[   63.804117] Mutex 1154 is locked here:
[   63.804117]  [<ffffffff81ee5400>] _raw_spin_lock+0x50/0x70
[   63.804117]  [<ffffffff81118090>] mod_timer_pending+0x170/0x2f0
[   63.804117]  [<ffffffff81be9f06>] __nf_ct_refresh_acct+0x116/0x140
[   63.804117]  [<ffffffff81bf6b62>] tcp_packet+0x12f2/0x2520
[   63.804117]  [<ffffffff81bed716>] nf_conntrack_in+0x736/0xdc0
[   63.804117]  [<ffffffff81cb441f>] ipv4_conntrack_local+0xbf/0xe0
[   63.804117]  [<ffffffff81be3bb3>] nf_iterate+0x113/0x130
[   63.804117]  [<ffffffff81be3c47>] nf_hook_slow+0x77/0x110
[   63.804117]  [<ffffffff81c1c0fa>] __ip_local_out_sk+0x15a/0x180
[   63.804117]  [<ffffffff81c1c151>] ip_local_out_sk+0x31/0x80
[   63.804117]  [<ffffffff81c2044d>] ip_queue_xmit+0x2cd/0x840
[   63.804117]  [<ffffffff81c4db99>] tcp_transmit_skb+0xb39/0x1750
[   63.804117]  [<ffffffff81c51ee8>] tcp_send_ack+0x228/0x2d0
[   63.804117]  [<ffffffff81c37a81>] __tcp_ack_snd_check+0xb1/0x100
[   63.804117]  [<ffffffff81c470f8>] tcp_rcv_established+0x818/0xe30
[   63.804117]  [<ffffffff81c5c842>] tcp_v4_do_rcv+0x2f2/0x800
[   63.804117]  [<ffffffff81b682b6>] release_sock+0xd6/0x270
[   63.804117]  [<ffffffff81c30278>] tcp_recvmsg+0x658/0x12c0
[   63.804117]  [<ffffffff81c85ed8>] inet_recvmsg+0x148/0x180
[   63.804117]  [<ffffffff81b6022a>] sock_recvmsg+0x6a/0x90
[   63.804117]  [<ffffffff81b60366>] sock_read_iter+0x116/0x180
[   63.804117]  [<ffffffff81266400>] __vfs_read+0x1a0/0x1e0
[   63.804117]  [<ffffffff81267207>] vfs_read+0xb7/0x1e0
[   63.804117]  [<ffffffff81268740>] SyS_read+0x70/0xd0
[   63.804117]  [<ffffffff81ee5a51>] entry_SYSCALL_64_fastpath+0x31/0x95
[   63.804117] 
[   63.804117] ==================================================================
[   64.082899] kt: end of test.
[   64.084496] 
[   64.085564] dump_desc: [100ms_wait_100ms_wait]
[   64.087494] dump_desc evts: 5
[   64.089403] dump_desc   ts: 201 302
[   64.091381] dump_desc  ret: 0 -22
[   64.092776] 
[   64.093559] dump_desc: [create_200ms_signal2_destroy]
[   64.095012] dump_desc evts: 5
[   64.096609] dump_desc   ts: 0 201 201 201
[   64.097949] dump_desc  ret: 0 0 0
[   64.099435] LIGHT_SUCCESS
[   64.102599] kt: running test for light, case 4, T2591
[   64.102599] 
[   64.104951] kt: starting light_test_wait_signal_destroy_wait test
[   64.131509] ==================================================================
[   64.132099] ThreadSanitizer: data-race in e1000_clean
[   64.132099] 
[   64.132099] Read at 0xffff8800b9d5628c of size 4 by thread 19 on CPU 3:
[   64.132099]  [<ffffffff8194f6cc>] e1000_clean+0x2bc/0x11e0
[   64.132099]  [<ffffffff81b90f89>] net_rx_action+0x489/0x690
[   64.132099]  [<ffffffff81091c1e>] __do_softirq+0xbe/0x2f0
[   64.132099]  [<ffffffff810bb9e0>] kthread+0x150/0x170
[   64.132099]  [<ffffffff81ee5e3f>] ret_from_fork+0x3f/0x70
[   64.132099] 
[   64.132099] Previous write at 0xffff8800b9d5628c of size 4 by thread 2589 on CPU 2:
[   64.132099]  [<ffffffff81951bc9>] e1000_xmit_frame+0x15d9/0x1e90
[   64.132099]  [<ffffffff81b93c69>] dev_hard_start_xmit+0x499/0x700
[   64.132099]  [<ffffffff81bcabab>] sch_direct_xmit+0x21b/0x3d0
[   64.132099]  [<ffffffff81b94589>] __dev_queue_xmit+0x489/0xa50
[   64.132099]  [<ffffffff81b94b6f>] dev_queue_xmit_sk+0x1f/0x30
[   64.132099]  [<ffffffff81c1e21a>] ip_finish_output2+0x4ea/0x720
[   64.132099]  [<ffffffff81c1fc02>] ip_finish_output+0x262/0x350
[   64.132099]  [<ffffffff81c1fd11>] NF_HOOK_COND.part.32.constprop.47+0x21/0x30
[   64.132099]  [<ffffffff81c21061>] ip_output+0x1a1/0x1c0
[   64.132099]  [<ffffffff81c1c181>] ip_local_out_sk+0x61/0x80
[   64.132099]  [<ffffffff81c2044d>] ip_queue_xmit+0x2cd/0x840
[   64.132099]  [<ffffffff81c4db99>] tcp_transmit_skb+0xb39/0x1750
[   64.132099]  [<ffffffff81c51ee8>] tcp_send_ack+0x228/0x2d0
[   64.132099]  [<ffffffff81c37a81>] __tcp_ack_snd_check+0xb1/0x100
[   64.132099]  [<ffffffff81c470f8>] tcp_rcv_established+0x818/0xe30
[   64.132099]  [<ffffffff81c5c842>] tcp_v4_do_rcv+0x2f2/0x800
[   64.132099]  [<ffffffff81b682b6>] release_sock+0xd6/0x270
[   64.132099]  [<ffffffff81c30278>] tcp_recvmsg+0x658/0x12c0
[   64.132099]  [<ffffffff81c85ed8>] inet_recvmsg+0x148/0x180
[   64.132099]  [<ffffffff81b6022a>] sock_recvmsg+0x6a/0x90
[   64.132099]  [<ffffffff81b60366>] sock_read_iter+0x116/0x180
[   64.132099]  [<ffffffff81266400>] __vfs_read+0x1a0/0x1e0
[   64.132099]  [<ffffffff81267207>] vfs_read+0xb7/0x1e0
[   64.132099]  [<ffffffff81268740>] SyS_read+0x70/0xd0
[   64.132099]  [<ffffffff81ee5a51>] entry_SYSCALL_64_fastpath+0x31/0x95
[   64.132099] 
[   64.132099] Mutexes locked by thread 2589:
[   64.132099] Mutex 365631 is locked here:
[   64.132099]  [<ffffffff81ee5400>] _raw_spin_lock+0x50/0x70
[   64.132099]  [<ffffffff81bcab69>] sch_direct_xmit+0x1d9/0x3d0
[   64.132099]  [<ffffffff81b94589>] __dev_queue_xmit+0x489/0xa50
[   64.132099]  [<ffffffff81b94b6f>] dev_queue_xmit_sk+0x1f/0x30
[   64.132099]  [<ffffffff81c1e21a>] ip_finish_output2+0x4ea/0x720
[   64.132099]  [<ffffffff81c1fc02>] ip_finish_output+0x262/0x350
[   64.132099]  [<ffffffff81c1fd11>] NF_HOOK_COND.part.32.constprop.47+0x21/0x30
[   64.132099]  [<ffffffff81c21061>] ip_output+0x1a1/0x1c0
[   64.132099]  [<ffffffff81c1c181>] ip_local_out_sk+0x61/0x80
[   64.132099]  [<ffffffff81c2044d>] ip_queue_xmit+0x2cd/0x840
[   64.132099]  [<ffffffff81c4db99>] tcp_transmit_skb+0xb39/0x1750
[   64.132099]  [<ffffffff81c51ee8>] tcp_send_ack+0x228/0x2d0
[   64.132099]  [<ffffffff81c37a81>] __tcp_ack_snd_check+0xb1/0x100
[   64.132099]  [<ffffffff81c470f8>] tcp_rcv_established+0x818/0xe30
[   64.132099]  [<ffffffff81c5c842>] tcp_v4_do_rcv+0x2f2/0x800
[   64.132099]  [<ffffffff81b682b6>] release_sock+0xd6/0x270
[   64.132099]  [<ffffffff81c30278>] tcp_recvmsg+0x658/0x12c0
[   64.132099]  [<ffffffff81c85ed8>] inet_recvmsg+0x148/0x180
[   64.132099]  [<ffffffff81b6022a>] sock_recvmsg+0x6a/0x90
[   64.132099]  [<ffffffff81b60366>] sock_read_iter+0x116/0x180
[   64.132099]  [<ffffffff81266400>] __vfs_read+0x1a0/0x1e0
[   64.132099]  [<ffffffff81267207>] vfs_read+0xb7/0x1e0
[   64.132099]  [<ffffffff81268740>] SyS_read+0x70/0xd0
[   64.132099]  [<ffffffff81ee5a51>] entry_SYSCALL_64_fastpath+0x31/0x95
[   64.132099] 
[   64.132099] ==================================================================
[   64.412859] kt: end of test.
[   64.414435] 
[   64.415472] dump_desc: [100ms_wait_100ms_wait]
[   64.417877] dump_desc evts: 6
[   64.419386] dump_desc   ts: 201 302
[   64.420824] dump_desc  ret: 0 -22
[   64.422279] 
[   64.422829] dump_desc: [create_200ms_signal2_destroy]
[   64.424634] dump_desc evts: 6
[   64.425818] dump_desc   ts: 0 201 201 201
[   64.427452] dump_desc  ret: 0 0 0
[   64.428725] LIGHT_SUCCESS
[   64.431457] kt: running test for light, case 4, T2591
[   64.431457] 
[   64.433933] kt: starting light_test_wait_signal_destroy_wait test
[   64.740681] kt: end of test.
[   64.741987] 
[   64.742872] dump_desc: [100ms_wait_100ms_wait]
[   64.745431] dump_desc evts: 7
[   64.747463] dump_desc   ts: 201 302
[   64.749397] dump_desc  ret: 0 -22
[   64.750359] 
[   64.750752] dump_desc: [create_200ms_signal2_destroy]
[   64.752309] dump_desc evts: 7
[   64.752975] dump_desc   ts: 0 201 201 201
[   64.754451] dump_desc  ret: 0 0 0
[   64.755468] LIGHT_SUCCESS
[   64.764566] ==================================================================
[   64.765129] ThreadSanitizer: data-race in pollwake
[   64.765129] 
[   64.765129] Write at 0xffff8800baf07ab8 of size 4 by thread 2591 on CPU 1:
[   64.765129]  [<ffffffff81287747>] pollwake+0xc7/0x100
[   64.765129]  [<ffffffff810e3858>] __wake_up_common+0x48/0x80
[   64.765129]  [<ffffffff8126993f>] __fput+0x15f/0x310
[   64.765129]  [<ffffffff81269b5d>] ____fput+0x1d/0x30
[   64.765129]  [<ffffffff810b9175>] task_work_run+0x115/0x130
[   64.765129]  [<ffffffff8108d604>] do_exit+0x494/0x13b0
[   64.765129]  [<ffffffff810902f5>] do_group_exit+0x85/0x130
[   64.765129]  [<ffffffff810903c0>] __wake_up_parent+0x0/0x50
[   64.765129]  [<ffffffff81ee5a51>] entry_SYSCALL_64_fastpath+0x31/0x95
[   64.765129] 
[   64.765129] Previous write at 0xffff8800baf07ab8 of size 4 by thread -4 on CPU 3:
[   64.765129]  [<ffffffff81287747>] pollwake+0xc7/0x100
[   64.765129]  [<ffffffff810e3858>] __wake_up_common+0x48/0x80
[   64.765129]  [<ffffffff81c47112>] tcp_rcv_established+0x832/0xe30
[   64.765129]  [<ffffffff81c5c842>] tcp_v4_do_rcv+0x2f2/0x800
[   64.765129]  [<ffffffff81c5ec1d>] tcp_v4_rcv+0x10ed/0x14c0
[   64.765129]  [<ffffffff81c156a9>] ip_local_deliver_finish+0x169/0x3f0
[   64.765129]  [<ffffffff81c15c8a>] ip_local_deliver+0x15a/0x160
[   64.765129]  [<ffffffff81c14f73>] ip_rcv_finish+0xe3/0x6b0
[   64.765129]  [<ffffffff81c162d6>] ip_rcv+0x646/0x880
[   64.765129]  [<ffffffff81b8f4af>] __netif_receive_skb_core+0x54f/0x1530
[   64.765129]  [<ffffffff81b904c9>] __netif_receive_skb+0x39/0xf0
[   64.765129]  [<ffffffff81b905c5>] netif_receive_skb_internal+0x45/0x110
[   64.765129]  [<ffffffff81b91e65>] napi_gro_receive+0x115/0x150
[   64.765129]  [<ffffffff81952fe5>] e1000_clean_rx_irq+0x355/0x950
[   64.765129]  [<ffffffff8194f964>] e1000_clean+0x554/0x11e0
[   64.765129]  [<ffffffff81b90f89>] net_rx_action+0x489/0x690
[   64.765129]  [<ffffffff81091c1e>] __do_softirq+0xbe/0x2f0
[   64.765129]  [<ffffffff81ee658a>] common_interrupt+0x8a/0x8f
[   64.765129] 
[   64.765129] Mutexes locked by thread 2591:
[   64.765129] Mutex 418254 is locked here:
[   64.765129]  [<ffffffff81ee2037>] mutex_lock+0x57/0x70
[   64.765129]  [<ffffffff812753c2>] pipe_release+0x42/0x150
[   64.765129]  [<ffffffff8126993f>] __fput+0x15f/0x310
[   64.765129]  [<ffffffff81269b5d>] ____fput+0x1d/0x30
[   64.765129]  [<ffffffff810b9175>] task_work_run+0x115/0x130
[   64.765129]  [<ffffffff8108d604>] do_exit+0x494/0x13b0
[   64.765129]  [<ffffffff810902f5>] do_group_exit+0x85/0x130
[   64.765129]  [<ffffffff810903c0>] __wake_up_parent+0x0/0x50
[   64.765129]  [<ffffffff81ee5a51>] entry_SYSCALL_64_fastpath+0x31/0x95
[   64.765129] 
[   64.765129] Mutex 415052 is locked here:
[   64.765129]  [<ffffffff81ee57b4>] _raw_spin_lock_irqsave+0x64/0x80
[   64.765129]  [<ffffffff810e3b77>] __wake_up_sync_key+0x27/0x60
[   64.765129]  [<ffffffff8126993f>] __fput+0x15f/0x310
[   64.765129]  [<ffffffff81269b5d>] ____fput+0x1d/0x30
[   64.765129]  [<ffffffff810b9175>] task_work_run+0x115/0x130
[   64.765129]  [<ffffffff8108d604>] do_exit+0x494/0x13b0
[   64.765129]  [<ffffffff810902f5>] do_group_exit+0x85/0x130
[   64.765129]  [<ffffffff810903c0>] __wake_up_parent+0x0/0x50
[   64.765129]  [<ffffffff81ee5a51>] entry_SYSCALL_64_fastpath+0x31/0x95
[   64.765129] 
[   64.765129] Mutexes locked by thread -4:
[   64.765129] Mutex 413270 is locked here:
[   64.765129]  [<ffffffff81ee5400>] _raw_spin_lock+0x50/0x70
[   64.765129]  [<ffffffff81c5eb7d>] tcp_v4_rcv+0x104d/0x14c0
[   64.765129]  [<ffffffff81c156a9>] ip_local_deliver_finish+0x169/0x3f0
[   64.765129]  [<ffffffff81c15c8a>] ip_local_deliver+0x15a/0x160
[   64.765129]  [<ffffffff81c14f73>] ip_rcv_finish+0xe3/0x6b0
[   64.765129]  [<ffffffff81c162d6>] ip_rcv+0x646/0x880
[   64.765129]  [<ffffffff81b8f4af>] __netif_receive_skb_core+0x54f/0x1530
[   64.765129]  [<ffffffff81b904c9>] __netif_receive_skb+0x39/0xf0
[   64.765129]  [<ffffffff81b905c5>] netif_receive_skb_internal+0x45/0x110
[   64.765129]  [<ffffffff81b91e65>] napi_gro_receive+0x115/0x150
[   64.765129]  [<ffffffff81952fe5>] e1000_clean_rx_irq+0x355/0x950
[   64.765129]  [<ffffffff8194f964>] e1000_clean+0x554/0x11e0
[   64.765129]  [<ffffffff81b90f89>] net_rx_action+0x489/0x690
[   64.765129]  [<ffffffff81091c1e>] __do_softirq+0xbe/0x2f0
[   64.765129]  [<ffffffff81ee658a>] common_interrupt+0x8a/0x8f
[   64.765129] 
[   64.765129] Mutex 413970 is locked here:
[   64.765129]  [<ffffffff81ee57b4>] _raw_spin_lock_irqsave+0x64/0x80
[   64.765129]  [<ffffffff810e3b77>] __wake_up_sync_key+0x27/0x60
[   64.765129]  [<ffffffff81c47112>] tcp_rcv_established+0x832/0xe30
[   64.765129]  [<ffffffff81c5c842>] tcp_v4_do_rcv+0x2f2/0x800
[   64.765129]  [<ffffffff81c5ec1d>] tcp_v4_rcv+0x10ed/0x14c0
[   64.765129]  [<ffffffff81c156a9>] ip_local_deliver_finish+0x169/0x3f0
[   64.765129]  [<ffffffff81c15c8a>] ip_local_deliver+0x15a/0x160
[   64.765129]  [<ffffffff81c14f73>] ip_rcv_finish+0xe3/0x6b0
[   64.765129]  [<ffffffff81c162d6>] ip_rcv+0x646/0x880
[   64.765129]  [<ffffffff81b8f4af>] __netif_receive_skb_core+0x54f/0x1530
[   64.765129]  [<ffffffff81b904c9>] __netif_receive_skb+0x39/0xf0
[   64.765129]  [<ffffffff81b905c5>] netif_receive_skb_internal+0x45/0x110
[   64.765129]  [<ffffffff81b91e65>] napi_gro_receive+0x115/0x150
[   64.765129]  [<ffffffff81952fe5>] e1000_clean_rx_irq+0x355/0x950
[   64.765129]  [<ffffffff8194f964>] e1000_clean+0x554/0x11e0
[   64.765129]  [<ffffffff81b90f89>] net_rx_action+0x489/0x690
[   64.765129]  [<ffffffff81091c1e>] __do_softirq+0xbe/0x2f0
[   64.765129]  [<ffffffff81ee658a>] common_interrupt+0x8a/0x8f
[   64.765129] 
[   64.765129] ==================================================================
INIT: [   65.449915] ==================================================================
[   65.450121] ThreadSanitizer: data-race in tty_port_tty_set
[   65.450121] 
[   65.450121] Write at 0xffff88018ebcc090 of size 8 by thread 1 on CPU 1:
[   65.450121]  [<ffffffff8166a426>] tty_port_tty_set+0x76/0xe0
[   65.450121]  [<ffffffff8169059f>] uart_open+0x1af/0x230
[   65.450121]  [<ffffffff8165e166>] tty_open+0x1c6/0x910
[   65.450121]  [<ffffffff8126e08d>] chrdev_open+0x14d/0x2b0
[   65.450121]  [<ffffffff81263a53>] do_dentry_open+0x3c3/0x570
[   65.450121]  [<ffffffff81265518>] vfs_open+0xb8/0xe0
[   65.450121]  [<ffffffff8127e66c>] path_openat+0x84c/0x2060
[   65.450121]  [<ffffffff8128188f>] do_filp_open+0xff/0x170
[   65.450121]  [<ffffffff81265a11>] do_sys_open+0x191/0x2b0
[   65.450121]  [<ffffffff81265b65>] SyS_open+0x35/0x50
[   65.450121]  [<ffffffff81ee5a51>] entry_SYSCALL_64_fastpath+0x31/0x95
[   65.450121] 
[   65.450121] Previous read at 0xffff88018ebcc090 of size 8 by thread 2492 on CPU 0:
[   65.450121]  [<ffffffff8169940f>] serial8250_tx_chars+0x5f/0x3d0
[   65.450121]  [<ffffffff81699899>] serial8250_handle_irq.part.18+0x119/0x120
[   65.450121]  [<ffffffff8169996c>] serial8250_default_handle_irq+0x7c/0xa0
[   65.450121]  [<ffffffff81699021>] serial8250_interrupt+0x91/0x130
[   65.450121]  [<ffffffff810fdf32>] handle_irq_event_percpu+0x62/0x2b0
[   65.450121]  [<ffffffff810fe21b>] handle_irq_event+0x9b/0xd0
[   65.450121]  [<ffffffff81102ecf>] handle_edge_irq+0x11f/0x370
[   65.450121]  [<ffffffff8100a15f>] handle_irq+0x9f/0x230
[   65.450121]  [<ffffffff8100946a>] do_IRQ+0x8a/0x170
[   65.450121]  [<ffffffff81ee658a>] common_interrupt+0x8a/0x8f
[   65.450121] 
[   65.450121] Mutexes locked by thread 1:
[   65.450121] Mutex 409363 is locked here:
[   65.450121]  [<ffffffff81ee2037>] mutex_lock+0x57/0x70
[   65.450121]  [<ffffffff81ee5821>] tty_lock+0x51/0xc0
[   65.450121]  [<ffffffff8165e4ad>] tty_open+0x50d/0x910
[   65.450121]  [<ffffffff8126e08d>] chrdev_open+0x14d/0x2b0
[   65.450121]  [<ffffffff81263a53>] do_dentry_open+0x3c3/0x570
[   65.450121]  [<ffffffff81265518>] vfs_open+0xb8/0xe0
[   65.450121]  [<ffffffff8127e66c>] path_openat+0x84c/0x2060
[   65.450121]  [<ffffffff8128188f>] do_filp_open+0xff/0x170
[   65.450121]  [<ffffffff81265a11>] do_sys_open+0x191/0x2b0
[   65.450121]  [<ffffffff81265b65>] SyS_open+0x35/0x50
[   65.450121]  [<ffffffff81ee5a51>] entry_SYSCALL_64_fastpath+0x31/0x95
[   65.450121] 
[   65.450121] Mutex 92093 is locked here:
[   65.450121]  [<ffffffff81ee13f2>] mutex_lock_interruptible+0x62/0xa0
[   65.450121]  [<ffffffff816904cf>] uart_open+0xdf/0x230
[   65.450121]  [<ffffffff8165e166>] tty_open+0x1c6/0x910
[   65.450121]  [<ffffffff8126e08d>] chrdev_open+0x14d/0x2b0
[   65.450121]  [<ffffffff81263a53>] do_dentry_open+0x3c3/0x570
[   65.450121]  [<ffffffff81265518>] vfs_open+0xb8/0xe0
[   65.450121]  [<ffffffff8127e66c>] path_openat+0x84c/0x2060
[   65.450121]  [<ffffffff8128188f>] do_filp_open+0xff/0x170
[   65.450121]  [<ffffffff81265a11>] do_sys_open+0x191/0x2b0
[   65.450121]  [<ffffffff81265b65>] SyS_open+0x35/0x50
[   65.450121]  [<ffffffff81ee5a51>] entry_SYSCALL_64_fastpath+0x31/0x95
[   65.450121] 
[   65.450121] Mutex 111370 is locked here:
[   65.450121]  [<ffffffff81ee57b4>] _raw_spin_lock_irqsave+0x64/0x80
[   65.450121]  [<ffffffff8166a3e6>] tty_port_tty_set+0x36/0xe0
[   65.450121]  [<ffffffff8169059f>] uart_open+0x1af/0x230
[   65.450121]  [<ffffffff8165e166>] tty_open+0x1c6/0x910
[   65.450121]  [<ffffffff8126e08d>] chrdev_open+0x14d/0x2b0
[   65.450121]  [<ffffffff81263a53>] do_dentry_open+0x3c3/0x570
[   65.450121]  [<ffffffff81265518>] vfs_open+0xb8/0xe0
[   65.450121]  [<ffffffff8127e66c>] path_openat+0x84c/0x2060
[   65.450121]  [<ffffffff8128188f>] do_filp_open+0xff/0x170
[   65.450121]  [<ffffffff81265a11>] do_sys_open+0x191/0x2b0
[   65.450121]  [<ffffffff81265b65>] SyS_open+0x35/0x50
[   65.450121]  [<ffffffff81ee5a51>] entry_SYSCALL_64_fastpath+0x31/0x95
[   65.450121] 
[   65.450121] Mutexes locked by thread 2492:
[   65.450121] Mutex 409368 is locked here:
[   65.450121]  [<ffffffff81ee5400>] _raw_spin_lock+0x50/0x70
[   65.450121]  [<ffffffff81698fc7>] serial8250_interrupt+0x37/0x130
[   65.450121]  [<ffffffff810fdf32>] handle_irq_event_percpu+0x62/0x2b0
[   65.450121]  [<ffffffff810fe21b>] handle_irq_event+0x9b/0xd0
[   65.450121]  [<ffffffff81102ecf>] handle_edge_irq+0x11f/0x370
[   65.450121]  [<ffffffff8100a15f>] handle_irq+0x9f/0x230
[   65.450121]  [<ffffffff8100946a>] do_IRQ+0x8a/0x170
[   65.450121]  [<ffffffff81ee658a>] common_interrupt+0x8a/0x8f
[   65.450121] 
[   65.450121] Mutex 260 is locked here:
[   65.450121]  [<ffffffff81ee57b4>] _raw_spin_lock_irqsave+0x64/0x80
[   65.450121]  [<ffffffff816997af>] serial8250_handle_irq.part.18+0x2f/0x120
[   65.450121]  [<ffffffff8169996c>] serial8250_default_handle_irq+0x7c/0xa0
[   65.450121]  [<ffffffff81699021>] serial8250_interrupt+0x91/0x130
[   65.450121]  [<ffffffff810fdf32>] handle_irq_event_percpu+0x62/0x2b0
[   65.450121]  [<ffffffff810fe21b>] handle_irq_event+0x9b/0xd0
[   65.450121]  [<ffffffff81102ecf>] handle_edge_irq+0x11f/0x370
[   65.450121]  [<ffffffff8100a15f>] handle_irq+0x9f/0x230
[   65.450121]  [<ffffffff8100946a>] do_IRQ+0x8a/0x170
[   65.450121]  [<ffffffff81ee658a>] common_interrupt+0x8a/0x8f
[   65.450121] 
[   65.450121] ==================================================================
[   65.519709] ==================================================================
[   65.519709] ThreadSanitizer: data-race in mod_timer_pending
[   65.519709] 
[   65.519709] Write at 0xffff88018dccc1e0 of size 8 by thread -4 on CPU 3:
[   65.519709]  [<ffffffff811180cb>] mod_timer_pending+0x1ab/0x2f0
[   65.519709]  [<ffffffff81be9f06>] __nf_ct_refresh_acct+0x116/0x140
[   65.519709]  [<ffffffff81bf6b62>] tcp_packet+0x12f2/0x2520
[   65.519709]  [<ffffffff81bed716>] nf_conntrack_in+0x736/0xdc0
[   65.519709]  [<ffffffff81cb420e>] ipv4_conntrack_in+0x5e/0x80
[   65.519709]  [<ffffffff81be3bb3>] nf_iterate+0x113/0x130
[   65.519709]  [<ffffffff81be3c47>] nf_hook_slow+0x77/0x110
[   65.519709]  [<ffffffff81c162c0>] ip_rcv+0x630/0x880
[   65.519709]  [<ffffffff81b8f4af>] __netif_receive_skb_core+0x54f/0x1530
[   65.519709]  [<ffffffff81b904c9>] __netif_receive_skb+0x39/0xf0
[   65.519709]  [<ffffffff81b905c5>] netif_receive_skb_internal+0x45/0x110
[   65.519709]  [<ffffffff81b91e65>] napi_gro_receive+0x115/0x150
[   65.519709]  [<ffffffff81952fe5>] e1000_clean_rx_irq+0x355/0x950
[   65.519709]  [<ffffffff8194f964>] e1000_clean+0x554/0x11e0
[   65.519709]  [<ffffffff81b90f89>] net_rx_action+0x489/0x690
[   65.519709]  [<ffffffff81091c1e>] __do_softirq+0xbe/0x2f0
[   65.519709]  [<ffffffff81ee658a>] common_interrupt+0x8a/0x8f
[   65.519709] 
[   65.519709] Previous read at 0xffff88018dccc1e0 of size 8 by thread 2608 on CPU 0:
[   65.519709]  [<ffffffff81be9ee1>] __nf_ct_refresh_acct+0xf1/0x140
[   65.519709]  [<ffffffff81bf6b62>] tcp_packet+0x12f2/0x2520
[   65.519709]  [<ffffffff81bed716>] nf_conntrack_in+0x736/0xdc0
[   65.519709]  [<ffffffff81cb441f>] ipv4_conntrack_local+0xbf/0xe0
[   65.519709]  [<ffffffff81be3bb3>] nf_iterate+0x113/0x130
[   65.519709]  [<ffffffff81be3c47>] nf_hook_slow+0x77/0x110
[   65.519709]  [<ffffffff81c1c0fa>] __ip_local_out_sk+0x15a/0x180
[   65.519709]  [<ffffffff81c1c151>] ip_local_out_sk+0x31/0x80
