early console in setup code
early console in decompress_kernel

Decompressing Linux... Parsing ELF... done.
Booting the kernel.
[    0.000000] Initializing cgroup subsys cpuset
[    0.000000] Initializing cgroup subsys cpu
[    0.000000] Initializing cgroup subsys cpuacct
[    0.000000] Linux version 4.2.0-team50-tsan (progman@m91p) (gcc version 6.0.0 20150825 (experimental) (GCC) ) #228 SMP Mon Oct 31 18:18:19 EDT 2016
[    0.000000] Command line: console=ttyS0 root=/dev/sda debug earlyprintk=serial slub_debug=QUZ
[    0.000000] x86/fpu: Legacy x87 FPU detected.
[    0.000000] x86/fpu: Using 'lazy' FPU context switches.
[    0.000000] e820: BIOS-provided physical RAM map:
[    0.000000] BIOS-e820: [mem 0x0000000000000000-0x000000000009fbff] usable
[    0.000000] BIOS-e820: [mem 0x000000000009fc00-0x000000000009ffff] reserved
[    0.000000] BIOS-e820: [mem 0x00000000000f0000-0x00000000000fffff] reserved
[    0.000000] BIOS-e820: [mem 0x0000000000100000-0x00000000bffdefff] usable
[    0.000000] BIOS-e820: [mem 0x00000000bffdf000-0x00000000bfffffff] reserved
[    0.000000] BIOS-e820: [mem 0x00000000feffc000-0x00000000feffffff] reserved
[    0.000000] BIOS-e820: [mem 0x00000000fffc0000-0x00000000ffffffff] reserved
[    0.000000] BIOS-e820: [mem 0x0000000100000000-0x000000053fffffff] usable
[    0.000000] bootconsole [earlyser0] enabled
[    0.000000] NX (Execute Disable) protection: active
[    0.000000] SMBIOS 2.8 present.
[    0.000000] DMI: QEMU Standard PC (i440FX + PIIX, 1996), BIOS Ubuntu-1.8.2-1ubuntu2 04/01/2014
[    0.000000] Hypervisor detected: KVM
[    0.000000] e820: update [mem 0x00000000-0x00000fff] usable ==> reserved
[    0.000000] e820: remove [mem 0x000a0000-0x000fffff] usable
[    0.000000] e820: last_pfn = 0x540000 max_arch_pfn = 0x400000000
[    0.000000] MTRR default type: write-back
[    0.000000] MTRR fixed ranges enabled:
[    0.000000]   00000-9FFFF write-back
[    0.000000]   A0000-BFFFF uncachable
[    0.000000]   C0000-FFFFF write-protect
[    0.000000] MTRR variable ranges enabled:
[    0.000000]   0 base 00C0000000 mask FFC0000000 uncachable
[    0.000000]   1 disabled
[    0.000000]   2 disabled
[    0.000000]   3 disabled
[    0.000000]   4 disabled
[    0.000000]   5 disabled
[    0.000000]   6 disabled
[    0.000000]   7 disabled
[    0.000000] x86/PAT: PAT not supported by CPU.
[    0.000000] e820: last_pfn = 0xbffdf max_arch_pfn = 0x400000000
[    0.000000] found SMP MP-table at [mem 0x000f64c0-0x000f64cf] mapped at [ffff8800000f64c0]
[    0.000000] Scanning 1 areas for low memory corruption
[    0.000000] Base memory trampoline at [ffff880000099000] 99000 size 24576
[    0.000000] init_memory_mapping: [mem 0x00000000-0x000fffff]
[    0.000000]  [mem 0x00000000-0x000fffff] page 4k
[    0.000000] BRK [0x028d5000, 0x028d5fff] PGTABLE
[    0.000000] BRK [0x028d6000, 0x028d6fff] PGTABLE
[    0.000000] BRK [0x028d7000, 0x028d7fff] PGTABLE
[    0.000000] init_memory_mapping: [mem 0x53fe00000-0x53fffffff]
[    0.000000]  [mem 0x53fe00000-0x53fffffff] page 2M
[    0.000000] BRK [0x028d8000, 0x028d8fff] PGTABLE
[    0.000000] init_memory_mapping: [mem 0x520000000-0x53fdfffff]
[    0.000000]  [mem 0x520000000-0x53fdfffff] page 2M
[    0.000000] init_memory_mapping: [mem 0x00100000-0xbffdefff]
[    0.000000]  [mem 0x00100000-0x001fffff] page 4k
[    0.000000]  [mem 0x00200000-0xbfdfffff] page 2M
[    0.000000]  [mem 0xbfe00000-0xbffdefff] page 4k
[    0.000000] init_memory_mapping: [mem 0x100000000-0x51fffffff]
[    0.000000]  [mem 0x100000000-0x51fffffff] page 2M
[    0.000000] BRK [0x028d9000, 0x028d9fff] PGTABLE
[    0.000000] BRK [0x028da000, 0x028dafff] PGTABLE
[    0.000000] ACPI: Early table checksum verification disabled
[    0.000000] ACPI: RSDP 0x00000000000F6470 000014 (v00 BOCHS )
[    0.000000] ACPI: RSDT 0x00000000BFFE155A 000030 (v01 BOCHS  BXPCRSDT 00000001 BXPC 00000001)
[    0.000000] ACPI: FACP 0x00000000BFFE141E 000074 (v01 BOCHS  BXPCFACP 00000001 BXPC 00000001)
[    0.000000] ACPI: DSDT 0x00000000BFFDFD80 00169E (v01 BOCHS  BXPCDSDT 00000001 BXPC 00000001)
[    0.000000] ACPI: FACS 0x00000000BFFDFD40 000040
[    0.000000] ACPI: APIC 0x00000000BFFE1492 000090 (v01 BOCHS  BXPCAPIC 00000001 BXPC 00000001)
[    0.000000] ACPI: HPET 0x00000000BFFE1522 000038 (v01 BOCHS  BXPCHPET 00000001 BXPC 00000001)
[    0.000000] ACPI: Local APIC address 0xfee00000
[    0.000000] No NUMA configuration found
[    0.000000] Faking a node at [mem 0x0000000000000000-0x000000053fffffff]
[    0.000000] NODE_DATA(0) allocated [mem 0x53ffeb000-0x53ffeefff]
[    0.000000] kvm-clock: Using msrs 4b564d01 and 4b564d00
[    0.000000] kvm-clock: cpu 0, msr 5:3ffea001, primary cpu clock
[    0.000000] clocksource: kvm-clock: mask: 0xffffffffffffffff max_cycles: 0x1cd42e4dffb, max_idle_ns: 881590591483 ns
[    0.000000]  [ffffea0000000000-ffffea0014ffffff] PMD -> [ffff88052b600000-ffff88053f5fffff] on node 0
[    0.000000] Zone ranges:
[    0.000000]   DMA      [mem 0x0000000000001000-0x0000000000ffffff]
[    0.000000]   DMA32    [mem 0x0000000001000000-0x00000000ffffffff]
[    0.000000]   Normal   [mem 0x0000000100000000-0x000000053fffffff]
[    0.000000] Movable zone start for each node
[    0.000000] Early memory node ranges
[    0.000000]   node   0: [mem 0x0000000000001000-0x000000000009efff]
[    0.000000]   node   0: [mem 0x0000000000100000-0x00000000bffdefff]
[    0.000000]   node   0: [mem 0x0000000100000000-0x000000053fffffff]
[    0.000000] Initmem setup node 0 [mem 0x0000000000001000-0x000000053fffffff]
[    0.000000] On node 0 totalpages: 5242749
[    0.000000]   DMA zone: 64 pages used for memmap
[    0.000000]   DMA zone: 21 pages reserved
[    0.000000]   DMA zone: 3998 pages, LIFO batch:0
[    0.000000]   DMA32 zone: 12224 pages used for memmap
[    0.000000]   DMA32 zone: 782303 pages, LIFO batch:31
[    0.000000]   Normal zone: 69632 pages used for memmap
[    0.000000]   Normal zone: 4456448 pages, LIFO batch:31
[    0.000000] ACPI: PM-Timer IO Port: 0x608
[    0.000000] ACPI: Local APIC address 0xfee00000
[    0.000000] ACPI: LAPIC_NMI (acpi_id[0xff] dfl dfl lint[0x1])
[    0.000000] IOAPIC[0]: apic_id 0, version 17, address 0xfec00000, GSI 0-23
[    0.000000] ACPI: INT_SRC_OVR (bus 0 bus_irq 0 global_irq 2 dfl dfl)
[    0.000000] ACPI: INT_SRC_OVR (bus 0 bus_irq 5 global_irq 5 high level)
[    0.000000] ACPI: INT_SRC_OVR (bus 0 bus_irq 9 global_irq 9 high level)
[    0.000000] ACPI: INT_SRC_OVR (bus 0 bus_irq 10 global_irq 10 high level)
[    0.000000] ACPI: INT_SRC_OVR (bus 0 bus_irq 11 global_irq 11 high level)
[    0.000000] ACPI: IRQ0 used by override.
[    0.000000] ACPI: IRQ5 used by override.
[    0.000000] ACPI: IRQ9 used by override.
[    0.000000] ACPI: IRQ10 used by override.
[    0.000000] ACPI: IRQ11 used by override.
[    0.000000] Using ACPI (MADT) for SMP configuration information
[    0.000000] ACPI: HPET id: 0x8086a201 base: 0xfed00000
[    0.000000] smpboot: Allowing 4 CPUs, 0 hotplug CPUs
[    0.000000] PM: Registered nosave memory: [mem 0x00000000-0x00000fff]
[    0.000000] PM: Registered nosave memory: [mem 0x0009f000-0x0009ffff]
[    0.000000] PM: Registered nosave memory: [mem 0x000a0000-0x000effff]
[    0.000000] PM: Registered nosave memory: [mem 0x000f0000-0x000fffff]
[    0.000000] PM: Registered nosave memory: [mem 0xbffdf000-0xbfffffff]
[    0.000000] PM: Registered nosave memory: [mem 0xc0000000-0xfeffbfff]
[    0.000000] PM: Registered nosave memory: [mem 0xfeffc000-0xfeffffff]
[    0.000000] PM: Registered nosave memory: [mem 0xff000000-0xfffbffff]
[    0.000000] PM: Registered nosave memory: [mem 0xfffc0000-0xffffffff]
[    0.000000] e820: [mem 0xc0000000-0xfeffbfff] available for PCI devices
[    0.000000] Booting paravirtualized kernel on KVM
[    0.000000] clocksource: refined-jiffies: mask: 0xffffffff max_cycles: 0xffffffff, max_idle_ns: 1910969940391419 ns
[    0.000000] setup_percpu: NR_CPUS:64 nr_cpumask_bits:64 nr_cpu_ids:4 nr_node_ids:1
[    0.000000] PERCPU: Embedded 32 pages/cpu @ffff88053fc00000 s90328 r8192 d32552 u524288
[    0.000000] pcpu-alloc: s90328 r8192 d32552 u524288 alloc=1*2097152
[    0.000000] pcpu-alloc: [0] 0 1 2 3 
[    0.000000] KVM setup async PF for cpu 0
[    0.000000] kvm-stealtime: cpu 0, msr 53fc0d440
[    0.000000] Built 1 zonelists in Node order, mobility grouping on.  Total pages: 5160808
[    0.000000] Policy zone: Normal
[    0.000000] Kernel command line: console=ttyS0 root=/dev/sda debug earlyprintk=serial slub_debug=QUZ
[    0.000000] PID hash table entries: 4096 (order: 3, 32768 bytes)
[    0.000000] Calgary: detecting Calgary via BIOS EBDA area
[    0.000000] Calgary: Unable to locate Rio Grande table in EBDA - bailing!
[    0.000000] Memory: 5718644K/20970996K available (15275K kernel code, 1106K rwdata, 2804K rodata, 1348K init, 2476K bss, 15252352K reserved, 0K cma-reserved)
[    0.000000] Hierarchical RCU implementation.
[    0.000000] 	Additional per-CPU info printed with stalls.
[    0.000000] 	Build-time adjustment of leaf fanout to 64.
[    0.000000] 	RCU restricting CPUs from NR_CPUS=64 to nr_cpu_ids=4.
[    0.000000] RCU: Adjusting geometry for rcu_fanout_leaf=64, nr_cpu_ids=4
[    0.000000] NR_IRQS:4352 nr_irqs:456 16
[    0.000000] Console: colour VGA+ 80x25
[    0.000000] console [ttyS0] enabled
[    0.000000] console [ttyS0] enabled
[    0.000000] bootconsole [earlyser0] disabled
[    0.000000] bootconsole [earlyser0] disabled
[    0.000000] clocksource: hpet: mask: 0xffffffff max_cycles: 0xffffffff, max_idle_ns: 19112604467 ns
[    0.000000] hpet clockevent registered
[    0.000000] tsc: Detected 2659.998 MHz processor
[    0.003000] Calibrating delay loop (skipped) preset value.. 5319.99 BogoMIPS (lpj=2659998)
[    0.003461] pid_max: default: 32768 minimum: 301
[    0.004060] ACPI: Core revision 20150619
[    0.028064] ACPI: All ACPI Tables successfully acquired
[    0.029202] Security Framework initialized
[    0.029849] SELinux:  Initializing.
[    0.030081] SELinux:  Starting in permissive mode
[    0.132378] Dentry cache hash table entries: 4194304 (order: 13, 33554432 bytes)
[    0.375636] Inode-cache hash table entries: 2097152 (order: 12, 16777216 bytes)
[    0.479067] Mount-cache hash table entries: 65536 (order: 7, 524288 bytes)
[    0.481917] Mountpoint-cache hash table entries: 65536 (order: 7, 524288 bytes)
[    0.490269] Initializing cgroup subsys freezer
[    0.491184] mce: CPU supports 10 MCE banks
[    0.491886] Last level iTLB entries: 4KB 0, 2MB 0, 4MB 0
[    0.492018] Last level dTLB entries: 4KB 0, 2MB 0, 4MB 0, 1GB 0
[    0.494612] Freeing SMP alternatives memory: 4K (ffffffff82667000 - ffffffff82668000)
[    0.584895] KTSAN: enabled
[    0.585012] ktsan memory usage: 14 GB + shadow.
[    0.586011]              syncs: 13413 MB 
[    0.586633]           memblock: 13 MB 
[    0.587010]       percpu syncs: 0 MB
[    0.587568]              tasks: 0 MB
[    0.588011]       thrs (trace): 544 MB
[    0.589011]        stack depot: 512 MB
[    0.596000] ..TIMER: vector=0x30 apic1=0 pin1=2 apic2=-1 pin2=-1
[    0.596000] smpboot: CPU0: Intel QEMU Virtual CPU version 2.5+ (fam: 06, model: 06, stepping: 03)
[    0.597475] Performance Events: Broken PMU hardware detected, using software events only.
[    0.599124] Failed to access perfctr msr (MSR c2 is 0)
[    0.623804] x86: Booting SMP configuration:
[    0.624126] .... node  #0, CPUs:      #1
[    0.003000] kvm-clock: cpu 1, msr 5:3ffea041, secondary cpu clock
[    0.630377] KVM setup async PF for cpu 1
[    0.631000] kvm-stealtime: cpu 1, msr 53fc8d440
[    0.639342]  #2
[    0.003000] kvm-clock: cpu 2, msr 5:3ffea081, secondary cpu clock
[    0.644136] KVM setup async PF for cpu 2
[    0.644779] kvm-stealtime: cpu 2, msr 53fd0d440
[    0.653200]  #3
[    0.003000] kvm-clock: cpu 3, msr 5:3ffea0c1, secondary cpu clock
[    0.658359] x86: Booted up 1 node, 4 CPUs
[    0.658140] KVM setup async PF for cpu 3
[    0.658140] kvm-stealtime: cpu 3, msr 53fd8d440
[    0.660876] smpboot: Total of 4 processors activated (21279.98 BogoMIPS)
[    0.663167] ==================================================================
[    0.664000] ThreadSanitizer: data-race in multi_cpu_stop
[    0.664000] 
[    0.664000] Write at 0xffff8801925dbdd0 of size 4 by thread 9 on CPU 0:
[    0.664000]  [<ffffffff8115ff09>] multi_cpu_stop+0x159/0x1a0
[    0.664000]  [<ffffffff811602b1>] cpu_stopper_thread+0x131/0x1f0
[    0.664000]  [<ffffffff810c1356>] smpboot_thread_fn+0x206/0x270
[    0.664000]  [<ffffffff810bb9e0>] kthread+0x150/0x170
[    0.664000]  [<ffffffff81ee5e3f>] ret_from_fork+0x3f/0x70
[    0.664000] 
[    0.664000] Previous read at 0xffff8801925dbdd0 of size 4 by thread 18 on CPU 3:
[    0.664000]  [<ffffffff8115fe3f>] multi_cpu_stop+0x8f/0x1a0
[    0.664000]  [<ffffffff811602b1>] cpu_stopper_thread+0x131/0x1f0
[    0.664000]  [<ffffffff810c1356>] smpboot_thread_fn+0x206/0x270
[    0.664000]  [<ffffffff810bb9e0>] kthread+0x150/0x170
[    0.664000]  [<ffffffff81ee5e3f>] ret_from_fork+0x3f/0x70
[    0.664000] 
[    0.664000] ==================================================================
[    0.664675] ==================================================================
[    0.665000] ThreadSanitizer: data-race in cpu_stop_signal_done
[    0.665000] 
[    0.665000] Write at 0xffff8801925dbd1c of size 1 by thread 14 on CPU 2:
[    0.665000]  [<ffffffff8115fbea>] cpu_stop_signal_done+0x4a/0x70
[    0.665000]  [<ffffffff811601d6>] cpu_stopper_thread+0x56/0x1f0
[    0.665000]  [<ffffffff810c1356>] smpboot_thread_fn+0x206/0x270
[    0.665000]  [<ffffffff810bb9e0>] kthread+0x150/0x170
[    0.665000]  [<ffffffff81ee5e3f>] ret_from_fork+0x3f/0x70
[    0.665000] 
[    0.665000] Previous write at 0xffff8801925dbd1c of size 1 by thread 18 on CPU 3:
[    0.665000]  [<ffffffff8115fbea>] cpu_stop_signal_done+0x4a/0x70
[    0.665000]  [<ffffffff811601d6>] cpu_stopper_thread+0x56/0x1f0
[    0.665000]  [<ffffffff810c1356>] smpboot_thread_fn+0x206/0x270
[    0.665000]  [<ffffffff810bb9e0>] kthread+0x150/0x170
[    0.665000]  [<ffffffff81ee5e3f>] ret_from_fork+0x3f/0x70
[    0.665000] 
[    0.665000] ==================================================================
[    0.690685] devtmpfs: initialized
[    0.718427] clocksource: jiffies: mask: 0xffffffff max_cycles: 0xffffffff, max_idle_ns: 1911260446275000 ns
[    0.718414] kworker/u8:0 (26) used greatest stack depth: 12888 bytes left
[    0.729499] RTC time:  9:39:14, date: 11/01/16
[    0.731209] kworker/u8:0 (28) used greatest stack depth: 8 bytes left
[    0.739378] NET: Registered protocol family 16
[    0.761247] cpuidle: using governor ladder
[    0.770224] cpuidle: using governor menu
[    0.775156] ACPI: bus type PCI registered
[    0.780717] PCI: Using configuration type 1 for base access
[    1.358013] ACPI: Added _OSI(Module Device)
[    1.360264] ACPI: Added _OSI(Processor Device)
[    1.361185] ACPI: Added _OSI(3.0 _SCP Extensions)
[    1.362216] ACPI: Added _OSI(Processor Aggregator Device)
[    1.563607] ACPI: Interpreter enabled
[    1.565243] ACPI Exception: AE_NOT_FOUND, While evaluating Sleep State [\_S1_] (20150619/hwxface-580)
[    1.567249] ACPI Exception: AE_NOT_FOUND, While evaluating Sleep State [\_S2_] (20150619/hwxface-580)
[    1.570690] ACPI: (supports S0 S3 S4 S5)
[    1.572166] ACPI: Using IOAPIC for interrupt routing
[    1.574530] PCI: Using host bridge windows from ACPI; if necessary, use "pci=nocrs" and report a bug
[    2.071855] ACPI: PCI Root Bridge [PCI0] (domain 0000 [bus 00-ff])
[    2.073282] acpi PNP0A03:00: _OSC: OS supports [ASPM ClockPM Segments MSI]
[    2.075384] acpi PNP0A03:00: _OSC failed (AE_NOT_FOUND); disabling ASPM
[    2.077759] acpi PNP0A03:00: fail to add MMCONFIG information, can't access extended PCI configuration space under this bridge.
[    2.083196] PCI host bridge to bus 0000:00
[    2.084236] pci_bus 0000:00: root bus resource [bus 00-ff]
[    2.085225] pci_bus 0000:00: root bus resource [io  0x0000-0x0cf7 window]
[    2.087215] pci_bus 0000:00: root bus resource [io  0x0d00-0xffff window]
[    2.088306] pci_bus 0000:00: root bus resource [mem 0x000a0000-0x000bffff window]
[    2.089190] pci_bus 0000:00: root bus resource [mem 0xc0000000-0xfebfffff window]
[    2.091286] pci 0000:00:00.0: [8086:1237] type 00 class 0x060000
[    2.107495] pci 0000:00:01.0: [8086:7000] type 00 class 0x060100
[    2.125316] pci 0000:00:01.1: [8086:7010] type 00 class 0x010180
[    2.131664] pci 0000:00:01.1: reg 0x20: [io  0xc040-0xc04f]
[    2.135238] pci 0000:00:01.1: legacy IDE quirk: reg 0x10: [io  0x01f0-0x01f7]
[    2.137150] pci 0000:00:01.1: legacy IDE quirk: reg 0x14: [io  0x03f6]
[    2.138233] pci 0000:00:01.1: legacy IDE quirk: reg 0x18: [io  0x0170-0x0177]
[    2.139169] pci 0000:00:01.1: legacy IDE quirk: reg 0x1c: [io  0x0376]
[    2.154182] pci 0000:00:01.3: [8086:7113] type 00 class 0x068000
[    2.158222] pci 0000:00:01.3: quirk: [io  0x0600-0x063f] claimed by PIIX4 ACPI
[    2.159278] pci 0000:00:01.3: quirk: [io  0x0700-0x070f] claimed by PIIX4 SMB
[    2.174339] pci 0000:00:02.0: [1234:1111] type 00 class 0x030000
[    2.178234] pci 0000:00:02.0: reg 0x10: [mem 0xfd000000-0xfdffffff pref]
[    2.183227] pci 0000:00:02.0: reg 0x18: [mem 0xfebf0000-0xfebf0fff]
[    2.193273] pci 0000:00:02.0: reg 0x30: [mem 0xfebe0000-0xfebeffff pref]
[    2.209498] pci 0000:00:03.0: [8086:100e] type 00 class 0x020000
[    2.212806] pci 0000:00:03.0: reg 0x10: [mem 0xfebc0000-0xfebdffff]
[    2.215694] pci 0000:00:03.0: reg 0x14: [io  0xc000-0xc03f]
[    2.224179] pci 0000:00:03.0: reg 0x30: [mem 0xfeb80000-0xfebbffff pref]
[    2.285682] ACPI: PCI Interrupt Link [LNKA] (IRQs 5 *10 11)
[    2.294161] ACPI: PCI Interrupt Link [LNKB] (IRQs 5 *10 11)
[    2.302410] ACPI: PCI Interrupt Link [LNKC] (IRQs 5 10 *11)
[    2.310706] ACPI: PCI Interrupt Link [LNKD] (IRQs 5 10 *11)
[    2.315608] ACPI: PCI Interrupt Link [LNKS] (IRQs *9)
[    2.360701] ACPI: Enabled 16 GPEs in block 00 to 0F
[    2.371529] vgaarb: setting as boot device: PCI:0000:00:02.0
[    2.372000] vgaarb: device added: PCI:0000:00:02.0,decodes=io+mem,owns=io+mem,locks=none
[    2.373223] vgaarb: loaded
[    2.373779] vgaarb: bridge control possible 0000:00:02.0
[    2.383425] SCSI subsystem initialized
[    2.388201] libata version 3.00 loaded.
[    2.394578] ACPI: bus type USB registered
[    2.398722] usbcore: registered new interface driver usbfs
[    2.401661] usbcore: registered new interface driver hub
[    2.404665] usbcore: registered new device driver usb
[    2.409348] pps_core: LinuxPPS API ver. 1 registered
[    2.410203] pps_core: Software ver. 5.3.6 - Copyright 2005-2007 Rodolfo Giometti <giometti@linux.it>
[    2.413525] PTP clock support registered
[    2.423159] Advanced Linux Sound Architecture Driver Initialized.
[    2.427799] PCI: Using ACPI for IRQ routing
[    2.429160] PCI: pci_cache_line_size set to 64 bytes
[    2.431292] e820: reserve RAM buffer [mem 0x0009fc00-0x0009ffff]
[    2.433161] e820: reserve RAM buffer [mem 0xbffdf000-0xbfffffff]
[    2.455566] NetLabel: Initializing
[    2.456187] NetLabel:  domain hash size = 128
[    2.458127] NetLabel:  protocols = UNLABELED CIPSOv4
[    2.460643] NetLabel:  unlabeled traffic allowed by default
[    2.469067] HPET: 3 timers in total, 0 timers will be used for per-cpu timer
[    2.471229] hpet0: at MMIO 0xfed00000, IRQs 2, 8, 0
[    2.473292] hpet0: 3 comparators, 64-bit 100.000000 MHz counter
[    2.488448] clocksource: Switched to clocksource kvm-clock
[    3.855519] pnp: PnP ACPI init
[    3.862820] pnp 00:00: Plug and Play ACPI device, IDs PNP0b00 (active)
[    3.868636] pnp 00:01: Plug and Play ACPI device, IDs PNP0303 (active)
[    3.874652] pnp 00:02: Plug and Play ACPI device, IDs PNP0f13 (active)
[    3.877350] pnp 00:03: [dma 2]
[    3.880740] pnp 00:03: Plug and Play ACPI device, IDs PNP0700 (active)
[    3.888398] pnp 00:04: Plug and Play ACPI device, IDs PNP0400 (active)
[    3.894635] pnp 00:05: Plug and Play ACPI device, IDs PNP0501 (active)
[    3.916863] pnp: PnP ACPI: found 6 devices
[    4.228372] clocksource: acpi_pm: mask: 0xffffff max_cycles: 0xffffff, max_idle_ns: 2085701024 ns
[    4.230592] pci_bus 0000:00: resource 4 [io  0x0000-0x0cf7 window]
[    4.232417] pci_bus 0000:00: resource 5 [io  0x0d00-0xffff window]
[    4.233763] pci_bus 0000:00: resource 6 [mem 0x000a0000-0x000bffff window]
[    4.235429] pci_bus 0000:00: resource 7 [mem 0xc0000000-0xfebfffff window]
[    4.239714] NET: Registered protocol family 2
[    4.321584] TCP established hash table entries: 262144 (order: 9, 2097152 bytes)
[    4.389888] TCP bind hash table entries: 65536 (order: 8, 1048576 bytes)
[    4.404875] TCP: Hash tables configured (established 262144 bind 65536)
[    4.423913] UDP hash table entries: 16384 (order: 7, 524288 bytes)
[    4.451927] UDP-Lite hash table entries: 16384 (order: 7, 524288 bytes)
[    4.467381] NET: Registered protocol family 1
[    4.475786] RPC: Registered named UNIX socket transport module.
[    4.477283] RPC: Registered udp transport module.
[    4.478300] RPC: Registered tcp transport module.
[    4.479339] RPC: Registered tcp NFSv4.1 backchannel transport module.
[    4.480739] pci 0000:00:00.0: Limiting direct PCI/PCI transfers
[    4.482015] pci 0000:00:01.0: PIIX3: Enabling Passive Release
[    4.483627] pci 0000:00:01.0: Activating ISA DMA hang workarounds
[    4.485406] pci 0000:00:02.0: Video device with shadowed ROM
[    4.486725] PCI: CLS 0 bytes, default 64
[    4.492905] PCI-DMA: Using software bounce buffering for IO (SWIOTLB)
[    4.494414] software IO TLB [mem 0xbbfdf000-0xbffdf000] (64MB) mapped at [ffff8800bbfdf000-ffff8800bffdefff]
[    4.501106] microcode: CPU0 sig=0x663, pf=0x1, revision=0x1
[    4.502649] microcode: CPU1 sig=0x663, pf=0x1, revision=0x1
[    4.504494] microcode: CPU2 sig=0x663, pf=0x1, revision=0x1
[    4.505944] microcode: CPU3 sig=0x663, pf=0x1, revision=0x1
[    4.510482] microcode: Microcode Update Driver: v2.00 <tigran@aivazian.fsnet.co.uk>, Peter Oruba
[    4.547484] Scanning for low memory corruption every 60 seconds
[    4.579910] futex hash table entries: 1024 (order: 4, 65536 bytes)
[    4.583520] audit: initializing netlink subsys (disabled)
[    4.586032] audit: type=2000 audit(1477993159.087:1): initialized
[    4.602378] HugeTLB registered 2 MB page size, pre-allocated 0 pages
[    4.612476] VFS: Disk quotas dquot_6.6.0
[    4.614620] VFS: Dquot-cache hash table entries: 512 (order 0, 4096 bytes)
[    4.634690] NFS: Registering the id_resolver key type
[    4.636458] Key type id_resolver registered
[    4.637785] Key type id_legacy registered
[    4.643529] 9p: Installing v9fs 9p2000 file system support
[    4.648956] SELinux:  Registering netfilter hooks
[    4.714830] Block layer SCSI generic (bsg) driver version 0.4 loaded (major 251)
[    4.716745] io scheduler noop registered
[    4.717736] io scheduler deadline registered
[    4.720018] io scheduler cfq registered (default)
[    4.727609] pci_hotplug: PCI Hot Plug PCI Core version: 0.5
[    4.742940] input: Power Button as /devices/LNXSYSTM:00/LNXPWRBN:00/input/input0
[    4.744674] ACPI: Power Button [PWRF]
[    4.782457] Serial: 8250/16550 driver, 4 ports, IRQ sharing enabled
[    4.811987] 00:05: ttyS0 at I/O 0x3f8 (irq = 4, base_baud = 115200) is a 16550A
[    4.863998] Non-volatile memory driver v1.3
[    4.869572] Linux agpgart interface v0.103
[    4.881780] [drm] Initialized drm 1.1.0 20060810
[    5.071900] loop: module loaded
[    5.087574] ata_piix 0000:00:01.1: version 2.13
[    5.140503] scsi host0: ata_piix
[    5.152952] scsi host1: ata_piix
[    5.161371] ata1: PATA max MWDMA2 cmd 0x1f0 ctl 0x3f6 bmdma 0xc040 irq 14
[    5.162878] ata2: PATA max MWDMA2 cmd 0x170 ctl 0x376 bmdma 0xc048 irq 15
[    5.164971] ==================================================================
[    5.165467] ThreadSanitizer: data-race in scsi_error_handler
[    5.165467] 
[    5.166268] Read at 0xffff88018e1ef9a9 of size 1 by thread 740 on CPU 0:
[    5.166268]  [<ffffffff8189d67d>] scsi_error_handler+0x12d/0x9b0
[    5.166268]  [<ffffffff810bb9e0>] kthread+0x150/0x170
[    5.166268]  [<ffffffff81ee5e3f>] ret_from_fork+0x3f/0x70
[    5.166268] 
[    5.166268] Previous write at 0xffff88018e1ef9a9 of size 2 by thread 1 on CPU 3:
[    5.166268]  [<ffffffff818dfbf2>] ata_scsi_add_hosts+0x1d2/0x320
[    5.173523] e100: Intel(R) PRO/100 Network Driver, 3.5.24-k2-NAPI
[    5.173560] e100: Copyright(c) 1999-2006 Intel Corporation
[    5.175324] e1000: Intel(R) PRO/1000 Network Driver - version 7.3.21-k8-NAPI
[    5.175359] e1000: Copyright (c) 1999-2006 Intel Corporation.
[    5.166268]  [<ffffffff818d716c>] ata_host_register+0x1fc/0x440
[    5.166268]  [<ffffffff818eec43>] ata_pci_sff_activate_host+0xa3/0x2b0
[    5.166268]  [<ffffffff819009ee>] piix_init_one+0x5ee/0xe50
[    5.166268]  [<ffffffff815a16be>] local_pci_probe+0x7e/0xe0
[    5.166268]  [<ffffffff815a3b91>] pci_device_probe+0x151/0x190
[    5.166268]  [<ffffffff8185918a>] driver_probe_device+0x1ea/0x470
[    5.166268]  [<ffffffff818594d4>] __driver_attach+0xc4/0xd0
[    5.166268]  [<ffffffff81855dd3>] bus_for_each_dev+0x93/0xe0
[    5.166268]  [<ffffffff818586f3>] driver_attach+0x33/0x50
[    5.166268]  [<ffffffff81858039>] bus_add_driver+0x1f9/0x320
[    5.166268]  [<ffffffff8185a2bb>] driver_register+0xdb/0x190
[    5.166268]  [<ffffffff815a0cf8>] __pci_register_driver+0xb8/0xd0
[    5.166268]  [<ffffffff82595ea5>] piix_init+0x24/0x4b
[    5.166268]  [<ffffffff81000337>] do_one_initcall+0xb7/0x210
[    5.166268]  [<ffffffff8252e9f8>] kernel_init_freeable+0x2b5/0x380
[    5.166268]  [<ffffffff81ed2166>] kernel_init+0x16/0x140
[    5.166268]  [<ffffffff81ee5e3f>] ret_from_fork+0x3f/0x70
[    5.166268] 
[    5.166268] Mutexes locked by thread 1:
[    5.166268] Mutex 94087 is locked here:
[    5.166268]  [<ffffffff81ee2037>] mutex_lock+0x57/0x70
[    5.166268]  [<ffffffff81859484>] __driver_attach+0x74/0xd0
[    5.166268]  [<ffffffff81855dd3>] bus_for_each_dev+0x93/0xe0
[    5.166268]  [<ffffffff818586f3>] driver_attach+0x33/0x50
[    5.166268]  [<ffffffff81858039>] bus_add_driver+0x1f9/0x320
[    5.166268]  [<ffffffff8185a2bb>] driver_register+0xdb/0x190
[    5.166268]  [<ffffffff815a0cf8>] __pci_register_driver+0xb8/0xd0
[    5.166268]  [<ffffffff82595ea5>] piix_init+0x24/0x4b
[    5.166268]  [<ffffffff81000337>] do_one_initcall+0xb7/0x210
[    5.166268]  [<ffffffff8252e9f8>] kernel_init_freeable+0x2b5/0x380
[    5.166268]  [<ffffffff81ed2166>] kernel_init+0x16/0x140
[    5.166268]  [<ffffffff81ee5e3f>] ret_from_fork+0x3f/0x70
[    5.166268] 
[    5.166268] Mutex 43795 is locked here:
[    5.166268]  [<ffffffff81ee2037>] mutex_lock+0x57/0x70
[    5.166268]  [<ffffffff81859490>] __driver_attach+0x80/0xd0
[    5.166268]  [<ffffffff81855dd3>] bus_for_each_dev+0x93/0xe0
[    5.166268]  [<ffffffff818586f3>] driver_attach+0x33/0x50
[    5.166268]  [<ffffffff81858039>] bus_add_driver+0x1f9/0x320
[    5.166268]  [<ffffffff8185a2bb>] driver_register+0xdb/0x190
[    5.166268]  [<ffffffff815a0cf8>] __pci_register_driver+0xb8/0xd0
[    5.166268]  [<ffffffff82595ea5>] piix_init+0x24/0x4b
[    5.166268]  [<ffffffff81000337>] do_one_initcall+0xb7/0x210
[    5.166268]  [<ffffffff8252e9f8>] kernel_init_freeable+0x2b5/0x380
[    5.166268]  [<ffffffff81ed2166>] kernel_init+0x16/0x140
[    5.166268]  [<ffffffff81ee5e3f>] ret_from_fork+0x3f/0x70
[    5.166268] 
[    5.166268] ==================================================================
[    5.166153] ==================================================================
[    5.166153] ThreadSanitizer: data-race in scsi_error_handler
[    5.166153] 
[    5.166153] Read at 0xffff8800bb8100c8 of size 8 by thread 744 on CPU 1:
[    5.166153]  [<ffffffff8189d697>] scsi_error_handler+0x147/0x9b0
[    5.166153]  [<ffffffff810bb9e0>] kthread+0x150/0x170
[    5.229509]  [<ffffffff81ee5e3f>] ret_from_fork+0x3f/0x70
[    5.230772] 
[    5.230772] Previous write at 0xffff8800bb8100c8 of size 8 by thread 1 on CPU 3:
[    5.230772]  [<ffffffff818dfb59>] ata_scsi_add_hosts+0x139/0x320
[    5.230772]  [<ffffffff818d716c>] ata_host_register+0x1fc/0x440
[    5.230772]  [<ffffffff818eec43>] ata_pci_sff_activate_host+0xa3/0x2b0
[    5.230772]  [<ffffffff819009ee>] piix_init_one+0x5ee/0xe50
[    5.230772]  [<ffffffff815a16be>] local_pci_probe+0x7e/0xe0
[    5.230772]  [<ffffffff815a3b91>] pci_device_probe+0x151/0x190
[    5.237620]  [<ffffffff8185918a>] driver_probe_device+0x1ea/0x470
[    5.237620]  [<ffffffff818594d4>] __driver_attach+0xc4/0xd0
[    5.237620]  [<ffffffff81855dd3>] bus_for_each_dev+0x93/0xe0
[    5.237620]  [<ffffffff818586f3>] driver_attach+0x33/0x50
[    5.237620]  [<ffffffff81858039>] bus_add_driver+0x1f9/0x320
[    5.237620]  [<ffffffff8185a2bb>] driver_register+0xdb/0x190
[    5.237620]  [<ffffffff815a0cf8>] __pci_register_driver+0xb8/0xd0
[    5.237620]  [<ffffffff82595ea5>] piix_init+0x24/0x4b
[    5.237620]  [<ffffffff81000337>] do_one_initcall+0xb7/0x210
[    5.237620]  [<ffffffff8252e9f8>] kernel_init_freeable+0x2b5/0x380
[    5.237620]  [<ffffffff81ed2166>] kernel_init+0x16/0x140
[    5.237620]  [<ffffffff81ee5e3f>] ret_from_fork+0x3f/0x70
[    5.237620] 
[    5.237620] Mutexes locked by thread 1:
[    5.237620] Mutex 94087 is locked here:
[    5.237620]  [<ffffffff81ee2037>] mutex_lock+0x57/0x70
[    5.237620]  [<ffffffff81859484>] __driver_attach+0x74/0xd0
[    5.237620]  [<ffffffff81855dd3>] bus_for_each_dev+0x93/0xe0
[    5.237620]  [<ffffffff818586f3>] driver_attach+0x33/0x50
[    5.237620]  [<ffffffff81858039>] bus_add_driver+0x1f9/0x320
[    5.237620]  [<ffffffff8185a2bb>] driver_register+0xdb/0x190
[    5.237620]  [<ffffffff815a0cf8>] __pci_register_driver+0xb8/0xd0
[    5.237620]  [<ffffffff82595ea5>] piix_init+0x24/0x4b
[    5.237620]  [<ffffffff81000337>] do_one_initcall+0xb7/0x210
[    5.237620]  [<ffffffff8252e9f8>] kernel_init_freeable+0x2b5/0x380
[    5.237620]  [<ffffffff81ed2166>] kernel_init+0x16/0x140
[    5.237620]  [<ffffffff81ee5e3f>] ret_from_fork+0x3f/0x70
[    5.237620] 
[    5.237620] Mutex 43795 is locked here:
[    5.237620]  [<ffffffff81ee2037>] mutex_lock+0x57/0x70
[    5.237620]  [<ffffffff81859490>] __driver_attach+0x80/0xd0
[    5.237620]  [<ffffffff81855dd3>] bus_for_each_dev+0x93/0xe0
[    5.237620]  [<ffffffff818586f3>] driver_attach+0x33/0x50
[    5.237620]  [<ffffffff81858039>] bus_add_driver+0x1f9/0x320
[    5.237620]  [<ffffffff8185a2bb>] driver_register+0xdb/0x190
[    5.237620]  [<ffffffff815a0cf8>] __pci_register_driver+0xb8/0xd0
[    5.237620]  [<ffffffff82595ea5>] piix_init+0x24/0x4b
[    5.237620]  [<ffffffff81000337>] do_one_initcall+0xb7/0x210
[    5.237620]  [<ffffffff8252e9f8>] kernel_init_freeable+0x2b5/0x380
[    5.237620]  [<ffffffff81ed2166>] kernel_init+0x16/0x140
[    5.237620]  [<ffffffff81ee5e3f>] ret_from_fork+0x3f/0x70
[    5.237620] 
[    5.237620] ==================================================================
[    5.377044] ata1.01: NODEV after polling detection
[    5.379980] ata1.00: ATA-7: QEMU HARDDISK, 2.5+, max UDMA/100
[    5.381753] ata1.00: 2099200 sectors, multi 16: LBA48 
[    5.388753] ata1.00: configured for MWDMA2
[    5.396045] scsi 0:0:0:0: Direct-Access     ATA      QEMU HARDDISK    2.5+ PQ: 0 ANSI: 5
[    5.425543] sd 0:0:0:0: [sda] 2099200 512-byte logical blocks: (1.07 GB/1.00 GiB)
[    5.428970] ata2.01: NODEV after polling detection
[    5.430582] sd 0:0:0:0: Attached scsi generic sg0 type 0
[    5.432700] ==================================================================
[    5.433715] ata2.00: ATAPI: QEMU DVD-ROM, 2.5+, max UDMA/100
[    5.433178] ThreadSanitizer: data-race in scsi_get_vpd_page
[    5.433178] 
[    5.436631] ata2.00: configured for MWDMA2
[    5.436871] Read at 0xffff88018e61210a of size 1 by thread 682 on CPU 2:
[    5.436871]  [<ffffffff81893d7e>] scsi_get_vpd_page+0x3e/0x110
[    5.436871]  [<ffffffff818ba35a>] sd_revalidate_disk+0xd5a/0x2b70
[    5.436871]  [<ffffffff818bc351>] sd_probe_async+0x1e1/0x370
[    5.444943] scsi 1:0:0:0: CD-ROM            QEMU     QEMU DVD-ROM     2.5+ PQ: 0 ANSI: 5
[    5.436871]  [<ffffffff810c032d>] async_run_entry_fn+0x7d/0x1e0
[    5.436871]  [<ffffffff810b1d1e>] process_one_work+0x47e/0x930
[    5.436871]  [<ffffffff810b2280>] worker_thread+0xb0/0x900
[    5.436871]  [<ffffffff810bb9e0>] kthread+0x150/0x170
[    5.436871]  [<ffffffff81ee5e3f>] ret_from_fork+0x3f/0x70
[    5.436871] 
[    5.436871] Previous write at 0xffff88018e61210a of size 8 by thread 6 on CPU 0:
[    5.436871]  [<ffffffff818ab0be>] scsi_sysfs_add_sdev+0x14e/0x340
[    5.436871]  [<ffffffff818a701b>] scsi_probe_and_add_lun+0x116b/0x1180
[    5.436871]  [<ffffffff818a78df>] __scsi_add_device+0x13f/0x150
[    5.436871]  [<ffffffff818dfe36>] ata_scsi_scan_host+0xf6/0x270
[    5.436871]  [<ffffffff818d7d9e>] async_port_probe+0x6e/0x90
[    5.436871]  [<ffffffff810c032d>] async_run_entry_fn+0x7d/0x1e0
[    5.436871]  [<ffffffff810b1d1e>] process_one_work+0x47e/0x930
[    5.436871]  [<ffffffff810b2280>] worker_thread+0xb0/0x900
[    5.436871]  [<ffffffff810bb9e0>] kthread+0x150/0x170
[    5.436871]  [<ffffffff81ee5e3f>] ret_from_fork+0x3f/0x70
[    5.436871] 
[    5.436871] Mutexes locked by thread 6:
[    5.436871] Mutex 99364 is locked here:
[    5.436871]  [<ffffffff81ee2037>] mutex_lock+0x57/0x70
[    5.436871]  [<ffffffff818a784c>] __scsi_add_device+0xac/0x150
[    5.475431] sr 1:0:0:0: [sr0] scsi3-mmc drive: 4x/4x cd/rw xa/form2 tray
[    5.475499] cdrom: Uniform CD-ROM driver Revision: 3.20
[    5.436871]  [<ffffffff818dfe36>] ata_scsi_scan_host+0xf6/0x270
[    5.436871]  [<ffffffff818d7d9e>] async_port_probe+0x6e/0x90
[    5.436871]  [<ffffffff810c032d>] async_run_entry_fn+0x7d/0x1e0
[    5.436871]  [<ffffffff810b1d1e>] process_one_work+0x47e/0x930
[    5.436871]  [<ffffffff810b2280>] worker_thread+0xb0/0x900
[    5.436871]  [<ffffffff810bb9e0>] kthread+0x150/0x170
[    5.436871]  [<ffffffff81ee5e3f>] ret_from_fork+0x3f/0x70
[    5.436871] 
[    5.436871] ==================================================================
[    5.493680] sd 0:0:0:0: [sda] Write Protect is off
[    5.493899] sr 1:0:0:0: Attached scsi CD-ROM sr0
[    5.497022] sd 0:0:0:0: [sda] Mode Sense: 00 3a 00 00
[    5.499454] tsc: Refined TSC clocksource calibration: 2659.996 MHz
[    5.500834] sd 0:0:0:0: [sda] Write cache: enabled, read cache: enabled, doesn't support DPO or FUA
[    5.502786] clocksource: tsc: mask: 0xffffffffffffffff max_cycles: 0x2657a00da5a, max_idle_ns: 440795306826 ns
[    5.516912] sr 1:0:0:0: Attached scsi generic sg1 type 5
[    5.556252] sd 0:0:0:0: [sda] Attached SCSI disk
[   12.404579] ACPI: PCI Interrupt Link [LNKC] enabled at IRQ 11
[   12.839640] e1000 0000:00:03.0 eth0: (PCI:33MHz:32-bit) 52:54:00:12:34:56
[   12.841587] e1000 0000:00:03.0 eth0: Intel(R) PRO/1000 Network Connection
[   12.845444] sky2: driver version 1.30
[   12.857879] ehci_hcd: USB 2.0 'Enhanced' Host Controller (EHCI) Driver
[   12.860800] ehci-pci: EHCI PCI platform driver
[   12.864598] ohci_hcd: USB 1.1 'Open' Host Controller (OHCI) Driver
[   12.866447] ohci-pci: OHCI PCI platform driver
[   12.869037] uhci_hcd: USB Universal Host Controller Interface driver
[   12.873976] usbcore: registered new interface driver usblp
[   12.876860] usbcore: registered new interface driver usb-storage
[   12.880963] i8042: PNP: PS/2 Controller [PNP0303:KBD,PNP0f13:MOU] at 0x60,0x64 irq 1,12
[   12.887935] serio: i8042 KBD port at 0x60,0x64 irq 1
[   12.889464] serio: i8042 AUX port at 0x60,0x64 irq 12
[   12.901503] mousedev: PS/2 mouse device common for all mice
[   12.919388] rtc_cmos 00:00: RTC can wake from S4
[   12.925647] input: AT Translated Set 2 keyboard as /devices/platform/i8042/serio0/input/input1
[   12.929924] rtc_cmos 00:00: rtc core: registered rtc_cmos as rtc0
[   12.932436] rtc_cmos 00:00: alarms up to one day, y3k, 114 bytes nvram, hpet irqs
[   12.951045] device-mapper: ioctl: 4.32.0-ioctl (2015-6-26) initialised: dm-devel@redhat.com
[   12.960720] hidraw: raw HID events driver (C) Jiri Kosina
[   13.003000] usbcore: registered new interface driver usbhid
[   13.004657] usbhid: USB HID core driver
[   13.037513] Netfilter messages via NETLINK v0.30.
[   13.040908] nf_conntrack version 0.5.0 (65536 buckets, 262144 max)
[   13.050322] ctnetlink v0.93: registering with nfnetlink.
[   13.057818] ip_tables: (C) 2000-2006 Netfilter Core Team
[   13.060803] Initializing XFRM netlink socket
[   13.063908] NET: Registered protocol family 10
[   13.080851] ip6_tables: (C) 2000-2006 Netfilter Core Team
[   13.085281] sit: IPv6 over IPv4 tunneling driver
[   13.103443] NET: Registered protocol family 17
[   13.105733] 9pnet: Installing 9P2000 support
[   13.107910] Key type dns_resolver registered
[   13.155993] registered taskstats version 1
[   13.167584]   Magic number: 8:191:676
[   13.169418] console [netcon0] enabled
[   13.170407] netconsole: network logging started
[   13.185493] PM: Hibernation image not present or could not be loaded.
[   13.186845] ALSA device list:
[   13.187661]   No soundcards found.
[   13.625538] input: ImExPS/2 Generic Explorer Mouse as /devices/platform/i8042/serio1/input/input3
[   13.639605] md: Waiting for all devices to be available before autodetect
[   13.641249] md: If you don't use raid, use raid=noautodetect
[   13.660019] md: Autodetecting RAID arrays.
[   13.661339] md: Scanned 0 and added 0 devices.
[   13.662433] md: autorun ...
[   13.662960] md: ... autorun DONE.
[   13.671526] EXT4-fs (sda): couldn't mount as ext3 due to feature incompatibilities
[   13.677662] EXT4-fs (sda): couldn't mount as ext2 due to feature incompatibilities
[   13.744407] ==================================================================
[   13.745171] ThreadSanitizer: data-race in kjournald2
[   13.745171] 
[   13.745171] Write at 0xffff88019120fbc8 of size 8 by thread 873 on CPU 3:
[   13.745171]  [<ffffffff813cc88b>] kjournald2+0x8b/0x420
[   13.745171]  [<ffffffff810bb9e0>] kthread+0x150/0x170
[   13.745171]  [<ffffffff81ee5e3f>] ret_from_fork+0x3f/0x70
[   13.745171] 
[   13.745171] Previous read at 0xffff88019120fbc8 of size 8 by thread 1 on CPU 1:
[   13.745171]  [<ffffffff813cf68c>] jbd2_journal_load+0x2ec/0x500
[   13.745171]  [<ffffffff8137dbd8>] ext4_fill_super+0x38f8/0x53e0
[   13.745171]  [<ffffffff8126c272>] mount_bdev+0x1d2/0x230
[   13.745171]  [<ffffffff813605d8>] ext4_mount+0x38/0x50
[   13.745171]  [<ffffffff8126d18d>] mount_fs+0x5d/0x1c0
[   13.745171]  [<ffffffff8129bb1f>] vfs_kern_mount+0x6f/0x240
[   13.745171]  [<ffffffff8129ff35>] do_mount+0x275/0x1450
[   13.745171]  [<ffffffff812a1683>] SyS_mount+0xa3/0x100
[   13.745171]  [<ffffffff8252f010>] mount_block_root+0x1ab/0x2f6
[   13.745171]  [<ffffffff8252f2c9>] mount_root+0x16e/0x182
[   13.745171]  [<ffffffff8252f4a8>] prepare_namespace+0x1cb/0x20a
[   13.745171]  [<ffffffff8252eaa5>] kernel_init_freeable+0x362/0x380
[   13.745171]  [<ffffffff81ed2166>] kernel_init+0x16/0x140
[   13.745171]  [<ffffffff81ee5e3f>] ret_from_fork+0x3f/0x70
[   13.745171] 
[   13.745171] Mutexes locked by thread 1:
[   13.745171] Mutex 111550 is locked here:
[   13.745171]  [<ffffffff81ee2975>] down_write+0x65/0x80
[   13.745171]  [<ffffffff8126bbd0>] sget+0x290/0x5b0
[   13.745171]  [<ffffffff8126c174>] mount_bdev+0xd4/0x230
[   13.745171]  [<ffffffff813605d8>] ext4_mount+0x38/0x50
[   13.745171]  [<ffffffff8126d18d>] mount_fs+0x5d/0x1c0
[   13.745171]  [<ffffffff8129bb1f>] vfs_kern_mount+0x6f/0x240
[   13.745171]  [<ffffffff8129ff35>] do_mount+0x275/0x1450
[   13.745171]  [<ffffffff812a1683>] SyS_mount+0xa3/0x100
[   13.745171]  [<ffffffff8252f010>] mount_block_root+0x1ab/0x2f6
[   13.745171]  [<ffffffff8252f2c9>] mount_root+0x16e/0x182
[   13.745171]  [<ffffffff8252f4a8>] prepare_namespace+0x1cb/0x20a
[   13.745171]  [<ffffffff8252eaa5>] kernel_init_freeable+0x362/0x380
[   13.745171]  [<ffffffff81ed2166>] kernel_init+0x16/0x140
[   13.745171]  [<ffffffff81ee5e3f>] ret_from_fork+0x3f/0x70
[   13.745171] 
[   13.745171] ==================================================================
[   13.745134] ==================================================================
[   13.778274] ThreadSanitizer: data-race in jbd2_journal_load
[   13.778274] 
[   13.778274] Read at 0xffff88019120fbc8 of size 8 by thread 1 on CPU 1:
[   13.778274]  [<ffffffff813cf81a>] jbd2_journal_load+0x47a/0x500
[   13.778274]  [<ffffffff8137dbd8>] ext4_fill_super+0x38f8/0x53e0
[   13.778274]  [<ffffffff8126c272>] mount_bdev+0x1d2/0x230
[   13.778274]  [<ffffffff813605d8>] ext4_mount+0x38/0x50
[   13.778274]  [<ffffffff8126d18d>] mount_fs+0x5d/0x1c0
[   13.778274]  [<ffffffff8129bb1f>] vfs_kern_mount+0x6f/0x240
[   13.778274]  [<ffffffff8129ff35>] do_mount+0x275/0x1450
[   13.778274]  [<ffffffff812a1683>] SyS_mount+0xa3/0x100
[   13.778274]  [<ffffffff8252f010>] mount_block_root+0x1ab/0x2f6
[   13.778274]  [<ffffffff8252f2c9>] mount_root+0x16e/0x182
[   13.778274]  [<ffffffff8252f4a8>] prepare_namespace+0x1cb/0x20a
[   13.778274]  [<ffffffff8252eaa5>] kernel_init_freeable+0x362/0x380
[   13.778274]  [<ffffffff81ed2166>] kernel_init+0x16/0x140
[   13.778274]  [<ffffffff81ee5e3f>] ret_from_fork+0x3f/0x70
[   13.778274] 
[   13.778274] Previous write at 0xffff88019120fbc8 of size 8 by thread 873 on CPU 3:
[   13.778274]  [<ffffffff813cc88b>] kjournald2+0x8b/0x420
[   13.778274]  [<ffffffff810bb9e0>] kthread+0x150/0x170
[   13.778274]  [<ffffffff81ee5e3f>] ret_from_fork+0x3f/0x70
[   13.778274] 
[   13.778274] Mutexes locked by thread 1:
[   13.778274] Mutex 111550 is locked here:
[   13.778274]  [<ffffffff81ee2975>] down_write+0x65/0x80
[   13.778274]  [<ffffffff8126bbd0>] sget+0x290/0x5b0
[   13.778274]  [<ffffffff8126c174>] mount_bdev+0xd4/0x230
[   13.778274]  [<ffffffff813605d8>] ext4_mount+0x38/0x50
[   13.778274]  [<ffffffff8126d18d>] mount_fs+0x5d/0x1c0
[   13.778274]  [<ffffffff8129bb1f>] vfs_kern_mount+0x6f/0x240
[   13.778274]  [<ffffffff8129ff35>] do_mount+0x275/0x1450
[   13.778274]  [<ffffffff812a1683>] SyS_mount+0xa3/0x100
[   13.778274]  [<ffffffff8252f010>] mount_block_root+0x1ab/0x2f6
[   13.778274]  [<ffffffff8252f2c9>] mount_root+0x16e/0x182
[   13.778274]  [<ffffffff8252f4a8>] prepare_namespace+0x1cb/0x20a
[   13.778274]  [<ffffffff8252eaa5>] kernel_init_freeable+0x362/0x380
[   13.778274]  [<ffffffff81ed2166>] kernel_init+0x16/0x140
[   13.778274]  [<ffffffff81ee5e3f>] ret_from_fork+0x3f/0x70
[   13.778274] 
[   13.778274] ==================================================================
[   13.819333] EXT4-fs (sda): mounted filesystem with ordered data mode. Opts: (null)
[   13.821276] VFS: Mounted root (ext4 filesystem) readonly on device 8:0.
[   13.828817] devtmpfs: mounted
[   13.849358] Freeing unused kernel memory: 1348K (ffffffff82516000 - ffffffff82667000)
[   13.850876] Write protecting the kernel read-only data: 20480k
[   13.879749] Freeing unused kernel memory: 1096K (ffff880001eee000 - ffff880002000000)
[   13.899940] Freeing unused kernel memory: 1292K (ffff8800022bd000 - ffff880002400000)
SELinux:  Could not open policy file <= /etc/selinux/targeted/policy/policy.29:  No such file or directory
INIT: version 2.88 booting
[   14.680839] random: nonblocking pool is initialized
[[36minfo[39;49m] Using makefile-style concurrent boot in runlevel S.
[....] Starting the hotplug events dispatcher: udevd[   17.667404] udevd[989]: starting version 175
[?25l[?1c7[1G[[32m ok [39;49m8[?25h[?0c.
[....] Synthesizing the initial hotplug events...[   19.608017] ==================================================================
[   19.608124] ThreadSanitizer: data-race in poll_schedule_timeout
[   19.608124] 
[   19.608124] Atomic read at 0xffff8800ba977c88 of size 4 by thread 1024 on CPU 1:
[   19.608124]  [<ffffffff8128742c>] poll_schedule_timeout+0x9c/0xc0
[   19.608124]  [<ffffffff812893e8>] do_sys_poll+0x6e8/0x7b0
[   19.608124]  [<ffffffff812895e9>] SyS_poll+0x69/0x1b0
[   19.608124]  [<ffffffff81ee5a51>] entry_SYSCALL_64_fastpath+0x31/0x95
[   19.608124] 
[   19.608124] Previous write at 0xffff8800ba977c88 of size 4 by thread 1029 on CPU 3:
[   19.608124]  [<ffffffff81287747>] pollwake+0xc7/0x100
[   19.608124]  [<ffffffff810e3858>] __wake_up_common+0x48/0x80
[   19.608124]  [<ffffffff8109ed0f>] send_signal+0x3f/0x90
[   19.608124]  [<ffffffff810a159e>] do_notify_parent+0x47e/0x4c0
[   19.608124]  [<ffffffff8108e411>] do_exit+0x12a1/0x13b0
[   19.608124]  [<ffffffff810902f5>] do_group_exit+0x85/0x130
[   19.608124]  [<ffffffff810903c0>] __wake_up_parent+0x0/0x50
[   19.608124]  [<ffffffff81ee5a51>] entry_SYSCALL_64_fastpath+0x31/0x95
[   19.608124] 
[   19.608124] Mutexes locked by thread 1029:
[   19.608124] Mutex 190 is locked here:
[   19.608124]  [<ffffffff81ee5504>] _raw_write_lock_irq+0x64/0x70
[   19.608124]  [<ffffffff8108d658>] do_exit+0x4e8/0x13b0
[   19.608124]  [<ffffffff810902f5>] do_group_exit+0x85/0x130
[   19.608124]  [<ffffffff810903c0>] __wake_up_parent+0x0/0x50
[   19.608124]  [<ffffffff81ee5a51>] entry_SYSCALL_64_fastpath+0x31/0x95
[   19.608124] 
[   19.608124] Mutex 147279 is locked here:
[   19.608124]  [<ffffffff81ee57b4>] _raw_spin_lock_irqsave+0x64/0x80
[   19.608124]  [<ffffffff810a145f>] do_notify_parent+0x33f/0x4c0
[   19.608124]  [<ffffffff8108e411>] do_exit+0x12a1/0x13b0
[   19.608124]  [<ffffffff810902f5>] do_group_exit+0x85/0x130
[   19.608124]  [<ffffffff810903c0>] __wake_up_parent+0x0/0x50
[   19.608124]  [<ffffffff81ee5a51>] entry_SYSCALL_64_fastpath+0x31/0x95
[   19.608124] 
[   19.608124] Mutex 147278 is locked here:
[   19.608124]  [<ffffffff81ee57b4>] _raw_spin_lock_irqsave+0x64/0x80
[   19.608124]  [<ffffffff810e38b2>] __wake_up+0x22/0x60
[   19.608124]  [<ffffffff8109ed0f>] send_signal+0x3f/0x90
[   19.608124]  [<ffffffff810a159e>] do_notify_parent+0x47e/0x4c0
[   19.608124]  [<ffffffff8108e411>] do_exit+0x12a1/0x13b0
[   19.608124]  [<ffffffff810902f5>] do_group_exit+0x85/0x130
[   19.608124]  [<ffffffff810903c0>] __wake_up_parent+0x0/0x50
[   19.608124]  [<ffffffff81ee5a51>] entry_SYSCALL_64_fastpath+0x31/0x95
[   19.608124] 
[   19.608124] ==================================================================
[?25l[?1c7[1G[[32m ok [39;49m8[   21.821028] ==================================================================
[   21.821145] ThreadSanitizer: data-race in scsi_set_medium_removal.part.2
[   21.821145] 
[   21.824252] Write at 0xffff88018f8bc908 of size 8 by thread 1121 on CPU 1:
[   21.824252]  [<ffffffff81897df2>] scsi_set_medium_removal.part.2+0xa2/0xe0
[   21.824252]  [<ffffffff81897e89>] scsi_set_medium_removal+0x59/0x60
[   21.824252]  [<ffffffff818c0b1e>] sr_lock_door+0x3e/0x50
[   21.824252]  [<ffffffff8198dac1>] cdrom_release+0x161/0x330
[   21.824252]  [<ffffffff818bf1e1>] sr_block_release+0x41/0x60
[?25h[?0c[   21.824252]  [<ffffffff812c648c>] __blkdev_put+0x3ac/0x400
[   21.824252]  [<ffffffff812c6b97>] blkdev_put+0x67/0x260
[   21.824252]  [<ffffffff812c6ddd>] blkdev_close+0x4d/0x60
[   21.837961]  [<ffffffff8126993f>] __fput+0x15f/0x310
[   21.837961]  [<ffffffff81269b5d>] ____fput+0x1d/0x30
[   21.837961]  [<ffffffff810b9175>] task_work_run+0x115/0x130
[   21.837961]  [<ffffffff81006d33>] do_notify_resume+0x73/0x80
[   21.837961]  [<ffffffff81ee5c21>] int_signal+0x12/0x17
[   21.837961] 
[   21.837961] Previous read at 0xffff88018f8bc908 of size 1 by thread 387 on CPU 3:
[   21.837961]  [<ffffffff818a3995>] scsi_request_fn+0x8a5/0xb20
[   21.837961]  [<ffffffff8151193f>] __blk_run_queue+0x6f/0xa0
[   21.837961]  [<ffffffff815119af>] blk_run_queue+0x3f/0x70
[   21.837961]  [<ffffffff8189ec6a>] scsi_run_queue+0x51a/0x5f0
[   21.837961]  [<ffffffff818a026b>] scsi_end_request+0x1db/0x300
[   21.837961]  [<ffffffff818a3e27>] scsi_io_completion+0x137/0x8e0
[   21.837961]  [<ffffffff8189638e>] scsi_finish_command+0x15e/0x1f0
[   21.837961]  [<ffffffff818a30a2>] scsi_softirq_done+0x182/0x1d0
[   21.837961]  [<ffffffff81525556>] blk_done_softirq+0x136/0x160
[   21.837961]  [<ffffffff81091c1e>] __do_softirq+0xbe/0x2f0
[   21.837961]  [<ffffffff81ee658a>] common_interrupt+0x8a/0x8f
[   21.837961] 
[   21.837961] Mutexes locked by thread 1121:
[   21.837961] Mutex 162686 is locked here:
[   21.837961]  [<ffffffff81ee2037>] mutex_lock+0x57/0x70
[   21.837961]  [<ffffffff812c6133>] __blkdev_put+0x53/0x400
[   21.837961]  [<ffffffff812c6b97>] blkdev_put+0x67/0x260
[   21.837961]  [<ffffffff812c6ddd>] blkdev_close+0x4d/0x60
[   21.872040]  [<ffffffff8126993f>] __fput+0x15f/0x310
[   21.872040]  [<ffffffff81269b5d>] ____fput+0x1d/0x30
[   21.872040]  [<ffffffff810b9175>] task_work_run+0x115/0x130
[   21.872040]  [<ffffffff81006d33>] do_notify_resume+0x73/0x80
[   21.872040]  [<ffffffff81ee5c21>] int_signal+0x12/0x17
[   21.872040] 
[   21.872040] Mutex 162687 is locked here:
[   21.872040]  [<ffffffff81ee2037>] mutex_lock+0x57/0x70
[   21.872040]  [<ffffffff818bf1d5>] sr_block_release+0x35/0x60
[   21.872040]  [<ffffffff812c648c>] __blkdev_put+0x3ac/0x400
[   21.872040]  [<ffffffff812c6b97>] blkdev_put+0x67/0x260
[   21.887642]  [<ffffffff812c6ddd>] blkdev_close+0x4d/0x60
[   21.887642]  [<ffffffff8126993f>] __fput+0x15f/0x310
[   21.887642]  [<ffffffff81269b5d>] ____fput+0x1d/0x30
[   21.887642]  [<ffffffff810b9175>] task_work_run+0x115/0x130
[   21.887642]  [<ffffffff81006d33>] do_notify_resume+0x73/0x80
[   21.887642]  [<ffffffff81ee5c21>] int_signal+0x12/0x17
[   21.887642] 
[   21.887642] ==================================================================
[   21.887642] ==================================================================
[   21.887642] ThreadSanitizer: data-race in scsi_set_medium_removal.part.2
[   21.887642] 
[   21.887642] Write at 0xffff88018f8bc908 of size 8 by thread 1121 on CPU 1:
[   21.887642]  [<ffffffff81897df2>] scsi_set_medium_removal.part.2+0xa2/0xe0
[   21.887642]  [<ffffffff81897e89>] scsi_set_medium_removal+0x59/0x60
[   21.887642]  [<ffffffff818c0b1e>] sr_lock_door+0x3e/0x50
[   21.887642]  [<ffffffff8198dac1>] cdrom_release+0x161/0x330
[   21.887642]  [<ffffffff818bf1e1>] sr_block_release+0x41/0x60
[   21.887642]  [<ffffffff812c648c>] __blkdev_put+0x3ac/0x400
[   21.887642]  [<ffffffff812c6b97>] blkdev_put+0x67/0x260
[   21.887642]  [<ffffffff812c6ddd>] blkdev_close+0x4d/0x60
[   21.887642]  [<ffffffff8126993f>] __fput+0x15f/0x310
[   21.887642]  [<ffffffff81269b5d>] ____fput+0x1d/0x30
[   21.887642]  [<ffffffff810b9175>] task_work_run+0x115/0x130
[   21.887642]  [<ffffffff81006d33>] do_notify_resume+0x73/0x80
[   21.887642]  [<ffffffff81ee5c21>] int_signal+0x12/0x17
[   21.887642] 
[   21.887642] Previous read at 0xffff88018f8bc908 of size 1 by thread 387 on CPU 3:
[   21.887642]  [<ffffffff8189f2aa>] scsi_dispatch_cmd+0x8a/0x2f0
[   21.887642]  [<ffffffff818a39f3>] scsi_request_fn+0x903/0xb20
[   21.887642]  [<ffffffff8151193f>] __blk_run_queue+0x6f/0xa0
[   21.887642]  [<ffffffff815119af>] blk_run_queue+0x3f/0x70
[   21.887642]  [<ffffffff8189ec6a>] scsi_run_queue+0x51a/0x5f0
[   21.887642]  [<ffffffff818a026b>] scsi_end_request+0x1db/0x300
[   21.887642]  [<ffffffff818a3e27>] scsi_io_completion+0x137/0x8e0
[   21.887642]  [<ffffffff8189638e>] scsi_finish_command+0x15e/0x1f0
[   21.887642]  [<ffffffff818a30a2>] scsi_softirq_done+0x182/0x1d0
[   21.887642]  [<ffffffff81525556>] blk_done_softirq+0x136/0x160
[   21.887642]  [<ffffffff81091c1e>] __do_softirq+0xbe/0x2f0
[   21.887642]  [<ffffffff81ee658a>] common_interrupt+0x8a/0x8f
[   21.887642] 
[   21.887642] Mutexes locked by thread 1121:
[   21.887642] Mutex 162686 is locked here:
[   21.887642]  [<ffffffff81ee2037>] mutex_lock+0x57/0x70
[   21.887642]  [<ffffffff812c6133>] __blkdev_put+0x53/0x400
[   21.887642]  [<ffffffff812c6b97>] blkdev_put+0x67/0x260
[   21.887642]  [<ffffffff812c6ddd>] blkdev_close+0x4d/0x60
[   21.887642]  [<ffffffff8126993f>] __fput+0x15f/0x310
[   21.887642]  [<ffffffff81269b5d>] ____fput+0x1d/0x30
[   21.887642]  [<ffffffff810b9175>] task_work_run+0x115/0x130
[   21.887642]  [<ffffffff81006d33>] do_notify_resume+0x73/0x80
[   21.887642]  [<ffffffff81ee5c21>] int_signal+0x12/0x17
[   21.887642] 
[   21.887642] Mutex 162687 is locked here:
[   21.941328]  [<ffffffff81ee2037>] mutex_lock+0x57/0x70
[   21.941328]  [<ffffffff818bf1d5>] sr_block_release+0x35/0x60
[   21.941328]  [<ffffffff812c648c>] __blkdev_put+0x3ac/0x400
[   21.941328]  [<ffffffff812c6b97>] blkdev_put+0x67/0x260
[   21.941328]  [<ffffffff812c6ddd>] blkdev_close+0x4d/0x60
[   21.941328]  [<ffffffff8126993f>] __fput+0x15f/0x310
[   21.941328]  [<ffffffff81269b5d>] ____fput+0x1d/0x30
[   21.941328]  [<ffffffff810b9175>] task_work_run+0x115/0x130
[   21.941328]  [<ffffffff81006d33>] do_notify_resume+0x73/0x80
[   21.941328]  [<ffffffff81ee5c21>] int_signal+0x12/0x17
[   21.941328] 
[   21.941328] ==================================================================
done.
[....] Waiting for /dev to be fully populated...[?25l[?1c7[1G[[32m ok [39;49m8[?25h[?0cdone.
[....] Activating swap...[?25l[?1c7[1G[[32m ok [39;49m8[?25h[?0cdone.
[   27.561383] EXT4-fs (sda): re-mounted. Opts: (null)
[....] Creating compatibility symlink from /etc/mtab to /proc/mounts. ...[?25l[?1c7[1G[[33mwarn[39;49m8[?25h[?0c [33m(warning).[39;49m
[....] Cleaning up temporary files... /tmp[?25l[?1c7[1G[[32m ok [39;49m8[?25h[?0c.
[....] Activating lvm and md swap...[?25l[?1c7[1G[[32m ok [39;49m8[?25h[?0cdone.
[....] Checking file systems...fsck from util-linux 2.20.1
[?25l[?1c7[1G[[32m ok [39;49m8[?25h[?0cdone.
[....] Mounting local filesystems...[?25l[?1c7[1G[[32m ok [39;49m8[?25h[?0cdone.
[....] Activating swapfile swap...[?25l[?1c7[1G[[32m ok [39;49m8[?25h[?0cdone.
[   47.929570] ==================================================================
[   47.930151] ThreadSanitizer: data-race in pollwake
[   47.930151] 
[   47.930151] Write at 0xffff88018dd0fa98 of size 4 by thread 406 on CPU 2:
[   47.930151]  [<ffffffff81287747>] pollwake+0xc7/0x100
[   47.930151]  [<ffffffff810e3858>] __wake_up_common+0x48/0x80
[   47.930151]  [<ffffffff810b1d1e>] process_one_work+0x47e/0x930
[   47.930151]  [<ffffffff810b2280>] worker_thread+0xb0/0x900
[   47.930151]  [<ffffffff810bb9e0>] kthread+0x150/0x170
[   47.930151]  [<ffffffff81ee5e3f>] ret_from_fork+0x3f/0x70
[   47.930151] 
[   47.930151] Previous read at 0xffff88018dd0fa98 of size 4 by thread 889 on CPU 0:
[   47.930151]  [<ffffffff812873f4>] poll_schedule_timeout+0x64/0xc0
[   47.930151]  [<ffffffff81288448>] do_select+0xa68/0xb70
[   47.930151]  [<ffffffff812887ff>] core_sys_select+0x2af/0x3f0
[   47.930151]  [<ffffffff81288bb9>] SyS_pselect6+0x169/0x2b0
[   47.930151]  [<ffffffff81ee5a51>] entry_SYSCALL_64_fastpath+0x31/0x95
[   47.930151] 
[   47.930151] Mutexes locked by thread 406:
[   47.930151] Mutex 319961 is locked here:
[   47.930151]  [<ffffffff81ee2037>] mutex_lock+0x57/0x70
[   47.930151]  [<ffffffff81669726>] flush_to_ldisc+0x66/0x300
[   47.930151]  [<ffffffff810b1d1e>] process_one_work+0x47e/0x930
[   47.930151]  [<ffffffff810b2280>] worker_thread+0xb0/0x900
[   47.930151]  [<ffffffff810bb9e0>] kthread+0x150/0x170
[   47.930151]  [<ffffffff81ee5e3f>] ret_from_fork+0x3f/0x70
[   47.930151] 
[   47.930151] Mutex 312891 is locked here:
[   47.930151]  [<ffffffff81ee57b4>] _raw_spin_lock_irqsave+0x64/0x80
[   47.930151]  [<ffffffff810e38b2>] __wake_up+0x22/0x60
[   47.930151]  [<ffffffff810b1d1e>] process_one_work+0x47e/0x930
[   47.930151]  [<ffffffff810b2280>] worker_thread+0xb0/0x900
[   47.930151]  [<ffffffff810bb9e0>] kthread+0x150/0x170
[   47.930151]  [<ffffffff81ee5e3f>] ret_from_fork+0x3f/0x70
[   47.930151] 
[   47.930151] ==================================================================
[....] Cleaning up temporary files...[?25l[?1c7[1G[[32m ok [39;49m8[?25h[?0c.
[....] Setting kernel variables ...[?25l[?1c7[1G[[32m ok [39;49m8[?25h[?0cdone.
[....] Configuring network interfaces...Internet Systems Consortium DHCP Client 4.2.2
Copyright 2004-2011 Internet Systems Consortium.
All rights reserved.
For info, please visit https://www.isc.org/software/dhcp/

[   51.778609] e1000: eth0 NIC Link is Up 1000 Mbps Full Duplex, Flow Control: RX
[   51.780911] IPv6: ADDRCONF(NETDEV_UP): eth0: link is not ready
[   51.782697] IPv6: ADDRCONF(NETDEV_CHANGE): eth0: link becomes ready
[   51.788927] ==================================================================
[   51.789922] ThreadSanitizer: data-race in e1000_clean
[   51.789922] 
[   51.789922] Read at 0xffff8800b9f9800c of size 4 by thread -4 on CPU 3:
[   51.789922]  [<ffffffff8194f523>] e1000_clean+0x113/0x11e0
[   51.789922]  [<ffffffff81b90f89>] net_rx_action+0x489/0x690
[   51.789922]  [<ffffffff81091c1e>] __do_softirq+0xbe/0x2f0
[   51.789922]  [<ffffffff81ee658a>] common_interrupt+0x8a/0x8f
[   51.789922] 
[   51.789922] Previous write at 0xffff8800b9f9800c of size 4 by thread 65534 on CPU 1:
[   51.789922]  [<ffffffff81951bc9>] e1000_xmit_frame+0x15d9/0x1e90
[   51.789922]  [<ffffffff81b93c69>] dev_hard_start_xmit+0x499/0x700
[   51.789922]  [<ffffffff81bcabab>] sch_direct_xmit+0x21b/0x3d0
[   51.789922]  [<ffffffff81b94589>] __dev_queue_xmit+0x489/0xa50
[   51.789922]  [<ffffffff81b94b6f>] dev_queue_xmit_sk+0x1f/0x30
[   51.789922]  [<ffffffff81ba17a9>] neigh_resolve_output+0x279/0x350
[   51.789922]  [<ffffffff81ced3e4>] ip6_finish_output2+0x3d4/0xb30
[   51.789922]  [<ffffffff81cf26c4>] ip6_finish_output+0x164/0x220
[   51.789922]  [<ffffffff81cf28dc>] ip6_output+0x15c/0x220
[   51.789922]  [<ffffffff81d294a1>] NF_HOOK_THRESH.constprop.37+0x121/0x130
[   51.789922]  [<ffffffff81d29805>] mld_sendpack+0x355/0x5f0
[   51.789922]  [<ffffffff81d2bafc>] mld_ifc_timer_expire+0x27c/0x420
[   51.789922]  [<ffffffff811155fc>] call_timer_fn+0x4c/0x1b0
[   51.789922]  [<ffffffff811162e3>] run_timer_softirq+0x313/0x500
[   51.789922]  [<ffffffff81091c1e>] __do_softirq+0xbe/0x2f0
[   51.789922]  [<ffffffff81ee690a>] apic_timer_interrupt+0x8a/0xa0
[   51.789922] 
[   51.789922] Mutexes locked by thread 65534:
[   51.789922] Mutex 364881 is locked here:
[   51.789922]  [<ffffffff81ee5400>] _raw_spin_lock+0x50/0x70
[   51.789922]  [<ffffffff81bcab69>] sch_direct_xmit+0x1d9/0x3d0
[   51.789922]  [<ffffffff81b94589>] __dev_queue_xmit+0x489/0xa50
[   51.789922]  [<ffffffff81b94b6f>] dev_queue_xmit_sk+0x1f/0x30
[   51.789922]  [<ffffffff81ba17a9>] neigh_resolve_output+0x279/0x350
[   51.789922]  [<ffffffff81ced3e4>] ip6_finish_output2+0x3d4/0xb30
[   51.789922]  [<ffffffff81cf26c4>] ip6_finish_output+0x164/0x220
[   51.789922]  [<ffffffff81cf28dc>] ip6_output+0x15c/0x220
[   51.789922]  [<ffffffff81d294a1>] NF_HOOK_THRESH.constprop.37+0x121/0x130
[   51.789922]  [<ffffffff81d29805>] mld_sendpack+0x355/0x5f0
[   51.789922]  [<ffffffff81d2bafc>] mld_ifc_timer_expire+0x27c/0x420
[   51.789922]  [<ffffffff811155fc>] call_timer_fn+0x4c/0x1b0
[   51.789922]  [<ffffffff811162e3>] run_timer_softirq+0x313/0x500
[   51.789922]  [<ffffffff81091c1e>] __do_softirq+0xbe/0x2f0
[   51.789922]  [<ffffffff81ee690a>] apic_timer_interrupt+0x8a/0xa0
[   51.789922] 
[   51.789922] ==================================================================
Listening on LPF/eth0/52:54:00:12:34:56
Sending on   LPF/eth0/52:54:00:12:34:56
Sending on   Socket/fallback
DHCPDISCOVER on eth0 to 255.255.255.255 port 67 interval 7
DHCPREQUEST on eth0 to 255.255.255.255 port 67
DHCPOFFER from 10.0.2.2
DHCPACK from 10.0.2.2
bound to 10.0.2.15 -- renewal in 32891 seconds.
[?25l[?1c7[1G[[32m ok [39;49m8[?25h[?0cdone.
[....] Cleaning up temporary files...[?25l[?1c7[1G[[32m ok [39;49m8[?25h[?0c.
INIT: Entering runlevel: 2
[[36minfo[39;49m] Using makefile-style concurrent boot in runlevel 2.
[   56.532148] ==================================================================
[   56.532163] ThreadSanitizer: data-race in __acct_update_integrals
[   56.532163] 
[   56.532163] Read at 0xffff8800bad0acf0 of size 8 by thread 2487 on CPU 2:
[   56.532163]  [<ffffffff8117fc28>] __acct_update_integrals+0x188/0x1b0
[   56.532163]  [<ffffffff81180424>] acct_account_cputime+0x44/0x50
[   56.532163]  [<ffffffff810d590e>] account_system_time+0xbe/0x190
[   56.532163]  [<ffffffff81132a0e>] tick_sched_handle.isra.14+0x7e/0xa0
[   56.544027]  [<ffffffff811335ee>] tick_sched_timer+0x5e/0xb0
[   56.544027]  [<ffffffff81119e8e>] __hrtimer_run_queues+0x22e/0x440
[   56.544027]  [<ffffffff8111ab74>] hrtimer_interrupt+0x114/0x2d0
[   56.544027]  [<ffffffff8105d6a7>] local_apic_timer_interrupt+0x77/0xc0
[   56.544027]  [<ffffffff8105ebb6>] smp_apic_timer_interrupt+0x76/0xb0
[   56.544027]  [<ffffffff81ee690a>] apic_timer_interrupt+0x8a/0xa0
[   56.544027] 
[   56.544027] Previous write at 0xffff8800bad0acf0 of size 8 by thread 2485 on CPU 0:
[   56.544027]  [<ffffffff8122360a>] mmap_region+0x21a/0xb00
[   56.544027]  [<ffffffff81224379>] do_mmap_pgoff+0x489/0x590
[   56.544027]  [<ffffffff811fe75a>] vm_mmap_pgoff+0xaa/0xe0
[   56.544027]  [<ffffffff812212bb>] SyS_mmap_pgoff+0x13b/0x2c0
[   56.544027]  [<ffffffff8100e85b>] SyS_mmap+0x5b/0x80
[   56.544027]  [<ffffffff81ee5a51>] entry_SYSCALL_64_fastpath+0x31/0x95
[   56.544027] 
[   56.544027] Mutexes locked by thread 2485:
[   56.544027] Mutex 390851 is locked here:
[   56.544027]  [<ffffffff81ee2975>] down_write+0x65/0x80
[   56.544027]  [<ffffffff811fe73c>] vm_mmap_pgoff+0x8c/0xe0
[   56.544027]  [<ffffffff812212bb>] SyS_mmap_pgoff+0x13b/0x2c0
[   56.544027]  [<ffffffff8100e85b>] SyS_mmap+0x5b/0x80
[   56.544027]  [<ffffffff81ee5a51>] entry_SYSCALL_64_fastpath+0x31/0x95
[   56.544027] 
[   56.544027] ==================================================================
[....] Starting enhanced syslogd: rsyslogd[?25l[?1c7[1G[[32m ok [39;49m8[?25h[?0c.
[....] Starting periodic command scheduler: cron[?25l[?1c7[1G[[32m ok [39;49m8[?25h[?0c.
[....] Starting OpenBSD Secure Shell server: sshd[?25l[?1c7[1G[[32m ok [39;49m8[?25h[?0c.
[   62.069599] kt: running test for light, case 5, T2586
[   62.069599] 
[   62.075697] ==================================================================
[   62.075706] ThreadSanitizer: data-race in tcp_v4_rcv
[   62.075706] 
[   62.075721] Write at 0xffff8800b989b8c0 of size 8 by thread 2586 on CPU 3:
[   62.075737]  [<ffffffff81c5eece>] tcp_v4_rcv+0x139e/0x14c0
[   62.075762]  [<ffffffff81c156a9>] ip_local_deliver_finish+0x169/0x3f0
[   62.075783]  [<ffffffff81c15c8a>] ip_local_deliver+0x15a/0x160
[   62.075802]  [<ffffffff81c14f73>] ip_rcv_finish+0xe3/0x6b0
[   62.075815]  [<ffffffff81c162d6>] ip_rcv+0x646/0x880
[   62.075837]  [<ffffffff81b8f4af>] __netif_receive_skb_core+0x54f/0x1530
[   62.075855]  [<ffffffff81b904c9>] __netif_receive_skb+0x39/0xf0
[   62.075876]  [<ffffffff81b905c5>] netif_receive_skb_internal+0x45/0x110
[   62.075897]  [<ffffffff81b91e65>] napi_gro_receive+0x115/0x150
[   62.075919]  [<ffffffff81952fe5>] e1000_clean_rx_irq+0x355/0x950
[   62.075940]  [<ffffffff8194f964>] e1000_clean+0x554/0x11e0
[   62.075958]  [<ffffffff81b90f89>] net_rx_action+0x489/0x690
[   62.075979]  [<ffffffff81091c1e>] __do_softirq+0xbe/0x2f0
[   62.076003]  [<ffffffff81ee690a>] apic_timer_interrupt+0x8a/0xa0
[   62.076005] 
[   62.076016] Previous read at 0xffff8800b989b8c0 of size 8 by thread 2584 on CPU 1:
[   62.076034]  [<ffffffff81c30032>] tcp_recvmsg+0x412/0x12c0
[   62.076054]  [<ffffffff81c85ed8>] inet_recvmsg+0x148/0x180
[   62.076076]  [<ffffffff81b6022a>] sock_recvmsg+0x6a/0x90
[   62.076101]  [<ffffffff81b60366>] sock_read_iter+0x116/0x180
[   62.076123]  [<ffffffff81266400>] __vfs_read+0x1a0/0x1e0
[   62.076127]  [<ffffffff81267207>] vfs_read+0xb7/0x1e0
[   62.076127]  [<ffffffff81268740>] SyS_read+0x70/0xd0
[   62.076127]  [<ffffffff81ee5a51>] entry_SYSCALL_64_fastpath+0x31/0x95
[   62.076127] 
[   62.076127] Mutexes locked by thread 2586:
[   62.076127] Mutex 411867 is locked here:
[   62.076127]  [<ffffffff81ee5400>] _raw_spin_lock+0x50/0x70
[   62.076127]  [<ffffffff81c5eb7d>] tcp_v4_rcv+0x104d/0x14c0
[   62.076127]  [<ffffffff81c156a9>] ip_local_deliver_finish+0x169/0x3f0
[   62.076127]  [<ffffffff81c15c8a>] ip_local_deliver+0x15a/0x160
[   62.076127]  [<ffffffff81c14f73>] ip_rcv_finish+0xe3/0x6b0
[   62.076127]  [<ffffffff81c162d6>] ip_rcv+0x646/0x880
[   62.076127]  [<ffffffff81b8f4af>] __netif_receive_skb_core+0x54f/0x1530
[   62.076127]  [<ffffffff81b904c9>] __netif_receive_skb+0x39/0xf0
[   62.076127]  [<ffffffff81b905c5>] netif_receive_skb_internal+0x45/0x110
[   62.076127]  [<ffffffff81b91e65>] napi_gro_receive+0x115/0x150
[   62.076127]  [<ffffffff81952fe5>] e1000_clean_rx_irq+0x355/0x950
[   62.076127]  [<ffffffff8194f964>] e1000_clean+0x554/0x11e0
[   62.076127]  [<ffffffff81b90f89>] net_rx_action+0x489/0x690
[   62.076127]  [<ffffffff81091c1e>] __do_softirq+0xbe/0x2f0
[   62.076127]  [<ffffffff81ee690a>] apic_timer_interrupt+0x8a/0xa0
[   62.076127] 
[   62.076127] ==================================================================
[   62.080589] ==================================================================
[   62.080604] ThreadSanitizer: data-race in tcp_recvmsg
[   62.080604] 
[   62.080636] Read at 0xffff8800b989b8c0 of size 8 by thread 2584 on CPU 1:
[   62.080663]  [<ffffffff81c30032>] tcp_recvmsg+0x412/0x12c0
[   62.080683]  [<ffffffff81c85ed8>] inet_recvmsg+0x148/0x180
[   62.080718]  [<ffffffff81b6022a>] sock_recvmsg+0x6a/0x90
[   62.080754]  [<ffffffff81b60366>] sock_read_iter+0x116/0x180
[   62.080777]  [<ffffffff81266400>] __vfs_read+0x1a0/0x1e0
[   62.080804]  [<ffffffff81267207>] vfs_read+0xb7/0x1e0
[   62.080828]  [<ffffffff81268740>] SyS_read+0x70/0xd0
[   62.080855]  [<ffffffff81ee5a51>] entry_SYSCALL_64_fastpath+0x31/0x95
[   62.080862] 
[   62.080887] Previous write at 0xffff8800b989b8c0 of size 8 by thread 2586 on CPU 3:
[   62.080921]  [<ffffffff81c5eece>] tcp_v4_rcv+0x139e/0x14c0
[   62.080958]  [<ffffffff81c156a9>] ip_local_deliver_finish+0x169/0x3f0
[   62.080986]  [<ffffffff81c15c8a>] ip_local_deliver+0x15a/0x160
[   62.081012]  [<ffffffff81c14f73>] ip_rcv_finish+0xe3/0x6b0
[   62.081024]  [<ffffffff81c162d6>] ip_rcv+0x646/0x880
[   62.081045]  [<ffffffff81b8f4af>] __netif_receive_skb_core+0x54f/0x1530
[   62.081062]  [<ffffffff81b904c9>] __netif_receive_skb+0x39/0xf0
[   62.081084]  [<ffffffff81b905c5>] netif_receive_skb_internal+0x45/0x110
[   62.081103]  [<ffffffff81b91e65>] napi_gro_receive+0x115/0x150
[   62.081103]  [<ffffffff81952fe5>] e1000_clean_rx_irq+0x355/0x950
[   62.081103]  [<ffffffff8194f964>] e1000_clean+0x554/0x11e0
[   62.081103]  [<ffffffff81b90f89>] net_rx_action+0x489/0x690
[   62.081103]  [<ffffffff81091c1e>] __do_softirq+0xbe/0x2f0
[   62.081103]  [<ffffffff81ee690a>] apic_timer_interrupt+0x8a/0xa0
[   62.081103] 
[   62.081103] Mutexes locked by thread 2586:
[   62.081103] Mutex 411867 is locked here:
[   62.081103]  [<ffffffff81ee5400>] _raw_spin_lock+0x50/0x70
[   62.081103]  [<ffffffff81c5eb7d>] tcp_v4_rcv+0x104d/0x14c0
[   62.081103]  [<ffffffff81c156a9>] ip_local_deliver_finish+0x169/0x3f0
[   62.081103]  [<ffffffff81c15c8a>] ip_local_deliver+0x15a/0x160
[   62.081103]  [<ffffffff81c14f73>] ip_rcv_finish+0xe3/0x6b0
[   62.081103]  [<ffffffff81c162d6>] ip_rcv+0x646/0x880
[   62.081103]  [<ffffffff81b8f4af>] __netif_receive_skb_core+0x54f/0x1530
[   62.081103]  [<ffffffff81b904c9>] __netif_receive_skb+0x39/0xf0
[   62.081103]  [<ffffffff81b905c5>] netif_receive_skb_internal+0x45/0x110
[   62.081103]  [<ffffffff81b91e65>] napi_gro_receive+0x115/0x150
[   62.081103]  [<ffffffff81952fe5>] e1000_clean_rx_irq+0x355/0x950
[   62.081103]  [<ffffffff8194f964>] e1000_clean+0x554/0x11e0
[   62.081103]  [<ffffffff81b90f89>] net_rx_action+0x489/0x690
[   62.081103]  [<ffffffff81091c1e>] __do_softirq+0xbe/0x2f0
[   62.081103]  [<ffffffff81ee690a>] apic_timer_interrupt+0x8a/0xa0
[   62.081103] 
[   62.081103] ==================================================================
[   62.773460] ==================================================================
[   62.773473] ThreadSanitizer: data-race in __nf_ct_refresh_acct
[   62.773473] 
[   62.773497] Read at 0xffff8800ba566e10 of size 8 by thread 2586 on CPU 3:
[   62.773541]  [<ffffffff81be9ee1>] __nf_ct_refresh_acct+0xf1/0x140
[   62.773590]  [<ffffffff81bf6b62>] tcp_packet+0x12f2/0x2520
[   62.773626]  [<ffffffff81bed716>] nf_conntrack_in+0x736/0xdc0
[   62.773661]  [<ffffffff81cb420e>] ipv4_conntrack_in+0x5e/0x80
[   62.773687]  [<ffffffff81be3bb3>] nf_iterate+0x113/0x130
[   62.773705]  [<ffffffff81be3c47>] nf_hook_slow+0x77/0x110
[   62.773720]  [<ffffffff81c162c0>] ip_rcv+0x630/0x880
[   62.773757]  [<ffffffff81b8f4af>] __netif_receive_skb_core+0x54f/0x1530
[   62.773787]  [<ffffffff81b904c9>] __netif_receive_skb+0x39/0xf0
[   62.773816]  [<ffffffff81b905c5>] netif_receive_skb_internal+0x45/0x110
[   62.773833]  [<ffffffff81b91e65>] napi_gro_receive+0x115/0x150
[   62.773849]  [<ffffffff81952fe5>] e1000_clean_rx_irq+0x355/0x950
[   62.773872]  [<ffffffff8194f964>] e1000_clean+0x554/0x11e0
[   62.773904]  [<ffffffff81b90f89>] net_rx_action+0x489/0x690
[   62.773929]  [<ffffffff81091c1e>] __do_softirq+0xbe/0x2f0
[   62.773957]  [<ffffffff81ee690a>] apic_timer_interrupt+0x8a/0xa0
[   62.773960] 
[   62.773987] Previous write at 0xffff8800ba566e10 of size 8 by thread 2584 on CPU 2:
[   62.774045]  [<ffffffff811180cb>] mod_timer_pending+0x1ab/0x2f0
[   62.774077]  [<ffffffff81be9f06>] __nf_ct_refresh_acct+0x116/0x140
[   62.774126]  [<ffffffff81bf6b62>] tcp_packet+0x12f2/0x2520
[   62.774164]  [<ffffffff81bed716>] nf_conntrack_in+0x736/0xdc0
[   62.774191]  [<ffffffff81cb441f>] ipv4_conntrack_local+0xbf/0xe0
[   62.774191]  [<ffffffff81be3bb3>] nf_iterate+0x113/0x130
[   62.774191]  [<ffffffff81be3c47>] nf_hook_slow+0x77/0x110
[   62.774191]  [<ffffffff81c1c0fa>] __ip_local_out_sk+0x15a/0x180
[   62.774191]  [<ffffffff81c1c151>] ip_local_out_sk+0x31/0x80
[   62.774191]  [<ffffffff81c2044d>] ip_queue_xmit+0x2cd/0x840
[   62.774191]  [<ffffffff81c4db99>] tcp_transmit_skb+0xb39/0x1750
[   62.774191]  [<ffffffff81c51ee8>] tcp_send_ack+0x228/0x2d0
[   62.774191]  [<ffffffff81c37a81>] __tcp_ack_snd_check+0xb1/0x100
[   62.774191]  [<ffffffff81c470f8>] tcp_rcv_established+0x818/0xe30
[   62.774191]  [<ffffffff81c5c842>] tcp_v4_do_rcv+0x2f2/0x800
[   62.774191]  [<ffffffff81b682b6>] release_sock+0xd6/0x270
[   62.774191]  [<ffffffff81c30278>] tcp_recvmsg+0x658/0x12c0
[   62.774191]  [<ffffffff81c85ed8>] inet_recvmsg+0x148/0x180
[   62.774191]  [<ffffffff81b6022a>] sock_recvmsg+0x6a/0x90
[   62.774191]  [<ffffffff81b60366>] sock_read_iter+0x116/0x180
[   62.774191]  [<ffffffff81266400>] __vfs_read+0x1a0/0x1e0
[   62.774191]  [<ffffffff81267207>] vfs_read+0xb7/0x1e0
[   62.774191]  [<ffffffff81268740>] SyS_read+0x70/0xd0
[   62.774191]  [<ffffffff81ee5a51>] entry_SYSCALL_64_fastpath+0x31/0x95
[   62.774191] 
[   62.774191] Mutexes locked by thread 2584:
[   62.774191] Mutex 1154 is locked here:
[   62.774191]  [<ffffffff81ee5400>] _raw_spin_lock+0x50/0x70
[   62.774191]  [<ffffffff81118090>] mod_timer_pending+0x170/0x2f0
[   62.774191]  [<ffffffff81be9f06>] __nf_ct_refresh_acct+0x116/0x140
[   62.774191]  [<ffffffff81bf6b62>] tcp_packet+0x12f2/0x2520
[   62.774191]  [<ffffffff81bed716>] nf_conntrack_in+0x736/0xdc0
[   62.774191]  [<ffffffff81cb441f>] ipv4_conntrack_local+0xbf/0xe0
[   62.774191]  [<ffffffff81be3bb3>] nf_iterate+0x113/0x130
[   62.774191]  [<ffffffff81be3c47>] nf_hook_slow+0x77/0x110
[   62.774191]  [<ffffffff81c1c0fa>] __ip_local_out_sk+0x15a/0x180
[   62.774191]  [<ffffffff81c1c151>] ip_local_out_sk+0x31/0x80
[   62.774191]  [<ffffffff81c2044d>] ip_queue_xmit+0x2cd/0x840
[   62.774191]  [<ffffffff81c4db99>] tcp_transmit_skb+0xb39/0x1750
[   62.774191]  [<ffffffff81c51ee8>] tcp_send_ack+0x228/0x2d0
[   62.774191]  [<ffffffff81c37a81>] __tcp_ack_snd_check+0xb1/0x100
[   62.774191]  [<ffffffff81c470f8>] tcp_rcv_established+0x818/0xe30
[   62.774191]  [<ffffffff81c5c842>] tcp_v4_do_rcv+0x2f2/0x800
[   62.774191]  [<ffffffff81b682b6>] release_sock+0xd6/0x270
[   62.774191]  [<ffffffff81c30278>] tcp_recvmsg+0x658/0x12c0
[   62.774191]  [<ffffffff81c85ed8>] inet_recvmsg+0x148/0x180
[   62.774191]  [<ffffffff81b6022a>] sock_recvmsg+0x6a/0x90
[   62.774191]  [<ffffffff81b60366>] sock_read_iter+0x116/0x180
[   62.774191]  [<ffffffff81266400>] __vfs_read+0x1a0/0x1e0
[   62.774191]  [<ffffffff81267207>] vfs_read+0xb7/0x1e0
[   62.774191]  [<ffffffff81268740>] SyS_read+0x70/0xd0
[   62.774191]  [<ffffffff81ee5a51>] entry_SYSCALL_64_fastpath+0x31/0x95
[   62.774191] 
[   62.774191] ==================================================================
[   62.811498] ==================================================================
[   62.811510] ThreadSanitizer: data-race in mod_timer_pending
[   62.811510] 
[   62.811530] Write at 0xffff8800ba566e10 of size 8 by thread 2584 on CPU 2:
[   62.811562]  [<ffffffff811180cb>] mod_timer_pending+0x1ab/0x2f0
[   62.811609]  [<ffffffff81be9f06>] __nf_ct_refresh_acct+0x116/0x140
[   62.811666]  [<ffffffff81bf6b62>] tcp_packet+0x12f2/0x2520
[   62.811713]  [<ffffffff81bed716>] nf_conntrack_in+0x736/0xdc0
[   62.811769]  [<ffffffff81cb441f>] ipv4_conntrack_local+0xbf/0xe0
[   62.811804]  [<ffffffff81be3bb3>] nf_iterate+0x113/0x130
[   62.811832]  [<ffffffff81be3c47>] nf_hook_slow+0x77/0x110
[   62.811869]  [<ffffffff81c1c0fa>] __ip_local_out_sk+0x15a/0x180
[   62.811892]  [<ffffffff81c1c151>] ip_local_out_sk+0x31/0x80
[   62.811911]  [<ffffffff81c2044d>] ip_queue_xmit+0x2cd/0x840
[   62.811952]  [<ffffffff81c4db99>] tcp_transmit_skb+0xb39/0x1750
[   62.811977]  [<ffffffff81c51ee8>] tcp_send_ack+0x228/0x2d0
[   62.812010]  [<ffffffff81c2e291>] tcp_cleanup_rbuf+0xd1/0x210
[   62.812025]  [<ffffffff81c30270>] tcp_recvmsg+0x650/0x12c0
[   62.812040]  [<ffffffff81c85ed8>] inet_recvmsg+0x148/0x180
[   62.812082]  [<ffffffff81b6022a>] sock_recvmsg+0x6a/0x90
[   62.812115]  [<ffffffff81b60366>] sock_read_iter+0x116/0x180
[   62.812115]  [<ffffffff81266400>] __vfs_read+0x1a0/0x1e0
[   62.812115]  [<ffffffff81267207>] vfs_read+0xb7/0x1e0
[   62.812115]  [<ffffffff81268740>] SyS_read+0x70/0xd0
[   62.812115]  [<ffffffff81ee5a51>] entry_SYSCALL_64_fastpath+0x31/0x95
[   62.812115] 
[   62.812115] Previous read at 0xffff8800ba566e10 of size 8 by thread 2586 on CPU 3:
[   62.812115]  [<ffffffff81be9ee1>] __nf_ct_refresh_acct+0xf1/0x140
[   62.812115]  [<ffffffff81bf6b62>] tcp_packet+0x12f2/0x2520
[   62.812115]  [<ffffffff81bed716>] nf_conntrack_in+0x736/0xdc0
[   62.812115]  [<ffffffff81cb420e>] ipv4_conntrack_in+0x5e/0x80
[   62.812115]  [<ffffffff81be3bb3>] nf_iterate+0x113/0x130
[   62.812115]  [<ffffffff81be3c47>] nf_hook_slow+0x77/0x110
[   62.812115]  [<ffffffff81c162c0>] ip_rcv+0x630/0x880
[   62.812115]  [<ffffffff81b8f4af>] __netif_receive_skb_core+0x54f/0x1530
[   62.812115]  [<ffffffff81b904c9>] __netif_receive_skb+0x39/0xf0
[   62.812115]  [<ffffffff81b905c5>] netif_receive_skb_internal+0x45/0x110
[   62.812115]  [<ffffffff81b91e65>] napi_gro_receive+0x115/0x150
[   62.812115]  [<ffffffff81952fe5>] e1000_clean_rx_irq+0x355/0x950
[   62.812115]  [<ffffffff8194f964>] e1000_clean+0x554/0x11e0
[   62.812115]  [<ffffffff81b90f89>] net_rx_action+0x489/0x690
[   62.812115]  [<ffffffff81091c1e>] __do_softirq+0xbe/0x2f0
[   62.812115]  [<ffffffff81ee690a>] apic_timer_interrupt+0x8a/0xa0
[   62.812115] 
[   62.812115] Mutexes locked by thread 2584:
[   62.812115] Mutex 1154 is locked here:
[   62.812115]  [<ffffffff81ee5400>] _raw_spin_lock+0x50/0x70
[   62.812115]  [<ffffffff81118090>] mod_timer_pending+0x170/0x2f0
[   62.812115]  [<ffffffff81be9f06>] __nf_ct_refresh_acct+0x116/0x140
[   62.812115]  [<ffffffff81bf6b62>] tcp_packet+0x12f2/0x2520
[   62.812115]  [<ffffffff81bed716>] nf_conntrack_in+0x736/0xdc0
[   62.812115]  [<ffffffff81cb441f>] ipv4_conntrack_local+0xbf/0xe0
[   62.812115]  [<ffffffff81be3bb3>] nf_iterate+0x113/0x130
[   62.812115]  [<ffffffff81be3c47>] nf_hook_slow+0x77/0x110
[   62.812115]  [<ffffffff81c1c0fa>] __ip_local_out_sk+0x15a/0x180
[   62.812115]  [<ffffffff81c1c151>] ip_local_out_sk+0x31/0x80
[   62.812115]  [<ffffffff81c2044d>] ip_queue_xmit+0x2cd/0x840
[   62.812115]  [<ffffffff81c4db99>] tcp_transmit_skb+0xb39/0x1750
[   62.812115]  [<ffffffff81c51ee8>] tcp_send_ack+0x228/0x2d0
[   62.812115]  [<ffffffff81c2e291>] tcp_cleanup_rbuf+0xd1/0x210
[   62.812115]  [<ffffffff81c30270>] tcp_recvmsg+0x650/0x12c0
[   62.812115]  [<ffffffff81c85ed8>] inet_recvmsg+0x148/0x180
[   62.812115]  [<ffffffff81b6022a>] sock_recvmsg+0x6a/0x90
[   62.812115]  [<ffffffff81b60366>] sock_read_iter+0x116/0x180
[   62.812115]  [<ffffffff81266400>] __vfs_read+0x1a0/0x1e0
[   62.812115]  [<ffffffff81267207>] vfs_read+0xb7/0x1e0
[   62.812115]  [<ffffffff81268740>] SyS_read+0x70/0xd0
[   62.812115]  [<ffffffff81ee5a51>] entry_SYSCALL_64_fastpath+0x31/0x95
[   62.812115] 
[   62.812115] ==================================================================
[   67.771413] ==================================================================
[   67.771424] ThreadSanitizer: data-race in e1000_clean
[   67.771424] 
[   67.771455] Read at 0xffff8800b9f98b0c of size 4 by thread 2586 on CPU 3:
[   67.771477]  [<ffffffff8194f6cc>] e1000_clean+0x2bc/0x11e0
[   67.771506]  [<ffffffff81b90f89>] net_rx_action+0x489/0x690
[   67.771537]  [<ffffffff81091c1e>] __do_softirq+0xbe/0x2f0
[   67.771570]  [<ffffffff81ee690a>] apic_timer_interrupt+0x8a/0xa0
[   67.771573] 
[   67.771595] Previous write at 0xffff8800b9f98b0c of size 4 by thread 2584 on CPU 1:
[   67.771623]  [<ffffffff81951bc9>] e1000_xmit_frame+0x15d9/0x1e90
[   67.771653]  [<ffffffff81b93c69>] dev_hard_start_xmit+0x499/0x700
[   67.771678]  [<ffffffff81bcabab>] sch_direct_xmit+0x21b/0x3d0
[   67.771710]  [<ffffffff81b94589>] __dev_queue_xmit+0x489/0xa50
[   67.771746]  [<ffffffff81b94b6f>] dev_queue_xmit_sk+0x1f/0x30
[   67.771772]  [<ffffffff81c1e21a>] ip_finish_output2+0x4ea/0x720
[   67.771792]  [<ffffffff81c1fc02>] ip_finish_output+0x262/0x350
[   67.771818]  [<ffffffff81c1fd11>] NF_HOOK_COND.part.32.constprop.47+0x21/0x30
[   67.771838]  [<ffffffff81c21061>] ip_output+0x1a1/0x1c0
[   67.771864]  [<ffffffff81c1c181>] ip_local_out_sk+0x61/0x80
[   67.771888]  [<ffffffff81c2044d>] ip_queue_xmit+0x2cd/0x840
[   67.771918]  [<ffffffff81c4db99>] tcp_transmit_skb+0xb39/0x1750
[   67.771935]  [<ffffffff81c51ee8>] tcp_send_ack+0x228/0x2d0
[   67.771967]  [<ffffffff81c2e291>] tcp_cleanup_rbuf+0xd1/0x210
[   67.771989]  [<ffffffff81c30270>] tcp_recvmsg+0x650/0x12c0
[   67.772013]  [<ffffffff81c85ed8>] inet_recvmsg+0x148/0x180
[   67.772049]  [<ffffffff81b6022a>] sock_recvmsg+0x6a/0x90
[   67.772083]  [<ffffffff81b60366>] sock_read_iter+0x116/0x180
[   67.772121]  [<ffffffff81266400>] __vfs_read+0x1a0/0x1e0
[   67.772134]  [<ffffffff81267207>] vfs_read+0xb7/0x1e0
[   67.772134]  [<ffffffff81268740>] SyS_read+0x70/0xd0
[   67.772134]  [<ffffffff81ee5a51>] entry_SYSCALL_64_fastpath+0x31/0x95
[   67.772134] 
[   67.772134] Mutexes locked by thread 2584:
[   67.772134] Mutex 364881 is locked here:
[   67.772134]  [<ffffffff81ee5400>] _raw_spin_lock+0x50/0x70
[   67.772134]  [<ffffffff81bcab69>] sch_direct_xmit+0x1d9/0x3d0
[   67.772134]  [<ffffffff81b94589>] __dev_queue_xmit+0x489/0xa50
[   67.772134]  [<ffffffff81b94b6f>] dev_queue_xmit_sk+0x1f/0x30
[   67.772134]  [<ffffffff81c1e21a>] ip_finish_output2+0x4ea/0x720
[   67.772134]  [<ffffffff81c1fc02>] ip_finish_output+0x262/0x350
[   67.772134]  [<ffffffff81c1fd11>] NF_HOOK_COND.part.32.constprop.47+0x21/0x30
[   67.772134]  [<ffffffff81c21061>] ip_output+0x1a1/0x1c0
[   67.772134]  [<ffffffff81c1c181>] ip_local_out_sk+0x61/0x80
[   67.772134]  [<ffffffff81c2044d>] ip_queue_xmit+0x2cd/0x840
[   67.772134]  [<ffffffff81c4db99>] tcp_transmit_skb+0xb39/0x1750
[   67.772134]  [<ffffffff81c51ee8>] tcp_send_ack+0x228/0x2d0
[   67.772134]  [<ffffffff81c2e291>] tcp_cleanup_rbuf+0xd1/0x210
[   67.772134]  [<ffffffff81c30270>] tcp_recvmsg+0x650/0x12c0
[   67.772134]  [<ffffffff81c85ed8>] inet_recvmsg+0x148/0x180
[   67.772134]  [<ffffffff81b6022a>] sock_recvmsg+0x6a/0x90
[   67.772134]  [<ffffffff81b60366>] sock_read_iter+0x116/0x180
[   67.772134]  [<ffffffff81266400>] __vfs_read+0x1a0/0x1e0
[   67.772134]  [<ffffffff81267207>] vfs_read+0xb7/0x1e0
[   67.772134]  [<ffffffff81268740>] SyS_read+0x70/0xd0
[   67.772134]  [<ffffffff81ee5a51>] entry_SYSCALL_64_fastpath+0x31/0x95
[   67.772134] 
[   67.772134] ==================================================================
[   67.986427] ==================================================================
[   67.986435] ThreadSanitizer: data-race in e1000_clean
[   67.986435] 
[   67.986445] Read at 0xffff8800b9f98b3c of size 4 by thread 2586 on CPU 3:
[   67.986477]  [<ffffffff8194f6cc>] e1000_clean+0x2bc/0x11e0
[   67.986507]  [<ffffffff81b90f89>] net_rx_action+0x489/0x690
[   67.986539]  [<ffffffff81091c1e>] __do_softirq+0xbe/0x2f0
[   67.986571]  [<ffffffff81ee690a>] apic_timer_interrupt+0x8a/0xa0
[   67.986574] 
[   67.986593] Previous write at 0xffff8800b9f98b3c of size 4 by thread 2584 on CPU 0:
[   67.986620]  [<ffffffff81952263>] e1000_xmit_frame+0x1c73/0x1e90
[   67.986654]  [<ffffffff81b93c69>] dev_hard_start_xmit+0x499/0x700
[   67.986682]  [<ffffffff81bcabab>] sch_direct_xmit+0x21b/0x3d0
[   67.986718]  [<ffffffff81b94589>] __dev_queue_xmit+0x489/0xa50
[   67.986748]  [<ffffffff81b94b6f>] dev_queue_xmit_sk+0x1f/0x30
[   67.986768]  [<ffffffff81c1e21a>] ip_finish_output2+0x4ea/0x720
[   67.986789]  [<ffffffff81c1fc02>] ip_finish_output+0x262/0x350
[   67.986815]  [<ffffffff81c1fd11>] NF_HOOK_COND.part.32.constprop.47+0x21/0x30
[   67.986842]  [<ffffffff81c21061>] ip_output+0x1a1/0x1c0
[   67.986866]  [<ffffffff81c1c181>] ip_local_out_sk+0x61/0x80
[   67.986890]  [<ffffffff81c2044d>] ip_queue_xmit+0x2cd/0x840
[   67.986918]  [<ffffffff81c4db99>] tcp_transmit_skb+0xb39/0x1750
[   67.986945]  [<ffffffff81c51ee8>] tcp_send_ack+0x228/0x2d0
[   67.986966]  [<ffffffff81c2e291>] tcp_cleanup_rbuf+0xd1/0x210
[   67.986984]  [<ffffffff81c30270>] tcp_recvmsg+0x650/0x12c0
[   67.987036]  [<ffffffff81c85ed8>] inet_recvmsg+0x148/0x180
[   67.987064]  [<ffffffff81b6022a>] sock_recvmsg+0x6a/0x90
[   67.987107]  [<ffffffff81b60366>] sock_read_iter+0x116/0x180
[   67.987137]  [<ffffffff81266400>] __vfs_read+0x1a0/0x1e0
[   67.987169]  [<ffffffff81267207>] vfs_read+0xb7/0x1e0
[   67.987186]  [<ffffffff81268740>] SyS_read+0x70/0xd0
[   67.987186]  [<ffffffff81ee5a51>] entry_SYSCALL_64_fastpath+0x31/0x95
[   67.987186] 
[   67.987186] Mutexes locked by thread 2584:
[   67.987186] Mutex 364881 is locked here:
[   67.987186]  [<ffffffff81ee5400>] _raw_spin_lock+0x50/0x70
[   67.987186]  [<ffffffff81bcab69>] sch_direct_xmit+0x1d9/0x3d0
[   67.987186]  [<ffffffff81b94589>] __dev_queue_xmit+0x489/0xa50
[   67.987186]  [<ffffffff81b94b6f>] dev_queue_xmit_sk+0x1f/0x30
[   67.987186]  [<ffffffff81c1e21a>] ip_finish_output2+0x4ea/0x720
[   67.987186]  [<ffffffff81c1fc02>] ip_finish_output+0x262/0x350
[   67.987186]  [<ffffffff81c1fd11>] NF_HOOK_COND.part.32.constprop.47+0x21/0x30
[   67.987186]  [<ffffffff81c21061>] ip_output+0x1a1/0x1c0
[   67.987186]  [<ffffffff81c1c181>] ip_local_out_sk+0x61/0x80
[   67.987186]  [<ffffffff81c2044d>] ip_queue_xmit+0x2cd/0x840
[   67.987186]  [<ffffffff81c4db99>] tcp_transmit_skb+0xb39/0x1750
[   67.987186]  [<ffffffff81c51ee8>] tcp_send_ack+0x228/0x2d0
[   67.987186]  [<ffffffff81c2e291>] tcp_cleanup_rbuf+0xd1/0x210
[   67.987186]  [<ffffffff81c30270>] tcp_recvmsg+0x650/0x12c0
[   67.987186]  [<ffffffff81c85ed8>] inet_recvmsg+0x148/0x180
[   67.987186]  [<ffffffff81b6022a>] sock_recvmsg+0x6a/0x90
[   67.987186]  [<ffffffff81b60366>] sock_read_iter+0x116/0x180
[   67.987186]  [<ffffffff81266400>] __vfs_read+0x1a0/0x1e0
[   67.987186]  [<ffffffff81267207>] vfs_read+0xb7/0x1e0
[   67.987186]  [<ffffffff81268740>] SyS_read+0x70/0xd0
[   67.987186]  [<ffffffff81ee5a51>] entry_SYSCALL_64_fastpath+0x31/0x95
[   67.987186] 
[   67.987186] ==================================================================
[   71.863843] kt: starting light_test_lots_of_create_destroy test
[   71.889029] kt: end of test.
[   71.891402] kt: starting light_test_lots_of_create_destroy test
[   71.913920] kt: end of test.
[   71.915958] kt: starting light_test_lots_of_create_destroy test
[   71.924661] kt: end of test.
[   71.925693] kt: starting test light_test_lots_of_create_destroy
[   71.943395] kt: end of test
[   71.944351] 
[   71.944777] dump_desc: [create1]
[   71.945994] dump_desc evts: 0 1 2 3 4 5 6 7 8 9 10 11 12 13 14 15
[   71.947980] dump_desc   ts: 0 0 0 0 0 0 0 0 0 0 0 0 0 0 0 0
[   71.949775] dump_desc  ret:
[   71.950770] 
[   71.951497] dump_desc: [create2]
[   71.952832] dump_desc evts: 16 17 18 19 20 21 22 23 24 25 26 27 28 29 30 31
[   71.954669] dump_desc   ts: 0 0 0 0 0 0 0 0 0 0 0 0 0 0 0 0
[   71.956356] dump_desc  ret:
[   71.956993] 
[   71.957782] dump_desc: [create3]
[   71.958942] dump_desc evts: 32 33 34 35 36 37 38 39 40 41 42 43 44 45 46 47
[   71.960804] dump_desc   ts: 0 0 0 0 0 1 1 1 1 1 1 1 1 1 1 1
[   71.962433] dump_desc  ret:
[   71.963501] 
[   71.963967] dump_desc: [create4]
[   71.965943] dump_desc evts: 48 49 50 51 52 53 54 55 56 57 58 59 60 61 62 63
[   71.968526] dump_desc   ts: 0 0 0 0 0 0 0 0 0 0 0 0 0 0 0 0
[   71.970360] dump_desc  ret:
[   71.971365] 
[   71.971829] dump_desc: [destroy1]
[   71.973595] dump_desc evts: 16 17 18 19 20 21 22 23 24 25 26 27 28 29 30 31
[   71.975579] dump_desc   ts: 0 0 0 0 0 0 0 0 0 0 0 0 0 0 0 1
[   71.977583] dump_desc  ret: 0 0 0 0 0 0 0 0 0 0 0 0 0 0 0 0
[   71.979369] 
[   71.979935] dump_desc: [destroy2]
[   71.981718] dump_desc evts: 0 1 2 3 4 5 6 7 8 9 10 11 12 13 14 15
[   71.983647] dump_desc   ts: 0 0 0 0 0 0 0 0 0 0 1 1 1 1 1 1
[   71.985559] dump_desc  ret: 0 0 0 0 0 0 0 0 0 0 0 0 0 0 0 0
[   71.987370] 
[   71.987800] dump_desc: [destroy3]
[   71.989575] dump_desc evts: 48 49 50 51 52 53 54 55 56 57 58 59 60 61 62 63
[   71.991634] dump_desc   ts: 0 1 1 1 1 1 1 1 1 1 1 1 1 1 1 1
[   71.993477] dump_desc  ret: 0 0 0 0 0 0 0 0 0 0 0 0 -22 0 -22 0
[   71.995405] 
[   71.995863] dump_desc: [destroy4]
[   71.997502] dump_desc evts: 48 49 50 51 52 53 54 55 56 57 58 59 60 61 62 63
[   71.999561] dump_desc   ts: 0 0 0 0 0 0 0 0 0 0 0 0 0 0 0 0
[   72.001577] dump_desc  ret: -22 -22 -22 -22 -22 -22 -22 -22 -22 -22 -22 -22 0 -22 0 -22
[   72.003512] 
[   72.003979] dump_desc: [destroy5]
[   72.005684] dump_desc evts: 32 33 34 35 36 37 38 39 40 41 42 43 44 45 46 47
[   72.007547] dump_desc   ts: 0 0 0 0 0 0 0 1 1 1 1 1 1 1 1 1
[   72.009608] dump_desc  ret: 0 0 0 0 0 0 0 0 0 0 0 0 0 0 0 0
[   72.011461] 
[   72.012051] dump_desc: [destroy6]
[   72.013739] dump_desc evts: 32 33 34 35 36 37 38 39 40 41 42 43 44 45 46 47
[   72.015977] dump_desc   ts: 0 0 0 0 0 0 0 0 0 0 0 0 0 0 0 0
[   72.019508] dump_desc  ret: -22 -22 -22 -22 -22 -22 -22 -22 -22 -22 -22 -22 -22 -22 -22 -22
[   72.022332] LIGHT_SUCCESS
[   72.025885] kt: running test for light, case 5, T2586
[   72.025885] 
[   72.027649] kt: starting light_test_lots_of_create_destroy test
[   72.034008] kt: end of test.
[   72.035436] kt: starting light_test_lots_of_create_destroy test
[   72.042880] kt: end of test.
[   72.044031] kt: starting light_test_lots_of_create_destroy test
[   72.051817] kt: end of test.
[   72.052937] kt: starting test light_test_lots_of_create_destroy
[   72.064681] kt: end of test
[   72.065772] 
[   72.066648] dump_desc: [create1]
[   72.068591] dump_desc evts: 64 65 66 67 68 69 70 71 72 73 74 75 76 77 78 86
[   72.070567] dump_desc   ts: 0 0 0 0 0 0 0 0 0 0 0 0 0 0 1 1
[   72.073773] dump_desc  ret:
[   72.075479] 
[   72.075987] dump_desc: [create2]
[   72.077697] dump_desc evts: 79 80 81 82 83 84 85 87 88 89 90 91 92 93 94 95
[   72.079745] dump_desc   ts: 0 0 0 0 0 0 0 0 0 0 0 0 0 0 0 0
[   72.081450] dump_desc  ret:
[   72.082479] 
[   72.083396] dump_desc: [create3]
[   72.084775] dump_desc evts: 96 97 98 99 100 101 102 103 104 105 106 107 108 109 110 111
[   72.088520] dump_desc   ts: 0 0 0 1 1 1 1 1 1 1 1 1 1 1 1 1
[   72.090441] dump_desc  ret:
[   72.091482] 
[   72.092014] dump_desc: [create4]
[   72.093689] dump_desc evts: 112 113 114 115 116 117 118 119 120 121 122 123 124 125 126 127
[   72.095967] dump_desc   ts: 0 0 0 0 0 0 0 0 0 0 0 0 0 0 0 0
[   72.097812] dump_desc  ret:
[   72.098929] 
[   72.099742] dump_desc: [destroy1]
[   72.101556] dump_desc evts: 79 80 81 82 83 84 85 87 88 89 90 91 92 93 94 95
[   72.103678] dump_desc   ts: 0 0 0 0 0 0 0 1 1 1 1 1 1 1 1 1
[   72.105785] dump_desc  ret: 0 0 0 0 0 0 0 0 0 0 0 0 0 0 0 0
[   72.107366] 
[   72.107885] dump_desc: [destroy2]
[   72.109601] dump_desc evts: 64 65 66 67 68 69 70 71 72 73 74 75 76 77 78 86
[   72.111746] dump_desc   ts: 0 0 0 0 0 0 0 0 0 0 1 1 1 1 1 1
[   72.113724] dump_desc  ret: 0 0 0 0 0 0 0 0 0 0 0 0 0 0 0 0
[   72.115511] 
[   72.116016] dump_desc: [destroy3]
[   72.117753] dump_desc evts: 112 113 114 115 116 117 118 119 120 121 122 123 124 125 126 127
[   72.119966] dump_desc   ts: 0 0 0 0 1 1 1 1 1 1 1 1 1 1 1 1
[   72.121981] dump_desc  ret: 0 0 0 0 0 0 0 0 0 0 0 0 0 0 0 0
[   72.123893] 
[   72.124820] dump_desc: [destroy4]
[   72.126588] dump_desc evts: 112 113 114 115 116 117 118 119 120 121 122 123 124 125 126 127
[   72.128836] dump_desc   ts: 0 0 0 0 0 0 1 1 1 1 1 1 1 1 1 1
[   72.130509] dump_desc  ret: -22 -22 -22 -22 -22 -22 -22 -22 -22 -22 -22 -22 -22 -22 -22 -22
[   72.132552] 
[   72.133600] dump_desc: [destroy5]
[   72.135027] dump_desc evts: 96 97 98 99 100 101 102 103 104 105 106 107 108 109 110 111
[   72.137621] dump_desc   ts: 0 0 0 1 1 1 1 1 1 1 1 1 1 1 1 1
[   72.139725] dump_desc  ret: 0 0 0 0 0 0 0 0 0 0 0 0 0 0 0 0
[   72.141510] 
[   72.142021] dump_desc: [destroy6]
[   72.143840] dump_desc evts: 96 97 98 99 100 101 102 103 104 105 106 107 108 109 110 111
[   72.146419] dump_desc   ts: 0 0 0 0 0 0 0 0 0 0 0 0 0 0 0 0
[   72.148435] dump_desc  ret: -22 -22 -22 -22 -22 -22 -22 -22 -22 -22 -22 -22 -22 -22 -22 -22
[   72.150393] LIGHT_SUCCESS
[   72.153872] kt: running test for light, case 5, T2586
[   72.153872] 
[   72.156699] kt: starting light_test_lots_of_create_destroy test
[   72.164891] kt: end of test.
[   72.167545] kt: starting light_test_lots_of_create_destroy test
[   72.177093] kt: end of test.
[   72.178742] kt: starting light_test_lots_of_create_destroy test
[   72.186708] kt: end of test.
[   72.188614] kt: starting test light_test_lots_of_create_destroy
[   72.199437] kt: end of test
[   72.200695] 
[   72.201806] dump_desc: [create1]
[   72.203545] dump_desc evts: 128 129 130 131 132 133 134 135 136 137 138 139 140 141 142 143
[   72.206577] dump_desc   ts: 0 0 0 0 0 0 0 0 0 0 0 0 0 0 0 0
[   72.208777] dump_desc  ret:
[   72.210390] 
[   72.211021] dump_desc: [create2]
[   72.212989] dump_desc evts: 144 145 146 147 148 149 150 151 152 153 154 155 156 157 158 159
[   72.216469] dump_desc   ts: 1 1 1 1 1 1 1 1 1 1 1 1 1 1 1 1
[   72.218428] dump_desc  ret:
[   72.219869] 
[   72.220731] dump_desc: [create3]
[   72.222538] dump_desc evts: 160 161 162 163 164 165 166 167 168 169 170 171 172 173 174 175
[   72.225577] dump_desc   ts: 0 0 0 1 1 1 1 1 1 1 1 1 1 1 1 1
[   72.227624] dump_desc  ret:
[   72.228841] 
[   72.229813] dump_desc: [create4]
[   72.231551] dump_desc evts: 176 177 178 179 180 181 182 183 184 185 186 187 188 189 190 191
[   72.234522] dump_desc   ts: 0 0 0 0 0 0 0 0 1 1 1 1 1 1 1 1
[   72.236509] dump_desc  ret:
[   72.237792] 
[   72.238665] dump_desc: [destroy1]
[   72.240517] dump_desc evts: 144 145 146 147 148 149 150 151 152 153 154 155 156 157 158 159
[   72.243636] dump_desc   ts: 0 0 0 0 0 0 1 1 1 1 1 1 1 1 1 1
[   72.245687] dump_desc  ret: 0 0 0 0 0 0 0 0 0 0 0 0 0 0 0 0
[   72.247730] 
[   72.248589] dump_desc: [destroy2]
[   72.250339] dump_desc evts: 128 129 130 131 132 133 134 135 136 137 138 139 140 141 142 143
[   72.253499] dump_desc   ts: 1 1 1 1 1 1 1 1 1 1 1 1 1 1 1 1
[   72.255593] dump_desc  ret: 0 0 0 0 0 0 0 0 0 0 0 0 0 0 0 0
[   72.257430] 
[   72.258001] dump_desc: [destroy3]
[   72.259744] dump_desc evts: 176 177 178 179 180 181 182 183 184 185 186 187 188 189 190 191
[   72.262429] dump_desc   ts: 0 0 0 0 0 0 0 0 1 1 1 1 1 1 1 1
[   72.264614] dump_desc  ret: 0 0 0 0 0 0 0 0 0 0 0 0 0 0 0 0
[   72.266673] 
[   72.267552] dump_desc: [destroy4]
[   72.269419] dump_desc evts: 176 177 178 179 180 181 182 183 184 185 186 187 188 189 190 191
[   72.272417] dump_desc   ts: 0 0 0 0 0 0 0 0 0 0 0 0 0 0 0 0
[   72.274622] dump_desc  ret: -22 -22 -22 -22 -22 -22 -22 -22 -22 -22 -22 -22 -22 -22 -22 -22
[   72.277922] 
[   72.279397] dump_desc: [destroy5]
[   72.281578] dump_desc evts: 160 161 162 163 164 165 166 167 168 169 170 171 172 173 174 175
[   72.284627] dump_desc   ts: 0 0 0 0 0 0 0 0 0 0 0 0 0 0 0 0
[   72.286706] dump_desc  ret: -22 -22 -22 -22 -22 -22 -22 -22 -22 -22 -22 -22 -22 -22 -22 -22
[   72.289427] 
[   72.290392] dump_desc: [destroy6]
[   72.292006] dump_desc evts: 160 161 162 163 164 165 166 167 168 169 170 171 172 173 174 175
[   72.295457] dump_desc   ts: 0 0 0 0 1 1 1 1 1 1 1 1 1 1 1 1
[   72.297542] dump_desc  ret: 0 0 0 0 0 0 0 0 0 0 0 0 0 0 0 0
[   72.299538] LIGHT_SUCCESS
[   72.302816] kt: running test for light, case 5, T2586
[   72.302816] 
[   72.305341] kt: starting light_test_lots_of_create_destroy test
[   72.312512] kt: end of test.
[   72.313576] kt: starting light_test_lots_of_create_destroy test
[   72.319995] kt: end of test.
[   72.321414] kt: starting light_test_lots_of_create_destroy test
[   72.326942] kt: end of test.
[   72.327937] kt: starting test light_test_lots_of_create_destroy
[   72.337838] kt: end of test
[   72.338749] 
[   72.339535] dump_desc: [create1]
[   72.340693] dump_desc evts: 200 202 204 206 208 210 212 214 216 217 218 219 220 221 222 223
[   72.342826] dump_desc   ts: 0 0 0 1 1 1 1 1 1 1 1 1 1 1 1 1
[   72.344351] dump_desc  ret:
[   72.345484] 
[   72.346334] dump_desc: [create2]
[   72.347565] dump_desc evts: 192 193 194 195 196 197 198 199 201 203 205 207 209 211 213 215
[   72.349653] dump_desc   ts: 0 0 0 0 0 0 0 0 0 0 0 1 1 1 1 1
[   72.351386] dump_desc  ret:
[   72.352328] 
[   72.352791] dump_desc: [create3]
[   72.353971] dump_desc evts: 224 225 226 227 228 229 230 231 232 233 234 235 236 237 238 239
[   72.355881] dump_desc   ts: 0 0 0 0 0 0 0 0 0 0 0 0 0 0 0 0
[   72.357561] dump_desc  ret:
[   72.358481] 
[   72.358994] dump_desc: [create4]
[   72.360606] dump_desc evts: 240 241 242 243 244 245 246 247 248 249 250 251 252 253 254 255
[   72.362651] dump_desc   ts: 0 0 0 0 0 0 0 0 1 1 1 1 1 1 1 1
[   72.364370] dump_desc  ret:
[   72.365402] 
[   72.366474] dump_desc: [destroy1]
[   72.368347] dump_desc evts: 192 193 194 195 196 197 198 199 201 203 205 207 209 211 213 215
[   72.371588] dump_desc   ts: 0 0 0 0 0 0 1 1 1 1 1 1 1 1 1 1
[   72.373556] dump_desc  ret: 0 0 0 0 0 0 0 0 0 0 0 0 0 0 0 0
[   72.374986] 
[   72.375870] dump_desc: [destroy2]
[   72.377450] dump_desc evts: 200 202 204 206 208 210 212 214 216 217 218 219 220 221 222 223
[   72.379512] dump_desc   ts: 0 0 0 0 1 1 1 1 1 1 1 1 1 1 1 1
[   72.381432] dump_desc  ret: 0 0 0 0 0 0 0 0 0 0 0 0 0 0 0 0
[   72.382939] 
[   72.383756] dump_desc: [destroy3]
[   72.385028] dump_desc evts: 240 241 242 243 244 245 246 247 248 249 250 251 252 253 254 255
[   72.387632] dump_desc   ts: 0 0 0 0 0 1 1 1 1 1 1 1 1 1 1 1
[   72.389562] dump_desc  ret: 0 0 0 0 0 0 0 0 0 0 0 0 0 0 0 0
[   72.391350] 
[   72.391845] dump_desc: [destroy4]
[   72.393564] dump_desc evts: 240 241 242 243 244 245 246 247 248 249 250 251 252 253 254 255
[   72.395657] dump_desc   ts: 0 0 0 0 0 0 0 0 0 0 0 0 0 0 0 0
[   72.397676] dump_desc  ret: -22 -22 -22 -22 -22 -22 -22 -22 -22 -22 -22 -22 -22 -22 -22 -22
[   72.399564] 
[   72.400017] dump_desc: [destroy5]
[   72.401663] dump_desc evts: 224 225 226 227 228 229 230 231 232 233 234 235 236 237 238 239
[   72.403931] dump_desc   ts: 0 1 1 1 1 1 1 1 1 1 1 1 1 1 1 1
[   72.405647] dump_desc  ret: 0 0 0 0 0 0 0 0 0 0 0 0 0 0 0 0
[   72.407335] 
[   72.407848] dump_desc: [destroy6]
[   72.409630] dump_desc evts: 224 225 226 227 228 229 230 231 232 233 234 235 236 237 238 239
[   72.411823] dump_desc   ts: 0 0 0 0 0 0 0 0 0 0 0 0 0 0 0 0
[   72.413981] dump_desc  ret: -22 -22 -22 -22 -22 -22 -22 -22 -22 -22 -22 -22 -22 -22 -22 -22
[   72.416341] LIGHT_SUCCESS
[   72.419690] kt: running test for light, case 5, T2586
[   72.419690] 
[   72.421540] kt: starting light_test_lots_of_create_destroy test
[   72.427962] kt: end of test.
[   72.429389] kt: starting light_test_lots_of_create_destroy test
[   72.435638] kt: end of test.
[   72.438358] kt: starting light_test_lots_of_create_destroy test
[   72.464099] kt: end of test.
[   72.465608] kt: starting test light_test_lots_of_create_destroy
[   72.477860] kt: end of test
[   72.479460] 
[   72.479939] dump_desc: [create1]
[   72.481616] dump_desc evts: 256 257 258 259 260 261 262 263 264 265 266 267 268 269 270 271
[   72.483786] dump_desc   ts: 0 0 0 0 0 0 0 0 0 0 0 0 0 0 0 0
[   72.485500] dump_desc  ret:
[   72.486467] 
[   72.486961] dump_desc: [create2]
[   72.488624] dump_desc evts: 272 273 274 275 276 277 278 279 280 281 282 283 284 285 286 287
[   72.490690] dump_desc   ts: 0 0 0 0 0 0 0 0 0 0 1 1 1 1 1 1
[   72.492401] dump_desc  ret:
[   72.493370] 
[   72.493873] dump_desc: [create3]
[   72.495606] dump_desc evts: 288 289 290 291 292 293 294 295 296 297 298 299 300 301 302 303
[   72.497633] dump_desc   ts: 0 0 0 0 0 0 0 0 0 0 0 0 0 0 0 0
[   72.499389] dump_desc  ret:
[   72.500337] 
[   72.500874] dump_desc: [create4]
[   72.502587] dump_desc evts: 304 305 306 307 308 309 310 311 312 313 314 315 316 317 318 319
[   72.504805] dump_desc   ts: 0 0 0 0 0 0 0 0 0 0 0 0 0 1 1 1
[   72.506505] dump_desc  ret:
[   72.507711] 
[   72.508551] dump_desc: [destroy1]
[   72.509865] dump_desc evts: 272 273 274 275 276 277 278 279 280 281 282 283 284 285 286 287
[   72.512375] dump_desc   ts: 0 0 0 0 0 0 0 0 0 0 0 0 0 0 1 1
[   72.513947] dump_desc  ret: 0 0 0 0 0 0 0 0 0 0 0 0 0 0 0 0
[   72.515437] 
[   72.515940] dump_desc: [destroy2]
[   72.517514] dump_desc evts: 256 257 258 259 260 261 262 263 264 265 266 267 268 269 270 271
