early console in setup code
early console in decompress_kernel

Decompressing Linux... Parsing ELF... done.
Booting the kernel.
[    0.000000] Initializing cgroup subsys cpuset
[    0.000000] Initializing cgroup subsys cpu
[    0.000000] Initializing cgroup subsys cpuacct
[    0.000000] Linux version 4.2.0-team50-tsan (progman@m91p) (gcc version 6.0.0 20150825 (experimental) (GCC) ) #228 SMP Mon Oct 31 18:18:19 EDT 2016
[    0.000000] Command line: console=ttyS0 root=/dev/sda debug earlyprintk=serial slub_debug=QUZ
[    0.000000] x86/fpu: Legacy x87 FPU detected.
[    0.000000] x86/fpu: Using 'lazy' FPU context switches.
[    0.000000] e820: BIOS-provided physical RAM map:
[    0.000000] BIOS-e820: [mem 0x0000000000000000-0x000000000009fbff] usable
[    0.000000] BIOS-e820: [mem 0x000000000009fc00-0x000000000009ffff] reserved
[    0.000000] BIOS-e820: [mem 0x00000000000f0000-0x00000000000fffff] reserved
[    0.000000] BIOS-e820: [mem 0x0000000000100000-0x00000000bffdefff] usable
[    0.000000] BIOS-e820: [mem 0x00000000bffdf000-0x00000000bfffffff] reserved
[    0.000000] BIOS-e820: [mem 0x00000000feffc000-0x00000000feffffff] reserved
[    0.000000] BIOS-e820: [mem 0x00000000fffc0000-0x00000000ffffffff] reserved
[    0.000000] BIOS-e820: [mem 0x0000000100000000-0x000000053fffffff] usable
[    0.000000] bootconsole [earlyser0] enabled
[    0.000000] NX (Execute Disable) protection: active
[    0.000000] SMBIOS 2.8 present.
[    0.000000] DMI: QEMU Standard PC (i440FX + PIIX, 1996), BIOS Ubuntu-1.8.2-1ubuntu2 04/01/2014
[    0.000000] Hypervisor detected: KVM
[    0.000000] e820: update [mem 0x00000000-0x00000fff] usable ==> reserved
[    0.000000] e820: remove [mem 0x000a0000-0x000fffff] usable
[    0.000000] e820: last_pfn = 0x540000 max_arch_pfn = 0x400000000
[    0.000000] MTRR default type: write-back
[    0.000000] MTRR fixed ranges enabled:
[    0.000000]   00000-9FFFF write-back
[    0.000000]   A0000-BFFFF uncachable
[    0.000000]   C0000-FFFFF write-protect
[    0.000000] MTRR variable ranges enabled:
[    0.000000]   0 base 00C0000000 mask FFC0000000 uncachable
[    0.000000]   1 disabled
[    0.000000]   2 disabled
[    0.000000]   3 disabled
[    0.000000]   4 disabled
[    0.000000]   5 disabled
[    0.000000]   6 disabled
[    0.000000]   7 disabled
[    0.000000] x86/PAT: PAT not supported by CPU.
[    0.000000] e820: last_pfn = 0xbffdf max_arch_pfn = 0x400000000
[    0.000000] found SMP MP-table at [mem 0x000f64c0-0x000f64cf] mapped at [ffff8800000f64c0]
[    0.000000] Scanning 1 areas for low memory corruption
[    0.000000] Base memory trampoline at [ffff880000099000] 99000 size 24576
[    0.000000] init_memory_mapping: [mem 0x00000000-0x000fffff]
[    0.000000]  [mem 0x00000000-0x000fffff] page 4k
[    0.000000] BRK [0x028d5000, 0x028d5fff] PGTABLE
[    0.000000] BRK [0x028d6000, 0x028d6fff] PGTABLE
[    0.000000] BRK [0x028d7000, 0x028d7fff] PGTABLE
[    0.000000] init_memory_mapping: [mem 0x53fe00000-0x53fffffff]
[    0.000000]  [mem 0x53fe00000-0x53fffffff] page 2M
[    0.000000] BRK [0x028d8000, 0x028d8fff] PGTABLE
[    0.000000] init_memory_mapping: [mem 0x520000000-0x53fdfffff]
[    0.000000]  [mem 0x520000000-0x53fdfffff] page 2M
[    0.000000] init_memory_mapping: [mem 0x00100000-0xbffdefff]
[    0.000000]  [mem 0x00100000-0x001fffff] page 4k
[    0.000000]  [mem 0x00200000-0xbfdfffff] page 2M
[    0.000000]  [mem 0xbfe00000-0xbffdefff] page 4k
[    0.000000] init_memory_mapping: [mem 0x100000000-0x51fffffff]
[    0.000000]  [mem 0x100000000-0x51fffffff] page 2M
[    0.000000] BRK [0x028d9000, 0x028d9fff] PGTABLE
[    0.000000] BRK [0x028da000, 0x028dafff] PGTABLE
[    0.000000] ACPI: Early table checksum verification disabled
[    0.000000] ACPI: RSDP 0x00000000000F6470 000014 (v00 BOCHS )
[    0.000000] ACPI: RSDT 0x00000000BFFE155A 000030 (v01 BOCHS  BXPCRSDT 00000001 BXPC 00000001)
[    0.000000] ACPI: FACP 0x00000000BFFE141E 000074 (v01 BOCHS  BXPCFACP 00000001 BXPC 00000001)
[    0.000000] ACPI: DSDT 0x00000000BFFDFD80 00169E (v01 BOCHS  BXPCDSDT 00000001 BXPC 00000001)
[    0.000000] ACPI: FACS 0x00000000BFFDFD40 000040
[    0.000000] ACPI: APIC 0x00000000BFFE1492 000090 (v01 BOCHS  BXPCAPIC 00000001 BXPC 00000001)
[    0.000000] ACPI: HPET 0x00000000BFFE1522 000038 (v01 BOCHS  BXPCHPET 00000001 BXPC 00000001)
[    0.000000] ACPI: Local APIC address 0xfee00000
[    0.000000] No NUMA configuration found
[    0.000000] Faking a node at [mem 0x0000000000000000-0x000000053fffffff]
[    0.000000] NODE_DATA(0) allocated [mem 0x53ffeb000-0x53ffeefff]
[    0.000000] kvm-clock: Using msrs 4b564d01 and 4b564d00
[    0.000000] kvm-clock: cpu 0, msr 5:3ffea001, primary cpu clock
[    0.000000] clocksource: kvm-clock: mask: 0xffffffffffffffff max_cycles: 0x1cd42e4dffb, max_idle_ns: 881590591483 ns
[    0.000000]  [ffffea0000000000-ffffea0014ffffff] PMD -> [ffff88052b600000-ffff88053f5fffff] on node 0
[    0.000000] Zone ranges:
[    0.000000]   DMA      [mem 0x0000000000001000-0x0000000000ffffff]
[    0.000000]   DMA32    [mem 0x0000000001000000-0x00000000ffffffff]
[    0.000000]   Normal   [mem 0x0000000100000000-0x000000053fffffff]
[    0.000000] Movable zone start for each node
[    0.000000] Early memory node ranges
[    0.000000]   node   0: [mem 0x0000000000001000-0x000000000009efff]
[    0.000000]   node   0: [mem 0x0000000000100000-0x00000000bffdefff]
[    0.000000]   node   0: [mem 0x0000000100000000-0x000000053fffffff]
[    0.000000] Initmem setup node 0 [mem 0x0000000000001000-0x000000053fffffff]
[    0.000000] On node 0 totalpages: 5242749
[    0.000000]   DMA zone: 64 pages used for memmap
[    0.000000]   DMA zone: 21 pages reserved
[    0.000000]   DMA zone: 3998 pages, LIFO batch:0
[    0.000000]   DMA32 zone: 12224 pages used for memmap
[    0.000000]   DMA32 zone: 782303 pages, LIFO batch:31
[    0.000000]   Normal zone: 69632 pages used for memmap
[    0.000000]   Normal zone: 4456448 pages, LIFO batch:31
[    0.000000] ACPI: PM-Timer IO Port: 0x608
[    0.000000] ACPI: Local APIC address 0xfee00000
[    0.000000] ACPI: LAPIC_NMI (acpi_id[0xff] dfl dfl lint[0x1])
[    0.000000] IOAPIC[0]: apic_id 0, version 17, address 0xfec00000, GSI 0-23
[    0.000000] ACPI: INT_SRC_OVR (bus 0 bus_irq 0 global_irq 2 dfl dfl)
[    0.000000] ACPI: INT_SRC_OVR (bus 0 bus_irq 5 global_irq 5 high level)
[    0.000000] ACPI: INT_SRC_OVR (bus 0 bus_irq 9 global_irq 9 high level)
[    0.000000] ACPI: INT_SRC_OVR (bus 0 bus_irq 10 global_irq 10 high level)
[    0.000000] ACPI: INT_SRC_OVR (bus 0 bus_irq 11 global_irq 11 high level)
[    0.000000] ACPI: IRQ0 used by override.
[    0.000000] ACPI: IRQ5 used by override.
[    0.000000] ACPI: IRQ9 used by override.
[    0.000000] ACPI: IRQ10 used by override.
[    0.000000] ACPI: IRQ11 used by override.
[    0.000000] Using ACPI (MADT) for SMP configuration information
[    0.000000] ACPI: HPET id: 0x8086a201 base: 0xfed00000
[    0.000000] smpboot: Allowing 4 CPUs, 0 hotplug CPUs
[    0.000000] PM: Registered nosave memory: [mem 0x00000000-0x00000fff]
[    0.000000] PM: Registered nosave memory: [mem 0x0009f000-0x0009ffff]
[    0.000000] PM: Registered nosave memory: [mem 0x000a0000-0x000effff]
[    0.000000] PM: Registered nosave memory: [mem 0x000f0000-0x000fffff]
[    0.000000] PM: Registered nosave memory: [mem 0xbffdf000-0xbfffffff]
[    0.000000] PM: Registered nosave memory: [mem 0xc0000000-0xfeffbfff]
[    0.000000] PM: Registered nosave memory: [mem 0xfeffc000-0xfeffffff]
[    0.000000] PM: Registered nosave memory: [mem 0xff000000-0xfffbffff]
[    0.000000] PM: Registered nosave memory: [mem 0xfffc0000-0xffffffff]
[    0.000000] e820: [mem 0xc0000000-0xfeffbfff] available for PCI devices
[    0.000000] Booting paravirtualized kernel on KVM
[    0.000000] clocksource: refined-jiffies: mask: 0xffffffff max_cycles: 0xffffffff, max_idle_ns: 1910969940391419 ns
[    0.000000] setup_percpu: NR_CPUS:64 nr_cpumask_bits:64 nr_cpu_ids:4 nr_node_ids:1
[    0.000000] PERCPU: Embedded 32 pages/cpu @ffff88053fc00000 s90328 r8192 d32552 u524288
[    0.000000] pcpu-alloc: s90328 r8192 d32552 u524288 alloc=1*2097152
[    0.000000] pcpu-alloc: [0] 0 1 2 3 
[    0.000000] KVM setup async PF for cpu 0
[    0.000000] kvm-stealtime: cpu 0, msr 53fc0d440
[    0.000000] Built 1 zonelists in Node order, mobility grouping on.  Total pages: 5160808
[    0.000000] Policy zone: Normal
[    0.000000] Kernel command line: console=ttyS0 root=/dev/sda debug earlyprintk=serial slub_debug=QUZ
[    0.000000] PID hash table entries: 4096 (order: 3, 32768 bytes)
[    0.000000] Calgary: detecting Calgary via BIOS EBDA area
[    0.000000] Calgary: Unable to locate Rio Grande table in EBDA - bailing!
[    0.000000] Memory: 5718644K/20970996K available (15275K kernel code, 1106K rwdata, 2804K rodata, 1348K init, 2476K bss, 15252352K reserved, 0K cma-reserved)
[    0.000000] Hierarchical RCU implementation.
[    0.000000] 	Additional per-CPU info printed with stalls.
[    0.000000] 	Build-time adjustment of leaf fanout to 64.
[    0.000000] 	RCU restricting CPUs from NR_CPUS=64 to nr_cpu_ids=4.
[    0.000000] RCU: Adjusting geometry for rcu_fanout_leaf=64, nr_cpu_ids=4
[    0.000000] NR_IRQS:4352 nr_irqs:456 16
[    0.000000] Console: colour VGA+ 80x25
[    0.000000] console [ttyS0] enabled
[    0.000000] console [ttyS0] enabled
[    0.000000] bootconsole [earlyser0] disabled
[    0.000000] bootconsole [earlyser0] disabled
[    0.000000] clocksource: hpet: mask: 0xffffffff max_cycles: 0xffffffff, max_idle_ns: 19112604467 ns
[    0.000000] hpet clockevent registered
[    0.000000] tsc: Detected 2659.998 MHz processor
[    0.003000] Calibrating delay loop (skipped) preset value.. 5319.99 BogoMIPS (lpj=2659998)
[    0.003453] pid_max: default: 32768 minimum: 301
[    0.004060] ACPI: Core revision 20150619
[    0.027911] ACPI: All ACPI Tables successfully acquired
[    0.029064] Security Framework initialized
[    0.029711] SELinux:  Initializing.
[    0.030069] SELinux:  Starting in permissive mode
[    0.131061] Dentry cache hash table entries: 4194304 (order: 13, 33554432 bytes)
[    0.373459] Inode-cache hash table entries: 2097152 (order: 12, 16777216 bytes)
[    0.473583] Mount-cache hash table entries: 65536 (order: 7, 524288 bytes)
[    0.476202] Mountpoint-cache hash table entries: 65536 (order: 7, 524288 bytes)
[    0.485261] Initializing cgroup subsys freezer
[    0.486201] mce: CPU supports 10 MCE banks
[    0.486895] Last level iTLB entries: 4KB 0, 2MB 0, 4MB 0
[    0.487018] Last level dTLB entries: 4KB 0, 2MB 0, 4MB 0, 1GB 0
[    0.489558] Freeing SMP alternatives memory: 4K (ffffffff82667000 - ffffffff82668000)
[    0.579566] KTSAN: enabled
[    0.579994] ktsan memory usage: 14 GB + shadow.
[    0.580011]              syncs: 13413 MB 
[    0.581010]           memblock: 13 MB 
[    0.581582]       percpu syncs: 0 MB
[    0.582010]              tasks: 0 MB
[    0.583010]       thrs (trace): 544 MB
[    0.583582]        stack depot: 512 MB
[    0.590000] ..TIMER: vector=0x30 apic1=0 pin1=2 apic2=-1 pin2=-1
[    0.590000] smpboot: CPU0: Intel QEMU Virtual CPU version 2.5+ (fam: 06, model: 06, stepping: 03)
[    0.591493] Performance Events: Broken PMU hardware detected, using software events only.
[    0.593124] Failed to access perfctr msr (MSR c2 is 0)
[    0.619335] x86: Booting SMP configuration:
[    0.620123] .... node  #0, CPUs:      #1
[    0.003000] kvm-clock: cpu 1, msr 5:3ffea041, secondary cpu clock
[    0.626049] KVM setup async PF for cpu 1
[    0.627000] kvm-stealtime: cpu 1, msr 53fc8d440
[    0.634519]  #2
[    0.003000] kvm-clock: cpu 2, msr 5:3ffea081, secondary cpu clock
[    0.640048] KVM setup async PF for cpu 2
[    0.640980] kvm-stealtime: cpu 2, msr 53fd0d440
[    0.648675]  #3
[    0.003000] kvm-clock: cpu 3, msr 5:3ffea0c1, secondary cpu clock
[    0.654224] x86: Booted up 1 node, 4 CPUs
[    0.654062] KVM setup async PF for cpu 3
[    0.654112] kvm-stealtime: cpu 3, msr 53fd8d440
[    0.656147] smpboot: Total of 4 processors activated (21279.98 BogoMIPS)
[    0.658427] ==================================================================
[    0.659000] ThreadSanitizer: data-race in multi_cpu_stop
[    0.659000] 
[    0.659000] Write at 0xffff8801925dbdd0 of size 4 by thread 10 on CPU 1:
[    0.659000]  [<ffffffff8115ff09>] multi_cpu_stop+0x159/0x1a0
[    0.659000]  [<ffffffff811602b1>] cpu_stopper_thread+0x131/0x1f0
[    0.659000]  [<ffffffff810c1356>] smpboot_thread_fn+0x206/0x270
[    0.659000]  [<ffffffff810bb9e0>] kthread+0x150/0x170
[    0.659000]  [<ffffffff81ee5e3f>] ret_from_fork+0x3f/0x70
[    0.659000] 
[    0.659000] Previous read at 0xffff8801925dbdd0 of size 4 by thread 18 on CPU 3:
[    0.659000]  [<ffffffff8115fe3f>] multi_cpu_stop+0x8f/0x1a0
[    0.659000]  [<ffffffff811602b1>] cpu_stopper_thread+0x131/0x1f0
[    0.659000]  [<ffffffff810c1356>] smpboot_thread_fn+0x206/0x270
[    0.659000]  [<ffffffff810bb9e0>] kthread+0x150/0x170
[    0.659000]  [<ffffffff81ee5e3f>] ret_from_fork+0x3f/0x70
[    0.659000] 
[    0.659000] ==================================================================
[    0.682252] ==================================================================
[    0.683000] ThreadSanitizer: data-race in cpu_stop_signal_done
[    0.683000] 
[    0.683000] Write at 0xffff8801925dbd1c of size 1 by thread 14 on CPU 2:
[    0.683000]  [<ffffffff8115fbea>] cpu_stop_signal_done+0x4a/0x70
[    0.683000]  [<ffffffff811601d6>] cpu_stopper_thread+0x56/0x1f0
[    0.683000]  [<ffffffff810c1356>] smpboot_thread_fn+0x206/0x270
[    0.683000]  [<ffffffff810bb9e0>] kthread+0x150/0x170
[    0.683000]  [<ffffffff81ee5e3f>] ret_from_fork+0x3f/0x70
[    0.683000] 
[    0.683000] Previous write at 0xffff8801925dbd1c of size 1 by thread 10 on CPU 1:
[    0.683000]  [<ffffffff8115fbea>] cpu_stop_signal_done+0x4a/0x70
[    0.683000]  [<ffffffff811601d6>] cpu_stopper_thread+0x56/0x1f0
[    0.683000]  [<ffffffff810c1356>] smpboot_thread_fn+0x206/0x270
[    0.683000]  [<ffffffff810bb9e0>] kthread+0x150/0x170
[    0.683000]  [<ffffffff81ee5e3f>] ret_from_fork+0x3f/0x70
[    0.683000] 
[    0.683000] ==================================================================
[    0.712610] devtmpfs: initialized
[    0.749598] kworker/u8:0 (26) used greatest stack depth: 12888 bytes left
[    0.751581] clocksource: jiffies: mask: 0xffffffff max_cycles: 0xffffffff, max_idle_ns: 1911260446275000 ns
[    0.760712] RTC time:  9:43:53, date: 11/01/16
[    0.773475] NET: Registered protocol family 16
[    0.806441] cpuidle: using governor ladder
[    0.815380] cpuidle: using governor menu
[    0.821490] ACPI: bus type PCI registered
[    0.829679] PCI: Using configuration type 1 for base access
[    0.839756] kworker/u8:0 (43) used greatest stack depth: 16 bytes left
[    0.865620] kworker/u8:0 (50) used greatest stack depth: 8 bytes left
[    1.465614] ACPI: Added _OSI(Module Device)
[    1.467258] ACPI: Added _OSI(Processor Device)
[    1.468224] ACPI: Added _OSI(3.0 _SCP Extensions)
[    1.469182] ACPI: Added _OSI(Processor Aggregator Device)
[    1.675282] ACPI: Interpreter enabled
[    1.676221] ACPI Exception: AE_NOT_FOUND, While evaluating Sleep State [\_S1_] (20150619/hwxface-580)
[    1.678208] ACPI Exception: AE_NOT_FOUND, While evaluating Sleep State [\_S2_] (20150619/hwxface-580)
[    1.681740] ACPI: (supports S0 S3 S4 S5)
[    1.683205] ACPI: Using IOAPIC for interrupt routing
[    1.685416] PCI: Using host bridge windows from ACPI; if necessary, use "pci=nocrs" and report a bug
[    2.187350] ACPI: PCI Root Bridge [PCI0] (domain 0000 [bus 00-ff])
[    2.189318] acpi PNP0A03:00: _OSC: OS supports [ASPM ClockPM Segments MSI]
[    2.190442] acpi PNP0A03:00: _OSC failed (AE_NOT_FOUND); disabling ASPM
[    2.193500] acpi PNP0A03:00: fail to add MMCONFIG information, can't access extended PCI configuration space under this bridge.
[    2.200396] PCI host bridge to bus 0000:00
[    2.201269] pci_bus 0000:00: root bus resource [bus 00-ff]
[    2.203198] pci_bus 0000:00: root bus resource [io  0x0000-0x0cf7 window]
[    2.205234] pci_bus 0000:00: root bus resource [io  0x0d00-0xffff window]
[    2.206205] pci_bus 0000:00: root bus resource [mem 0x000a0000-0x000bffff window]
[    2.208205] pci_bus 0000:00: root bus resource [mem 0xc0000000-0xfebfffff window]
[    2.210223] pci 0000:00:00.0: [8086:1237] type 00 class 0x060000
[    2.226403] pci 0000:00:01.0: [8086:7000] type 00 class 0x060100
[    2.244515] pci 0000:00:01.1: [8086:7010] type 00 class 0x010180
[    2.251662] pci 0000:00:01.1: reg 0x20: [io  0xc040-0xc04f]
[    2.255631] pci 0000:00:01.1: legacy IDE quirk: reg 0x10: [io  0x01f0-0x01f7]
[    2.258193] pci 0000:00:01.1: legacy IDE quirk: reg 0x14: [io  0x03f6]
[    2.259200] pci 0000:00:01.1: legacy IDE quirk: reg 0x18: [io  0x0170-0x0177]
[    2.260183] pci 0000:00:01.1: legacy IDE quirk: reg 0x1c: [io  0x0376]
[    2.273801] pci 0000:00:01.3: [8086:7113] type 00 class 0x068000
[    2.277559] pci 0000:00:01.3: quirk: [io  0x0600-0x063f] claimed by PIIX4 ACPI
[    2.279236] pci 0000:00:01.3: quirk: [io  0x0700-0x070f] claimed by PIIX4 SMB
[    2.292762] pci 0000:00:02.0: [1234:1111] type 00 class 0x030000
[    2.297179] pci 0000:00:02.0: reg 0x10: [mem 0xfd000000-0xfdffffff pref]
[    2.303192] pci 0000:00:02.0: reg 0x18: [mem 0xfebf0000-0xfebf0fff]
[    2.311173] pci 0000:00:02.0: reg 0x30: [mem 0xfebe0000-0xfebeffff pref]
[    2.326571] pci 0000:00:03.0: [8086:100e] type 00 class 0x020000
[    2.329723] pci 0000:00:03.0: reg 0x10: [mem 0xfebc0000-0xfebdffff]
[    2.332173] pci 0000:00:03.0: reg 0x14: [io  0xc000-0xc03f]
[    2.341742] pci 0000:00:03.0: reg 0x30: [mem 0xfeb80000-0xfebbffff pref]
[    2.394668] ACPI: PCI Interrupt Link [LNKA] (IRQs 5 *10 11)
[    2.401800] ACPI: PCI Interrupt Link [LNKB] (IRQs 5 *10 11)
[    2.409236] ACPI: PCI Interrupt Link [LNKC] (IRQs 5 10 *11)
[    2.416450] ACPI: PCI Interrupt Link [LNKD] (IRQs 5 10 *11)
[    2.420613] ACPI: PCI Interrupt Link [LNKS] (IRQs *9)
[    2.458534] ACPI: Enabled 16 GPEs in block 00 to 0F
[    2.467837] vgaarb: setting as boot device: PCI:0000:00:02.0
[    2.468000] vgaarb: device added: PCI:0000:00:02.0,decodes=io+mem,owns=io+mem,locks=none
[    2.470242] vgaarb: loaded
[    2.471172] vgaarb: bridge control possible 0000:00:02.0
[    2.479649] SCSI subsystem initialized
[    2.485180] libata version 3.00 loaded.
[    2.491550] ACPI: bus type USB registered
[    2.495608] usbcore: registered new interface driver usbfs
[    2.498461] usbcore: registered new interface driver hub
[    2.501440] usbcore: registered new device driver usb
[    2.506204] pps_core: LinuxPPS API ver. 1 registered
[    2.507189] pps_core: Software ver. 5.3.6 - Copyright 2005-2007 Rodolfo Giometti <giometti@linux.it>
[    2.509665] PTP clock support registered
[    2.518627] Advanced Linux Sound Architecture Driver Initialized.
[    2.522490] PCI: Using ACPI for IRQ routing
[    2.523154] PCI: pci_cache_line_size set to 64 bytes
[    2.524527] e820: reserve RAM buffer [mem 0x0009fc00-0x0009ffff]
[    2.526187] e820: reserve RAM buffer [mem 0xbffdf000-0xbfffffff]
[    2.554312] NetLabel: Initializing
[    2.555146] NetLabel:  domain hash size = 128
[    2.557185] NetLabel:  protocols = UNLABELED CIPSOv4
[    2.559211] NetLabel:  unlabeled traffic allowed by default
[    2.570333] HPET: 3 timers in total, 0 timers will be used for per-cpu timer
[    2.572406] hpet0: at MMIO 0xfed00000, IRQs 2, 8, 0
[    2.573736] hpet0: 3 comparators, 64-bit 100.000000 MHz counter
[    2.583545] clocksource: Switched to clocksource kvm-clock
[    3.945398] pnp: PnP ACPI init
[    3.950736] pnp 00:00: Plug and Play ACPI device, IDs PNP0b00 (active)
[    3.956000] pnp 00:01: Plug and Play ACPI device, IDs PNP0303 (active)
[    3.961401] pnp 00:02: Plug and Play ACPI device, IDs PNP0f13 (active)
[    3.963620] pnp 00:03: [dma 2]
[    3.966926] pnp 00:03: Plug and Play ACPI device, IDs PNP0700 (active)
[    3.973027] pnp 00:04: Plug and Play ACPI device, IDs PNP0400 (active)
[    3.979563] pnp 00:05: Plug and Play ACPI device, IDs PNP0501 (active)
[    4.000615] pnp: PnP ACPI: found 6 devices
[    4.259321] clocksource: acpi_pm: mask: 0xffffff max_cycles: 0xffffff, max_idle_ns: 2085701024 ns
[    4.261450] pci_bus 0000:00: resource 4 [io  0x0000-0x0cf7 window]
[    4.262757] pci_bus 0000:00: resource 5 [io  0x0d00-0xffff window]
[    4.264305] pci_bus 0000:00: resource 6 [mem 0x000a0000-0x000bffff window]
[    4.265723] pci_bus 0000:00: resource 7 [mem 0xc0000000-0xfebfffff window]
[    4.269423] NET: Registered protocol family 2
[    4.343456] TCP established hash table entries: 262144 (order: 9, 2097152 bytes)
[    4.403666] TCP bind hash table entries: 65536 (order: 8, 1048576 bytes)
[    4.416371] TCP: Hash tables configured (established 262144 bind 65536)
[    4.433940] UDP hash table entries: 16384 (order: 7, 524288 bytes)
[    4.458789] UDP-Lite hash table entries: 16384 (order: 7, 524288 bytes)
[    4.471619] NET: Registered protocol family 1
[    4.478884] RPC: Registered named UNIX socket transport module.
[    4.480350] RPC: Registered udp transport module.
[    4.481405] RPC: Registered tcp transport module.
[    4.482465] RPC: Registered tcp NFSv4.1 backchannel transport module.
[    4.483897] pci 0000:00:00.0: Limiting direct PCI/PCI transfers
[    4.485403] pci 0000:00:01.0: PIIX3: Enabling Passive Release
[    4.486792] pci 0000:00:01.0: Activating ISA DMA hang workarounds
[    4.488665] pci 0000:00:02.0: Video device with shadowed ROM
[    4.489990] PCI: CLS 0 bytes, default 64
[    4.497465] PCI-DMA: Using software bounce buffering for IO (SWIOTLB)
[    4.498813] software IO TLB [mem 0xbbfdf000-0xbffdf000] (64MB) mapped at [ffff8800bbfdf000-ffff8800bffdefff]
[    4.505587] microcode: CPU0 sig=0x663, pf=0x1, revision=0x1
[    4.506944] microcode: CPU1 sig=0x663, pf=0x1, revision=0x1
[    4.508454] microcode: CPU2 sig=0x663, pf=0x1, revision=0x1
[    4.509999] microcode: CPU3 sig=0x663, pf=0x1, revision=0x1
[    4.515527] microcode: Microcode Update Driver: v2.00 <tigran@aivazian.fsnet.co.uk>, Peter Oruba
[    4.549808] Scanning for low memory corruption every 60 seconds
[    4.587665] futex hash table entries: 1024 (order: 4, 65536 bytes)
[    4.590904] audit: initializing netlink subsys (disabled)
[    4.592909] audit: type=2000 audit(1477993437.444:1): initialized
[    4.612737] HugeTLB registered 2 MB page size, pre-allocated 0 pages
[    4.623994] VFS: Disk quotas dquot_6.6.0
[    4.626403] VFS: Dquot-cache hash table entries: 512 (order 0, 4096 bytes)
[    4.648437] NFS: Registering the id_resolver key type
[    4.649945] Key type id_resolver registered
[    4.651459] Key type id_legacy registered
[    4.657693] 9p: Installing v9fs 9p2000 file system support
[    4.664482] SELinux:  Registering netfilter hooks
[    4.760530] Block layer SCSI generic (bsg) driver version 0.4 loaded (major 251)
[    4.762414] io scheduler noop registered
[    4.763507] io scheduler deadline registered
[    4.765694] io scheduler cfq registered (default)
[    4.773436] pci_hotplug: PCI Hot Plug PCI Core version: 0.5
[    4.788642] input: Power Button as /devices/LNXSYSTM:00/LNXPWRBN:00/input/input0
[    4.790453] ACPI: Power Button [PWRF]
[    4.827667] Serial: 8250/16550 driver, 4 ports, IRQ sharing enabled
[    4.855422] 00:05: ttyS0 at I/O 0x3f8 (irq = 4, base_baud = 115200) is a 16550A
[    4.911768] Non-volatile memory driver v1.3
[    4.917662] Linux agpgart interface v0.103
[    4.929361] [drm] Initialized drm 1.1.0 20060810
[    5.116867] loop: module loaded
[    5.131651] ata_piix 0000:00:01.1: version 2.13
[    5.180496] scsi host0: ata_piix
[    5.192467] scsi host1: ata_piix
[    5.200615] ata1: PATA max MWDMA2 cmd 0x1f0 ctl 0x3f6 bmdma 0xc040 irq 14
[    5.202068] ata2: PATA max MWDMA2 cmd 0x170 ctl 0x376 bmdma 0xc048 irq 15
[    5.205034] ==================================================================
[    5.205630] ThreadSanitizer: data-race in scsi_error_handler
[    5.205630] 
[    5.205630] Read at 0xffff8800bb4ac1a9 of size 1 by thread 740 on CPU 1:
[    5.205630]  [<ffffffff8189d67d>] scsi_error_handler+0x12d/0x9b0
[    5.205630]  [<ffffffff810bb9e0>] kthread+0x150/0x170
[    5.205630]  [<ffffffff81ee5e3f>] ret_from_fork+0x3f/0x70
[    5.212601] e100: Intel(R) PRO/100 Network Driver, 3.5.24-k2-NAPI
[    5.212635] e100: Copyright(c) 1999-2006 Intel Corporation
[    5.214296] e1000: Intel(R) PRO/1000 Network Driver - version 7.3.21-k8-NAPI
[    5.214331] e1000: Copyright (c) 1999-2006 Intel Corporation.
[    5.205630] 
[    5.205630] Previous write at 0xffff8800bb4ac1a9 of size 2 by thread 1 on CPU 1:
[    5.205630]  [<ffffffff818dfbf2>] ata_scsi_add_hosts+0x1d2/0x320
[    5.205630]  [<ffffffff818d716c>] ata_host_register+0x1fc/0x440
[    5.205630]  [<ffffffff818eec43>] ata_pci_sff_activate_host+0xa3/0x2b0
[    5.205630]  [<ffffffff819009ee>] piix_init_one+0x5ee/0xe50
[    5.205630]  [<ffffffff815a16be>] local_pci_probe+0x7e/0xe0
[    5.205630]  [<ffffffff815a3b91>] pci_device_probe+0x151/0x190
[    5.205630]  [<ffffffff8185918a>] driver_probe_device+0x1ea/0x470
[    5.205630]  [<ffffffff818594d4>] __driver_attach+0xc4/0xd0
[    5.205630]  [<ffffffff81855dd3>] bus_for_each_dev+0x93/0xe0
[    5.205630]  [<ffffffff818586f3>] driver_attach+0x33/0x50
[    5.205630]  [<ffffffff81858039>] bus_add_driver+0x1f9/0x320
[    5.205630]  [<ffffffff8185a2bb>] driver_register+0xdb/0x190
[    5.205630]  [<ffffffff815a0cf8>] __pci_register_driver+0xb8/0xd0
[    5.205630]  [<ffffffff82595ea5>] piix_init+0x24/0x4b
[    5.205630]  [<ffffffff81000337>] do_one_initcall+0xb7/0x210
[    5.205630]  [<ffffffff8252e9f8>] kernel_init_freeable+0x2b5/0x380
[    5.205630]  [<ffffffff81ed2166>] kernel_init+0x16/0x140
[    5.205630]  [<ffffffff81ee5e3f>] ret_from_fork+0x3f/0x70
[    5.205630] 
[    5.205630] Mutexes locked by thread 1:
[    5.205630] Mutex 94247 is locked here:
[    5.205630]  [<ffffffff81ee2037>] mutex_lock+0x57/0x70
[    5.205630]  [<ffffffff81859484>] __driver_attach+0x74/0xd0
[    5.205630]  [<ffffffff81855dd3>] bus_for_each_dev+0x93/0xe0
[    5.205630]  [<ffffffff818586f3>] driver_attach+0x33/0x50
[    5.205630]  [<ffffffff81858039>] bus_add_driver+0x1f9/0x320
[    5.205630]  [<ffffffff8185a2bb>] driver_register+0xdb/0x190
[    5.205630]  [<ffffffff815a0cf8>] __pci_register_driver+0xb8/0xd0
[    5.205630]  [<ffffffff82595ea5>] piix_init+0x24/0x4b
[    5.205630]  [<ffffffff81000337>] do_one_initcall+0xb7/0x210
[    5.205630]  [<ffffffff8252e9f8>] kernel_init_freeable+0x2b5/0x380
[    5.205630]  [<ffffffff81ed2166>] kernel_init+0x16/0x140
[    5.205630]  [<ffffffff81ee5e3f>] ret_from_fork+0x3f/0x70
[    5.205630] 
[    5.205630] Mutex 44115 is locked here:
[    5.205630]  [<ffffffff81ee2037>] mutex_lock+0x57/0x70
[    5.205630]  [<ffffffff81859490>] __driver_attach+0x80/0xd0
[    5.205630]  [<ffffffff81855dd3>] bus_for_each_dev+0x93/0xe0
[    5.205630]  [<ffffffff818586f3>] driver_attach+0x33/0x50
[    5.205630]  [<ffffffff81858039>] bus_add_driver+0x1f9/0x320
[    5.205630]  [<ffffffff8185a2bb>] driver_register+0xdb/0x190
[    5.205630]  [<ffffffff815a0cf8>] __pci_register_driver+0xb8/0xd0
[    5.205630]  [<ffffffff82595ea5>] piix_init+0x24/0x4b
[    5.205630]  [<ffffffff81000337>] do_one_initcall+0xb7/0x210
[    5.205630]  [<ffffffff8252e9f8>] kernel_init_freeable+0x2b5/0x380
[    5.205630]  [<ffffffff81ed2166>] kernel_init+0x16/0x140
[    5.205630]  [<ffffffff81ee5e3f>] ret_from_fork+0x3f/0x70
[    5.205630] 
[    5.205630] ==================================================================
[    5.205973] ==================================================================
[    5.205973] ThreadSanitizer: data-race in scsi_error_handler
[    5.205973] 
[    5.205973] Read at 0xffff8800bb6e98c8 of size 8 by thread 743 on CPU 0:
[    5.285841]  [<ffffffff8189d697>] scsi_error_handler+0x147/0x9b0
[    5.286715]  [<ffffffff810bb9e0>] kthread+0x150/0x170
[    5.287882]  [<ffffffff81ee5e3f>] ret_from_fork+0x3f/0x70
[    5.287882] 
[    5.287882] Previous write at 0xffff8800bb6e98c8 of size 8 by thread 1 on CPU 3:
[    5.287882]  [<ffffffff818dfb59>] ata_scsi_add_hosts+0x139/0x320
[    5.287882]  [<ffffffff818d716c>] ata_host_register+0x1fc/0x440
[    5.287882]  [<ffffffff818eec43>] ata_pci_sff_activate_host+0xa3/0x2b0
[    5.294244]  [<ffffffff819009ee>] piix_init_one+0x5ee/0xe50
[    5.294244]  [<ffffffff815a16be>] local_pci_probe+0x7e/0xe0
[    5.294244]  [<ffffffff815a3b91>] pci_device_probe+0x151/0x190
[    5.294244]  [<ffffffff8185918a>] driver_probe_device+0x1ea/0x470
[    5.294244]  [<ffffffff818594d4>] __driver_attach+0xc4/0xd0
[    5.294244]  [<ffffffff81855dd3>] bus_for_each_dev+0x93/0xe0
[    5.294244]  [<ffffffff818586f3>] driver_attach+0x33/0x50
[    5.294244]  [<ffffffff81858039>] bus_add_driver+0x1f9/0x320
[    5.294244]  [<ffffffff8185a2bb>] driver_register+0xdb/0x190
[    5.294244]  [<ffffffff815a0cf8>] __pci_register_driver+0xb8/0xd0
[    5.294244]  [<ffffffff82595ea5>] piix_init+0x24/0x4b
[    5.294244]  [<ffffffff81000337>] do_one_initcall+0xb7/0x210
[    5.294244]  [<ffffffff8252e9f8>] kernel_init_freeable+0x2b5/0x380
[    5.294244]  [<ffffffff81ed2166>] kernel_init+0x16/0x140
[    5.294244]  [<ffffffff81ee5e3f>] ret_from_fork+0x3f/0x70
[    5.294244] 
[    5.294244] Mutexes locked by thread 1:
[    5.294244] Mutex 94247 is locked here:
[    5.294244]  [<ffffffff81ee2037>] mutex_lock+0x57/0x70
[    5.294244]  [<ffffffff81859484>] __driver_attach+0x74/0xd0
[    5.294244]  [<ffffffff81855dd3>] bus_for_each_dev+0x93/0xe0
[    5.294244]  [<ffffffff818586f3>] driver_attach+0x33/0x50
[    5.294244]  [<ffffffff81858039>] bus_add_driver+0x1f9/0x320
[    5.294244]  [<ffffffff8185a2bb>] driver_register+0xdb/0x190
[    5.294244]  [<ffffffff815a0cf8>] __pci_register_driver+0xb8/0xd0
[    5.294244]  [<ffffffff82595ea5>] piix_init+0x24/0x4b
[    5.294244]  [<ffffffff81000337>] do_one_initcall+0xb7/0x210
[    5.294244]  [<ffffffff8252e9f8>] kernel_init_freeable+0x2b5/0x380
[    5.294244]  [<ffffffff81ed2166>] kernel_init+0x16/0x140
[    5.294244]  [<ffffffff81ee5e3f>] ret_from_fork+0x3f/0x70
[    5.294244] 
[    5.294244] Mutex 44115 is locked here:
[    5.294244]  [<ffffffff81ee2037>] mutex_lock+0x57/0x70
[    5.294244]  [<ffffffff81859490>] __driver_attach+0x80/0xd0
[    5.294244]  [<ffffffff81855dd3>] bus_for_each_dev+0x93/0xe0
[    5.294244]  [<ffffffff818586f3>] driver_attach+0x33/0x50
[    5.294244]  [<ffffffff81858039>] bus_add_driver+0x1f9/0x320
[    5.294244]  [<ffffffff8185a2bb>] driver_register+0xdb/0x190
[    5.294244]  [<ffffffff815a0cf8>] __pci_register_driver+0xb8/0xd0
[    5.294244]  [<ffffffff82595ea5>] piix_init+0x24/0x4b
[    5.294244]  [<ffffffff81000337>] do_one_initcall+0xb7/0x210
[    5.294244]  [<ffffffff8252e9f8>] kernel_init_freeable+0x2b5/0x380
[    5.294244]  [<ffffffff81ed2166>] kernel_init+0x16/0x140
[    5.294244]  [<ffffffff81ee5e3f>] ret_from_fork+0x3f/0x70
[    5.294244] 
[    5.294244] ==================================================================
[    5.437544] ata1.01: NODEV after polling detection
[    5.440007] ata1.00: ATA-7: QEMU HARDDISK, 2.5+, max UDMA/100
[    5.442385] ata1.00: 2099200 sectors, multi 16: LBA48 
[    5.448529] ata1.00: configured for MWDMA2
[    5.456437] scsi 0:0:0:0: Direct-Access     ATA      QEMU HARDDISK    2.5+ PQ: 0 ANSI: 5
[    5.482720] sd 0:0:0:0: [sda] 2099200 512-byte logical blocks: (1.07 GB/1.00 GiB)
[    5.488881] sd 0:0:0:0: Attached scsi generic sg0 type 0
[    5.490624] sd 0:0:0:0: [sda] Write Protect is off
[    5.490762] sd 0:0:0:0: [sda] Mode Sense: 00 3a 00 00
[    5.492047] ata2.01: NODEV after polling detection
[    5.492859] sd 0:0:0:0: [sda] Write cache: enabled, read cache: enabled, doesn't support DPO or FUA
[    5.494060] ata2.00: ATAPI: QEMU DVD-ROM, 2.5+, max UDMA/100
[    5.497775] ata2.00: configured for MWDMA2
[    5.504571] tsc: Refined TSC clocksource calibration: 2659.998 MHz
[    5.505966] clocksource: tsc: mask: 0xffffffffffffffff max_cycles: 0x2657a1d9103, max_idle_ns: 440795229008 ns
[    5.514515] scsi 1:0:0:0: CD-ROM            QEMU     QEMU DVD-ROM     2.5+ PQ: 0 ANSI: 5
[    5.561533] sr 1:0:0:0: [sr0] scsi3-mmc drive: 4x/4x cd/rw xa/form2 tray
[    5.561652] sd 0:0:0:0: [sda] Attached SCSI disk
[    5.564782] cdrom: Uniform CD-ROM driver Revision: 3.20
[    5.588891] sr 1:0:0:0: Attached scsi CD-ROM sr0
[    5.606781] sr 1:0:0:0: Attached scsi generic sg1 type 5
[   12.382326] ACPI: PCI Interrupt Link [LNKC] enabled at IRQ 11
[   12.812479] e1000 0000:00:03.0 eth0: (PCI:33MHz:32-bit) 52:54:00:12:34:56
[   12.814010] e1000 0000:00:03.0 eth0: Intel(R) PRO/1000 Network Connection
[   12.817340] sky2: driver version 1.30
[   12.830668] ehci_hcd: USB 2.0 'Enhanced' Host Controller (EHCI) Driver
[   12.832327] ehci-pci: EHCI PCI platform driver
[   12.834590] ohci_hcd: USB 1.1 'Open' Host Controller (OHCI) Driver
[   12.836335] ohci-pci: OHCI PCI platform driver
[   12.838634] uhci_hcd: USB Universal Host Controller Interface driver
[   12.843277] usbcore: registered new interface driver usblp
[   12.845837] usbcore: registered new interface driver usb-storage
[   12.850022] i8042: PNP: PS/2 Controller [PNP0303:KBD,PNP0f13:MOU] at 0x60,0x64 irq 1,12
[   12.857401] serio: i8042 KBD port at 0x60,0x64 irq 1
[   12.859306] serio: i8042 AUX port at 0x60,0x64 irq 12
[   12.869016] mousedev: PS/2 mouse device common for all mice
[   12.885374] rtc_cmos 00:00: RTC can wake from S4
[   12.888781] input: AT Translated Set 2 keyboard as /devices/platform/i8042/serio0/input/input1
[   12.894526] rtc_cmos 00:00: rtc core: registered rtc_cmos as rtc0
[   12.897423] rtc_cmos 00:00: alarms up to one day, y3k, 114 bytes nvram, hpet irqs
[   12.910964] device-mapper: ioctl: 4.32.0-ioctl (2015-6-26) initialised: dm-devel@redhat.com
[   12.918735] hidraw: raw HID events driver (C) Jiri Kosina
[   12.953990] usbcore: registered new interface driver usbhid
[   12.955801] usbhid: USB HID core driver
[   12.997515] Netfilter messages via NETLINK v0.30.
[   12.999856] nf_conntrack version 0.5.0 (65536 buckets, 262144 max)
[   13.010382] ctnetlink v0.93: registering with nfnetlink.
[   13.017839] ip_tables: (C) 2000-2006 Netfilter Core Team
[   13.020921] Initializing XFRM netlink socket
[   13.023997] NET: Registered protocol family 10
[   13.040280] ip6_tables: (C) 2000-2006 Netfilter Core Team
[   13.043714] sit: IPv6 over IPv4 tunneling driver
[   13.059951] NET: Registered protocol family 17
[   13.062543] 9pnet: Installing 9P2000 support
[   13.065007] Key type dns_resolver registered
[   13.109863] registered taskstats version 1
[   13.121676]   Magic number: 8:741:726
[   13.123013] block loop6: hash matches
[   13.124879] console [netcon0] enabled
[   13.125864] netconsole: network logging started
[   13.141551] PM: Hibernation image not present or could not be loaded.
[   13.142941] ALSA device list:
[   13.143744]   No soundcards found.
[   13.557776] input: ImExPS/2 Generic Explorer Mouse as /devices/platform/i8042/serio1/input/input3
[   13.569846] md: Waiting for all devices to be available before autodetect
[   13.571411] md: If you don't use raid, use raid=noautodetect
[   13.587977] md: Autodetecting RAID arrays.
[   13.588981] md: Scanned 0 and added 0 devices.
[   13.590017] md: autorun ...
[   13.590799] md: ... autorun DONE.
[   13.599724] EXT4-fs (sda): couldn't mount as ext3 due to feature incompatibilities
[   13.609804] EXT4-fs (sda): couldn't mount as ext2 due to feature incompatibilities
[   13.674996] ==================================================================
[   13.675601] ThreadSanitizer: data-race in jbd2_journal_load
[   13.675601] 
[   13.675601] Write at 0xffff88018e323800 of size 8 by thread 1 on CPU 2:
[   13.675601]  [<ffffffff813cf6ad>] jbd2_journal_load+0x30d/0x500
[   13.675601]  [<ffffffff8137dbd8>] ext4_fill_super+0x38f8/0x53e0
[   13.675601]  [<ffffffff8126c272>] mount_bdev+0x1d2/0x230
[   13.675601]  [<ffffffff813605d8>] ext4_mount+0x38/0x50
[   13.675601]  [<ffffffff8126d18d>] mount_fs+0x5d/0x1c0
[   13.675601]  [<ffffffff8129bb1f>] vfs_kern_mount+0x6f/0x240
[   13.675601]  [<ffffffff8129ff35>] do_mount+0x275/0x1450
[   13.675601]  [<ffffffff812a1683>] SyS_mount+0xa3/0x100
[   13.675601]  [<ffffffff8252f010>] mount_block_root+0x1ab/0x2f6
[   13.675601]  [<ffffffff8252f2c9>] mount_root+0x16e/0x182
[   13.675601]  [<ffffffff8252f4a8>] prepare_namespace+0x1cb/0x20a
[   13.675601]  [<ffffffff8252eaa5>] kernel_init_freeable+0x362/0x380
[   13.675601]  [<ffffffff81ed2166>] kernel_init+0x16/0x140
[   13.675601]  [<ffffffff81ee5e3f>] ret_from_fork+0x3f/0x70
[   13.675601] 
[   13.675601] Previous read at 0xffff88018e323800 of size 8 by thread 874 on CPU 2:
[   13.675601]  [<ffffffff813ccb63>] kjournald2+0x363/0x420
[   13.675601]  [<ffffffff810bb9e0>] kthread+0x150/0x170
[   13.675601]  [<ffffffff81ee5e3f>] ret_from_fork+0x3f/0x70
[   13.675601] 
[   13.675601] Mutexes locked by thread 1:
[   13.675601] Mutex 112079 is locked here:
[   13.675601]  [<ffffffff81ee2975>] down_write+0x65/0x80
[   13.675601]  [<ffffffff8126bbd0>] sget+0x290/0x5b0
[   13.675601]  [<ffffffff8126c174>] mount_bdev+0xd4/0x230
[   13.675601]  [<ffffffff813605d8>] ext4_mount+0x38/0x50
[   13.675601]  [<ffffffff8126d18d>] mount_fs+0x5d/0x1c0
[   13.698497]  [<ffffffff8129bb1f>] vfs_kern_mount+0x6f/0x240
[   13.698497]  [<ffffffff8129ff35>] do_mount+0x275/0x1450
[   13.698497]  [<ffffffff812a1683>] SyS_mount+0xa3/0x100
[   13.698497]  [<ffffffff8252f010>] mount_block_root+0x1ab/0x2f6
[   13.698497]  [<ffffffff8252f2c9>] mount_root+0x16e/0x182
[   13.698497]  [<ffffffff8252f4a8>] prepare_namespace+0x1cb/0x20a
[   13.698497]  [<ffffffff8252eaa5>] kernel_init_freeable+0x362/0x380
[   13.698497]  [<ffffffff81ed2166>] kernel_init+0x16/0x140
[   13.698497]  [<ffffffff81ee5e3f>] ret_from_fork+0x3f/0x70
[   13.698497] 
[   13.698497] Mutexes locked by thread 874:
[   13.698497] Mutex 112313 is locked here:
[   13.698497]  [<ffffffff81ee5568>] _raw_write_lock+0x58/0x70
[   13.698497]  [<ffffffff813cc8b9>] kjournald2+0xb9/0x420
[   13.698497]  [<ffffffff810bb9e0>] kthread+0x150/0x170
[   13.698497]  [<ffffffff81ee5e3f>] ret_from_fork+0x3f/0x70
[   13.698497] 
[   13.698497] ==================================================================
[   13.722956] EXT4-fs (sda): mounted filesystem with ordered data mode. Opts: (null)
[   13.724748] VFS: Mounted root (ext4 filesystem) readonly on device 8:0.
[   13.733505] devtmpfs: mounted
[   13.754446] Freeing unused kernel memory: 1348K (ffffffff82516000 - ffffffff82667000)
[   13.756013] Write protecting the kernel read-only data: 20480k
[   13.786789] Freeing unused kernel memory: 1096K (ffff880001eee000 - ffff880002000000)
[   13.808712] Freeing unused kernel memory: 1292K (ffff8800022bd000 - ffff880002400000)
[   14.067840] ==================================================================
[   14.068727] ThreadSanitizer: data-race in flush_tlb_func
[   14.068727] 
[   14.068727] Read at 0xffff8801925dbbd0 of size 8 by thread -2 on CPU 1:
[   14.068727]  [<ffffffff81081d96>] flush_tlb_func+0x76/0x270
[   14.071388]  [<ffffffff8113ab40>] flush_smp_call_function_queue+0x70/0x1c0
[   14.071388]  [<ffffffff8113b977>] generic_smp_call_function_single_interrupt+0x17/0x80
[   14.071388]  [<ffffffff8105a398>] smp_call_function_single_interrupt+0x48/0x70
[   14.071388]  [<ffffffff8105a3dd>] smp_call_function_interrupt+0x1d/0x30
[   14.071388]  [<ffffffff81ee71ca>] call_function_interrupt+0x8a/0xa0
[   14.071388] 
[   14.071388] Previous write at 0xffff8801925dbbd0 of size 8 by thread 65532 on CPU 3:
[   14.071388]  [<ffffffff81081dbc>] flush_tlb_func+0x9c/0x270
[   14.071388]  [<ffffffff8113ab40>] flush_smp_call_function_queue+0x70/0x1c0
[   14.071388]  [<ffffffff8113b977>] generic_smp_call_function_single_interrupt+0x17/0x80
[   14.071388]  [<ffffffff8105a398>] smp_call_function_single_interrupt+0x48/0x70
[   14.071388]  [<ffffffff8105a3dd>] smp_call_function_interrupt+0x1d/0x30
[   14.071388]  [<ffffffff81ee71ca>] call_function_interrupt+0x8a/0xa0
[   14.071388] 
[   14.071388] ==================================================================
SELinux:  Could not open policy file <= /etc/selinux/targeted/policy/policy.29:  No such file or directory
INIT: version 2.88 booting
[   14.517810] random: nonblocking pool is initialized
[[36minfo[39;49m] Using makefile-style concurrent boot in runlevel S.
[....] Starting the hotplug events dispatcher: udevd[   17.582604] udevd[989]: starting version 175
[?25l[?1c7[1G[[32m ok [39;49m8[?25h[?0c.
[   18.412695] ==================================================================
[   18.413229] ThreadSanitizer: data-race in poll_schedule_timeout
[   18.413229] 
[   18.413229] Atomic read at 0xffff88018de6bc88 of size 4 by thread 1011 on CPU 1:
[   18.413229]  [<ffffffff8128742c>] poll_schedule_timeout+0x9c/0xc0
[   18.413229]  [<ffffffff812893e8>] do_sys_poll+0x6e8/0x7b0
[   18.417985]  [<ffffffff812895e9>] SyS_poll+0x69/0x1b0
[   18.417985]  [<ffffffff81ee5a51>] entry_SYSCALL_64_fastpath+0x31/0x95
[   18.417985] 
[   18.417985] Previous write at 0xffff88018de6bc88 of size 4 by thread 1013 on CPU 0:
[   18.417985]  [<ffffffff81287747>] pollwake+0xc7/0x100
[   18.417985]  [<ffffffff810e3858>] __wake_up_common+0x48/0x80
[   18.417985]  [<ffffffff8109ed0f>] send_signal+0x3f/0x90
[   18.417985]  [<ffffffff810a159e>] do_notify_parent+0x47e/0x4c0
[   18.417985]  [<ffffffff8108e411>] do_exit+0x12a1/0x13b0
[   18.417985]  [<ffffffff810902f5>] do_group_exit+0x85/0x130
[   18.417985]  [<ffffffff810903c0>] __wake_up_parent+0x0/0x50
[   18.417985]  [<ffffffff81ee5a51>] entry_SYSCALL_64_fastpath+0x31/0x95
[   18.417985] 
[   18.417985] Mutexes locked by thread 1013:
[   18.417985] Mutex 190 is locked here:
[   18.417985]  [<ffffffff81ee5504>] _raw_write_lock_irq+0x64/0x70
[   18.417985]  [<ffffffff8108d658>] do_exit+0x4e8/0x13b0
[   18.417985]  [<ffffffff810902f5>] do_group_exit+0x85/0x130
[   18.417985]  [<ffffffff810903c0>] __wake_up_parent+0x0/0x50
[   18.417985]  [<ffffffff81ee5a51>] entry_SYSCALL_64_fastpath+0x31/0x95
[   18.417985] 
[   18.417985] Mutex 137838 is locked here:
[   18.417985]  [<ffffffff81ee57b4>] _raw_spin_lock_irqsave+0x64/0x80
[   18.417985]  [<ffffffff810a145f>] do_notify_parent+0x33f/0x4c0
[   18.417985]  [<ffffffff8108e411>] do_exit+0x12a1/0x13b0
[   18.417985]  [<ffffffff810902f5>] do_group_exit+0x85/0x130
[   18.417985]  [<ffffffff810903c0>] __wake_up_parent+0x0/0x50
[   18.417985]  [<ffffffff81ee5a51>] entry_SYSCALL_64_fastpath+0x31/0x95
[   18.417985] 
[   18.417985] Mutex 137837 is locked here:
[   18.417985]  [<ffffffff81ee57b4>] _raw_spin_lock_irqsave+0x64/0x80
[   18.417985]  [<ffffffff810e38b2>] __wake_up+0x22/0x60
[   18.417985]  [<ffffffff8109ed0f>] send_signal+0x3f/0x90
[   18.417985]  [<ffffffff810a159e>] do_notify_parent+0x47e/0x4c0
[   18.417985]  [<ffffffff8108e411>] do_exit+0x12a1/0x13b0
[   18.417985]  [<ffffffff810902f5>] do_group_exit+0x85/0x130
[   18.417985]  [<ffffffff810903c0>] __wake_up_parent+0x0/0x50
[   18.417985]  [<ffffffff81ee5a51>] entry_SYSCALL_64_fastpath+0x31/0x95
[   18.460045] 
[   18.460045] ==================================================================
[....] Synthesizing the initial hotplug events...[?25l[?1c7[1G[[32m ok [39;49m8[?25h[?0cdone.
[....] Waiting for /dev to be fully populated...[   22.892965] ==================================================================
[   22.893140] ThreadSanitizer: data-race in unix_dgram_poll
[   22.893140] 
[   22.893140] Read at 0xffff8800baee4a08 of size 1 by thread 1145 on CPU 0:
[   22.893140]  [<ffffffff81ce206d>] unix_dgram_poll+0xdd/0x300
[   22.893140]  [<ffffffff81b608f4>] sock_poll+0xf4/0x240
[   22.893140]  [<ffffffff8128918b>] do_sys_poll+0x48b/0x7b0
[   22.893140]  [<ffffffff812895e9>] SyS_poll+0x69/0x1b0
[   22.893140]  [<ffffffff81ee5a51>] entry_SYSCALL_64_fastpath+0x31/0x95
[   22.893140] 
[   22.893140] Previous write at 0xffff8800baee4a08 of size 4 by thread 989 on CPU 0:
[   22.893140]  [<ffffffff81ce2bc1>] unix_release_sock+0x341/0x450
[   22.893140]  [<ffffffff81ce2cff>] unix_release+0x2f/0x50
[   22.893140]  [<ffffffff81b5e83d>] sock_release+0x4d/0x100
[   22.893140]  [<ffffffff81b5e90e>] sock_close+0x1e/0x30
[   22.893140]  [<ffffffff8126993f>] __fput+0x15f/0x310
[   22.893140]  [<ffffffff81269b5d>] ____fput+0x1d/0x30
[   22.893140]  [<ffffffff810b9175>] task_work_run+0x115/0x130
[   22.893140]  [<ffffffff81006d33>] do_notify_resume+0x73/0x80
[   22.893140]  [<ffffffff81ee5c21>] int_signal+0x12/0x17
[   22.893140] 
[   22.893140] Mutexes locked by thread 989:
[   22.893140] Mutex 135462 is locked here:
[   22.893140]  [<ffffffff81ee5400>] _raw_spin_lock+0x50/0x70
[   22.893140]  [<ffffffff81ce2bb5>] unix_release_sock+0x335/0x450
[   22.893140]  [<ffffffff81ce2cff>] unix_release+0x2f/0x50
[   22.893140]  [<ffffffff81b5e83d>] sock_release+0x4d/0x100
[   22.893140]  [<ffffffff81b5e90e>] sock_close+0x1e/0x30
[   22.893140]  [<ffffffff8126993f>] __fput+0x15f/0x310
[   22.893140]  [<ffffffff81269b5d>] ____fput+0x1d/0x30
[   22.893140]  [<ffffffff810b9175>] task_work_run+0x115/0x130
[   22.893140]  [<ffffffff81006d33>] do_notify_resume+0x73/0x80
[   22.893140]  [<ffffffff81ee5c21>] int_signal+0x12/0x17
[   22.893140] 
[   22.893140] ==================================================================
[   23.003966] ==================================================================
[   23.004135] ThreadSanitizer: data-race in __fsnotify_parent
[   23.004135] 
[   23.004135] Read at 0xffff88019057fd98 of size 4 by thread 989 on CPU 0:
[   23.004135]  [<ffffffff812d1b67>] __fsnotify_parent+0x37/0x140
[   23.004135]  [<ffffffff8126752b>] vfs_write+0x1fb/0x280
[   23.004135]  [<ffffffff81268810>] SyS_write+0x70/0xd0
[   23.004135]  [<ffffffff81ee5a51>] entry_SYSCALL_64_fastpath+0x31/0x95
[   23.004135] 
[   23.004135] Previous write at 0xffff88019057fd98 of size 4 by thread 1145 on CPU 1:
[   23.004135]  [<ffffffff812d1a1f>] __fsnotify_update_child_dentry_flags.part.1+0xcf/0x1e0
[   23.004135]  [<ffffffff812d1cde>] __fsnotify_update_child_dentry_flags+0x3e/0x50
[   23.004135]  [<ffffffff812d3ac4>] fsnotify_add_mark_locked+0x1b4/0x380
[   23.004135]  [<ffffffff812d6899>] SyS_inotify_add_watch+0x3f9/0x450
[   23.004135]  [<ffffffff81ee5a51>] entry_SYSCALL_64_fastpath+0x31/0x95
[   23.004135] 
[   23.004135] Mutexes locked by thread 1145:
[   23.004135] Mutex 178520 is locked here:
[   23.004135]  [<ffffffff81ee2037>] mutex_lock+0x57/0x70
[   23.004135]  [<ffffffff812d6600>] SyS_inotify_add_watch+0x160/0x450
[   23.004135]  [<ffffffff81ee5a51>] entry_SYSCALL_64_fastpath+0x31/0x95
[   23.004135] 
[   23.004135] Mutex 134017 is locked here:
[   23.004135]  [<ffffffff81ee5400>] _raw_spin_lock+0x50/0x70
[   23.004135]  [<ffffffff812d19aa>] __fsnotify_update_child_dentry_flags.part.1+0x5a/0x1e0
[   23.004135]  [<ffffffff812d1cde>] __fsnotify_update_child_dentry_flags+0x3e/0x50
[   23.004135]  [<ffffffff812d3ac4>] fsnotify_add_mark_locked+0x1b4/0x380
[   23.004135]  [<ffffffff812d6899>] SyS_inotify_add_watch+0x3f9/0x450
[   23.004135]  [<ffffffff81ee5a51>] entry_SYSCALL_64_fastpath+0x31/0x95
[   23.004135] 
[   23.004135] Mutex 134015 is locked here:
[   23.004135]  [<ffffffff81ee5400>] _raw_spin_lock+0x50/0x70
[   23.049526]  [<ffffffff812d19ea>] __fsnotify_update_child_dentry_flags.part.1+0x9a/0x1e0
[   23.049526]  [<ffffffff812d1cde>] __fsnotify_update_child_dentry_flags+0x3e/0x50
[   23.049526]  [<ffffffff812d3ac4>] fsnotify_add_mark_locked+0x1b4/0x380
[   23.049526]  [<ffffffff812d6899>] SyS_inotify_add_watch+0x3f9/0x450
[   23.049526]  [<ffffffff81ee5a51>] entry_SYSCALL_64_fastpath+0x31/0x95
[   23.049526] 
[   23.049526] Mutex 139375 is locked here:
[   23.049526]  [<ffffffff81ee5400>] _raw_spin_lock+0x50/0x70
[   23.049526]  [<ffffffff812d1a88>] __fsnotify_update_child_dentry_flags.part.1+0x138/0x1e0
[   23.049526]  [<ffffffff812d1cde>] __fsnotify_update_child_dentry_flags+0x3e/0x50
[   23.049526]  [<ffffffff812d3ac4>] fsnotify_add_mark_locked+0x1b4/0x380
[   23.049526]  [<ffffffff812d6899>] SyS_inotify_add_watch+0x3f9/0x450
[   23.049526]  [<ffffffff81ee5a51>] entry_SYSCALL_64_fastpath+0x31/0x95
[   23.049526] 
[   23.049526] ==================================================================
[?25l[?1c7[1G[[32m ok [39;49m8[?25h[?0cdone.
[....] Activating swap...[?25l[?1c7[1G[[32m ok [39;49m8[?25h[?0cdone.
[   27.622910] EXT4-fs (sda): re-mounted. Opts: (null)
[....] Creating compatibility symlink from /etc/mtab to /proc/mounts. ...[?25l[?1c7[1G[[33mwarn[39;49m8[?25h[?0c [33m(warning).[39;49m
[....] Cleaning up temporary files... /tmp[?25l[?1c7[1G[[32m ok [39;49m8[?25h[?0c.
[....] Activating lvm and md swap...[?25l[?1c7[1G[[32m ok [39;49m8[?25h[?0cdone.
[....] Checking file systems...fsck from util-linux 2.20.1
[?25l[?1c7[1G[[32m ok [39;49m8[?25h[?0cdone.
[....] Mounting local filesystems...[?25l[?1c7[1G[[32m ok [39;49m8[?25h[?0cdone.
[....] Activating swapfile swap...[?25l[?1c7[1G[[32m ok [39;49m8[?25h[?0cdone.
[....] Cleaning up temporary files...[?25l[?1c7[1G[[32m ok [39;49m8[?25h[?0c.
[....] Setting kernel variables ...[?25l[?1c7[1G[[32m ok [39;49m8[?25h[?0cdone.
[   50.145476] ==================================================================
[   50.146005] ThreadSanitizer: data-race in poll_schedule_timeout
[   50.146005] 
[   50.146005] Read at 0xffff88018dc87a98 of size 4 by thread 889 on CPU 3:
[   50.146005]  [<ffffffff812873f4>] poll_schedule_timeout+0x64/0xc0
[   50.146005]  [<ffffffff81288448>] do_select+0xa68/0xb70
[   50.146005]  [<ffffffff812887ff>] core_sys_select+0x2af/0x3f0
[   50.146005]  [<ffffffff81288bb9>] SyS_pselect6+0x169/0x2b0
[   50.146005]  [<ffffffff81ee5a51>] entry_SYSCALL_64_fastpath+0x31/0x95
[   50.146005] 
[   50.146005] Previous write at 0xffff88018dc87a98 of size 4 by thread 2295 on CPU 0:
[   50.146005]  [<ffffffff81287747>] pollwake+0xc7/0x100
[   50.146005]  [<ffffffff810e3858>] __wake_up_common+0x48/0x80
[   50.146005]  [<ffffffff8165d0e1>] tty_release+0x1c1/0x7c0
[   50.146005]  [<ffffffff8126993f>] __fput+0x15f/0x310
[   50.146005]  [<ffffffff81269b5d>] ____fput+0x1d/0x30
[   50.146005]  [<ffffffff810b9175>] task_work_run+0x115/0x130
[   50.146005]  [<ffffffff8108d604>] do_exit+0x494/0x13b0
[   50.146005]  [<ffffffff810902f5>] do_group_exit+0x85/0x130
[   50.146005]  [<ffffffff810903c0>] __wake_up_parent+0x0/0x50
[   50.146005]  [<ffffffff81ee5a51>] entry_SYSCALL_64_fastpath+0x31/0x95
[   50.146005] 
[   50.146005] Mutexes locked by thread 2295:
[   50.146005] Mutex 353735 is locked here:
[   50.146005]  [<ffffffff81ee2037>] mutex_lock+0x57/0x70
[   50.146005]  [<ffffffff81ee5821>] tty_lock+0x51/0xc0
[   50.146005]  [<ffffffff8165cfa2>] tty_release+0x82/0x7c0
[   50.146005]  [<ffffffff8126993f>] __fput+0x15f/0x310
[   50.146005]  [<ffffffff81269b5d>] ____fput+0x1d/0x30
[   50.146005]  [<ffffffff810b9175>] task_work_run+0x115/0x130
[   50.146005]  [<ffffffff8108d604>] do_exit+0x494/0x13b0
[   50.146005]  [<ffffffff810902f5>] do_group_exit+0x85/0x130
[   50.146005]  [<ffffffff810903c0>] __wake_up_parent+0x0/0x50
[   50.146005]  [<ffffffff81ee5a51>] entry_SYSCALL_64_fastpath+0x31/0x95
[   50.146005] 
[   50.146005] Mutex 354067 is locked here:
[   50.146005]  [<ffffffff81ee57b4>] _raw_spin_lock_irqsave+0x64/0x80
[   50.146005]  [<ffffffff810e38b2>] __wake_up+0x22/0x60
[   50.146005]  [<ffffffff8165d0e1>] tty_release+0x1c1/0x7c0
[   50.146005]  [<ffffffff8126993f>] __fput+0x15f/0x310
[   50.146005]  [<ffffffff81269b5d>] ____fput+0x1d/0x30
[   50.146005]  [<ffffffff810b9175>] task_work_run+0x115/0x130
[   50.146005]  [<ffffffff8108d604>] do_exit+0x494/0x13b0
[   50.146005]  [<ffffffff810902f5>] do_group_exit+0x85/0x130
[   50.146005]  [<ffffffff810903c0>] __wake_up_parent+0x0/0x50
[   50.146005]  [<ffffffff81ee5a51>] entry_SYSCALL_64_fastpath+0x31/0x95
[   50.146005] 
[   50.146005] ==================================================================
[....] Configuring network interfaces...Internet Systems Consortium DHCP Client 4.2.2
Copyright 2004-2011 Internet Systems Consortium.
All rights reserved.
For info, please visit https://www.isc.org/software/dhcp/

[   51.808403] e1000: eth0 NIC Link is Up 1000 Mbps Full Duplex, Flow Control: RX
[   51.810631] IPv6: ADDRCONF(NETDEV_UP): eth0: link is not ready
[   51.812982] IPv6: ADDRCONF(NETDEV_CHANGE): eth0: link becomes ready
Listening on LPF/eth0/52:54:00:12:34:56
Sending on   LPF/eth0/52:54:00:12:34:56
Sending on   Socket/fallback
DHCPDISCOVER on eth0 to 255.255.255.255 port 67 interval 8
DHCPREQUEST on eth0 to 255.255.255.255 port 67
DHCPOFFER from 10.0.2.2
DHCPACK from 10.0.2.2
[   51.948875] ==================================================================
[   51.949092] ThreadSanitizer: data-race in get_vmalloc_info
[   51.949092] 
[   51.949092] Read at 0xffff88018d15a6d0 of size 8 by thread 2350 on CPU 1:
[   51.949092]  [<ffffffff8122fea8>] get_vmalloc_info+0xd8/0x200
[   51.949092]  [<ffffffff8131f75e>] meminfo_proc_show+0xae/0x6b0
[   51.949092]  [<ffffffff812a2e4a>] seq_read+0x16a/0x780
[   51.949092]  [<ffffffff81313ed3>] proc_reg_read+0x93/0xd0
[   51.949092]  [<ffffffff812662bf>] __vfs_read+0x5f/0x1e0
[   51.949092]  [<ffffffff81267207>] vfs_read+0xb7/0x1e0
[   51.949092]  [<ffffffff81268740>] SyS_read+0x70/0xd0
[   51.949092]  [<ffffffff81ee5a51>] entry_SYSCALL_64_fastpath+0x31/0x95
[   51.949092] 
[   51.949092] Previous write at 0xffff88018d15a6d0 of size 8 by thread 889 on CPU 3:
[   51.949092]  [<ffffffff8122c901>] free_vmap_area_noflush+0x31/0x100
[   51.949092]  [<ffffffff8122e6cb>] remove_vm_area+0xeb/0x130
[   51.949092]  [<ffffffff8122e74d>] __vunmap+0x3d/0x160
[   51.949092]  [<ffffffff8122e90a>] vfree+0x3a/0xa0
[   51.949092]  [<ffffffff8166155d>] n_tty_close+0x6d/0x90
[   51.949092]  [<ffffffff81667caa>] tty_ldisc_close.isra.1+0x5a/0x80
[   51.949092]  [<ffffffff81667e71>] tty_ldisc_kill+0x31/0x100
[   51.949092]  [<ffffffff81668b01>] tty_ldisc_release+0x71/0x210
[   51.949092]  [<ffffffff8165d54e>] tty_release+0x62e/0x7c0
[   51.949092]  [<ffffffff8126993f>] __fput+0x15f/0x310
[   51.949092]  [<ffffffff81269b5d>] ____fput+0x1d/0x30
[   51.949092]  [<ffffffff810b9175>] task_work_run+0x115/0x130
[   51.949092]  [<ffffffff81006d33>] do_notify_resume+0x73/0x80
[   51.949092]  [<ffffffff81ee5c21>] int_signal+0x12/0x17
[   51.949092] 
[   51.949092] Mutexes locked by thread 2350:
[   51.949092] Mutex 365647 is locked here:
[   51.949092]  [<ffffffff81ee2037>] mutex_lock+0x57/0x70
[   51.949092]  [<ffffffff812a2d3c>] seq_read+0x5c/0x780
[   51.949092]  [<ffffffff81313ed3>] proc_reg_read+0x93/0xd0
[   51.949092]  [<ffffffff812662bf>] __vfs_read+0x5f/0x1e0
[   51.949092]  [<ffffffff81267207>] vfs_read+0xb7/0x1e0
[   51.949092]  [<ffffffff81268740>] SyS_read+0x70/0xd0
[   51.949092]  [<ffffffff81ee5a51>] entry_SYSCALL_64_fastpath+0x31/0x95
[   51.949092] 
[   51.949092] ==================================================================
bound to 10.0.2.15 -- renewal in 41706 seconds.
[?25l[?1c7[1G[[32m ok [39;49m8[?25h[?0cdone.
[....] Cleaning up temporary files...[?25l[?1c7[1G[[32m ok [39;49m8[?25h[?0c.
INIT: Entering runlevel: 2
[[36minfo[39;49m] Using makefile-style concurrent boot in runlevel 2.
[....] Starting enhanced syslogd: rsyslogd[?25l[?1c7[1G[[32m ok [39;49m8[?25h[?0c.
[....] Starting periodic command scheduler: cron[?25l[?1c7[1G[[32m ok [39;49m8[?25h[?0c.
[....] Starting OpenBSD Secure Shell server: sshd[?25l[?1c7[1G[[32m ok [39;49m8[?25h[?0c.
[   61.956527] kt: running test for light, case 8, T2584
[   61.956527] 
[   61.962544] ==================================================================
[   61.962551] ThreadSanitizer: data-race in tcp_v4_rcv
[   61.962551] 
[   61.962569] Write at 0xffff8800bb3f18c0 of size 8 by thread 2584 on CPU 3:
[   61.962593]  [<ffffffff81c5eece>] tcp_v4_rcv+0x139e/0x14c0
[   61.962625]  [<ffffffff81c156a9>] ip_local_deliver_finish+0x169/0x3f0
[   61.962655]  [<ffffffff81c15c8a>] ip_local_deliver+0x15a/0x160
[   61.962678]  [<ffffffff81c14f73>] ip_rcv_finish+0xe3/0x6b0
[   61.962700]  [<ffffffff81c162d6>] ip_rcv+0x646/0x880
[   61.962726]  [<ffffffff81b8f4af>] __netif_receive_skb_core+0x54f/0x1530
[   61.962762]  [<ffffffff81b904c9>] __netif_receive_skb+0x39/0xf0
[   61.962794]  [<ffffffff81b905c5>] netif_receive_skb_internal+0x45/0x110
[   61.962835]  [<ffffffff81b91e65>] napi_gro_receive+0x115/0x150
[   61.962867]  [<ffffffff81952fe5>] e1000_clean_rx_irq+0x355/0x950
[   61.962894]  [<ffffffff8194f964>] e1000_clean+0x554/0x11e0
[   61.962925]  [<ffffffff81b90f89>] net_rx_action+0x489/0x690
[   61.962942]  [<ffffffff81091c1e>] __do_softirq+0xbe/0x2f0
[   61.962962]  [<ffffffff81ee690a>] apic_timer_interrupt+0x8a/0xa0
[   61.962966] 
[   61.962991] Previous read at 0xffff8800bb3f18c0 of size 8 by thread 2582 on CPU 1:
[   61.963024]  [<ffffffff81c30032>] tcp_recvmsg+0x412/0x12c0
[   61.963055]  [<ffffffff81c85ed8>] inet_recvmsg+0x148/0x180
[   61.963081]  [<ffffffff81b6022a>] sock_recvmsg+0x6a/0x90
[   61.963101]  [<ffffffff81b60366>] sock_read_iter+0x116/0x180
[   61.963127]  [<ffffffff81266400>] __vfs_read+0x1a0/0x1e0
[   61.963150]  [<ffffffff81267207>] vfs_read+0xb7/0x1e0
[   61.963155]  [<ffffffff81268740>] SyS_read+0x70/0xd0
[   61.963155]  [<ffffffff81ee5a51>] entry_SYSCALL_64_fastpath+0x31/0x95
[   61.963155] 
[   61.963155] Mutexes locked by thread 2584:
[   61.963155] Mutex 411818 is locked here:
[   61.963155]  [<ffffffff81ee5400>] _raw_spin_lock+0x50/0x70
[   61.963155]  [<ffffffff81c5eb7d>] tcp_v4_rcv+0x104d/0x14c0
[   61.963155]  [<ffffffff81c156a9>] ip_local_deliver_finish+0x169/0x3f0
[   61.963155]  [<ffffffff81c15c8a>] ip_local_deliver+0x15a/0x160
[   61.963155]  [<ffffffff81c14f73>] ip_rcv_finish+0xe3/0x6b0
[   61.963155]  [<ffffffff81c162d6>] ip_rcv+0x646/0x880
[   61.963155]  [<ffffffff81b8f4af>] __netif_receive_skb_core+0x54f/0x1530
[   61.963155]  [<ffffffff81b904c9>] __netif_receive_skb+0x39/0xf0
[   61.963155]  [<ffffffff81b905c5>] netif_receive_skb_internal+0x45/0x110
[   61.963155]  [<ffffffff81b91e65>] napi_gro_receive+0x115/0x150
[   61.963155]  [<ffffffff81952fe5>] e1000_clean_rx_irq+0x355/0x950
[   61.963155]  [<ffffffff8194f964>] e1000_clean+0x554/0x11e0
[   61.963155]  [<ffffffff81b90f89>] net_rx_action+0x489/0x690
[   61.963155]  [<ffffffff81091c1e>] __do_softirq+0xbe/0x2f0
[   61.963155]  [<ffffffff81ee690a>] apic_timer_interrupt+0x8a/0xa0
[   61.963155] 
[   61.963155] ==================================================================
[   61.964647] ==================================================================
[   61.964667] ThreadSanitizer: data-race in __nf_ct_refresh_acct
[   61.964667] 
[   61.964703] Read at 0xffff88018d350e10 of size 8 by thread 2584 on CPU 3:
[   61.964749]  [<ffffffff81be9ee1>] __nf_ct_refresh_acct+0xf1/0x140
[   61.964801]  [<ffffffff81bf6b62>] tcp_packet+0x12f2/0x2520
[   61.964847]  [<ffffffff81bed716>] nf_conntrack_in+0x736/0xdc0
[   61.964901]  [<ffffffff81cb420e>] ipv4_conntrack_in+0x5e/0x80
[   61.964930]  [<ffffffff81be3bb3>] nf_iterate+0x113/0x130
[   61.964953]  [<ffffffff81be3c47>] nf_hook_slow+0x77/0x110
[   61.964978]  [<ffffffff81c162c0>] ip_rcv+0x630/0x880
[   61.964998]  [<ffffffff81b8f4af>] __netif_receive_skb_core+0x54f/0x1530
[   61.965024]  [<ffffffff81b904c9>] __netif_receive_skb+0x39/0xf0
[   61.965057]  [<ffffffff81b905c5>] netif_receive_skb_internal+0x45/0x110
[   61.965081]  [<ffffffff81b91e65>] napi_gro_receive+0x115/0x150
[   61.965102]  [<ffffffff81952fe5>] e1000_clean_rx_irq+0x355/0x950
[   61.965130]  [<ffffffff8194f964>] e1000_clean+0x554/0x11e0
[   61.965157]  [<ffffffff81b90f89>] net_rx_action+0x489/0x690
[   61.965178]  [<ffffffff81091c1e>] __do_softirq+0xbe/0x2f0
[   61.965209]  [<ffffffff81ee690a>] apic_timer_interrupt+0x8a/0xa0
[   61.965212] 
[   61.965230] Previous write at 0xffff88018d350e10 of size 8 by thread 2582 on CPU 1:
[   61.965248]  [<ffffffff811180cb>] mod_timer_pending+0x1ab/0x2f0
[   61.965264]  [<ffffffff81be9f06>] __nf_ct_refresh_acct+0x116/0x140
[   61.965265]  [<ffffffff81bf6b62>] tcp_packet+0x12f2/0x2520
[   61.965265]  [<ffffffff81bed716>] nf_conntrack_in+0x736/0xdc0
[   61.965265]  [<ffffffff81cb441f>] ipv4_conntrack_local+0xbf/0xe0
[   61.965265]  [<ffffffff81be3bb3>] nf_iterate+0x113/0x130
[   61.965265]  [<ffffffff81be3c47>] nf_hook_slow+0x77/0x110
[   61.965265]  [<ffffffff81c1c0fa>] __ip_local_out_sk+0x15a/0x180
[   61.965265]  [<ffffffff81c1c151>] ip_local_out_sk+0x31/0x80
[   61.965265]  [<ffffffff81c2044d>] ip_queue_xmit+0x2cd/0x840
[   61.965265]  [<ffffffff81c4db99>] tcp_transmit_skb+0xb39/0x1750
[   61.965265]  [<ffffffff81c51ee8>] tcp_send_ack+0x228/0x2d0
[   61.965265]  [<ffffffff81c37a81>] __tcp_ack_snd_check+0xb1/0x100
[   61.965265]  [<ffffffff81c470f8>] tcp_rcv_established+0x818/0xe30
[   61.965265]  [<ffffffff81c5c842>] tcp_v4_do_rcv+0x2f2/0x800
[   61.965265]  [<ffffffff81b682b6>] release_sock+0xd6/0x270
[   61.965265]  [<ffffffff81c30278>] tcp_recvmsg+0x658/0x12c0
[   61.965265]  [<ffffffff81c85ed8>] inet_recvmsg+0x148/0x180
[   61.965265]  [<ffffffff81b6022a>] sock_recvmsg+0x6a/0x90
[   61.965265]  [<ffffffff81b60366>] sock_read_iter+0x116/0x180
[   61.965265]  [<ffffffff81266400>] __vfs_read+0x1a0/0x1e0
[   61.965265]  [<ffffffff81267207>] vfs_read+0xb7/0x1e0
[   61.965265]  [<ffffffff81268740>] SyS_read+0x70/0xd0
[   61.965265]  [<ffffffff81ee5a51>] entry_SYSCALL_64_fastpath+0x31/0x95
[   61.965265] 
[   61.965265] Mutexes locked by thread 2582:
[   61.965265] Mutex 772 is locked here:
[   61.965265]  [<ffffffff81ee5400>] _raw_spin_lock+0x50/0x70
[   61.965265]  [<ffffffff81118090>] mod_timer_pending+0x170/0x2f0
[   61.965265]  [<ffffffff81be9f06>] __nf_ct_refresh_acct+0x116/0x140
[   61.965265]  [<ffffffff81bf6b62>] tcp_packet+0x12f2/0x2520
[   61.965265]  [<ffffffff81bed716>] nf_conntrack_in+0x736/0xdc0
[   61.965265]  [<ffffffff81cb441f>] ipv4_conntrack_local+0xbf/0xe0
[   61.965265]  [<ffffffff81be3bb3>] nf_iterate+0x113/0x130
[   61.965265]  [<ffffffff81be3c47>] nf_hook_slow+0x77/0x110
[   61.965265]  [<ffffffff81c1c0fa>] __ip_local_out_sk+0x15a/0x180
[   61.965265]  [<ffffffff81c1c151>] ip_local_out_sk+0x31/0x80
[   61.965265]  [<ffffffff81c2044d>] ip_queue_xmit+0x2cd/0x840
[   61.965265]  [<ffffffff81c4db99>] tcp_transmit_skb+0xb39/0x1750
[   61.965265]  [<ffffffff81c51ee8>] tcp_send_ack+0x228/0x2d0
[   61.965265]  [<ffffffff81c37a81>] __tcp_ack_snd_check+0xb1/0x100
[   61.965265]  [<ffffffff81c470f8>] tcp_rcv_established+0x818/0xe30
[   61.965265]  [<ffffffff81c5c842>] tcp_v4_do_rcv+0x2f2/0x800
[   61.965265]  [<ffffffff81b682b6>] release_sock+0xd6/0x270
[   61.965265]  [<ffffffff81c30278>] tcp_recvmsg+0x658/0x12c0
[   61.965265]  [<ffffffff81c85ed8>] inet_recvmsg+0x148/0x180
[   61.965265]  [<ffffffff81b6022a>] sock_recvmsg+0x6a/0x90
[   61.965265]  [<ffffffff81b60366>] sock_read_iter+0x116/0x180
[   61.965265]  [<ffffffff81266400>] __vfs_read+0x1a0/0x1e0
[   61.965265]  [<ffffffff81267207>] vfs_read+0xb7/0x1e0
[   61.965265]  [<ffffffff81268740>] SyS_read+0x70/0xd0
[   61.965265]  [<ffffffff81ee5a51>] entry_SYSCALL_64_fastpath+0x31/0x95
[   61.965265] 
[   61.965265] ==================================================================
[   62.021405] ==================================================================
[   62.021418] ThreadSanitizer: data-race in __dev_queue_xmit
[   62.021418] 
[   62.021433] Read at 0xffff8800babaa2bc of size 4 by thread 2582 on CPU 1:
[   62.021469]  [<ffffffff81b943e2>] __dev_queue_xmit+0x2e2/0xa50
[   62.021491]  [<ffffffff81b94b6f>] dev_queue_xmit_sk+0x1f/0x30
[   62.021515]  [<ffffffff81c1e21a>] ip_finish_output2+0x4ea/0x720
[   62.021540]  [<ffffffff81c1fc02>] ip_finish_output+0x262/0x350
[   62.021576]  [<ffffffff81c1fd11>] NF_HOOK_COND.part.32.constprop.47+0x21/0x30
[   62.021596]  [<ffffffff81c21061>] ip_output+0x1a1/0x1c0
[   62.021618]  [<ffffffff81c1c181>] ip_local_out_sk+0x61/0x80
[   62.021646]  [<ffffffff81c2044d>] ip_queue_xmit+0x2cd/0x840
[   62.021683]  [<ffffffff81c4db99>] tcp_transmit_skb+0xb39/0x1750
[   62.021704]  [<ffffffff81c51ee8>] tcp_send_ack+0x228/0x2d0
[   62.021727]  [<ffffffff81c2e291>] tcp_cleanup_rbuf+0xd1/0x210
[   62.021746]  [<ffffffff81c30270>] tcp_recvmsg+0x650/0x12c0
[   62.021765]  [<ffffffff81c85ed8>] inet_recvmsg+0x148/0x180
[   62.021782]  [<ffffffff81b6022a>] sock_recvmsg+0x6a/0x90
[   62.021798]  [<ffffffff81b60366>] sock_read_iter+0x116/0x180
[   62.021842]  [<ffffffff81266400>] __vfs_read+0x1a0/0x1e0
[   62.021931]  [<ffffffff81267207>] vfs_read+0xb7/0x1e0
[   62.021949]  [<ffffffff81268740>] SyS_read+0x70/0xd0
[   62.021970]  [<ffffffff81ee5a51>] entry_SYSCALL_64_fastpath+0x31/0x95
[   62.021972] 
[   62.021987] Previous write at 0xffff8800babaa2bc of size 4 by thread 2584 on CPU 3:
[   62.022007]  [<ffffffff81bcaf91>] __qdisc_run+0x231/0x340
[   62.022025]  [<ffffffff81b8d1ce>] net_tx_action+0x33e/0x3f0
[   62.022043]  [<ffffffff81091c1e>] __do_softirq+0xbe/0x2f0
[   62.022059]  [<ffffffff81ee690a>] apic_timer_interrupt+0x8a/0xa0
[   62.022061] 
[   62.022067] Mutexes locked by thread 2584:
[   62.022073] Mutex 364704 is locked here:
[   62.022085]  [<ffffffff81ee4e6d>] _raw_spin_trylock+0x8d/0xa0
[   62.022099]  [<ffffffff81b8d12c>] net_tx_action+0x29c/0x3f0
[   62.022113]  [<ffffffff81091c1e>] __do_softirq+0xbe/0x2f0
[   62.022124]  [<ffffffff81ee690a>] apic_timer_interrupt+0x8a/0xa0
[   62.022124] 
[   62.022124] ==================================================================
[   62.022124] ==================================================================
[   62.022124] ThreadSanitizer: data-race in __dev_queue_xmit
[   62.022124] 
[   62.022124] Read at 0xffff8800babaa2bc of size 4 by thread 2582 on CPU 1:
[   62.022124]  [<ffffffff81b943e2>] __dev_queue_xmit+0x2e2/0xa50
[   62.022124]  [<ffffffff81b94b6f>] dev_queue_xmit_sk+0x1f/0x30
[   62.022124]  [<ffffffff81c1e21a>] ip_finish_output2+0x4ea/0x720
[   62.022124]  [<ffffffff81c1fc02>] ip_finish_output+0x262/0x350
[   62.022124]  [<ffffffff81c1fd11>] NF_HOOK_COND.part.32.constprop.47+0x21/0x30
[   62.022124]  [<ffffffff81c21061>] ip_output+0x1a1/0x1c0
[   62.022124]  [<ffffffff81c1c181>] ip_local_out_sk+0x61/0x80
[   62.022124]  [<ffffffff81c2044d>] ip_queue_xmit+0x2cd/0x840
[   62.022124]  [<ffffffff81c4db99>] tcp_transmit_skb+0xb39/0x1750
[   62.022124]  [<ffffffff81c51ee8>] tcp_send_ack+0x228/0x2d0
[   62.022124]  [<ffffffff81c2e291>] tcp_cleanup_rbuf+0xd1/0x210
[   62.022124]  [<ffffffff81c30270>] tcp_recvmsg+0x650/0x12c0
[   62.022124]  [<ffffffff81c85ed8>] inet_recvmsg+0x148/0x180
[   62.022124]  [<ffffffff81b6022a>] sock_recvmsg+0x6a/0x90
[   62.022124]  [<ffffffff81b60366>] sock_read_iter+0x116/0x180
[   62.022124]  [<ffffffff81266400>] __vfs_read+0x1a0/0x1e0
[   62.022124]  [<ffffffff81267207>] vfs_read+0xb7/0x1e0
[   62.022124]  [<ffffffff81268740>] SyS_read+0x70/0xd0
[   62.022124]  [<ffffffff81ee5a51>] entry_SYSCALL_64_fastpath+0x31/0x95
[   62.022124] 
[   62.022124] Previous write at 0xffff8800babaa2bc of size 4 by thread 2584 on CPU 3:
[   62.022124]  [<ffffffff81b8d1bf>] net_tx_action+0x32f/0x3f0
[   62.022124]  [<ffffffff81091c1e>] __do_softirq+0xbe/0x2f0
[   62.022124]  [<ffffffff81ee690a>] apic_timer_interrupt+0x8a/0xa0
[   62.022124] 
[   62.022124] Mutexes locked by thread 2584:
[   62.022124] Mutex 364704 is locked here:
[   62.022124]  [<ffffffff81ee4e6d>] _raw_spin_trylock+0x8d/0xa0
[   62.022124]  [<ffffffff81b8d12c>] net_tx_action+0x29c/0x3f0
[   62.022124]  [<ffffffff81091c1e>] __do_softirq+0xbe/0x2f0
[   62.022124]  [<ffffffff81ee690a>] apic_timer_interrupt+0x8a/0xa0
[   62.022124] 
[   62.022124] ==================================================================
[   62.069031] ==================================================================
[   62.069038] ThreadSanitizer: data-race in tcp_recvmsg
[   62.069038] 
[   62.069050] Read at 0xffff8800bb3f18c0 of size 8 by thread 2582 on CPU 1:
[   62.069069]  [<ffffffff81c30032>] tcp_recvmsg+0x412/0x12c0
[   62.069084]  [<ffffffff81c85ed8>] inet_recvmsg+0x148/0x180
[   62.069101]  [<ffffffff81b6022a>] sock_recvmsg+0x6a/0x90
[   62.069107]  [<ffffffff81b60366>] sock_read_iter+0x116/0x180
[   62.069107]  [<ffffffff81266400>] __vfs_read+0x1a0/0x1e0
[   62.069107]  [<ffffffff81267207>] vfs_read+0xb7/0x1e0
[   62.069107]  [<ffffffff81268740>] SyS_read+0x70/0xd0
[   62.069107]  [<ffffffff81ee5a51>] entry_SYSCALL_64_fastpath+0x31/0x95
[   62.069107] 
[   62.069107] Previous write at 0xffff8800bb3f18c0 of size 8 by thread 2584 on CPU 3:
[   62.069107]  [<ffffffff81c5eece>] tcp_v4_rcv+0x139e/0x14c0
[   62.069107]  [<ffffffff81c156a9>] ip_local_deliver_finish+0x169/0x3f0
[   62.069107]  [<ffffffff81c15c8a>] ip_local_deliver+0x15a/0x160
[   62.069107]  [<ffffffff81c14f73>] ip_rcv_finish+0xe3/0x6b0
[   62.069107]  [<ffffffff81c162d6>] ip_rcv+0x646/0x880
[   62.069107]  [<ffffffff81b8f4af>] __netif_receive_skb_core+0x54f/0x1530
[   62.069107]  [<ffffffff81b904c9>] __netif_receive_skb+0x39/0xf0
[   62.069107]  [<ffffffff81b905c5>] netif_receive_skb_internal+0x45/0x110
[   62.069107]  [<ffffffff81b91e65>] napi_gro_receive+0x115/0x150
[   62.069107]  [<ffffffff81952fe5>] e1000_clean_rx_irq+0x355/0x950
[   62.069107]  [<ffffffff8194f964>] e1000_clean+0x554/0x11e0
[   62.069107]  [<ffffffff81b90f89>] net_rx_action+0x489/0x690
[   62.069107]  [<ffffffff81091c1e>] __do_softirq+0xbe/0x2f0
[   62.069107]  [<ffffffff81ee690a>] apic_timer_interrupt+0x8a/0xa0
[   62.069107] 
[   62.069107] Mutexes locked by thread 2584:
[   62.069107] Mutex 411818 is locked here:
[   62.069107]  [<ffffffff81ee5400>] _raw_spin_lock+0x50/0x70
[   62.069107]  [<ffffffff81c5eb7d>] tcp_v4_rcv+0x104d/0x14c0
[   62.069107]  [<ffffffff81c156a9>] ip_local_deliver_finish+0x169/0x3f0
[   62.069107]  [<ffffffff81c15c8a>] ip_local_deliver+0x15a/0x160
[   62.069107]  [<ffffffff81c14f73>] ip_rcv_finish+0xe3/0x6b0
[   62.069107]  [<ffffffff81c162d6>] ip_rcv+0x646/0x880
[   62.069107]  [<ffffffff81b8f4af>] __netif_receive_skb_core+0x54f/0x1530
[   62.069107]  [<ffffffff81b904c9>] __netif_receive_skb+0x39/0xf0
[   62.069107]  [<ffffffff81b905c5>] netif_receive_skb_internal+0x45/0x110
[   62.069107]  [<ffffffff81b91e65>] napi_gro_receive+0x115/0x150
[   62.069107]  [<ffffffff81952fe5>] e1000_clean_rx_irq+0x355/0x950
[   62.069107]  [<ffffffff8194f964>] e1000_clean+0x554/0x11e0
[   62.069107]  [<ffffffff81b90f89>] net_rx_action+0x489/0x690
[   62.069107]  [<ffffffff81091c1e>] __do_softirq+0xbe/0x2f0
[   62.069107]  [<ffffffff81ee690a>] apic_timer_interrupt+0x8a/0xa0
[   62.069107] 
[   62.069107] ==================================================================
[   62.123801] ==================================================================
[   62.123814] ThreadSanitizer: data-race in mod_timer_pending
[   62.123814] 
[   62.123833] Write at 0xffff88018d350e10 of size 8 by thread 2582 on CPU 1:
[   62.123869]  [<ffffffff811180cb>] mod_timer_pending+0x1ab/0x2f0
[   62.123909]  [<ffffffff81be9f06>] __nf_ct_refresh_acct+0x116/0x140
[   62.123943]  [<ffffffff81bf6b62>] tcp_packet+0x12f2/0x2520
[   62.123960]  [<ffffffff81bed716>] nf_conntrack_in+0x736/0xdc0
[   62.123988]  [<ffffffff81cb441f>] ipv4_conntrack_local+0xbf/0xe0
[   62.124007]  [<ffffffff81be3bb3>] nf_iterate+0x113/0x130
[   62.124020]  [<ffffffff81be3c47>] nf_hook_slow+0x77/0x110
[   62.124034]  [<ffffffff81c1c0fa>] __ip_local_out_sk+0x15a/0x180
[   62.124047]  [<ffffffff81c1c151>] ip_local_out_sk+0x31/0x80
[   62.124062]  [<ffffffff81c2044d>] ip_queue_xmit+0x2cd/0x840
[   62.124085]  [<ffffffff81c4db99>] tcp_transmit_skb+0xb39/0x1750
[   62.124097]  [<ffffffff81c51ee8>] tcp_send_ack+0x228/0x2d0
[   62.124097]  [<ffffffff81c2e291>] tcp_cleanup_rbuf+0xd1/0x210
[   62.124097]  [<ffffffff81c30270>] tcp_recvmsg+0x650/0x12c0
[   62.124097]  [<ffffffff81c85ed8>] inet_recvmsg+0x148/0x180
[   62.124097]  [<ffffffff81b6022a>] sock_recvmsg+0x6a/0x90
[   62.124097]  [<ffffffff81b60366>] sock_read_iter+0x116/0x180
[   62.124097]  [<ffffffff81266400>] __vfs_read+0x1a0/0x1e0
[   62.124097]  [<ffffffff81267207>] vfs_read+0xb7/0x1e0
[   62.124097]  [<ffffffff81268740>] SyS_read+0x70/0xd0
[   62.124097]  [<ffffffff81ee5a51>] entry_SYSCALL_64_fastpath+0x31/0x95
[   62.124097] 
[   62.124097] Previous read at 0xffff88018d350e10 of size 8 by thread 2584 on CPU 3:
[   62.124097]  [<ffffffff81be9ee1>] __nf_ct_refresh_acct+0xf1/0x140
[   62.124097]  [<ffffffff81bf6b62>] tcp_packet+0x12f2/0x2520
[   62.124097]  [<ffffffff81bed716>] nf_conntrack_in+0x736/0xdc0
[   62.124097]  [<ffffffff81cb420e>] ipv4_conntrack_in+0x5e/0x80
[   62.124097]  [<ffffffff81be3bb3>] nf_iterate+0x113/0x130
[   62.124097]  [<ffffffff81be3c47>] nf_hook_slow+0x77/0x110
[   62.124097]  [<ffffffff81c162c0>] ip_rcv+0x630/0x880
[   62.124097]  [<ffffffff81b8f4af>] __netif_receive_skb_core+0x54f/0x1530
[   62.124097]  [<ffffffff81b904c9>] __netif_receive_skb+0x39/0xf0
[   62.124097]  [<ffffffff81b905c5>] netif_receive_skb_internal+0x45/0x110
[   62.124097]  [<ffffffff81b91e65>] napi_gro_receive+0x115/0x150
[   62.124097]  [<ffffffff81952fe5>] e1000_clean_rx_irq+0x355/0x950
[   62.124097]  [<ffffffff8194f964>] e1000_clean+0x554/0x11e0
[   62.124097]  [<ffffffff81b90f89>] net_rx_action+0x489/0x690
[   62.124097]  [<ffffffff81091c1e>] __do_softirq+0xbe/0x2f0
[   62.124097]  [<ffffffff81ee690a>] apic_timer_interrupt+0x8a/0xa0
[   62.124097] 
[   62.124097] Mutexes locked by thread 2582:
[   62.124097] Mutex 772 is locked here:
[   62.124097]  [<ffffffff81ee5400>] _raw_spin_lock+0x50/0x70
[   62.124097]  [<ffffffff81118090>] mod_timer_pending+0x170/0x2f0
[   62.124097]  [<ffffffff81be9f06>] __nf_ct_refresh_acct+0x116/0x140
[   62.124097]  [<ffffffff81bf6b62>] tcp_packet+0x12f2/0x2520
[   62.124097]  [<ffffffff81bed716>] nf_conntrack_in+0x736/0xdc0
[   62.124097]  [<ffffffff81cb441f>] ipv4_conntrack_local+0xbf/0xe0
[   62.124097]  [<ffffffff81be3bb3>] nf_iterate+0x113/0x130
[   62.124097]  [<ffffffff81be3c47>] nf_hook_slow+0x77/0x110
[   62.124097]  [<ffffffff81c1c0fa>] __ip_local_out_sk+0x15a/0x180
[   62.124097]  [<ffffffff81c1c151>] ip_local_out_sk+0x31/0x80
[   62.124097]  [<ffffffff81c2044d>] ip_queue_xmit+0x2cd/0x840
[   62.124097]  [<ffffffff81c4db99>] tcp_transmit_skb+0xb39/0x1750
[   62.124097]  [<ffffffff81c51ee8>] tcp_send_ack+0x228/0x2d0
[   62.124097]  [<ffffffff81c2e291>] tcp_cleanup_rbuf+0xd1/0x210
[   62.124097]  [<ffffffff81c30270>] tcp_recvmsg+0x650/0x12c0
[   62.124097]  [<ffffffff81c85ed8>] inet_recvmsg+0x148/0x180
[   62.124097]  [<ffffffff81b6022a>] sock_recvmsg+0x6a/0x90
[   62.124097]  [<ffffffff81b60366>] sock_read_iter+0x116/0x180
[   62.124097]  [<ffffffff81266400>] __vfs_read+0x1a0/0x1e0
[   62.124097]  [<ffffffff81267207>] vfs_read+0xb7/0x1e0
[   62.124097]  [<ffffffff81268740>] SyS_read+0x70/0xd0
[   62.124097]  [<ffffffff81ee5a51>] entry_SYSCALL_64_fastpath+0x31/0x95
[   62.124097] 
[   62.124097] ==================================================================
[   68.835527] ==================================================================
[   68.835533] ThreadSanitizer: data-race in pollwake
[   68.835533] 
[   68.835578] Write at 0xffff8800bb3cfab8 of size 4 by thread 2584 on CPU 3:
[   68.835610]  [<ffffffff81287747>] pollwake+0xc7/0x100
[   68.835633]  [<ffffffff810e3858>] __wake_up_common+0x48/0x80
[   68.835664]  [<ffffffff81c47112>] tcp_rcv_established+0x832/0xe30
[   68.835682]  [<ffffffff81c5c842>] tcp_v4_do_rcv+0x2f2/0x800
[   68.835698]  [<ffffffff81c5ec1d>] tcp_v4_rcv+0x10ed/0x14c0
[   68.835716]  [<ffffffff81c156a9>] ip_local_deliver_finish+0x169/0x3f0
[   68.835733]  [<ffffffff81c15c8a>] ip_local_deliver+0x15a/0x160
[   68.835749]  [<ffffffff81c14f73>] ip_rcv_finish+0xe3/0x6b0
[   68.835760]  [<ffffffff81c162d6>] ip_rcv+0x646/0x880
[   68.835777]  [<ffffffff81b8f4af>] __netif_receive_skb_core+0x54f/0x1530
[   68.835792]  [<ffffffff81b904c9>] __netif_receive_skb+0x39/0xf0
[   68.835808]  [<ffffffff81b905c5>] netif_receive_skb_internal+0x45/0x110
[   68.835823]  [<ffffffff81b91e65>] napi_gro_receive+0x115/0x150
[   68.835840]  [<ffffffff81952fe5>] e1000_clean_rx_irq+0x355/0x950
[   68.835854]  [<ffffffff8194f964>] e1000_clean+0x554/0x11e0
[   68.835869]  [<ffffffff81b90f89>] net_rx_action+0x489/0x690
[   68.835884]  [<ffffffff81091c1e>] __do_softirq+0xbe/0x2f0
[   68.835900]  [<ffffffff81ee690a>] apic_timer_interrupt+0x8a/0xa0
[   68.835902] 
[   68.835912] Previous read at 0xffff8800bb3cfab8 of size 4 by thread 2582 on CPU 0:
[   68.835928]  [<ffffffff812873f4>] poll_schedule_timeout+0x64/0xc0
[   68.835943]  [<ffffffff81288448>] do_select+0xa68/0xb70
[   68.835959]  [<ffffffff812887ff>] core_sys_select+0x2af/0x3f0
[   68.835974]  [<ffffffff81288a09>] SyS_select+0xc9/0x110
[   68.835988]  [<ffffffff81ee5a51>] entry_SYSCALL_64_fastpath+0x31/0x95
[   68.835990] 
[   68.835995] Mutexes locked by thread 2584:
[   68.836001] Mutex 411818 is locked here:
[   68.836020]  [<ffffffff81ee5400>] _raw_spin_lock+0x50/0x70
[   68.836033]  [<ffffffff81c5eb7d>] tcp_v4_rcv+0x104d/0x14c0
[   68.836052]  [<ffffffff81c156a9>] ip_local_deliver_finish+0x169/0x3f0
[   68.836075]  [<ffffffff81c15c8a>] ip_local_deliver+0x15a/0x160
[   68.836101]  [<ffffffff81c14f73>] ip_rcv_finish+0xe3/0x6b0
[   68.836122]  [<ffffffff81c162d6>] ip_rcv+0x646/0x880
[   68.836147]  [<ffffffff81b8f4af>] __netif_receive_skb_core+0x54f/0x1530
[   68.836178]  [<ffffffff81b904c9>] __netif_receive_skb+0x39/0xf0
[   68.836205]  [<ffffffff81b905c5>] netif_receive_skb_internal+0x45/0x110
[   68.836205]  [<ffffffff81b91e65>] napi_gro_receive+0x115/0x150
[   68.836205]  [<ffffffff81952fe5>] e1000_clean_rx_irq+0x355/0x950
[   68.836205]  [<ffffffff8194f964>] e1000_clean+0x554/0x11e0
[   68.836205]  [<ffffffff81b90f89>] net_rx_action+0x489/0x690
[   68.836205]  [<ffffffff81091c1e>] __do_softirq+0xbe/0x2f0
[   68.836205]  [<ffffffff81ee690a>] apic_timer_interrupt+0x8a/0xa0
[   68.836205] 
[   68.836205] Mutex 412016 is locked here:
[   68.836205]  [<ffffffff81ee57b4>] _raw_spin_lock_irqsave+0x64/0x80
[   68.836205]  [<ffffffff810e3b77>] __wake_up_sync_key+0x27/0x60
[   68.836205]  [<ffffffff81c47112>] tcp_rcv_established+0x832/0xe30
[   68.836205]  [<ffffffff81c5c842>] tcp_v4_do_rcv+0x2f2/0x800
[   68.836205]  [<ffffffff81c5ec1d>] tcp_v4_rcv+0x10ed/0x14c0
[   68.836205]  [<ffffffff81c156a9>] ip_local_deliver_finish+0x169/0x3f0
[   68.836205]  [<ffffffff81c15c8a>] ip_local_deliver+0x15a/0x160
[   68.836205]  [<ffffffff81c14f73>] ip_rcv_finish+0xe3/0x6b0
[   68.836205]  [<ffffffff81c162d6>] ip_rcv+0x646/0x880
[   68.836205]  [<ffffffff81b8f4af>] __netif_receive_skb_core+0x54f/0x1530
[   68.836205]  [<ffffffff81b904c9>] __netif_receive_skb+0x39/0xf0
[   68.836205]  [<ffffffff81b905c5>] netif_receive_skb_internal+0x45/0x110
[   68.836205]  [<ffffffff81b91e65>] napi_gro_receive+0x115/0x150
[   68.836205]  [<ffffffff81952fe5>] e1000_clean_rx_irq+0x355/0x950
[   68.836205]  [<ffffffff8194f964>] e1000_clean+0x554/0x11e0
[   68.836205]  [<ffffffff81b90f89>] net_rx_action+0x489/0x690
[   68.836205]  [<ffffffff81091c1e>] __do_softirq+0xbe/0x2f0
[   68.836205]  [<ffffffff81ee690a>] apic_timer_interrupt+0x8a/0xa0
[   68.836205] 
[   68.836205] ==================================================================
[   73.142609] ==================================================================
[   73.142624] ThreadSanitizer: data-race in e1000_clean
[   73.142624] 
[   73.142645] Read at 0xffff8800ba09da5c of size 4 by thread 2584 on CPU 3:
[   73.142671]  [<ffffffff8194f6cc>] e1000_clean+0x2bc/0x11e0
[   73.142698]  [<ffffffff81b90f89>] net_rx_action+0x489/0x690
[   73.142727]  [<ffffffff81091c1e>] __do_softirq+0xbe/0x2f0
[   73.142758]  [<ffffffff81ee690a>] apic_timer_interrupt+0x8a/0xa0
[   73.142764] 
[   73.142784] Previous write at 0xffff8800ba09da5c of size 4 by thread 2582 on CPU 2:
[   73.142812]  [<ffffffff81951bc9>] e1000_xmit_frame+0x15d9/0x1e90
[   73.142846]  [<ffffffff81b93c69>] dev_hard_start_xmit+0x499/0x700
[   73.142868]  [<ffffffff81bcabab>] sch_direct_xmit+0x21b/0x3d0
[   73.142897]  [<ffffffff81b94589>] __dev_queue_xmit+0x489/0xa50
[   73.142927]  [<ffffffff81b94b6f>] dev_queue_xmit_sk+0x1f/0x30
[   73.142949]  [<ffffffff81c1e21a>] ip_finish_output2+0x4ea/0x720
[   73.142978]  [<ffffffff81c1fc02>] ip_finish_output+0x262/0x350
[   73.143001]  [<ffffffff81c1fd11>] NF_HOOK_COND.part.32.constprop.47+0x21/0x30
[   73.143020]  [<ffffffff81c21061>] ip_output+0x1a1/0x1c0
[   73.143035]  [<ffffffff81c1c181>] ip_local_out_sk+0x61/0x80
[   73.143060]  [<ffffffff81c2044d>] ip_queue_xmit+0x2cd/0x840
[   73.143111]  [<ffffffff81c4db99>] tcp_transmit_skb+0xb39/0x1750
[   73.143151]  [<ffffffff81c51ee8>] tcp_send_ack+0x228/0x2d0
[   73.143197]  [<ffffffff81c2e291>] tcp_cleanup_rbuf+0xd1/0x210
[   73.143203]  [<ffffffff81c30270>] tcp_recvmsg+0x650/0x12c0
[   73.143203]  [<ffffffff81c85ed8>] inet_recvmsg+0x148/0x180
[   73.143203]  [<ffffffff81b6022a>] sock_recvmsg+0x6a/0x90
[   73.143203]  [<ffffffff81b60366>] sock_read_iter+0x116/0x180
[   73.143203]  [<ffffffff81266400>] __vfs_read+0x1a0/0x1e0
[   73.143203]  [<ffffffff81267207>] vfs_read+0xb7/0x1e0
[   73.143203]  [<ffffffff81268740>] SyS_read+0x70/0xd0
[   73.143203]  [<ffffffff81ee5a51>] entry_SYSCALL_64_fastpath+0x31/0x95
[   73.143203] 
[   73.143203] Mutexes locked by thread 2582:
[   73.143203] Mutex 364705 is locked here:
[   73.143203]  [<ffffffff81ee5400>] _raw_spin_lock+0x50/0x70
[   73.143203]  [<ffffffff81bcab69>] sch_direct_xmit+0x1d9/0x3d0
[   73.143203]  [<ffffffff81b94589>] __dev_queue_xmit+0x489/0xa50
[   73.143203]  [<ffffffff81b94b6f>] dev_queue_xmit_sk+0x1f/0x30
[   73.143203]  [<ffffffff81c1e21a>] ip_finish_output2+0x4ea/0x720
[   73.143203]  [<ffffffff81c1fc02>] ip_finish_output+0x262/0x350
[   73.143203]  [<ffffffff81c1fd11>] NF_HOOK_COND.part.32.constprop.47+0x21/0x30
[   73.143203]  [<ffffffff81c21061>] ip_output+0x1a1/0x1c0
[   73.143203]  [<ffffffff81c1c181>] ip_local_out_sk+0x61/0x80
[   73.143203]  [<ffffffff81c2044d>] ip_queue_xmit+0x2cd/0x840
[   73.143203]  [<ffffffff81c4db99>] tcp_transmit_skb+0xb39/0x1750
[   73.143203]  [<ffffffff81c51ee8>] tcp_send_ack+0x228/0x2d0
[   73.143203]  [<ffffffff81c2e291>] tcp_cleanup_rbuf+0xd1/0x210
[   73.143203]  [<ffffffff81c30270>] tcp_recvmsg+0x650/0x12c0
[   73.143203]  [<ffffffff81c85ed8>] inet_recvmsg+0x148/0x180
[   73.143203]  [<ffffffff81b6022a>] sock_recvmsg+0x6a/0x90
[   73.143203]  [<ffffffff81b60366>] sock_read_iter+0x116/0x180
[   73.143203]  [<ffffffff81266400>] __vfs_read+0x1a0/0x1e0
[   73.143203]  [<ffffffff81267207>] vfs_read+0xb7/0x1e0
[   73.143203]  [<ffffffff81268740>] SyS_read+0x70/0xd0
[   73.143203]  [<ffffffff81ee5a51>] entry_SYSCALL_64_fastpath+0x31/0x95
[   73.143203] 
[   73.143203] ==================================================================
[   74.976570] kt: starting test light_test_lots_of_wait_on_many_signal_selfdestroy
[   75.045651] ==================================================================
[   75.046175] ThreadSanitizer: data-race in e1000_clean
[   75.046175] 
[   75.046175] Read at 0xffff8800ba09dc3c of size 4 by thread 395 on CPU 3:
[   75.046175]  [<ffffffff8194f523>] e1000_clean+0x113/0x11e0
[   75.046175]  [<ffffffff81b90f89>] net_rx_action+0x489/0x690
[   75.046175]  [<ffffffff81091c1e>] __do_softirq+0xbe/0x2f0
[   75.046175]  [<ffffffff81ee658a>] common_interrupt+0x8a/0x8f
[   75.046175] 
[   75.046175] Previous write at 0xffff8800ba09dc3c of size 4 by thread 2582 on CPU 2:
[   75.046175]  [<ffffffff81951bc9>] e1000_xmit_frame+0x15d9/0x1e90
[   75.046175]  [<ffffffff81b93c69>] dev_hard_start_xmit+0x499/0x700
[   75.046175]  [<ffffffff81bcabab>] sch_direct_xmit+0x21b/0x3d0
[   75.046175]  [<ffffffff81b94589>] __dev_queue_xmit+0x489/0xa50
[   75.046175]  [<ffffffff81b94b6f>] dev_queue_xmit_sk+0x1f/0x30
[   75.046175]  [<ffffffff81c1e21a>] ip_finish_output2+0x4ea/0x720
[   75.046175]  [<ffffffff81c1fc02>] ip_finish_output+0x262/0x350
[   75.046175]  [<ffffffff81c1fd11>] NF_HOOK_COND.part.32.constprop.47+0x21/0x30
[   75.046175]  [<ffffffff81c21061>] ip_output+0x1a1/0x1c0
[   75.046175]  [<ffffffff81c1c181>] ip_local_out_sk+0x61/0x80
[   75.046175]  [<ffffffff81c2044d>] ip_queue_xmit+0x2cd/0x840
[   75.046175]  [<ffffffff81c4db99>] tcp_transmit_skb+0xb39/0x1750
[   75.046175]  [<ffffffff81c51ee8>] tcp_send_ack+0x228/0x2d0
[   75.046175]  [<ffffffff81c2e291>] tcp_cleanup_rbuf+0xd1/0x210
[   75.046175]  [<ffffffff81c30270>] tcp_recvmsg+0x650/0x12c0
[   75.046175]  [<ffffffff81c85ed8>] inet_recvmsg+0x148/0x180
[   75.046175]  [<ffffffff81b6022a>] sock_recvmsg+0x6a/0x90
[   75.046175]  [<ffffffff81b60366>] sock_read_iter+0x116/0x180
[   75.046175]  [<ffffffff81266400>] __vfs_read+0x1a0/0x1e0
[   75.046175]  [<ffffffff81267207>] vfs_read+0xb7/0x1e0
[   75.046175]  [<ffffffff81268740>] SyS_read+0x70/0xd0
[   75.046175]  [<ffffffff81ee5a51>] entry_SYSCALL_64_fastpath+0x31/0x95
[   75.046175] 
[   75.046175] Mutexes locked by thread 2582:
[   75.046175] Mutex 364705 is locked here:
[   75.046175]  [<ffffffff81ee5400>] _raw_spin_lock+0x50/0x70
[   75.046175]  [<ffffffff81bcab69>] sch_direct_xmit+0x1d9/0x3d0
[   75.046175]  [<ffffffff81b94589>] __dev_queue_xmit+0x489/0xa50
[   75.046175]  [<ffffffff81b94b6f>] dev_queue_xmit_sk+0x1f/0x30
[   75.046175]  [<ffffffff81c1e21a>] ip_finish_output2+0x4ea/0x720
[   75.046175]  [<ffffffff81c1fc02>] ip_finish_output+0x262/0x350
[   75.046175]  [<ffffffff81c1fd11>] NF_HOOK_COND.part.32.constprop.47+0x21/0x30
[   75.046175]  [<ffffffff81c21061>] ip_output+0x1a1/0x1c0
[   75.046175]  [<ffffffff81c1c181>] ip_local_out_sk+0x61/0x80
[   75.046175]  [<ffffffff81c2044d>] ip_queue_xmit+0x2cd/0x840
[   75.046175]  [<ffffffff81c4db99>] tcp_transmit_skb+0xb39/0x1750
[   75.046175]  [<ffffffff81c51ee8>] tcp_send_ack+0x228/0x2d0
[   75.046175]  [<ffffffff81c2e291>] tcp_cleanup_rbuf+0xd1/0x210
[   75.046175]  [<ffffffff81c30270>] tcp_recvmsg+0x650/0x12c0
[   75.046175]  [<ffffffff81c85ed8>] inet_recvmsg+0x148/0x180
[   75.046175]  [<ffffffff81b6022a>] sock_recvmsg+0x6a/0x90
[   75.046175]  [<ffffffff81b60366>] sock_read_iter+0x116/0x180
[   75.046175]  [<ffffffff81266400>] __vfs_read+0x1a0/0x1e0
[   75.046175]  [<ffffffff81267207>] vfs_read+0xb7/0x1e0
[   75.046175]  [<ffffffff81268740>] SyS_read+0x70/0xd0
[   75.046175]  [<ffffffff81ee5a51>] entry_SYSCALL_64_fastpath+0x31/0x95
[   75.046175] 
[   75.046175] ==================================================================
[   75.155884] kt: end of test
[   75.156928] 
[   75.157827] dump_desc: [signal]
[   75.158952] dump_desc evts:
[   75.160019] dump_desc   ts: 102 103
[   75.161492] dump_desc  ret: 0 0
[   75.162577] 
[   75.163368] dump_desc: [sum_create]
[   75.164654] dump_desc evts: 0 1 2 3 4 5 6 7 8 9 10 11 12 13 14
[   75.166522] dump_desc   ts: 0 0 0 0 0 0 0 0 0 0 0 0 0 0 0
[   75.167934] dump_desc  ret:
[   75.168856] 
[   75.169661] dump_desc: [sum_wait]
[   75.170728] dump_desc evts:
[   75.171902] dump_desc   ts: 105 103 104 105 106 109 107 108 107 106 105 104 104 101 110
[   75.173874] dump_desc  ret: 0 0 0 0 0 0 0 0 0 0 0 0 0 0 0
[   75.175446] 
[   75.175912] dump_desc: [sum_destroy]
[   75.176957] dump_desc evts:
[   75.177964] dump_desc   ts:
[   75.179421] dump_desc  ret: 0 0 0 0 0 0 0 0 0 0 0 0 0 0 0
[   75.180833] 
[   75.181625] dump_desc: [sum_wait2]
[   75.182649] dump_desc evts:
[   75.183961] dump_desc   ts: 105 103 105 106 106 109 107 108 107 106 105 104 104 103 110
[   75.186608] dump_desc  ret: -22 -22 -22 -22 -22 -22 -22 -22 -22 -22 -22 -22 -22 -22 -22
[   75.188848] LIGHT_SUCCESS
[   75.191889] kt: running test for light, case 8, T2584
[   75.191889] 
[   75.193890] kt: starting test light_test_lots_of_wait_on_many_signal_selfdestroy
[   75.334550] kt: end of test
[   75.335850] 
[   75.336845] dump_desc: [signal]
[   75.338550] dump_desc evts:
[   75.340344] dump_desc   ts: 102 103
[   75.341862] dump_desc  ret: 0 0
[   75.342983] 
[   75.343761] dump_desc: [sum_create]
[   75.344992] dump_desc evts: 18 17 16 15 20 19 23 25 21 22 24 26 28 27 29
[   75.346979] dump_desc   ts: 0 0 0 0 0 0 0 0 0 0 0 0 1 0 0
[   75.348745] dump_desc  ret:
[   75.349817] 
[   75.350648] dump_desc: [sum_wait]
[   75.351726] dump_desc evts:
[   75.352887] dump_desc   ts: 106 106 105 107 108 105 106 105 106 107 103 104 108 104 107
[   75.354776] dump_desc  ret: 0 0 0 0 0 0 0 0 0 0 0 0 0 0 0
[   75.356414] 
[   75.356835] dump_desc: [sum_destroy]
[   75.357927] dump_desc evts:
[   75.358867] dump_desc   ts:
[   75.360330] dump_desc  ret: 0 0 0 0 0 0 0 0 0 0 0 0 0 0 0
[   75.361739] 
[   75.362599] dump_desc: [sum_wait2]
[   75.363686] dump_desc evts:
[   75.364901] dump_desc   ts: 107 106 105 107 108 105 106 105 106 107 104 104 108 104 107
[   75.367913] dump_desc  ret: -22 -22 -22 -22 -22 -22 -22 -22 -22 -22 -22 -22 -22 -22 -22
[   75.369791] LIGHT_SUCCESS
[   75.372721] kt: running test for light, case 8, T2584
[   75.372721] 
[   75.374941] kt: starting test light_test_lots_of_wait_on_many_signal_selfdestroy
[   75.516812] kt: end of test
[   75.518529] 
[   75.519796] dump_desc: [signal]
[   75.521584] dump_desc evts:
[   75.523510] dump_desc   ts: 103 104
[   75.525385] dump_desc  ret: 0 0
[   75.526793] 
[   75.527765] dump_desc: [sum_create]
[   75.529455] dump_desc evts: 35 40 43 39 42 41 30 31 34 32 33 36 37 38 44
[   75.531794] dump_desc   ts: 0 0 0 0 0 1 0 0 0 0 0 0 0 0 0
[   75.533753] dump_desc  ret:
[   75.535337] 
[   75.535917] dump_desc: [sum_wait]
[   75.537451] dump_desc evts:
[   75.538906] dump_desc   ts: 108 103 104 101 105 107 105 106 107 105 109 106 104 107 100
[   75.541721] dump_desc  ret: 0 0 0 0 0 0 0 0 0 0 0 0 0 0 0
[   75.543748] 
[   75.544822] dump_desc: [sum_destroy]
[   75.546506] dump_desc evts:
[   75.547748] dump_desc   ts:
[   75.549389] dump_desc  ret: 0 0 0 0 0 0 0 0 0 0 0 0 0 0 0
[   75.551350] 
[   75.551934] dump_desc: [sum_wait2]
[   75.553490] dump_desc evts:
[   75.554859] dump_desc   ts: 108 103 104 103 105 107 106 106 107 105 109 106 104 107 103
[   75.557735] dump_desc  ret: -22 -22 -22 -22 -22 -22 -22 -22 -22 -22 -22 -22 -22 -22 -22
[   75.560397] LIGHT_SUCCESS
[   75.563674] kt: running test for light, case 8, T2584
[   75.563674] 
[   75.566768] kt: starting test light_test_lots_of_wait_on_many_signal_selfdestroy
[   75.704722] kt: end of test
[   75.706743] 
[   75.707882] dump_desc: [signal]
[   75.709468] dump_desc evts:
[   75.711409] dump_desc   ts: 102 103
[   75.713481] dump_desc  ret: 0 0
[   75.714910] 
[   75.715889] dump_desc: [sum_create]
[   75.717725] dump_desc evts: 51 54 56 57 58 59 55 52 46 50 45 53 48 47 49
[   75.720471] dump_desc   ts: 0 0 0 0 0 0 0 0 0 0 0 0 0 0 0
[   75.722561] dump_desc  ret:
[   75.723887] 
[   75.724832] dump_desc: [sum_wait]
[   75.726364] dump_desc evts:
[   75.727881] dump_desc   ts: 105 106 105 104 106 102 106 102 105 104 106 102 107 104 107
[   75.730560] dump_desc  ret: 0 0 0 0 0 0 0 0 0 0 0 0 0 0 0
[   75.732525] 
[   75.733364] dump_desc: [sum_destroy]
[   75.735458] dump_desc evts:
[   75.736843] dump_desc   ts:
[   75.738574] dump_desc  ret: 0 0 0 0 0 0 0 0 0 0 0 0 0 0 0
[   75.740545] 
[   75.741638] dump_desc: [sum_wait2]
[   75.743421] dump_desc evts:
[   75.744832] dump_desc   ts: 105 106 105 104 106 102 106 103 105 104 106 103 107 104 107
[   75.747546] dump_desc  ret: -22 -22 -22 -22 -22 -22 -22 -22 -22 -22 -22 -22 -22 -22 -22
[   75.750405] LIGHT_SUCCESS
[   75.753702] kt: running test for light, case 8, T2584
[   75.753702] 
[   75.756841] kt: starting test light_test_lots_of_wait_on_many_signal_selfdestroy
[   75.897535] kt: end of test
[   75.899626] 
[   75.900757] dump_desc: [signal]
[   75.902432] dump_desc evts:
[   75.904026] dump_desc   ts: 102 104
[   75.905839] dump_desc  ret: 0 0
[   75.907381] 
[   75.907966] dump_desc: [sum_create]
[   75.909793] dump_desc evts: 67 70 73 60 74 61 62 64 65 63 71 68 69 72 66
[   75.912452] dump_desc   ts: 0 0 0 0 0 0 0 1 0 0 0 0 0 0 0
[   75.914540] dump_desc  ret:
[   75.915754] 
[   75.916682] dump_desc: [sum_wait]
[   75.917990] dump_desc evts:
[   75.919629] dump_desc   ts: 107 105 101 107 101 108 105 109 107 105 106 106 102 107 108
[   75.922557] dump_desc  ret: 0 0 0 0 0 0 0 0 0 0 0 0 0 0 0
[   75.924460] 
[   75.925030] dump_desc: [sum_destroy]
[   75.926719] dump_desc evts:
[   75.927898] dump_desc   ts:
[   75.929498] dump_desc  ret: 0 0 0 0 0 0 0 0 0 0 0 0 0 0 0
[   75.931327] 
[   75.931888] dump_desc: [sum_wait2]
[   75.933434] dump_desc evts:
[   75.934716] dump_desc   ts: 107 105 104 107 104 108 106 109 107 105 106 106 104 107 108
[   75.937689] dump_desc  ret: -22 -22 -22 -22 -22 -22 -22 -22 -22 -22 -22 -22 -22 -22 -22
[   75.940438] LIGHT_SUCCESS
[   75.943566] kt: running test for light, case 8, T2584
[   75.943566] 
[   75.946673] kt: starting test light_test_lots_of_wait_on_many_signal_selfdestroy
[   76.087503] kt: end of test
[   76.089623] 
[   76.090758] dump_desc: [signal]
[   76.092914] dump_desc evts:
[   76.094755] dump_desc   ts: 102 103
[   76.096936] dump_desc  ret: 0 0
[   76.098987] 
[   76.100621] dump_desc: [sum_create]
[   76.102653] dump_desc evts: 77 75 81 79 84 83 86 88 87 85 89 82 76 78 80
[   76.105653] dump_desc   ts: 0 0 0 0 0 0 0 0 0 0 0 0 0 0 0
[   76.107735] dump_desc  ret:
[   76.109556] 
[   76.110574] dump_desc: [sum_wait]
[   76.113942] dump_desc evts:
[   76.115735] dump_desc   ts: 106 107 104 105 106 107 105 102 104 102 108 106 105 105 106
[   76.118789] dump_desc  ret: 0 0 0 0 0 0 0 0 0 0 0 0 0 0 0
[   76.120911] 
[   76.121913] dump_desc: [sum_destroy]
[   76.123590] dump_desc evts:
[   76.124955] dump_desc   ts:
[   76.127040] dump_desc  ret: 0 0 0 0 0 0 0 0 0 0 0 0 0 0 0
[   76.129628] 
[   76.130788] dump_desc: [sum_wait2]
[   76.132566] dump_desc evts:
[   76.134638] dump_desc   ts: 106 107 104 105 106 107 105 104 105 104 108 106 105 105 106
[   76.136588] dump_desc  ret: -22 -22 -22 -22 -22 -22 -22 -22 -22 -22 -22 -22 -22 -22 -22
[   76.138401] LIGHT_SUCCESS
[   76.147483] kt: running test for light, case 8, T2584
[   76.147483] 
[   76.150016] kt: starting test light_test_lots_of_wait_on_many_signal_selfdestroy
[   76.291470] kt: end of test
[   76.293651] 
[   76.295598] dump_desc: [signal]
[   76.297611] dump_desc evts:
[   76.299922] dump_desc   ts: 102 102
[   76.302971] dump_desc  ret: 0 0
[   76.305720] 
[   76.307004] dump_desc: [sum_create]
[   76.309682] dump_desc evts: 91 90 92 94 93 95 97 96 98 99 100 101 102 103 104
[   76.312933] dump_desc   ts: 1 0 0 0 0 0 0 0 0 0 0 0 1 0 0
[   76.315074] dump_desc  ret:
[   76.317483] 
[   76.318766] dump_desc: [sum_wait]
[   76.320652] dump_desc evts:
[   76.322838] dump_desc   ts: 105 106 103 102 102 104 103 102 102 103 105 103 105 103 104
[   76.325971] dump_desc  ret: 0 0 0 0 0 0 0 0 0 0 0 0 0 0 0
[   76.328556] 
[   76.329779] dump_desc: [sum_destroy]
[   76.331577] dump_desc evts:
[   76.333534] dump_desc   ts:
[   76.335633] dump_desc  ret: 0 0 0 0 0 0 0 0 0 0 0 0 0 0 0
[   76.337848] 
[   76.339014] dump_desc: [sum_wait2]
[   76.341594] dump_desc evts:
[   76.343795] dump_desc   ts: 105 106 103 103 102 104 103 102 102 103 105 104 105 103 104
[   76.346701] dump_desc  ret: -22 -22 -22 -22 -22 -22 -22 -22 -22 -22 -22 -22 -22 -22 -22
[   76.349752] LIGHT_SUCCESS
[   76.350515] ==================================================================
[   76.350526] ThreadSanitizer: data-race in e1000_clean
[   76.350526] 
[   76.350545] Read at 0xffff8800ba09d34c of size 4 by thread 19 on CPU 3:
[   76.350588]  [<ffffffff8194f6cc>] e1000_clean+0x2bc/0x11e0
[   76.350636]  [<ffffffff81b90f89>] net_rx_action+0x489/0x690
[   76.350679]  [<ffffffff81091c1e>] __do_softirq+0xbe/0x2f0
[   76.350727]  [<ffffffff810bb9e0>] kthread+0x150/0x170
[   76.350763]  [<ffffffff81ee5e3f>] ret_from_fork+0x3f/0x70
[   76.350771] 
[   76.350801] Previous write at 0xffff8800ba09d34c of size 4 by thread 2582 on CPU 1:
[   76.350845]  [<ffffffff81952263>] e1000_xmit_frame+0x1c73/0x1e90
[   76.350888]  [<ffffffff81b93c69>] dev_hard_start_xmit+0x499/0x700
[   76.350929]  [<ffffffff81bcabab>] sch_direct_xmit+0x21b/0x3d0
[   76.350981]  [<ffffffff81b94589>] __dev_queue_xmit+0x489/0xa50
[   76.351032]  [<ffffffff81b94b6f>] dev_queue_xmit_sk+0x1f/0x30
[   76.351073]  [<ffffffff81c1e21a>] ip_finish_output2+0x4ea/0x720
[   76.351112]  [<ffffffff81c1fc02>] ip_finish_output+0x262/0x350
[   76.351118]  [<ffffffff81c1fd11>] NF_HOOK_COND.part.32.constprop.47+0x21/0x30
[   76.351118]  [<ffffffff81c21061>] ip_output+0x1a1/0x1c0
[   76.351118]  [<ffffffff81c1c181>] ip_local_out_sk+0x61/0x80
[   76.351118]  [<ffffffff81c2044d>] ip_queue_xmit+0x2cd/0x840
[   76.351118]  [<ffffffff81c4db99>] tcp_transmit_skb+0xb39/0x1750
[   76.351118]  [<ffffffff81c51ee8>] tcp_send_ack+0x228/0x2d0
[   76.351118]  [<ffffffff81c37a81>] __tcp_ack_snd_check+0xb1/0x100
[   76.351118]  [<ffffffff81c470f8>] tcp_rcv_established+0x818/0xe30
[   76.351118]  [<ffffffff81c5c842>] tcp_v4_do_rcv+0x2f2/0x800
[   76.351118]  [<ffffffff81b682b6>] release_sock+0xd6/0x270
[   76.351118]  [<ffffffff81c30278>] tcp_recvmsg+0x658/0x12c0
[   76.351118]  [<ffffffff81c85ed8>] inet_recvmsg+0x148/0x180
[   76.351118]  [<ffffffff81b6022a>] sock_recvmsg+0x6a/0x90
[   76.351118]  [<ffffffff81b60366>] sock_read_iter+0x116/0x180
[   76.351118]  [<ffffffff81266400>] __vfs_read+0x1a0/0x1e0
[   76.351118]  [<ffffffff81267207>] vfs_read+0xb7/0x1e0
[   76.351118]  [<ffffffff81268740>] SyS_read+0x70/0xd0
[   76.351118]  [<ffffffff81ee5a51>] entry_SYSCALL_64_fastpath+0x31/0x95
[   76.351118] 
[   76.351118] Mutexes locked by thread 2582:
[   76.351118] Mutex 364705 is locked here:
[   76.351118]  [<ffffffff81ee5400>] _raw_spin_lock+0x50/0x70
[   76.351118]  [<ffffffff81bcab69>] sch_direct_xmit+0x1d9/0x3d0
[   76.351118]  [<ffffffff81b94589>] __dev_queue_xmit+0x489/0xa50
[   76.351118]  [<ffffffff81b94b6f>] dev_queue_xmit_sk+0x1f/0x30
[   76.351118]  [<ffffffff81c1e21a>] ip_finish_output2+0x4ea/0x720
[   76.351118]  [<ffffffff81c1fc02>] ip_finish_output+0x262/0x350
[   76.351118]  [<ffffffff81c1fd11>] NF_HOOK_COND.part.32.constprop.47+0x21/0x30
