early console in setup code
early console in decompress_kernel

Decompressing Linux... Parsing ELF... done.
Booting the kernel.
[    0.000000] Initializing cgroup subsys cpuset
[    0.000000] Initializing cgroup subsys cpu
[    0.000000] Initializing cgroup subsys cpuacct
[    0.000000] Linux version 4.2.0-team50-kt (progman@m91p) (gcc version 5.4.0 20160609 (Ubuntu 5.4.0-6ubuntu1~16.04.2) ) #170 SMP Mon Oct 31 02:29:53 EDT 2016
[    0.000000] Command line: console=ttyS0 root=/dev/sda debug earlyprintk=serial slub_debug=U
[    0.000000] x86/fpu: Legacy x87 FPU detected.
[    0.000000] x86/fpu: Using 'lazy' FPU context switches.
[    0.000000] e820: BIOS-provided physical RAM map:
[    0.000000] BIOS-e820: [mem 0x0000000000000000-0x000000000009fbff] usable
[    0.000000] BIOS-e820: [mem 0x000000000009fc00-0x000000000009ffff] reserved
[    0.000000] BIOS-e820: [mem 0x00000000000f0000-0x00000000000fffff] reserved
[    0.000000] BIOS-e820: [mem 0x0000000000100000-0x00000000bffdefff] usable
[    0.000000] BIOS-e820: [mem 0x00000000bffdf000-0x00000000bfffffff] reserved
[    0.000000] BIOS-e820: [mem 0x00000000feffc000-0x00000000feffffff] reserved
[    0.000000] BIOS-e820: [mem 0x00000000fffc0000-0x00000000ffffffff] reserved
[    0.000000] BIOS-e820: [mem 0x0000000100000000-0x000000013fffffff] usable
[    0.000000] bootconsole [earlyser0] enabled
[    0.000000] NX (Execute Disable) protection: active
[    0.000000] SMBIOS 2.8 present.
[    0.000000] DMI: QEMU Standard PC (i440FX + PIIX, 1996), BIOS Ubuntu-1.8.2-1ubuntu1 04/01/2014
[    0.000000] Hypervisor detected: KVM
[    0.000000] e820: update [mem 0x00000000-0x00000fff] usable ==> reserved
[    0.000000] e820: remove [mem 0x000a0000-0x000fffff] usable
[    0.000000] e820: last_pfn = 0x140000 max_arch_pfn = 0x400000000
[    0.000000] MTRR default type: write-back
[    0.000000] MTRR fixed ranges enabled:
[    0.000000]   00000-9FFFF write-back
[    0.000000]   A0000-BFFFF uncachable
[    0.000000]   C0000-FFFFF write-protect
[    0.000000] MTRR variable ranges enabled:
[    0.000000]   0 base 00C0000000 mask FFC0000000 uncachable
[    0.000000]   1 disabled
[    0.000000]   2 disabled
[    0.000000]   3 disabled
[    0.000000]   4 disabled
[    0.000000]   5 disabled
[    0.000000]   6 disabled
[    0.000000]   7 disabled
[    0.000000] x86/PAT: PAT not supported by CPU.
[    0.000000] e820: last_pfn = 0xbffdf max_arch_pfn = 0x400000000
[    0.000000] found SMP MP-table at [mem 0x000f6600-0x000f660f] mapped at [ffff8800000f6600]
[    0.000000] Scanning 1 areas for low memory corruption
[    0.000000] Base memory trampoline at [ffff880000099000] 99000 size 24576
[    0.000000] init_memory_mapping: [mem 0x00000000-0x000fffff]
[    0.000000]  [mem 0x00000000-0x000fffff] page 4k
[    0.000000] BRK [0x03aa2000, 0x03aa2fff] PGTABLE
[    0.000000] BRK [0x03aa3000, 0x03aa3fff] PGTABLE
[    0.000000] BRK [0x03aa4000, 0x03aa4fff] PGTABLE
[    0.000000] init_memory_mapping: [mem 0x13fe00000-0x13fffffff]
[    0.000000]  [mem 0x13fe00000-0x13fffffff] page 2M
[    0.000000] BRK [0x03aa5000, 0x03aa5fff] PGTABLE
[    0.000000] init_memory_mapping: [mem 0x120000000-0x13fdfffff]
[    0.000000]  [mem 0x120000000-0x13fdfffff] page 2M
[    0.000000] init_memory_mapping: [mem 0x00100000-0xbffdefff]
[    0.000000]  [mem 0x00100000-0x001fffff] page 4k
[    0.000000]  [mem 0x00200000-0xbfdfffff] page 2M
[    0.000000]  [mem 0xbfe00000-0xbffdefff] page 4k
[    0.000000] init_memory_mapping: [mem 0x100000000-0x11fffffff]
[    0.000000]  [mem 0x100000000-0x11fffffff] page 2M
[    0.000000] ACPI: Early table checksum verification disabled
[    0.000000] ACPI: RSDP 0x00000000000F65B0 000014 (v00 BOCHS )
[    0.000000] ACPI: RSDT 0x00000000BFFE1511 000034 (v01 BOCHS  BXPCRSDT 00000001 BXPC 00000001)
[    0.000000] ACPI: FACP 0x00000000BFFE0954 000074 (v01 BOCHS  BXPCFACP 00000001 BXPC 00000001)
[    0.000000] ACPI: DSDT 0x00000000BFFDFD80 000BD4 (v01 BOCHS  BXPCDSDT 00000001 BXPC 00000001)
[    0.000000] ACPI: FACS 0x00000000BFFDFD40 000040
[    0.000000] ACPI: SSDT 0x00000000BFFE09C8 000A81 (v01 BOCHS  BXPCSSDT 00000001 BXPC 00000001)
[    0.000000] ACPI: APIC 0x00000000BFFE1449 000090 (v01 BOCHS  BXPCAPIC 00000001 BXPC 00000001)
[    0.000000] ACPI: HPET 0x00000000BFFE14D9 000038 (v01 BOCHS  BXPCHPET 00000001 BXPC 00000001)
[    0.000000] ACPI: Local APIC address 0xfee00000
[    0.000000] No NUMA configuration found
[    0.000000] Faking a node at [mem 0x0000000000000000-0x000000013fffffff]
[    0.000000] NODE_DATA(0) allocated [mem 0x13fff9000-0x13fffcfff]
[    0.000000] kvm-clock: Using msrs 4b564d01 and 4b564d00
[    0.000000] kvm-clock: cpu 0, msr 1:3fff8001, primary cpu clock
[    0.000000] clocksource: kvm-clock: mask: 0xffffffffffffffff max_cycles: 0x1cd42e4dffb, max_idle_ns: 881590591483 ns
[    0.000000]  [ffffea0000000000-ffffea0004ffffff] PMD -> [ffff88013b600000-ffff88013f5fffff] on node 0
[    0.000000] Zone ranges:
[    0.000000]   DMA      [mem 0x0000000000001000-0x0000000000ffffff]
[    0.000000]   DMA32    [mem 0x0000000001000000-0x00000000ffffffff]
[    0.000000]   Normal   [mem 0x0000000100000000-0x000000013fffffff]
[    0.000000] Movable zone start for each node
[    0.000000] Early memory node ranges
[    0.000000]   node   0: [mem 0x0000000000001000-0x000000000009efff]
[    0.000000]   node   0: [mem 0x0000000000100000-0x00000000bffdefff]
[    0.000000]   node   0: [mem 0x0000000100000000-0x000000013fffffff]
[    0.000000] Initmem setup node 0 [mem 0x0000000000001000-0x000000013fffffff]
[    0.000000] On node 0 totalpages: 1048445
[    0.000000]   DMA zone: 64 pages used for memmap
[    0.000000]   DMA zone: 21 pages reserved
[    0.000000]   DMA zone: 3998 pages, LIFO batch:0
[    0.000000]   DMA32 zone: 12224 pages used for memmap
[    0.000000]   DMA32 zone: 782303 pages, LIFO batch:31
[    0.000000]   Normal zone: 4096 pages used for memmap
[    0.000000]   Normal zone: 262144 pages, LIFO batch:31
[    0.000000]  [ffffed0000000000-ffffed00001fffff] PMD -> [ffff88013fc00000-ffff88013fdfffff] on node -1
[    0.000000]  [ffffed0000200000-ffffed00003fffff] PMD -> [ffff88013f800000-ffff88013f9fffff] on node -1
[    0.000000]  [ffffed0000400000-ffffed00005fffff] PMD -> [ffff88013b400000-ffff88013b5fffff] on node -1
[    0.000000]  [ffffed0000600000-ffffed00007fffff] PMD -> [ffff88013b200000-ffff88013b3fffff] on node -1
[    0.000000]  [ffffed0000800000-ffffed00009fffff] PMD -> [ffff88013b000000-ffff88013b1fffff] on node -1
[    0.000000]  [ffffed0000a00000-ffffed0000bfffff] PMD -> [ffff88013ae00000-ffff88013affffff] on node -1
[    0.000000]  [ffffed0000c00000-ffffed0000dfffff] PMD -> [ffff88013ac00000-ffff88013adfffff] on node -1
[    0.000000]  [ffffed0000e00000-ffffed0000ffffff] PMD -> [ffff88013aa00000-ffff88013abfffff] on node -1
[    0.000000]  [ffffed0001000000-ffffed00011fffff] PMD -> [ffff88013a800000-ffff88013a9fffff] on node -1
[    0.000000]  [ffffed0001200000-ffffed00013fffff] PMD -> [ffff88013a600000-ffff88013a7fffff] on node -1
[    0.000000]  [ffffed0001400000-ffffed00015fffff] PMD -> [ffff88013a400000-ffff88013a5fffff] on node -1
[    0.000000]  [ffffed0001600000-ffffed00017fffff] PMD -> [ffff88013a200000-ffff88013a3fffff] on node -1
[    0.000000]  [ffffed0001800000-ffffed00019fffff] PMD -> [ffff88013a000000-ffff88013a1fffff] on node -1
[    0.000000]  [ffffed0001a00000-ffffed0001bfffff] PMD -> [ffff880139e00000-ffff880139ffffff] on node -1
[    0.000000]  [ffffed0001c00000-ffffed0001dfffff] PMD -> [ffff880139c00000-ffff880139dfffff] on node -1
[    0.000000]  [ffffed0001e00000-ffffed0001ffffff] PMD -> [ffff880139a00000-ffff880139bfffff] on node -1
[    0.000000]  [ffffed0002000000-ffffed00021fffff] PMD -> [ffff880139800000-ffff8801399fffff] on node -1
[    0.000000]  [ffffed0002200000-ffffed00023fffff] PMD -> [ffff880139600000-ffff8801397fffff] on node -1
[    0.000000]  [ffffed0002400000-ffffed00025fffff] PMD -> [ffff880139400000-ffff8801395fffff] on node -1
[    0.000000]  [ffffed0002600000-ffffed00027fffff] PMD -> [ffff880139200000-ffff8801393fffff] on node -1
[    0.000000]  [ffffed0002800000-ffffed00029fffff] PMD -> [ffff880139000000-ffff8801391fffff] on node -1
[    0.000000]  [ffffed0002a00000-ffffed0002bfffff] PMD -> [ffff880138e00000-ffff880138ffffff] on node -1
[    0.000000]  [ffffed0002c00000-ffffed0002dfffff] PMD -> [ffff880138c00000-ffff880138dfffff] on node -1
[    0.000000]  [ffffed0002e00000-ffffed0002ffffff] PMD -> [ffff880138a00000-ffff880138bfffff] on node -1
[    0.000000]  [ffffed0003000000-ffffed00031fffff] PMD -> [ffff880138800000-ffff8801389fffff] on node -1
[    0.000000]  [ffffed0003200000-ffffed00033fffff] PMD -> [ffff880138600000-ffff8801387fffff] on node -1
[    0.000000]  [ffffed0003400000-ffffed00035fffff] PMD -> [ffff880138400000-ffff8801385fffff] on node -1
[    0.000000]  [ffffed0003600000-ffffed00037fffff] PMD -> [ffff880138200000-ffff8801383fffff] on node -1
[    0.000000]  [ffffed0003800000-ffffed00039fffff] PMD -> [ffff880138000000-ffff8801381fffff] on node -1
[    0.000000]  [ffffed0003a00000-ffffed0003bfffff] PMD -> [ffff880137e00000-ffff880137ffffff] on node -1
[    0.000000]  [ffffed0003c00000-ffffed0003dfffff] PMD -> [ffff880137c00000-ffff880137dfffff] on node -1
[    0.000000]  [ffffed0003e00000-ffffed0003ffffff] PMD -> [ffff880137a00000-ffff880137bfffff] on node -1
[    0.000000]  [ffffed0004000000-ffffed00041fffff] PMD -> [ffff880137800000-ffff8801379fffff] on node -1
[    0.000000]  [ffffed0004200000-ffffed00043fffff] PMD -> [ffff880137600000-ffff8801377fffff] on node -1
[    0.000000]  [ffffed0004400000-ffffed00045fffff] PMD -> [ffff880137400000-ffff8801375fffff] on node -1
[    0.000000]  [ffffed0004600000-ffffed00047fffff] PMD -> [ffff880137200000-ffff8801373fffff] on node -1
[    0.000000]  [ffffed0004800000-ffffed00049fffff] PMD -> [ffff880137000000-ffff8801371fffff] on node -1
[    0.000000]  [ffffed0004a00000-ffffed0004bfffff] PMD -> [ffff880136e00000-ffff880136ffffff] on node -1
[    0.000000]  [ffffed0004c00000-ffffed0004dfffff] PMD -> [ffff880136c00000-ffff880136dfffff] on node -1
[    0.000000]  [ffffed0004e00000-ffffed0004ffffff] PMD -> [ffff880136a00000-ffff880136bfffff] on node -1
[    0.000000]  [ffffed0005000000-ffffed00051fffff] PMD -> [ffff880136800000-ffff8801369fffff] on node -1
[    0.000000]  [ffffed0005200000-ffffed00053fffff] PMD -> [ffff880136600000-ffff8801367fffff] on node -1
[    0.000000]  [ffffed0005400000-ffffed00055fffff] PMD -> [ffff880136400000-ffff8801365fffff] on node -1
[    0.000000]  [ffffed0005600000-ffffed00057fffff] PMD -> [ffff880136200000-ffff8801363fffff] on node -1
[    0.000000]  [ffffed0005800000-ffffed00059fffff] PMD -> [ffff880136000000-ffff8801361fffff] on node -1
[    0.000000]  [ffffed0005a00000-ffffed0005bfffff] PMD -> [ffff880135e00000-ffff880135ffffff] on node -1
[    0.000000]  [ffffed0005c00000-ffffed0005dfffff] PMD -> [ffff880135c00000-ffff880135dfffff] on node -1
[    0.000000]  [ffffed0005e00000-ffffed0005ffffff] PMD -> [ffff880135a00000-ffff880135bfffff] on node -1
[    0.000000]  [ffffed0006000000-ffffed00061fffff] PMD -> [ffff880135800000-ffff8801359fffff] on node -1
[    0.000000]  [ffffed0006200000-ffffed00063fffff] PMD -> [ffff880135600000-ffff8801357fffff] on node -1
[    0.000000]  [ffffed0006400000-ffffed00065fffff] PMD -> [ffff880135400000-ffff8801355fffff] on node -1
[    0.000000]  [ffffed0006600000-ffffed00067fffff] PMD -> [ffff880135200000-ffff8801353fffff] on node -1
[    0.000000]  [ffffed0006800000-ffffed00069fffff] PMD -> [ffff880135000000-ffff8801351fffff] on node -1
[    0.000000]  [ffffed0006a00000-ffffed0006bfffff] PMD -> [ffff880134e00000-ffff880134ffffff] on node -1
[    0.000000]  [ffffed0006c00000-ffffed0006dfffff] PMD -> [ffff880134c00000-ffff880134dfffff] on node -1
[    0.000000]  [ffffed0006e00000-ffffed0006ffffff] PMD -> [ffff880134a00000-ffff880134bfffff] on node -1
[    0.000000]  [ffffed0007000000-ffffed00071fffff] PMD -> [ffff880134800000-ffff8801349fffff] on node -1
[    0.000000]  [ffffed0007200000-ffffed00073fffff] PMD -> [ffff880134600000-ffff8801347fffff] on node -1
[    0.000000]  [ffffed0007400000-ffffed00075fffff] PMD -> [ffff880134400000-ffff8801345fffff] on node -1
[    0.000000]  [ffffed0007600000-ffffed00077fffff] PMD -> [ffff880134200000-ffff8801343fffff] on node -1
[    0.000000]  [ffffed0007800000-ffffed00079fffff] PMD -> [ffff880134000000-ffff8801341fffff] on node -1
[    0.000000]  [ffffed0007a00000-ffffed0007bfffff] PMD -> [ffff880133e00000-ffff880133ffffff] on node -1
[    0.000000]  [ffffed0007c00000-ffffed0007dfffff] PMD -> [ffff880133c00000-ffff880133dfffff] on node -1
[    0.000000]  [ffffed0007e00000-ffffed0007ffffff] PMD -> [ffff880133a00000-ffff880133bfffff] on node -1
[    0.000000]  [ffffed0008000000-ffffed00081fffff] PMD -> [ffff880133800000-ffff8801339fffff] on node -1
[    0.000000]  [ffffed0008200000-ffffed00083fffff] PMD -> [ffff880133600000-ffff8801337fffff] on node -1
[    0.000000]  [ffffed0008400000-ffffed00085fffff] PMD -> [ffff880133400000-ffff8801335fffff] on node -1
[    0.000000]  [ffffed0008600000-ffffed00087fffff] PMD -> [ffff880133200000-ffff8801333fffff] on node -1
[    0.000000]  [ffffed0008800000-ffffed00089fffff] PMD -> [ffff880133000000-ffff8801331fffff] on node -1
[    0.000000]  [ffffed0008a00000-ffffed0008bfffff] PMD -> [ffff880132e00000-ffff880132ffffff] on node -1
[    0.000000]  [ffffed0008c00000-ffffed0008dfffff] PMD -> [ffff880132c00000-ffff880132dfffff] on node -1
[    0.000000]  [ffffed0008e00000-ffffed0008ffffff] PMD -> [ffff880132a00000-ffff880132bfffff] on node -1
[    0.000000]  [ffffed0009000000-ffffed00091fffff] PMD -> [ffff880132800000-ffff8801329fffff] on node -1
[    0.000000]  [ffffed0009200000-ffffed00093fffff] PMD -> [ffff880132600000-ffff8801327fffff] on node -1
[    0.000000]  [ffffed0009400000-ffffed00095fffff] PMD -> [ffff880132400000-ffff8801325fffff] on node -1
[    0.000000]  [ffffed0009600000-ffffed00097fffff] PMD -> [ffff880132200000-ffff8801323fffff] on node -1
[    0.000000]  [ffffed0009800000-ffffed00099fffff] PMD -> [ffff880132000000-ffff8801321fffff] on node -1
[    0.000000]  [ffffed0009a00000-ffffed0009bfffff] PMD -> [ffff880131e00000-ffff880131ffffff] on node -1
[    0.000000]  [ffffed0009c00000-ffffed0009dfffff] PMD -> [ffff880131c00000-ffff880131dfffff] on node -1
[    0.000000]  [ffffed0009e00000-ffffed0009ffffff] PMD -> [ffff880131a00000-ffff880131bfffff] on node -1
[    0.000000]  [ffffed000a000000-ffffed000a1fffff] PMD -> [ffff880131800000-ffff8801319fffff] on node -1
[    0.000000]  [ffffed000a200000-ffffed000a3fffff] PMD -> [ffff880131600000-ffff8801317fffff] on node -1
[    0.000000]  [ffffed000a400000-ffffed000a5fffff] PMD -> [ffff880131400000-ffff8801315fffff] on node -1
[    0.000000]  [ffffed000a600000-ffffed000a7fffff] PMD -> [ffff880131200000-ffff8801313fffff] on node -1
[    0.000000]  [ffffed000a800000-ffffed000a9fffff] PMD -> [ffff880131000000-ffff8801311fffff] on node -1
[    0.000000]  [ffffed000aa00000-ffffed000abfffff] PMD -> [ffff880130e00000-ffff880130ffffff] on node -1
[    0.000000]  [ffffed000ac00000-ffffed000adfffff] PMD -> [ffff880130c00000-ffff880130dfffff] on node -1
[    0.000000]  [ffffed000ae00000-ffffed000affffff] PMD -> [ffff880130a00000-ffff880130bfffff] on node -1
[    0.000000]  [ffffed000b000000-ffffed000b1fffff] PMD -> [ffff880130800000-ffff8801309fffff] on node -1
[    0.000000]  [ffffed000b200000-ffffed000b3fffff] PMD -> [ffff880130600000-ffff8801307fffff] on node -1
[    0.000000]  [ffffed000b400000-ffffed000b5fffff] PMD -> [ffff880130400000-ffff8801305fffff] on node -1
[    0.000000]  [ffffed000b600000-ffffed000b7fffff] PMD -> [ffff880130200000-ffff8801303fffff] on node -1
[    0.000000]  [ffffed000b800000-ffffed000b9fffff] PMD -> [ffff880130000000-ffff8801301fffff] on node -1
[    0.000000]  [ffffed000ba00000-ffffed000bbfffff] PMD -> [ffff88012fe00000-ffff88012fffffff] on node -1
[    0.000000]  [ffffed000bc00000-ffffed000bdfffff] PMD -> [ffff88012fc00000-ffff88012fdfffff] on node -1
[    0.000000]  [ffffed000be00000-ffffed000bffffff] PMD -> [ffff88012fa00000-ffff88012fbfffff] on node -1
[    0.000000]  [ffffed000c000000-ffffed000c1fffff] PMD -> [ffff88012f800000-ffff88012f9fffff] on node -1
[    0.000000]  [ffffed000c200000-ffffed000c3fffff] PMD -> [ffff88012f600000-ffff88012f7fffff] on node -1
[    0.000000]  [ffffed000c400000-ffffed000c5fffff] PMD -> [ffff88012f400000-ffff88012f5fffff] on node -1
[    0.000000]  [ffffed000c600000-ffffed000c7fffff] PMD -> [ffff88012f200000-ffff88012f3fffff] on node -1
[    0.000000]  [ffffed000c800000-ffffed000c9fffff] PMD -> [ffff88012f000000-ffff88012f1fffff] on node -1
[    0.000000]  [ffffed000ca00000-ffffed000cbfffff] PMD -> [ffff88012ee00000-ffff88012effffff] on node -1
[    0.000000]  [ffffed000cc00000-ffffed000cdfffff] PMD -> [ffff88012ec00000-ffff88012edfffff] on node -1
[    0.000000]  [ffffed000ce00000-ffffed000cffffff] PMD -> [ffff88012ea00000-ffff88012ebfffff] on node -1
[    0.000000]  [ffffed000d000000-ffffed000d1fffff] PMD -> [ffff88012e800000-ffff88012e9fffff] on node -1
[    0.000000]  [ffffed000d200000-ffffed000d3fffff] PMD -> [ffff88012e600000-ffff88012e7fffff] on node -1
[    0.000000]  [ffffed000d400000-ffffed000d5fffff] PMD -> [ffff88012e400000-ffff88012e5fffff] on node -1
[    0.000000]  [ffffed000d600000-ffffed000d7fffff] PMD -> [ffff88012e200000-ffff88012e3fffff] on node -1
[    0.000000]  [ffffed000d800000-ffffed000d9fffff] PMD -> [ffff88012e000000-ffff88012e1fffff] on node -1
[    0.000000]  [ffffed000da00000-ffffed000dbfffff] PMD -> [ffff88012de00000-ffff88012dffffff] on node -1
[    0.000000]  [ffffed000dc00000-ffffed000ddfffff] PMD -> [ffff88012dc00000-ffff88012ddfffff] on node -1
[    0.000000]  [ffffed000de00000-ffffed000dffffff] PMD -> [ffff88012da00000-ffff88012dbfffff] on node -1
[    0.000000]  [ffffed000e000000-ffffed000e1fffff] PMD -> [ffff88012d800000-ffff88012d9fffff] on node -1
[    0.000000]  [ffffed000e200000-ffffed000e3fffff] PMD -> [ffff88012d600000-ffff88012d7fffff] on node -1
[    0.000000]  [ffffed000e400000-ffffed000e5fffff] PMD -> [ffff88012d400000-ffff88012d5fffff] on node -1
[    0.000000]  [ffffed000e600000-ffffed000e7fffff] PMD -> [ffff88012d200000-ffff88012d3fffff] on node -1
[    0.000000]  [ffffed000e800000-ffffed000e9fffff] PMD -> [ffff88012d000000-ffff88012d1fffff] on node -1
[    0.000000]  [ffffed000ea00000-ffffed000ebfffff] PMD -> [ffff88012ce00000-ffff88012cffffff] on node -1
[    0.000000]  [ffffed000ec00000-ffffed000edfffff] PMD -> [ffff88012cc00000-ffff88012cdfffff] on node -1
[    0.000000]  [ffffed000ee00000-ffffed000effffff] PMD -> [ffff88012ca00000-ffff88012cbfffff] on node -1
[    0.000000]  [ffffed000f000000-ffffed000f1fffff] PMD -> [ffff88012c800000-ffff88012c9fffff] on node -1
[    0.000000]  [ffffed000f200000-ffffed000f3fffff] PMD -> [ffff88012c600000-ffff88012c7fffff] on node -1
[    0.000000]  [ffffed000f400000-ffffed000f5fffff] PMD -> [ffff88012c400000-ffff88012c5fffff] on node -1
[    0.000000]  [ffffed000f600000-ffffed000f7fffff] PMD -> [ffff88012c200000-ffff88012c3fffff] on node -1
[    0.000000]  [ffffed000f800000-ffffed000f9fffff] PMD -> [ffff88012c000000-ffff88012c1fffff] on node -1
[    0.000000]  [ffffed000fa00000-ffffed000fbfffff] PMD -> [ffff88012be00000-ffff88012bffffff] on node -1
[    0.000000]  [ffffed000fc00000-ffffed000fdfffff] PMD -> [ffff88012bc00000-ffff88012bdfffff] on node -1
[    0.000000]  [ffffed000fe00000-ffffed000fffffff] PMD -> [ffff88012ba00000-ffff88012bbfffff] on node -1
[    0.000000]  [ffffed0010000000-ffffed00101fffff] PMD -> [ffff88012b800000-ffff88012b9fffff] on node -1
[    0.000000]  [ffffed0010200000-ffffed00103fffff] PMD -> [ffff88012b600000-ffff88012b7fffff] on node -1
[    0.000000]  [ffffed0010400000-ffffed00105fffff] PMD -> [ffff88012b400000-ffff88012b5fffff] on node -1
[    0.000000]  [ffffed0010600000-ffffed00107fffff] PMD -> [ffff88012b200000-ffff88012b3fffff] on node -1
[    0.000000]  [ffffed0010800000-ffffed00109fffff] PMD -> [ffff88012b000000-ffff88012b1fffff] on node -1
[    0.000000]  [ffffed0010a00000-ffffed0010bfffff] PMD -> [ffff88012ae00000-ffff88012affffff] on node -1
[    0.000000]  [ffffed0010c00000-ffffed0010dfffff] PMD -> [ffff88012ac00000-ffff88012adfffff] on node -1
[    0.000000]  [ffffed0010e00000-ffffed0010ffffff] PMD -> [ffff88012aa00000-ffff88012abfffff] on node -1
[    0.000000]  [ffffed0011000000-ffffed00111fffff] PMD -> [ffff88012a800000-ffff88012a9fffff] on node -1
[    0.000000]  [ffffed0011200000-ffffed00113fffff] PMD -> [ffff88012a600000-ffff88012a7fffff] on node -1
[    0.000000]  [ffffed0011400000-ffffed00115fffff] PMD -> [ffff88012a400000-ffff88012a5fffff] on node -1
[    0.000000]  [ffffed0011600000-ffffed00117fffff] PMD -> [ffff88012a200000-ffff88012a3fffff] on node -1
[    0.000000]  [ffffed0011800000-ffffed00119fffff] PMD -> [ffff88012a000000-ffff88012a1fffff] on node -1
[    0.000000]  [ffffed0011a00000-ffffed0011bfffff] PMD -> [ffff880129e00000-ffff880129ffffff] on node -1
[    0.000000]  [ffffed0011c00000-ffffed0011dfffff] PMD -> [ffff880129c00000-ffff880129dfffff] on node -1
[    0.000000]  [ffffed0011e00000-ffffed0011ffffff] PMD -> [ffff880129a00000-ffff880129bfffff] on node -1
[    0.000000]  [ffffed0012000000-ffffed00121fffff] PMD -> [ffff880129800000-ffff8801299fffff] on node -1
[    0.000000]  [ffffed0012200000-ffffed00123fffff] PMD -> [ffff880129600000-ffff8801297fffff] on node -1
[    0.000000]  [ffffed0012400000-ffffed00125fffff] PMD -> [ffff880129400000-ffff8801295fffff] on node -1
[    0.000000]  [ffffed0012600000-ffffed00127fffff] PMD -> [ffff880129200000-ffff8801293fffff] on node -1
[    0.000000]  [ffffed0012800000-ffffed00129fffff] PMD -> [ffff880129000000-ffff8801291fffff] on node -1
[    0.000000]  [ffffed0012a00000-ffffed0012bfffff] PMD -> [ffff880128e00000-ffff880128ffffff] on node -1
[    0.000000]  [ffffed0012c00000-ffffed0012dfffff] PMD -> [ffff880128c00000-ffff880128dfffff] on node -1
[    0.000000]  [ffffed0012e00000-ffffed0012ffffff] PMD -> [ffff880128a00000-ffff880128bfffff] on node -1
[    0.000000]  [ffffed0013000000-ffffed00131fffff] PMD -> [ffff880128800000-ffff8801289fffff] on node -1
[    0.000000]  [ffffed0013200000-ffffed00133fffff] PMD -> [ffff880128600000-ffff8801287fffff] on node -1
[    0.000000]  [ffffed0013400000-ffffed00135fffff] PMD -> [ffff880128400000-ffff8801285fffff] on node -1
[    0.000000]  [ffffed0013600000-ffffed00137fffff] PMD -> [ffff880128200000-ffff8801283fffff] on node -1
[    0.000000]  [ffffed0013800000-ffffed00139fffff] PMD -> [ffff880128000000-ffff8801281fffff] on node -1
[    0.000000]  [ffffed0013a00000-ffffed0013bfffff] PMD -> [ffff880127e00000-ffff880127ffffff] on node -1
[    0.000000]  [ffffed0013c00000-ffffed0013dfffff] PMD -> [ffff880127c00000-ffff880127dfffff] on node -1
[    0.000000]  [ffffed0013e00000-ffffed0013ffffff] PMD -> [ffff880127a00000-ffff880127bfffff] on node -1
[    0.000000]  [ffffed0014000000-ffffed00141fffff] PMD -> [ffff880127800000-ffff8801279fffff] on node -1
[    0.000000]  [ffffed0014200000-ffffed00143fffff] PMD -> [ffff880127600000-ffff8801277fffff] on node -1
[    0.000000]  [ffffed0014400000-ffffed00145fffff] PMD -> [ffff880127400000-ffff8801275fffff] on node -1
[    0.000000]  [ffffed0014600000-ffffed00147fffff] PMD -> [ffff880127200000-ffff8801273fffff] on node -1
[    0.000000]  [ffffed0014800000-ffffed00149fffff] PMD -> [ffff880127000000-ffff8801271fffff] on node -1
[    0.000000]  [ffffed0014a00000-ffffed0014bfffff] PMD -> [ffff880126e00000-ffff880126ffffff] on node -1
[    0.000000]  [ffffed0014c00000-ffffed0014dfffff] PMD -> [ffff880126c00000-ffff880126dfffff] on node -1
[    0.000000]  [ffffed0014e00000-ffffed0014ffffff] PMD -> [ffff880126a00000-ffff880126bfffff] on node -1
[    0.000000]  [ffffed0015000000-ffffed00151fffff] PMD -> [ffff880126800000-ffff8801269fffff] on node -1
[    0.000000]  [ffffed0015200000-ffffed00153fffff] PMD -> [ffff880126600000-ffff8801267fffff] on node -1
[    0.000000]  [ffffed0015400000-ffffed00155fffff] PMD -> [ffff880126400000-ffff8801265fffff] on node -1
[    0.000000]  [ffffed0015600000-ffffed00157fffff] PMD -> [ffff880126200000-ffff8801263fffff] on node -1
[    0.000000]  [ffffed0015800000-ffffed00159fffff] PMD -> [ffff880126000000-ffff8801261fffff] on node -1
[    0.000000]  [ffffed0015a00000-ffffed0015bfffff] PMD -> [ffff880125e00000-ffff880125ffffff] on node -1
[    0.000000]  [ffffed0015c00000-ffffed0015dfffff] PMD -> [ffff880125c00000-ffff880125dfffff] on node -1
[    0.000000]  [ffffed0015e00000-ffffed0015ffffff] PMD -> [ffff880125a00000-ffff880125bfffff] on node -1
[    0.000000]  [ffffed0016000000-ffffed00161fffff] PMD -> [ffff880125800000-ffff8801259fffff] on node -1
[    0.000000]  [ffffed0016200000-ffffed00163fffff] PMD -> [ffff880125600000-ffff8801257fffff] on node -1
[    0.000000]  [ffffed0016400000-ffffed00165fffff] PMD -> [ffff880125400000-ffff8801255fffff] on node -1
[    0.000000]  [ffffed0016600000-ffffed00167fffff] PMD -> [ffff880125200000-ffff8801253fffff] on node -1
[    0.000000]  [ffffed0016800000-ffffed00169fffff] PMD -> [ffff880125000000-ffff8801251fffff] on node -1
[    0.000000]  [ffffed0016a00000-ffffed0016bfffff] PMD -> [ffff880124e00000-ffff880124ffffff] on node -1
[    0.000000]  [ffffed0016c00000-ffffed0016dfffff] PMD -> [ffff880124c00000-ffff880124dfffff] on node -1
[    0.000000]  [ffffed0016e00000-ffffed0016ffffff] PMD -> [ffff880124a00000-ffff880124bfffff] on node -1
[    0.000000]  [ffffed0017000000-ffffed00171fffff] PMD -> [ffff880124800000-ffff8801249fffff] on node -1
[    0.000000]  [ffffed0017200000-ffffed00173fffff] PMD -> [ffff880124600000-ffff8801247fffff] on node -1
[    0.000000]  [ffffed0017400000-ffffed00175fffff] PMD -> [ffff880124400000-ffff8801245fffff] on node -1
[    0.000000]  [ffffed0017600000-ffffed00177fffff] PMD -> [ffff880124200000-ffff8801243fffff] on node -1
[    0.000000]  [ffffed0017800000-ffffed00179fffff] PMD -> [ffff880124000000-ffff8801241fffff] on node -1
[    0.000000]  [ffffed0017a00000-ffffed0017bfffff] PMD -> [ffff880123e00000-ffff880123ffffff] on node -1
[    0.000000]  [ffffed0017c00000-ffffed0017dfffff] PMD -> [ffff880123c00000-ffff880123dfffff] on node -1
[    0.000000]  [ffffed0017e00000-ffffed0017ffffff] PMD -> [ffff880123a00000-ffff880123bfffff] on node -1
[    0.000000]  [ffffed0020000000-ffffed00201fffff] PMD -> [ffff880123800000-ffff8801239fffff] on node -1
[    0.000000]  [ffffed0020200000-ffffed00203fffff] PMD -> [ffff880123600000-ffff8801237fffff] on node -1
[    0.000000]  [ffffed0020400000-ffffed00205fffff] PMD -> [ffff880123400000-ffff8801235fffff] on node -1
[    0.000000]  [ffffed0020600000-ffffed00207fffff] PMD -> [ffff880123200000-ffff8801233fffff] on node -1
[    0.000000]  [ffffed0020800000-ffffed00209fffff] PMD -> [ffff880123000000-ffff8801231fffff] on node -1
[    0.000000]  [ffffed0020a00000-ffffed0020bfffff] PMD -> [ffff880122e00000-ffff880122ffffff] on node -1
[    0.000000]  [ffffed0020c00000-ffffed0020dfffff] PMD -> [ffff880122c00000-ffff880122dfffff] on node -1
[    0.000000]  [ffffed0020e00000-ffffed0020ffffff] PMD -> [ffff880122a00000-ffff880122bfffff] on node -1
[    0.000000]  [ffffed0021000000-ffffed00211fffff] PMD -> [ffff880122800000-ffff8801229fffff] on node -1
[    0.000000]  [ffffed0021200000-ffffed00213fffff] PMD -> [ffff880122600000-ffff8801227fffff] on node -1
[    0.000000]  [ffffed0021400000-ffffed00215fffff] PMD -> [ffff880122400000-ffff8801225fffff] on node -1
[    0.000000]  [ffffed0021600000-ffffed00217fffff] PMD -> [ffff880122200000-ffff8801223fffff] on node -1
[    0.000000]  [ffffed0021800000-ffffed00219fffff] PMD -> [ffff880122000000-ffff8801221fffff] on node -1
[    0.000000]  [ffffed0021a00000-ffffed0021bfffff] PMD -> [ffff880121e00000-ffff880121ffffff] on node -1
[    0.000000]  [ffffed0021c00000-ffffed0021dfffff] PMD -> [ffff880121c00000-ffff880121dfffff] on node -1
[    0.000000]  [ffffed0021e00000-ffffed0021ffffff] PMD -> [ffff880121a00000-ffff880121bfffff] on node -1
[    0.000000]  [ffffed0022000000-ffffed00221fffff] PMD -> [ffff880121800000-ffff8801219fffff] on node -1
[    0.000000]  [ffffed0022200000-ffffed00223fffff] PMD -> [ffff880121600000-ffff8801217fffff] on node -1
[    0.000000]  [ffffed0022400000-ffffed00225fffff] PMD -> [ffff880121400000-ffff8801215fffff] on node -1
[    0.000000]  [ffffed0022600000-ffffed00227fffff] PMD -> [ffff880121200000-ffff8801213fffff] on node -1
[    0.000000]  [ffffed0022800000-ffffed00229fffff] PMD -> [ffff880121000000-ffff8801211fffff] on node -1
[    0.000000]  [ffffed0022a00000-ffffed0022bfffff] PMD -> [ffff880120e00000-ffff880120ffffff] on node -1
[    0.000000]  [ffffed0022c00000-ffffed0022dfffff] PMD -> [ffff880120c00000-ffff880120dfffff] on node -1
[    0.000000]  [ffffed0022e00000-ffffed0022ffffff] PMD -> [ffff880120a00000-ffff880120bfffff] on node -1
[    0.000000]  [ffffed0023000000-ffffed00231fffff] PMD -> [ffff880120800000-ffff8801209fffff] on node -1
[    0.000000]  [ffffed0023200000-ffffed00233fffff] PMD -> [ffff880120600000-ffff8801207fffff] on node -1
[    0.000000]  [ffffed0023400000-ffffed00235fffff] PMD -> [ffff880120400000-ffff8801205fffff] on node -1
[    0.000000]  [ffffed0023600000-ffffed00237fffff] PMD -> [ffff880120200000-ffff8801203fffff] on node -1
[    0.000000]  [ffffed0023800000-ffffed00239fffff] PMD -> [ffff880120000000-ffff8801201fffff] on node -1
[    0.000000]  [ffffed0023a00000-ffffed0023bfffff] PMD -> [ffff88011fe00000-ffff88011fffffff] on node -1
[    0.000000]  [ffffed0023c00000-ffffed0023dfffff] PMD -> [ffff88011fc00000-ffff88011fdfffff] on node -1
[    0.000000]  [ffffed0023e00000-ffffed0023ffffff] PMD -> [ffff88011fa00000-ffff88011fbfffff] on node -1
[    0.000000]  [ffffed0024000000-ffffed00241fffff] PMD -> [ffff88011f800000-ffff88011f9fffff] on node -1
[    0.000000]  [ffffed0024200000-ffffed00243fffff] PMD -> [ffff88011f600000-ffff88011f7fffff] on node -1
[    0.000000]  [ffffed0024400000-ffffed00245fffff] PMD -> [ffff88011f400000-ffff88011f5fffff] on node -1
[    0.000000]  [ffffed0024600000-ffffed00247fffff] PMD -> [ffff88011f200000-ffff88011f3fffff] on node -1
[    0.000000]  [ffffed0024800000-ffffed00249fffff] PMD -> [ffff88011f000000-ffff88011f1fffff] on node -1
[    0.000000]  [ffffed0024a00000-ffffed0024bfffff] PMD -> [ffff88011ee00000-ffff88011effffff] on node -1
[    0.000000]  [ffffed0024c00000-ffffed0024dfffff] PMD -> [ffff88011ec00000-ffff88011edfffff] on node -1
[    0.000000]  [ffffed0024e00000-ffffed0024ffffff] PMD -> [ffff88011ea00000-ffff88011ebfffff] on node -1
[    0.000000]  [ffffed0025000000-ffffed00251fffff] PMD -> [ffff88011e800000-ffff88011e9fffff] on node -1
[    0.000000]  [ffffed0025200000-ffffed00253fffff] PMD -> [ffff88011e600000-ffff88011e7fffff] on node -1
[    0.000000]  [ffffed0025400000-ffffed00255fffff] PMD -> [ffff88011e400000-ffff88011e5fffff] on node -1
[    0.000000]  [ffffed0025600000-ffffed00257fffff] PMD -> [ffff88011e200000-ffff88011e3fffff] on node -1
[    0.000000]  [ffffed0025800000-ffffed00259fffff] PMD -> [ffff88011e000000-ffff88011e1fffff] on node -1
[    0.000000]  [ffffed0025a00000-ffffed0025bfffff] PMD -> [ffff88011de00000-ffff88011dffffff] on node -1
[    0.000000]  [ffffed0025c00000-ffffed0025dfffff] PMD -> [ffff88011dc00000-ffff88011ddfffff] on node -1
[    0.000000]  [ffffed0025e00000-ffffed0025ffffff] PMD -> [ffff88011da00000-ffff88011dbfffff] on node -1
[    0.000000]  [ffffed0026000000-ffffed00261fffff] PMD -> [ffff88011d800000-ffff88011d9fffff] on node -1
[    0.000000]  [ffffed0026200000-ffffed00263fffff] PMD -> [ffff88011d600000-ffff88011d7fffff] on node -1
[    0.000000]  [ffffed0026400000-ffffed00265fffff] PMD -> [ffff88011d400000-ffff88011d5fffff] on node -1
[    0.000000]  [ffffed0026600000-ffffed00267fffff] PMD -> [ffff88011d200000-ffff88011d3fffff] on node -1
[    0.000000]  [ffffed0026800000-ffffed00269fffff] PMD -> [ffff88011d000000-ffff88011d1fffff] on node -1
[    0.000000]  [ffffed0026a00000-ffffed0026bfffff] PMD -> [ffff88011ce00000-ffff88011cffffff] on node -1
[    0.000000]  [ffffed0026c00000-ffffed0026dfffff] PMD -> [ffff88011cc00000-ffff88011cdfffff] on node -1
[    0.000000]  [ffffed0026e00000-ffffed0026ffffff] PMD -> [ffff88011ca00000-ffff88011cbfffff] on node -1
[    0.000000]  [ffffed0027000000-ffffed00271fffff] PMD -> [ffff88011c800000-ffff88011c9fffff] on node -1
[    0.000000]  [ffffed0027200000-ffffed00273fffff] PMD -> [ffff88011c600000-ffff88011c7fffff] on node -1
[    0.000000]  [ffffed0027400000-ffffed00275fffff] PMD -> [ffff88011c400000-ffff88011c5fffff] on node -1
[    0.000000]  [ffffed0027600000-ffffed00277fffff] PMD -> [ffff88011c200000-ffff88011c3fffff] on node -1
[    0.000000]  [ffffed0027800000-ffffed00279fffff] PMD -> [ffff88011c000000-ffff88011c1fffff] on node -1
[    0.000000]  [ffffed0027a00000-ffffed0027bfffff] PMD -> [ffff88011be00000-ffff88011bffffff] on node -1
[    0.000000]  [ffffed0027c00000-ffffed0027dfffff] PMD -> [ffff88011bc00000-ffff88011bdfffff] on node -1
[    0.000000]  [ffffed0027e00000-ffffed0027ffffff] PMD -> [ffff88011ba00000-ffff88011bbfffff] on node -1
[    0.000000]  [ffffed0028000000-ffffed00281fffff] PMD -> [ffff88011b800000-ffff88011b9fffff] on node -1
[    0.000000]  [fffffbfff0200039-fffffbfff0400038] PMD -> [ffff88011b600000-ffff88011b7fffff] on node -1
[    0.000000]  [fffffbfff0400000-fffffbfff05fffff] PMD -> [ffff88011b400000-ffff88011b5fffff] on node -1
[    0.000000] kasan: Kernel address sanitizer initialized
[    0.000000] ACPI: PM-Timer IO Port: 0x608
[    0.000000] ACPI: Local APIC address 0xfee00000
[    0.000000] ACPI: LAPIC_NMI (acpi_id[0xff] dfl dfl lint[0x1])
[    0.000000] IOAPIC[0]: apic_id 0, version 17, address 0xfec00000, GSI 0-23
[    0.000000] ACPI: INT_SRC_OVR (bus 0 bus_irq 0 global_irq 2 dfl dfl)
[    0.000000] ACPI: INT_SRC_OVR (bus 0 bus_irq 5 global_irq 5 high level)
[    0.000000] ACPI: INT_SRC_OVR (bus 0 bus_irq 9 global_irq 9 high level)
[    0.000000] ACPI: INT_SRC_OVR (bus 0 bus_irq 10 global_irq 10 high level)
[    0.000000] ACPI: INT_SRC_OVR (bus 0 bus_irq 11 global_irq 11 high level)
[    0.000000] ACPI: IRQ0 used by override.
[    0.000000] ACPI: IRQ5 used by override.
[    0.000000] ACPI: IRQ9 used by override.
[    0.000000] ACPI: IRQ10 used by override.
[    0.000000] ACPI: IRQ11 used by override.
[    0.000000] Using ACPI (MADT) for SMP configuration information
[    0.000000] ACPI: HPET id: 0x8086a201 base: 0xfed00000
[    0.000000] smpboot: Allowing 4 CPUs, 0 hotplug CPUs
[    0.000000] PM: Registered nosave memory: [mem 0x00000000-0x00000fff]
[    0.000000] PM: Registered nosave memory: [mem 0x0009f000-0x0009ffff]
[    0.000000] PM: Registered nosave memory: [mem 0x000a0000-0x000effff]
[    0.000000] PM: Registered nosave memory: [mem 0x000f0000-0x000fffff]
[    0.000000] PM: Registered nosave memory: [mem 0xbffdf000-0xbfffffff]
[    0.000000] PM: Registered nosave memory: [mem 0xc0000000-0xfeffbfff]
[    0.000000] PM: Registered nosave memory: [mem 0xfeffc000-0xfeffffff]
[    0.000000] PM: Registered nosave memory: [mem 0xff000000-0xfffbffff]
[    0.000000] PM: Registered nosave memory: [mem 0xfffc0000-0xffffffff]
[    0.000000] e820: [mem 0xc0000000-0xfeffbfff] available for PCI devices
[    0.000000] Booting paravirtualized kernel on KVM
[    0.000000] clocksource: refined-jiffies: mask: 0xffffffff max_cycles: 0xffffffff, max_idle_ns: 1910969940391419 ns
[    0.000000] setup_percpu: NR_CPUS:64 nr_cpumask_bits:64 nr_cpu_ids:4 nr_node_ids:1
[    0.000000] PERCPU: Embedded 40 pages/cpu @ffff88011b000000 s126488 r8192 d29160 u524288
[    0.000000] pcpu-alloc: s126488 r8192 d29160 u524288 alloc=1*2097152
[    0.000000] pcpu-alloc: [0] 0 1 2 3 
[    0.000000] KVM setup async PF for cpu 0
[    0.000000] kvm-stealtime: cpu 0, msr 11b016440
[    0.000000] Built 1 zonelists in Node order, mobility grouping on.  Total pages: 1032040
[    0.000000] Policy zone: Normal
[    0.000000] Kernel command line: console=ttyS0 root=/dev/sda debug earlyprintk=serial slub_debug=U
[    0.000000] PID hash table entries: 4096 (order: 3, 32768 bytes)
[    0.000000] Calgary: detecting Calgary via BIOS EBDA area
[    0.000000] Calgary: Unable to locate Rio Grande table in EBDA - bailing!
[    0.000000] Memory: 3485184K/4193780K available (30170K kernel code, 4162K rwdata, 5100K rodata, 1488K init, 1080K bss, 708596K reserved, 0K cma-reserved)
[    0.000000] SLUB: HWalign=64, Order=0-3, MinObjects=0, CPUs=4, Nodes=1
[    0.000000] Hierarchical RCU implementation.
[    0.000000] 	Additional per-CPU info printed with stalls.
[    0.000000] 	Build-time adjustment of leaf fanout to 64.
[    0.000000] 	RCU restricting CPUs from NR_CPUS=64 to nr_cpu_ids=4.
[    0.000000] RCU: Adjusting geometry for rcu_fanout_leaf=64, nr_cpu_ids=4
[    0.000000] NR_IRQS:4352 nr_irqs:456 16
[    0.000000] Console: colour VGA+ 80x25
[    0.000000] console [ttyS0] enabled
[    0.000000] console [ttyS0] enabled
[    0.000000] bootconsole [earlyser0] disabled
[    0.000000] bootconsole [earlyser0] disabled
[    0.000000] clocksource: hpet: mask: 0xffffffff max_cycles: 0xffffffff, max_idle_ns: 19112604467 ns
[    0.000000] hpet clockevent registered
[    0.000000] tsc: Detected 3392.294 MHz processor
[    0.003000] Calibrating delay loop (skipped) preset value.. 6784.58 BogoMIPS (lpj=3392294)
[    0.003000] pid_max: default: 32768 minimum: 301
[    0.003035] ACPI: Core revision 20150619
[    0.052301] ACPI: All ACPI Tables successfully acquired
[    0.052996] Security Framework initialized
[    0.053006] SELinux:  Initializing.
[    0.053432] SELinux:  Starting in permissive mode
[    0.054400] Dentry cache hash table entries: 524288 (order: 10, 4194304 bytes)
[    0.058617] Inode-cache hash table entries: 262144 (order: 9, 2097152 bytes)
[    0.060748] Mount-cache hash table entries: 8192 (order: 4, 65536 bytes)
[    0.061020] Mountpoint-cache hash table entries: 8192 (order: 4, 65536 bytes)
[    0.063476] Initializing cgroup subsys freezer
[    0.064104] mce: CPU supports 10 MCE banks
[    0.064598] Last level iTLB entries: 4KB 0, 2MB 0, 4MB 0
[    0.065005] Last level dTLB entries: 4KB 0, 2MB 0, 4MB 0, 1GB 0
[    0.066132] Freeing SMP alternatives memory: 32K (ffffffff8398a000 - ffffffff83992000)
[    0.071410] ..TIMER: vector=0x30 apic1=0 pin1=2 apic2=-1 pin2=-1
[    0.072000] smpboot: CPU0: Intel QEMU Virtual CPU version 2.5+ (fam: 06, model: 06, stepping: 03)
[    0.072240] Performance Events: Broken PMU hardware detected, using software events only.
[    0.073003] Failed to access perfctr msr (MSR c2 is 0)
[    0.075563] x86: Booting SMP configuration:
[    0.076003] .... node  #0, CPUs:      #1
[    0.003000] kvm-clock: cpu 1, msr 1:3fff8041, secondary cpu clock
[    0.079020] KVM setup async PF for cpu 1
[    0.079498] kvm-stealtime: cpu 1, msr 11b096440
[    0.003000]  #2
[    0.003000] kvm-clock: cpu 2, msr 1:3fff8081, secondary cpu clock
[    0.083020] KVM setup async PF for cpu 2
[    0.083572] kvm-stealtime: cpu 2, msr 11b116440
[    0.003000]  #3
[    0.003000] kvm-clock: cpu 3, msr 1:3fff80c1, secondary cpu clock
[    0.087041] x86: Booted up 1 node, 4 CPUs
[    0.087026] KVM setup async PF for cpu 3
[    0.087026] kvm-stealtime: cpu 3, msr 11b196440
[    0.088491] smpboot: Total of 4 processors activated (27138.35 BogoMIPS)
[    0.090182] devtmpfs: initialized
[    0.096414] kworker/u8:0 (26) used greatest stack depth: 29104 bytes left
[    0.097484] clocksource: jiffies: mask: 0xffffffff max_cycles: 0xffffffff, max_idle_ns: 1911260446275000 ns
[    0.098178] RTC time:  9:41:59, date: 11/01/16
[    0.098788] NET: Registered protocol family 16
[    0.100856] kworker/u8:0 (32) used greatest stack depth: 28384 bytes left
[    0.107026] cpuidle: using governor ladder
[    0.112026] cpuidle: using governor menu
[    0.112861] ACPI: bus type PCI registered
[    0.114116] PCI: Using configuration type 1 for base access
[    0.175158] ACPI: Added _OSI(Module Device)
[    0.175806] ACPI: Added _OSI(Processor Device)
[    0.176012] ACPI: Added _OSI(3.0 _SCP Extensions)
[    0.176519] ACPI: Added _OSI(Processor Aggregator Device)
[    0.197371] ACPI: Interpreter enabled
[    0.197978] ACPI Exception: AE_NOT_FOUND, While evaluating Sleep State [\_S1_] (20150619/hwxface-580)
[    0.199023] ACPI Exception: AE_NOT_FOUND, While evaluating Sleep State [\_S2_] (20150619/hwxface-580)
[    0.200102] ACPI: (supports S0 S3 S4 S5)
[    0.200591] ACPI: Using IOAPIC for interrupt routing
[    0.201273] PCI: Using host bridge windows from ACPI; if necessary, use "pci=nocrs" and report a bug
[    0.302856] ACPI: PCI Root Bridge [PCI0] (domain 0000 [bus 00-ff])
[    0.304049] acpi PNP0A03:00: _OSC: OS supports [ASPM ClockPM Segments MSI]
[    0.304150] acpi PNP0A03:00: _OSC failed (AE_NOT_FOUND); disabling ASPM
[    0.305258] acpi PNP0A03:00: fail to add MMCONFIG information, can't access extended PCI configuration space under this bridge.
[    0.308233] PCI host bridge to bus 0000:00
[    0.308788] pci_bus 0000:00: root bus resource [bus 00-ff]
[    0.309014] pci_bus 0000:00: root bus resource [io  0x0000-0x0cf7 window]
[    0.310013] pci_bus 0000:00: root bus resource [io  0x0d00-0xffff window]
[    0.310760] pci_bus 0000:00: root bus resource [mem 0x000a0000-0x000bffff window]
[    0.312013] pci_bus 0000:00: root bus resource [mem 0xc0000000-0xfebfffff window]
[    0.312051] pci 0000:00:00.0: [8086:1237] type 00 class 0x060000
[    0.317097] pci 0000:00:01.0: [8086:7000] type 00 class 0x060100
[    0.321319] pci 0000:00:01.1: [8086:7010] type 00 class 0x010180
[    0.324007] pci 0000:00:01.1: reg 0x20: [io  0xc040-0xc04f]
[    0.325438] pci 0000:00:01.1: legacy IDE quirk: reg 0x10: [io  0x01f0-0x01f7]
[    0.326005] pci 0000:00:01.1: legacy IDE quirk: reg 0x14: [io  0x03f6]
[    0.326680] pci 0000:00:01.1: legacy IDE quirk: reg 0x18: [io  0x0170-0x0177]
[    0.327003] pci 0000:00:01.1: legacy IDE quirk: reg 0x1c: [io  0x0376]
[    0.331551] pci 0000:00:01.3: [8086:7113] type 00 class 0x068000
[    0.332381] pci 0000:00:01.3: quirk: [io  0x0600-0x063f] claimed by PIIX4 ACPI
[    0.334043] pci 0000:00:01.3: quirk: [io  0x0700-0x070f] claimed by PIIX4 SMB
[    0.338000] pci 0000:00:02.0: [1234:1111] type 00 class 0x030000
[    0.341029] pci 0000:00:02.0: reg 0x10: [mem 0xfd000000-0xfdffffff pref]
[    0.343430] pci 0000:00:02.0: reg 0x18: [mem 0xfebf0000-0xfebf0fff]
[    0.348033] pci 0000:00:02.0: reg 0x30: [mem 0xfebe0000-0xfebeffff pref]
[    0.352697] pci 0000:00:03.0: [8086:100e] type 00 class 0x020000
[    0.353638] pci 0000:00:03.0: reg 0x10: [mem 0xfebc0000-0xfebdffff]
[    0.355298] pci 0000:00:03.0: reg 0x14: [io  0xc000-0xc03f]
[    0.358612] pci 0000:00:03.0: reg 0x30: [mem 0xfeb80000-0xfebbffff pref]
[    0.373954] ACPI: PCI Interrupt Link [LNKA] (IRQs 5 *10 11)
[    0.376867] ACPI: PCI Interrupt Link [LNKB] (IRQs 5 *10 11)
[    0.379775] ACPI: PCI Interrupt Link [LNKC] (IRQs 5 10 *11)
[    0.382675] ACPI: PCI Interrupt Link [LNKD] (IRQs 5 10 *11)
[    0.384191] ACPI: PCI Interrupt Link [LNKS] (IRQs *9)
[    0.397793] ACPI: Enabled 16 GPEs in block 00 to 0F
[    0.399157] vgaarb: setting as boot device: PCI:0000:00:02.0
[    0.399760] vgaarb: device added: PCI:0000:00:02.0,decodes=io+mem,owns=io+mem,locks=none
[    0.401121] vgaarb: loaded
[    0.401432] vgaarb: bridge control possible 0000:00:02.0
[    0.403333] SCSI subsystem initialized
[    0.404188] libata version 3.00 loaded.
[    0.405246] ACPI: bus type USB registered
[    0.406086] usbcore: registered new interface driver usbfs
[    0.407001] usbcore: registered new interface driver hub
[    0.408005] usbcore: registered new device driver usb
[    0.408373] pps_core: LinuxPPS API ver. 1 registered
[    0.409003] pps_core: Software ver. 5.3.6 - Copyright 2005-2007 Rodolfo Giometti <giometti@linux.it>
[    0.410065] PTP clock support registered
[    0.411538] Advanced Linux Sound Architecture Driver Initialized.
[    0.412304] PCI: Using ACPI for IRQ routing
[    0.413005] PCI: pci_cache_line_size set to 64 bytes
[    0.413604] e820: reserve RAM buffer [mem 0x0009fc00-0x0009ffff]
[    0.414012] e820: reserve RAM buffer [mem 0xbffdf000-0xbfffffff]
[    0.418043] NetLabel: Initializing
[    0.418043] NetLabel:  domain hash size = 128
[    0.418491] NetLabel:  protocols = UNLABELED CIPSOv4
[    0.419120] NetLabel:  unlabeled traffic allowed by default
[    0.420232] HPET: 3 timers in total, 0 timers will be used for per-cpu timer
[    0.421252] hpet0: at MMIO 0xfed00000, IRQs 2, 8, 0
[    0.421807] hpet0: 3 comparators, 64-bit 100.000000 MHz counter
[    0.426144] clocksource: Switched to clocksource kvm-clock
[    0.512274] pnp: PnP ACPI init
[    0.513547] pnp 00:00: Plug and Play ACPI device, IDs PNP0b00 (active)
[    0.514909] pnp 00:01: Plug and Play ACPI device, IDs PNP0303 (active)
[    0.516224] pnp 00:02: Plug and Play ACPI device, IDs PNP0f13 (active)
[    0.517510] pnp 00:03: [dma 2]
[    0.518233] pnp 00:03: Plug and Play ACPI device, IDs PNP0700 (active)
[    0.519912] pnp 00:04: Plug and Play ACPI device, IDs PNP0400 (active)
[    0.521561] pnp 00:05: Plug and Play ACPI device, IDs PNP0501 (active)
[    0.526954] pnp: PnP ACPI: found 6 devices
[    0.556385] clocksource: acpi_pm: mask: 0xffffff max_cycles: 0xffffff, max_idle_ns: 2085701024 ns
[    0.557419] pci_bus 0000:00: resource 4 [io  0x0000-0x0cf7 window]
[    0.558093] pci_bus 0000:00: resource 5 [io  0x0d00-0xffff window]
[    0.558751] pci_bus 0000:00: resource 6 [mem 0x000a0000-0x000bffff window]
[    0.559460] pci_bus 0000:00: resource 7 [mem 0xc0000000-0xfebfffff window]
[    0.560341] NET: Registered protocol family 2
[    0.561584] TCP established hash table entries: 32768 (order: 6, 262144 bytes)
[    0.562501] TCP bind hash table entries: 32768 (order: 7, 524288 bytes)
[    0.563457] TCP: Hash tables configured (established 32768 bind 32768)
[    0.564298] UDP hash table entries: 2048 (order: 4, 65536 bytes)
[    0.564974] UDP-Lite hash table entries: 2048 (order: 4, 65536 bytes)
[    0.566072] NET: Registered protocol family 1
[    0.567100] RPC: Registered named UNIX socket transport module.
[    0.567748] RPC: Registered udp transport module.
[    0.568234] RPC: Registered tcp transport module.
[    0.568728] RPC: Registered tcp NFSv4.1 backchannel transport module.
[    0.569430] pci 0000:00:00.0: Limiting direct PCI/PCI transfers
[    0.570075] pci 0000:00:01.0: PIIX3: Enabling Passive Release
[    0.570707] pci 0000:00:01.0: Activating ISA DMA hang workarounds
[    0.571388] pci 0000:00:02.0: Video device with shadowed ROM
[    0.571990] PCI: CLS 0 bytes, default 64
[    0.572865] PCI-DMA: Using software bounce buffering for IO (SWIOTLB)
[    0.573592] software IO TLB [mem 0xbbfdf000-0xbffdf000] (64MB) mapped at [ffff8800bbfdf000-ffff8800bffdefff]
[    0.575257] microcode: CPU0 sig=0x663, pf=0x1, revision=0x1
[    0.575915] microcode: CPU1 sig=0x663, pf=0x1, revision=0x1
[    0.576623] microcode: CPU2 sig=0x663, pf=0x1, revision=0x1
[    0.577328] microcode: CPU3 sig=0x663, pf=0x1, revision=0x1
[    0.578446] microcode: Microcode Update Driver: v2.00 <tigran@aivazian.fsnet.co.uk>, Peter Oruba
[    0.583385] Scanning for low memory corruption every 60 seconds
[    0.587914] futex hash table entries: 1024 (order: 4, 65536 bytes)
[    0.588689] audit: initializing netlink subsys (disabled)
[    0.589342] audit: type=2000 audit(1477993320.749:1): initialized
[    0.591896] HugeTLB registered 2 MB page size, pre-allocated 0 pages
[    0.670561] kworker/u8:0 (684) used greatest stack depth: 28256 bytes left
[    0.723968] VFS: Disk quotas dquot_6.6.0
[    0.724947] VFS: Dquot-cache hash table entries: 512 (order 0, 4096 bytes)
[    0.737446] NFS: Registering the id_resolver key type
[    0.738070] Key type id_resolver registered
[    0.738521] Key type id_legacy registered
[    0.739480] 9p: Installing v9fs 9p2000 file system support
[    0.741339] SELinux:  Registering netfilter hooks
[    0.745928] Block layer SCSI generic (bsg) driver version 0.4 loaded (major 251)
[    0.746747] io scheduler noop registered
[    0.747203] io scheduler deadline registered
[    0.748620] io scheduler cfq registered (default)
[    0.749778] pci_hotplug: PCI Hot Plug PCI Core version: 0.5
[    0.751452] input: Power Button as /devices/LNXSYSTM:00/LNXPWRBN:00/input/input0
[    0.752292] ACPI: Power Button [PWRF]
[    0.755704] Serial: 8250/16550 driver, 4 ports, IRQ sharing enabled
[    0.778910] 00:05: ttyS0 at I/O 0x3f8 (irq = 4, base_baud = 115200) is a 16550A
[    0.784756] Non-volatile memory driver v1.3
[    0.785653] Linux agpgart interface v0.103
[    0.786646] [drm] Initialized drm 1.1.0 20060810
[    0.807870] loop: module loaded
[    0.809841] ata_piix 0000:00:01.1: version 2.13
[    0.817404] scsi host0: ata_piix
[    0.821099] scsi host1: ata_piix
[    0.822581] ata1: PATA max MWDMA2 cmd 0x1f0 ctl 0x3f6 bmdma 0xc040 irq 14
[    0.823315] ata2: PATA max MWDMA2 cmd 0x170 ctl 0x376 bmdma 0xc048 irq 15
[    0.825332] e100: Intel(R) PRO/100 Network Driver, 3.5.24-k2-NAPI
[    0.825978] e100: Copyright(c) 1999-2006 Intel Corporation
[    0.826753] e1000: Intel(R) PRO/1000 Network Driver - version 7.3.21-k8-NAPI
[    0.827513] e1000: Copyright (c) 1999-2006 Intel Corporation.
[    0.975466] ata1.01: NODEV after polling detection
[    0.976233] ata2.01: NODEV after polling detection
[    0.977171] ata1.00: ATA-7: QEMU HARDDISK, 2.5+, max UDMA/100
[    0.978125] ata1.00: 2099200 sectors, multi 16: LBA48 
[    0.979072] ata2.00: ATAPI: QEMU DVD-ROM, 2.5+, max UDMA/100
[    0.980158] ata1.00: configured for MWDMA2
[    0.980838] ata2.00: configured for MWDMA2
[    0.981331] scsi 0:0:0:0: Direct-Access     ATA      QEMU HARDDISK    2.5+ PQ: 0 ANSI: 5
[    0.984069] sd 0:0:0:0: [sda] 2099200 512-byte logical blocks: (1.07 GB/1.00 GiB)
[    0.985522] sd 0:0:0:0: [sda] Write Protect is off
[    0.986104] sd 0:0:0:0: [sda] Mode Sense: 00 3a 00 00
[    0.986854] sd 0:0:0:0: [sda] Write cache: enabled, read cache: enabled, doesn't support DPO or FUA
[    0.991541] sd 0:0:0:0: Attached scsi generic sg0 type 0
[    0.994714] sd 0:0:0:0: [sda] Attached SCSI disk
[    0.996040] scsi 1:0:0:0: CD-ROM            QEMU     QEMU DVD-ROM     2.5+ PQ: 0 ANSI: 5
[    1.009822] sr 1:0:0:0: [sr0] scsi3-mmc drive: 4x/4x cd/rw xa/form2 tray
[    1.010968] cdrom: Uniform CD-ROM driver Revision: 3.20
[    1.016147] sr 1:0:0:0: Attached scsi CD-ROM sr0
[    1.018684] sr 1:0:0:0: Attached scsi generic sg1 type 5
[    1.576126] tsc: Refined TSC clocksource calibration: 3392.387 MHz
[    1.577180] clocksource: tsc: mask: 0xffffffffffffffff max_cycles: 0x30e636e574b, max_idle_ns: 440795272499 ns
[    3.317997] ACPI: PCI Interrupt Link [LNKC] enabled at IRQ 11
[    3.616106] e1000 0000:00:03.0 eth0: (PCI:33MHz:32-bit) 52:54:00:12:34:56
[    3.616899] e1000 0000:00:03.0 eth0: Intel(R) PRO/1000 Network Connection
[    3.617812] sky2: driver version 1.30
[    3.619482] ehci_hcd: USB 2.0 'Enhanced' Host Controller (EHCI) Driver
[    3.620652] ehci-pci: EHCI PCI platform driver
[    3.621601] ohci_hcd: USB 1.1 'Open' Host Controller (OHCI) Driver
[    3.623276] ohci-pci: OHCI PCI platform driver
[    3.624601] uhci_hcd: USB Universal Host Controller Interface driver
[    3.627560] usbcore: registered new interface driver usblp
[    3.629001] usbcore: registered new interface driver usb-storage
[    3.630756] i8042: PNP: PS/2 Controller [PNP0303:KBD,PNP0f13:MOU] at 0x60,0x64 irq 1,12
[    3.634303] serio: i8042 KBD port at 0x60,0x64 irq 1
[    3.635668] serio: i8042 AUX port at 0x60,0x64 irq 12
[    3.638768] mousedev: PS/2 mouse device common for all mice
[    3.641393] rtc_cmos 00:00: RTC can wake from S4
[    3.642543] input: AT Translated Set 2 keyboard as /devices/platform/i8042/serio0/input/input1
[    3.644590] rtc_cmos 00:00: rtc core: registered rtc_cmos as rtc0
[    3.645861] rtc_cmos 00:00: alarms up to one day, 114 bytes nvram, hpet irqs
[    3.651820] device-mapper: ioctl: 4.32.0-ioctl (2015-6-26) initialised: dm-devel@redhat.com
[    3.653480] hidraw: raw HID events driver (C) Jiri Kosina
[    3.657768] usbcore: registered new interface driver usbhid
[    3.658674] usbhid: USB HID core driver
[    3.663158] Netfilter messages via NETLINK v0.30.
[    3.664068] nf_conntrack version 0.5.0 (16384 buckets, 65536 max)
[    3.667079] ctnetlink v0.93: registering with nfnetlink.
[    3.668684] ip_tables: (C) 2000-2006 Netfilter Core Team
[    3.669805] Initializing XFRM netlink socket
[    3.696202] NET: Registered protocol family 10
[    3.699776] ip6_tables: (C) 2000-2006 Netfilter Core Team
[    3.701235] sit: IPv6 over IPv4 tunneling driver
[    3.703708] NET: Registered protocol family 17
[    3.704449] 9pnet: Installing 9P2000 support
[    3.705209] Key type dns_resolver registered
[    3.711510] registered taskstats version 1
[    3.713551]   Magic number: 8:191:676
[    3.714127] console [netcon0] enabled
[    3.714560] netconsole: network logging started
[    3.717162] PM: Hibernation image not present or could not be loaded.
[    3.717896] ALSA device list:
[    3.718278]   No soundcards found.
[    4.257771] input: ImExPS/2 Generic Explorer Mouse as /devices/platform/i8042/serio1/input/input3
[    4.262085] md: Waiting for all devices to be available before autodetect
[    4.264352] md: If you don't use raid, use raid=noautodetect
[    4.271917] md: Autodetecting RAID arrays.
[    4.272792] md: Scanned 0 and added 0 devices.
[    4.273746] md: autorun ...
[    4.274345] md: ... autorun DONE.
[    4.276338] EXT4-fs (sda): couldn't mount as ext3 due to feature incompatibilities
[    4.279194] EXT4-fs (sda): couldn't mount as ext2 due to feature incompatibilities
[    4.298199] EXT4-fs (sda): mounted filesystem with ordered data mode. Opts: (null)
[    4.299720] VFS: Mounted root (ext4 filesystem) readonly on device 8:0.
[    4.302668] devtmpfs: mounted
[    4.303966] Freeing unused kernel memory: 1488K (ffffffff83816000 - ffffffff8398a000)
[    4.305559] Write protecting the kernel read-only data: 36864k
[    4.307306] Freeing unused kernel memory: 428K (ffff880002d95000 - ffff880002e00000)
[    4.309353] Freeing unused kernel memory: 1044K (ffff8800032fb000 - ffff880003400000)
SELinux:  Could not open policy file <= /etc/selinux/targeted/policy/policy.29:  No such file or directory
INIT: version 2.88 booting
[    4.405261] stty (1051) used greatest stack depth: 27328 bytes left
[    4.455232] tput (1055) used greatest stack depth: 27152 bytes left
[[36minfo[39;49m] Using makefile-style concurrent boot in runlevel S.
[    4.707659] create_static_n (1146) used greatest stack depth: 27080 bytes left
[....] Starting the hotplug events dispatcher: udevd[    4.724414] udevd[1159]: starting version 175
[?25l[?1c7[1G[[32m ok [39;49m8[?25h[?0c.
[....] Synthesizing the initial hotplug events...[?25l[?1c7[1G[[32m ok [39;49m8[?25h[?0cdone.
[....] Waiting for /dev to be fully populated...[    5.235419] random: nonblocking pool is initialized
[    5.278099] pci-db (1281) used greatest stack depth: 26448 bytes left
[    5.305967] cdrom_id (1282) used greatest stack depth: 26384 bytes left
[?25l[?1c7[1G[[32m ok [39;49m8[?25h[?0cdone.
[....] Activating swap...[?25l[?1c7[1G[[32m ok [39;49m8[?25h[?0cdone.
[    5.561461] EXT4-fs (sda): re-mounted. Opts: (null)
[....] Creating compatibility symlink from /etc/mtab to /proc/mounts. ...[?25l[?1c7[1G[[33mwarn[39;49m8[?25h[?0c [33m(warning).[39;49m
[....] Cleaning up temporary files... /tmp[?25l[?1c7[1G[[32m ok [39;49m8[?25h[?0c.
[....] Activating lvm and md swap...[?25l[?1c7[1G[[32m ok [39;49m8[?25h[?0cdone.
[....] Checking file systems...fsck from util-linux 2.20.1
[    6.440132] logsave (2076) used greatest stack depth: 26208 bytes left
[?25l[?1c7[1G[[32m ok [39;49m8[?25h[?0cdone.
[....] Mounting local filesystems...[?25l[?1c7[1G[[32m ok [39;49m8[?25h[?0cdone.
[....] Activating swapfile swap...[?25l[?1c7[1G[[32m ok [39;49m8[?25h[?0cdone.
[....] Cleaning up temporary files...[?25l[?1c7[1G[[32m ok [39;49m8[?25h[?0c.
[....] Setting kernel variables ...[?25l[?1c7[1G[[32m ok [39;49m8[?25h[?0cdone.
[....] Configuring network interfaces...[    6.896690] ip (2351) used greatest stack depth: 25456 bytes left
Internet Systems Consortium DHCP Client 4.2.2
Copyright 2004-2011 Internet Systems Consortium.
All rights reserved.
For info, please visit https://www.isc.org/software/dhcp/

[    6.971926] e1000: eth0 NIC Link is Up 1000 Mbps Full Duplex, Flow Control: RX
Listening on LPF/eth0/52:54:00:12:34:56
Sending on   LPF/eth0/52:54:00:12:34:56
Sending on   Socket/fallback
DHCPDISCOVER on eth0 to 255.255.255.255 port 67 interval 4
DHCPREQUEST on eth0 to 255.255.255.255 port 67
DHCPOFFER from 10.0.2.2
DHCPACK from 10.0.2.2
bound to 10.0.2.15 -- renewal in 33301 seconds.
[?25l[?1c7[1G[[32m ok [39;49m8[?25h[?0cdone.
[....] Cleaning up temporary files...[?25l[?1c7[1G[[32m ok [39;49m8[?25h[?0c.
INIT: Entering runlevel: 2
[[36minfo[39;49m] Using makefile-style concurrent boot in runlevel 2.
[....] Starting enhanced syslogd: rsyslogd[?25l[?1c7[1G[[32m ok [39;49m8[?25h[?0c.
[....] Starting periodic command scheduler: cron[?25l[?1c7[1G[[32m ok [39;49m8[?25h[?0c.
[....] Starting OpenBSD Secure Shell server: sshd[?25l[?1c7[1G[[32m ok [39;49m8[?25h[?0c.
[   10.498591] kt: running test for light, case 1, T2613
[   10.498591] 
[   10.502236] kt: starting light_test_wait_destroy test
[   10.708250] kt: end of test.
[   10.712855] 
[   10.713684] dump_desc: [50ms_wait]
[   10.715441] dump_desc evts: 0
[   10.716620] dump_desc   ts: 202
[   10.718157] dump_desc  ret: -22
[   10.719679] 
[   10.720507] dump_desc: [create_200ms_destroy]
[   10.722528] dump_desc evts: 0
[   10.723973] dump_desc   ts: 0 201
[   10.725168] dump_desc  ret: 0
[   10.725938] LIGHT_SUCCESS
[   10.728506] kt: running test for light, case 1, T2616
[   10.728506] 
[   10.730248] kt: starting light_test_wait_destroy test
[   10.934215] kt: end of test.
[   10.935740] 
[   10.936695] dump_desc: [50ms_wait]
[   10.939065] dump_desc evts: 1
[   10.941101] dump_desc   ts: 201
[   10.943242] dump_desc  ret: -22
[   10.945262] 
[   10.945976] dump_desc: [create_200ms_destroy]
[   10.948156] dump_desc evts: 1
[   10.949468] dump_desc   ts: 0 201
[   10.950875] dump_desc  ret: 0
[   10.952429] LIGHT_SUCCESS
[   10.955399] kt: running test for light, case 1, T2619
[   10.955399] 
[   10.959486] kt: starting light_test_wait_destroy test
[   11.164237] kt: end of test.
[   11.166946] 
[   11.168155] dump_desc: [50ms_wait]
[   11.170374] dump_desc evts: 2
[   11.172418] dump_desc   ts: 201
[   11.174767] dump_desc  ret: -22
[   11.176973] 
[   11.178023] dump_desc: [create_200ms_destroy]
[   11.180939] dump_desc evts: 2
[   11.182322] dump_desc   ts: 0 201
[   11.183744] dump_desc  ret: 0
[   11.185630] LIGHT_SUCCESS
[   11.189046] kt: running test for light, case 1, T2622
[   11.189046] 
[   11.193672] kt: starting light_test_wait_destroy test
[   11.397269] kt: end of test.
[   11.398933] 
[   11.399720] dump_desc: [50ms_wait]
[   11.403181] dump_desc evts: 3
[   11.404584] dump_desc   ts: 201
[   11.406148] dump_desc  ret: -22
[   11.407576] 
[   11.408252] dump_desc: [create_200ms_destroy]
[   11.410311] dump_desc evts: 3
[   11.411820] dump_desc   ts: 0 201
[   11.413636] dump_desc  ret: 0
[   11.414997] LIGHT_SUCCESS
[   11.417734] kt: running test for light, case 1, T2625
[   11.417734] 
[   11.419918] kt: starting light_test_wait_destroy test
[   11.623275] kt: end of test.
[   11.626615] 
[   11.627323] dump_desc: [50ms_wait]
[   11.629636] dump_desc evts: 4
[   11.631704] dump_desc   ts: 201
[   11.633981] dump_desc  ret: -22
[   11.636457] 
[   11.637623] dump_desc: [create_200ms_destroy]
[   11.641114] dump_desc evts: 4
[   11.643149] dump_desc   ts: 0 201
[   11.645335] dump_desc  ret: 0
[   11.646749] LIGHT_SUCCESS
[   11.649461] kt: running test for light, case 1, T2628
[   11.649461] 
[   11.652892] kt: starting light_test_wait_destroy test
[   11.857193] kt: end of test.
[   11.858761] 
[   11.859599] dump_desc: [50ms_wait]
[   11.861472] dump_desc evts: 5
[   11.863386] dump_desc   ts: 201
[   11.865356] dump_desc  ret: -22
[   11.867565] 
[   11.868781] dump_desc: [create_200ms_destroy]
[   11.872142] dump_desc evts: 5
[   11.874469] dump_desc   ts: 0 201
[   11.876864] dump_desc  ret: 0
[   11.879096] LIGHT_SUCCESS
[   11.883636] kt: running test for light, case 1, T2631
[   11.883636] 
[   11.887409] kt: starting light_test_wait_destroy test
[   12.091295] kt: end of test.
[   12.095365] 
[   12.096443] dump_desc: [50ms_wait]
[   12.098719] dump_desc evts: 6
[   12.100661] dump_desc   ts: 201
[   12.103085] dump_desc  ret: -22
[   12.105238] 
[   12.106273] dump_desc: [create_200ms_destroy]
[   12.109179] dump_desc evts: 6
[   12.111009] dump_desc   ts: 0 201
[   12.113028] dump_desc  ret: 0
[   12.114876] LIGHT_SUCCESS
[   12.118520] kt: running test for light, case 1, T2634
[   12.118520] 
[   12.122462] kt: starting light_test_wait_destroy test
[   12.330205] kt: end of test.
[   12.332035] 
[   12.332978] dump_desc: [50ms_wait]
[   12.334720] dump_desc evts: 7
[   12.336156] dump_desc   ts: 201
[   12.337746] dump_desc  ret: -22
[   12.339033] 
[   12.339480] dump_desc: [create_200ms_destroy]
[   12.340427] dump_desc evts: 7
[   12.341130] dump_desc   ts: 0 201
[   12.341807] dump_desc  ret: 0
[   12.342454] LIGHT_SUCCESS
INIT: Switching to runlevel: 0
INIT: Sending processes the TERM signal
[[36minfo[39;49m] Using makefile-style concurrent boot in runlevel 0.
[....] Asking all remaining processes to terminate...[?25l[?1c7[1G[[32m ok [39;49m8[?25h[?0cdone.
[....] All processes ended within 1 seconds...[?25l[?1c7[1G[[32m ok [39;49m8[?25h[?0cdone.
[....] Stopping enhanced syslogd: rsyslogd[?25l[?1c7[1G[[32m ok [39;49m8[?25h[?0c.
[....] Deconfiguring network interfaces...Internet Systems Consortium DHCP Client 4.2.2
Copyright 2004-2011 Internet Systems Consortium.
All rights reserved.
For info, please visit https://www.isc.org/software/dhcp/

Listening on LPF/eth0/52:54:00:12:34:56
Sending on   LPF/eth0/52:54:00:12:34:56
Sending on   Socket/fallback
DHCPRELEASE on eth0 to 10.0.2.2 port 67
[?25l[?1c7[1G[[32m ok [39;49m8[?25h[?0cdone.
[[36minfo[39;49m] Saving the system clock.
[[36minfo[39;49m] Hardware Clock updated to Tue Nov  1 09:42:14 UTC 2016.
[....] Deactivating swap...[?25l[?1c7[1G[[32m ok [39;49m8[?25h[?0cdone.
[....] Unmounting local filesystems...[?25l[?1c7[1G[[32m ok [39;49m8[?25h[?0cdone.
[   14.555878] EXT4-fs (sda): re-mounted. Opts: (null)
[[36minfo[39;49m] Will now halt.
[   17.605124] sd 0:0:0:0: [sda] Synchronizing SCSI cache
[   17.606115] sd 0:0:0:0: [sda] Stopping disk
[   19.191113] ACPI: Preparing to enter system sleep state S5
[   19.191728] reboot: Power down
[   19.192713] acpi_power_off called
