early console in setup code
early console in decompress_kernel

Decompressing Linux... Parsing ELF... done.
Booting the kernel.
[    0.000000] Initializing cgroup subsys cpuset
[    0.000000] Initializing cgroup subsys cpu
[    0.000000] Initializing cgroup subsys cpuacct
[    0.000000] Linux version 4.2.0-team50-kt (progman@m91p) (gcc version 5.4.0 20160609 (Ubuntu 5.4.0-6ubuntu1~16.04.2) ) #113 SMP Tue Nov 1 01:38:20 EDT 2016
[    0.000000] Command line: console=ttyS0 root=/dev/sda debug earlyprintk=serial
[    0.000000] x86/fpu: Legacy x87 FPU detected.
[    0.000000] x86/fpu: Using 'lazy' FPU context switches.
[    0.000000] e820: BIOS-provided physical RAM map:
[    0.000000] BIOS-e820: [mem 0x0000000000000000-0x000000000009fbff] usable
[    0.000000] BIOS-e820: [mem 0x000000000009fc00-0x000000000009ffff] reserved
[    0.000000] BIOS-e820: [mem 0x00000000000f0000-0x00000000000fffff] reserved
[    0.000000] BIOS-e820: [mem 0x0000000000100000-0x00000000bffdefff] usable
[    0.000000] BIOS-e820: [mem 0x00000000bffdf000-0x00000000bfffffff] reserved
[    0.000000] BIOS-e820: [mem 0x00000000feffc000-0x00000000feffffff] reserved
[    0.000000] BIOS-e820: [mem 0x00000000fffc0000-0x00000000ffffffff] reserved
[    0.000000] BIOS-e820: [mem 0x0000000100000000-0x000000013fffffff] usable
[    0.000000] bootconsole [earlyser0] enabled
[    0.000000] NX (Execute Disable) protection: active
[    0.000000] SMBIOS 2.8 present.
[    0.000000] DMI: QEMU Standard PC (i440FX + PIIX, 1996), BIOS Ubuntu-1.8.2-1ubuntu1 04/01/2014
[    0.000000] Hypervisor detected: KVM
[    0.000000] e820: update [mem 0x00000000-0x00000fff] usable ==> reserved
[    0.000000] e820: remove [mem 0x000a0000-0x000fffff] usable
[    0.000000] e820: last_pfn = 0x140000 max_arch_pfn = 0x400000000
[    0.000000] MTRR default type: write-back
[    0.000000] MTRR fixed ranges enabled:
[    0.000000]   00000-9FFFF write-back
[    0.000000]   A0000-BFFFF uncachable
[    0.000000]   C0000-FFFFF write-protect
[    0.000000] MTRR variable ranges enabled:
[    0.000000]   0 base 00C0000000 mask FFC0000000 uncachable
[    0.000000]   1 disabled
[    0.000000]   2 disabled
[    0.000000]   3 disabled
[    0.000000]   4 disabled
[    0.000000]   5 disabled
[    0.000000]   6 disabled
[    0.000000]   7 disabled
[    0.000000] x86/PAT: PAT not supported by CPU.
[    0.000000] e820: last_pfn = 0xbffdf max_arch_pfn = 0x400000000
[    0.000000] found SMP MP-table at [mem 0x000f6600-0x000f660f] mapped at [ffff8800000f6600]
[    0.000000] Scanning 1 areas for low memory corruption
[    0.000000] Base memory trampoline at [ffff880000099000] 99000 size 24576
[    0.000000] init_memory_mapping: [mem 0x00000000-0x000fffff]
[    0.000000]  [mem 0x00000000-0x000fffff] page 4k
[    0.000000] BRK [0x022bd000, 0x022bdfff] PGTABLE
[    0.000000] BRK [0x022be000, 0x022befff] PGTABLE
[    0.000000] BRK [0x022bf000, 0x022bffff] PGTABLE
[    0.000000] init_memory_mapping: [mem 0x13fe00000-0x13fffffff]
[    0.000000]  [mem 0x13fe00000-0x13fffffff] page 2M
[    0.000000] BRK [0x022c0000, 0x022c0fff] PGTABLE
[    0.000000] init_memory_mapping: [mem 0x120000000-0x13fdfffff]
[    0.000000]  [mem 0x120000000-0x13fdfffff] page 2M
[    0.000000] init_memory_mapping: [mem 0x00100000-0xbffdefff]
[    0.000000]  [mem 0x00100000-0x001fffff] page 4k
[    0.000000]  [mem 0x00200000-0xbfdfffff] page 2M
[    0.000000]  [mem 0xbfe00000-0xbffdefff] page 4k
[    0.000000] init_memory_mapping: [mem 0x100000000-0x11fffffff]
[    0.000000]  [mem 0x100000000-0x11fffffff] page 2M
[    0.000000] ACPI: Early table checksum verification disabled
[    0.000000] ACPI: RSDP 0x00000000000F65B0 000014 (v00 BOCHS )
[    0.000000] ACPI: RSDT 0x00000000BFFE1511 000034 (v01 BOCHS  BXPCRSDT 00000001 BXPC 00000001)
[    0.000000] ACPI: FACP 0x00000000BFFE0954 000074 (v01 BOCHS  BXPCFACP 00000001 BXPC 00000001)
[    0.000000] ACPI: DSDT 0x00000000BFFDFD80 000BD4 (v01 BOCHS  BXPCDSDT 00000001 BXPC 00000001)
[    0.000000] ACPI: FACS 0x00000000BFFDFD40 000040
[    0.000000] ACPI: SSDT 0x00000000BFFE09C8 000A81 (v01 BOCHS  BXPCSSDT 00000001 BXPC 00000001)
[    0.000000] ACPI: APIC 0x00000000BFFE1449 000090 (v01 BOCHS  BXPCAPIC 00000001 BXPC 00000001)
[    0.000000] ACPI: HPET 0x00000000BFFE14D9 000038 (v01 BOCHS  BXPCHPET 00000001 BXPC 00000001)
[    0.000000] ACPI: Local APIC address 0xfee00000
[    0.000000] No NUMA configuration found
[    0.000000] Faking a node at [mem 0x0000000000000000-0x000000013fffffff]
[    0.000000] NODE_DATA(0) allocated [mem 0x13fff9000-0x13fffcfff]
[    0.000000] kvm-clock: Using msrs 4b564d01 and 4b564d00
[    0.000000] kvm-clock: cpu 0, msr 1:3fff8001, primary cpu clock
[    0.000000] clocksource: kvm-clock: mask: 0xffffffffffffffff max_cycles: 0x1cd42e4dffb, max_idle_ns: 881590591483 ns
[    0.000000]  [ffffea0000000000-ffffea0004ffffff] PMD -> [ffff88013b600000-ffff88013f5fffff] on node 0
[    0.000000] Zone ranges:
[    0.000000]   DMA      [mem 0x0000000000001000-0x0000000000ffffff]
[    0.000000]   DMA32    [mem 0x0000000001000000-0x00000000ffffffff]
[    0.000000]   Normal   [mem 0x0000000100000000-0x000000013fffffff]
[    0.000000] Movable zone start for each node
[    0.000000] Early memory node ranges
[    0.000000]   node   0: [mem 0x0000000000001000-0x000000000009efff]
[    0.000000]   node   0: [mem 0x0000000000100000-0x00000000bffdefff]
[    0.000000]   node   0: [mem 0x0000000100000000-0x000000013fffffff]
[    0.000000] Initmem setup node 0 [mem 0x0000000000001000-0x000000013fffffff]
[    0.000000] On node 0 totalpages: 1048445
[    0.000000]   DMA zone: 64 pages used for memmap
[    0.000000]   DMA zone: 21 pages reserved
[    0.000000]   DMA zone: 3998 pages, LIFO batch:0
[    0.000000]   DMA32 zone: 12224 pages used for memmap
[    0.000000]   DMA32 zone: 782303 pages, LIFO batch:31
[    0.000000]   Normal zone: 4096 pages used for memmap
[    0.000000]   Normal zone: 262144 pages, LIFO batch:31
[    0.000000] ACPI: PM-Timer IO Port: 0x608
[    0.000000] ACPI: Local APIC address 0xfee00000
[    0.000000] ACPI: LAPIC_NMI (acpi_id[0xff] dfl dfl lint[0x1])
[    0.000000] IOAPIC[0]: apic_id 0, version 17, address 0xfec00000, GSI 0-23
[    0.000000] ACPI: INT_SRC_OVR (bus 0 bus_irq 0 global_irq 2 dfl dfl)
[    0.000000] ACPI: INT_SRC_OVR (bus 0 bus_irq 5 global_irq 5 high level)
[    0.000000] ACPI: INT_SRC_OVR (bus 0 bus_irq 9 global_irq 9 high level)
[    0.000000] ACPI: INT_SRC_OVR (bus 0 bus_irq 10 global_irq 10 high level)
[    0.000000] ACPI: INT_SRC_OVR (bus 0 bus_irq 11 global_irq 11 high level)
[    0.000000] ACPI: IRQ0 used by override.
[    0.000000] ACPI: IRQ5 used by override.
[    0.000000] ACPI: IRQ9 used by override.
[    0.000000] ACPI: IRQ10 used by override.
[    0.000000] ACPI: IRQ11 used by override.
[    0.000000] Using ACPI (MADT) for SMP configuration information
[    0.000000] ACPI: HPET id: 0x8086a201 base: 0xfed00000
[    0.000000] smpboot: Allowing 4 CPUs, 0 hotplug CPUs
[    0.000000] PM: Registered nosave memory: [mem 0x00000000-0x00000fff]
[    0.000000] PM: Registered nosave memory: [mem 0x0009f000-0x0009ffff]
[    0.000000] PM: Registered nosave memory: [mem 0x000a0000-0x000effff]
[    0.000000] PM: Registered nosave memory: [mem 0x000f0000-0x000fffff]
[    0.000000] PM: Registered nosave memory: [mem 0xbffdf000-0xbfffffff]
[    0.000000] PM: Registered nosave memory: [mem 0xc0000000-0xfeffbfff]
[    0.000000] PM: Registered nosave memory: [mem 0xfeffc000-0xfeffffff]
[    0.000000] PM: Registered nosave memory: [mem 0xff000000-0xfffbffff]
[    0.000000] PM: Registered nosave memory: [mem 0xfffc0000-0xffffffff]
[    0.000000] e820: [mem 0xc0000000-0xfeffbfff] available for PCI devices
[    0.000000] Booting paravirtualized kernel on KVM
[    0.000000] clocksource: refined-jiffies: mask: 0xffffffff max_cycles: 0xffffffff, max_idle_ns: 1910969940391419 ns
[    0.000000] setup_percpu: NR_CPUS:64 nr_cpumask_bits:64 nr_cpu_ids:4 nr_node_ids:1
[    0.000000] PERCPU: Embedded 31 pages/cpu @ffff88013fc00000 s89624 r8192 d29160 u524288
[    0.000000] pcpu-alloc: s89624 r8192 d29160 u524288 alloc=1*2097152
[    0.000000] pcpu-alloc: [0] 0 1 2 3 
[    0.000000] KVM setup async PF for cpu 0
[    0.000000] kvm-stealtime: cpu 0, msr 13fc0d440
[    0.000000] Built 1 zonelists in Node order, mobility grouping on.  Total pages: 1032040
[    0.000000] Policy zone: Normal
[    0.000000] Kernel command line: console=ttyS0 root=/dev/sda debug earlyprintk=serial
[    0.000000] PID hash table entries: 4096 (order: 3, 32768 bytes)
[    0.000000] Calgary: detecting Calgary via BIOS EBDA area
[    0.000000] Calgary: Unable to locate Rio Grande table in EBDA - bailing!
[    0.000000] Memory: 4042292K/4193780K available (8706K kernel code, 1107K rwdata, 2792K rodata, 2776K init, 924K bss, 151488K reserved, 0K cma-reserved)
[    0.000000] SLUB: HWalign=64, Order=0-3, MinObjects=0, CPUs=4, Nodes=1
[    0.000000] Hierarchical RCU implementation.
[    0.000000] 	Additional per-CPU info printed with stalls.
[    0.000000] 	Build-time adjustment of leaf fanout to 64.
[    0.000000] 	RCU restricting CPUs from NR_CPUS=64 to nr_cpu_ids=4.
[    0.000000] RCU: Adjusting geometry for rcu_fanout_leaf=64, nr_cpu_ids=4
[    0.000000] NR_IRQS:4352 nr_irqs:456 16
[    0.000000] Console: colour VGA+ 80x25
[    0.000000] console [ttyS0] enabled
[    0.000000] console [ttyS0] enabled
[    0.000000] bootconsole [earlyser0] disabled
[    0.000000] bootconsole [earlyser0] disabled
[    0.000000] clocksource: hpet: mask: 0xffffffff max_cycles: 0xffffffff, max_idle_ns: 19112604467 ns
[    0.000000] hpet clockevent registered
[    0.000000] tsc: Detected 3392.294 MHz processor
[    0.003000] Calibrating delay loop (skipped) preset value.. 6784.58 BogoMIPS (lpj=3392294)
[    0.003000] pid_max: default: 32768 minimum: 301
[    0.003025] ACPI: Core revision 20150619
[    0.020037] ACPI: All ACPI Tables successfully acquired
[    0.020745] Security Framework initialized
[    0.021003] SELinux:  Initializing.
[    0.021399] SELinux:  Starting in permissive mode
[    0.023008] Dentry cache hash table entries: 524288 (order: 10, 4194304 bytes)
[    0.029008] Inode-cache hash table entries: 262144 (order: 9, 2097152 bytes)
[    0.031382] Mount-cache hash table entries: 8192 (order: 4, 65536 bytes)
[    0.032024] Mountpoint-cache hash table entries: 8192 (order: 4, 65536 bytes)
[    0.033730] Initializing cgroup subsys freezer
[    0.034090] mce: CPU supports 10 MCE banks
[    0.034564] Last level iTLB entries: 4KB 0, 2MB 0, 4MB 0
[    0.035003] Last level dTLB entries: 4KB 0, 2MB 0, 4MB 0, 1GB 0
[    0.036143] Freeing SMP alternatives memory: 32K (ffffffff821cc000 - ffffffff821d4000)
[    0.040363] ..TIMER: vector=0x30 apic1=0 pin1=2 apic2=-1 pin2=-1
[    0.041000] smpboot: CPU0: Intel QEMU Virtual CPU version 2.5+ (fam: 06, model: 06, stepping: 03)
[    0.041034] Performance Events: Broken PMU hardware detected, using software events only.
[    0.042002] Failed to access perfctr msr (MSR c2 is 0)
[    0.043590] x86: Booting SMP configuration:
[    0.044003] .... node  #0, CPUs:      #1
[    0.003000] kvm-clock: cpu 1, msr 1:3fff8041, secondary cpu clock
[    0.047014] KVM setup async PF for cpu 1
[    0.047836] kvm-stealtime: cpu 1, msr 13fc8d440
[    0.049035]  #2
[    0.003000] kvm-clock: cpu 2, msr 1:3fff8081, secondary cpu clock
[    0.052017] KVM setup async PF for cpu 2
[    0.052645]  #3
[    0.052645] kvm-stealtime: cpu 2, msr 13fd0d440
[    0.003000] kvm-clock: cpu 3, msr 1:3fff80c1, secondary cpu clock
[    0.055023] x86: Booted up 1 node, 4 CPUs
[    0.055016] KVM setup async PF for cpu 3
[    0.055016] kvm-stealtime: cpu 3, msr 13fd8d440
[    0.056870] smpboot: Total of 4 processors activated (27138.35 BogoMIPS)
[    0.058195] devtmpfs: initialized
[    0.060152] kworker/u8:0 (26) used greatest stack depth: 14408 bytes left
[    0.060507] clocksource: jiffies: mask: 0xffffffff max_cycles: 0xffffffff, max_idle_ns: 1911260446275000 ns
[    0.061012] RTC time:  5:39:53, date: 11/01/16
[    0.061475] NET: Registered protocol family 16
[    0.062992] kworker/u8:0 (28) used greatest stack depth: 13904 bytes left
[    0.069033] cpuidle: using governor ladder
[    0.074017] cpuidle: using governor menu
[    0.074895] ACPI: bus type PCI registered
[    0.075406] PCI: Using configuration type 1 for base access
[    0.085561] kworker/u8:0 (145) used greatest stack depth: 13680 bytes left
[    0.110197] ACPI: Added _OSI(Module Device)
[    0.110840] ACPI: Added _OSI(Processor Device)
[    0.112002] ACPI: Added _OSI(3.0 _SCP Extensions)
[    0.112002] ACPI: Added _OSI(Processor Aggregator Device)
[    0.119071] ACPI: Interpreter enabled
[    0.119670] ACPI Exception: AE_NOT_FOUND, While evaluating Sleep State [\_S1_] (20150619/hwxface-580)
[    0.121007] ACPI Exception: AE_NOT_FOUND, While evaluating Sleep State [\_S2_] (20150619/hwxface-580)
[    0.122370] ACPI: (supports S0 S3 S4 S5)
[    0.123002] ACPI: Using IOAPIC for interrupt routing
[    0.124000] PCI: Using host bridge windows from ACPI; if necessary, use "pci=nocrs" and report a bug
[    0.155057] ACPI: PCI Root Bridge [PCI0] (domain 0000 [bus 00-ff])
[    0.156012] acpi PNP0A03:00: _OSC: OS supports [ASPM ClockPM Segments MSI]
[    0.157046] acpi PNP0A03:00: _OSC failed (AE_NOT_FOUND); disabling ASPM
[    0.158082] acpi PNP0A03:00: fail to add MMCONFIG information, can't access extended PCI configuration space under this bridge.
[    0.160335] PCI host bridge to bus 0000:00
[    0.161006] pci_bus 0000:00: root bus resource [bus 00-ff]
[    0.162010] pci_bus 0000:00: root bus resource [io  0x0000-0x0cf7 window]
[    0.163010] pci_bus 0000:00: root bus resource [io  0x0d00-0xffff window]
[    0.164006] pci_bus 0000:00: root bus resource [mem 0x000a0000-0x000bffff window]
[    0.165006] pci_bus 0000:00: root bus resource [mem 0xc0000000-0xfebfffff window]
[    0.167035] pci 0000:00:00.0: [8086:1237] type 00 class 0x060000
[    0.169000] pci 0000:00:01.0: [8086:7000] type 00 class 0x060100
[    0.171000] pci 0000:00:01.1: [8086:7010] type 00 class 0x010180
[    0.173790] pci 0000:00:01.1: reg 0x20: [io  0xc040-0xc04f]
[    0.175615] pci 0000:00:01.1: legacy IDE quirk: reg 0x10: [io  0x01f0-0x01f7]
[    0.177003] pci 0000:00:01.1: legacy IDE quirk: reg 0x14: [io  0x03f6]
[    0.178002] pci 0000:00:01.1: legacy IDE quirk: reg 0x18: [io  0x0170-0x0177]
[    0.179002] pci 0000:00:01.1: legacy IDE quirk: reg 0x1c: [io  0x0376]
[    0.181000] pci 0000:00:01.3: [8086:7113] type 00 class 0x068000
[    0.182249] pci 0000:00:01.3: quirk: [io  0x0600-0x063f] claimed by PIIX4 ACPI
[    0.184009] pci 0000:00:01.3: quirk: [io  0x0700-0x070f] claimed by PIIX4 SMB
[    0.186009] pci 0000:00:02.0: [1234:1111] type 00 class 0x030000
[    0.188399] pci 0000:00:02.0: reg 0x10: [mem 0xfd000000-0xfdffffff pref]
[    0.191011] pci 0000:00:02.0: reg 0x18: [mem 0xfebf0000-0xfebf0fff]
[    0.195475] pci 0000:00:02.0: reg 0x30: [mem 0xfebe0000-0xfebeffff pref]
[    0.197523] pci 0000:00:03.0: [8086:100e] type 00 class 0x020000
[    0.199003] pci 0000:00:03.0: reg 0x10: [mem 0xfebc0000-0xfebdffff]
[    0.200465] pci 0000:00:03.0: reg 0x14: [io  0xc000-0xc03f]
[    0.205305] pci 0000:00:03.0: reg 0x30: [mem 0xfeb80000-0xfebbffff pref]
[    0.211832] ACPI: PCI Interrupt Link [LNKA] (IRQs 5 *10 11)
[    0.213068] ACPI: PCI Interrupt Link [LNKB] (IRQs 5 *10 11)
[    0.214365] ACPI: PCI Interrupt Link [LNKC] (IRQs 5 10 *11)
[    0.216855] ACPI: PCI Interrupt Link [LNKD] (IRQs 5 10 *11)
[    0.217443] ACPI: PCI Interrupt Link [LNKS] (IRQs *9)
[    0.221376] ACPI: Enabled 16 GPEs in block 00 to 0F
[    0.223041] vgaarb: setting as boot device: PCI:0000:00:02.0
[    0.223664] vgaarb: device added: PCI:0000:00:02.0,decodes=io+mem,owns=io+mem,locks=none
[    0.224003] vgaarb: loaded
[    0.224282] vgaarb: bridge control possible 0000:00:02.0
[    0.225451] SCSI subsystem initialized
[    0.226118] libata version 3.00 loaded.
[    0.227096] ACPI: bus type USB registered
[    0.228049] usbcore: registered new interface driver usbfs
[    0.228153] usbcore: registered new interface driver hub
[    0.229113] usbcore: registered new device driver usb
[    0.230053] pps_core: LinuxPPS API ver. 1 registered
[    0.231004] pps_core: Software ver. 5.3.6 - Copyright 2005-2007 Rodolfo Giometti <giometti@linux.it>
[    0.232000] PTP clock support registered
[    0.232378] Advanced Linux Sound Architecture Driver Initialized.
[    0.233192] PCI: Using ACPI for IRQ routing
[    0.233657] PCI: pci_cache_line_size set to 64 bytes
[    0.234075] e820: reserve RAM buffer [mem 0x0009fc00-0x0009ffff]
[    0.235006] e820: reserve RAM buffer [mem 0xbffdf000-0xbfffffff]
[    0.237093] NetLabel: Initializing
[    0.237105] NetLabel:  domain hash size = 128
[    0.237467] NetLabel:  protocols = UNLABELED CIPSOv4
[    0.238054] NetLabel:  unlabeled traffic allowed by default
[    0.239162] HPET: 3 timers in total, 0 timers will be used for per-cpu timer
[    0.240023] hpet0: at MMIO 0xfed00000, IRQs 2, 8, 0
[    0.240577] hpet0: 3 comparators, 64-bit 100.000000 MHz counter
[    0.246074] clocksource: Switched to clocksource kvm-clock
[    0.301514] pnp: PnP ACPI init
[    0.302300] pnp 00:00: Plug and Play ACPI device, IDs PNP0b00 (active)
[    0.303328] pnp 00:01: Plug and Play ACPI device, IDs PNP0303 (active)
[    0.304327] pnp 00:02: Plug and Play ACPI device, IDs PNP0f13 (active)
[    0.305270] pnp 00:03: [dma 2]
[    0.305769] pnp 00:03: Plug and Play ACPI device, IDs PNP0700 (active)
[    0.306841] pnp 00:04: Plug and Play ACPI device, IDs PNP0400 (active)
[    0.307949] pnp 00:05: Plug and Play ACPI device, IDs PNP0501 (active)
[    0.310220] pnp: PnP ACPI: found 6 devices
[    0.329518] clocksource: acpi_pm: mask: 0xffffff max_cycles: 0xffffff, max_idle_ns: 2085701024 ns
[    0.330465] pci_bus 0000:00: resource 4 [io  0x0000-0x0cf7 window]
[    0.331140] pci_bus 0000:00: resource 5 [io  0x0d00-0xffff window]
[    0.331791] pci_bus 0000:00: resource 6 [mem 0x000a0000-0x000bffff window]
[    0.332549] pci_bus 0000:00: resource 7 [mem 0xc0000000-0xfebfffff window]
[    0.333410] NET: Registered protocol family 2
[    0.334483] TCP established hash table entries: 32768 (order: 6, 262144 bytes)
[    0.335345] TCP bind hash table entries: 32768 (order: 7, 524288 bytes)
[    0.336115] TCP: Hash tables configured (established 32768 bind 32768)
[    0.336893] UDP hash table entries: 2048 (order: 4, 65536 bytes)
[    0.337549] UDP-Lite hash table entries: 2048 (order: 4, 65536 bytes)
[    0.338529] NET: Registered protocol family 1
[    0.339374] RPC: Registered named UNIX socket transport module.
[    0.340047] RPC: Registered udp transport module.
[    0.340749] RPC: Registered tcp transport module.
[    0.341458] RPC: Registered tcp NFSv4.1 backchannel transport module.
[    0.342417] pci 0000:00:00.0: Limiting direct PCI/PCI transfers
[    0.343318] pci 0000:00:01.0: PIIX3: Enabling Passive Release
[    0.344217] pci 0000:00:01.0: Activating ISA DMA hang workarounds
[    0.345200] pci 0000:00:02.0: Video device with shadowed ROM
[    0.346136] PCI: CLS 0 bytes, default 64
[    0.346894] PCI-DMA: Using software bounce buffering for IO (SWIOTLB)
[    0.347876] software IO TLB [mem 0xbbfdf000-0xbffdf000] (64MB) mapped at [ffff8800bbfdf000-ffff8800bffdefff]
[    0.349612] microcode: CPU0 sig=0x663, pf=0x1, revision=0x1
[    0.350316] microcode: CPU1 sig=0x663, pf=0x1, revision=0x1
[    0.351025] microcode: CPU2 sig=0x663, pf=0x1, revision=0x1
[    0.351912] microcode: CPU3 sig=0x663, pf=0x1, revision=0x1
[    0.352790] microcode: Microcode Update Driver: v2.00 <tigran@aivazian.fsnet.co.uk>, Peter Oruba
[    0.355701] Scanning for low memory corruption every 60 seconds
[    0.358976] futex hash table entries: 1024 (order: 4, 65536 bytes)
[    0.359994] audit: initializing netlink subsys (disabled)
[    0.360851] audit: type=2000 audit(1477978793.868:1): initialized
[    0.362570] HugeTLB registered 2 MB page size, pre-allocated 0 pages
[    0.381331] VFS: Disk quotas dquot_6.6.0
[    0.382322] VFS: Dquot-cache hash table entries: 512 (order 0, 4096 bytes)
[    0.387317] NFS: Registering the id_resolver key type
[    0.388209] Key type id_resolver registered
[    0.388870] Key type id_legacy registered
[    0.389764] 9p: Installing v9fs 9p2000 file system support
[    0.391210] SELinux:  Registering netfilter hooks
[    0.394305] Block layer SCSI generic (bsg) driver version 0.4 loaded (major 251)
[    0.395566] io scheduler noop registered
[    0.396205] io scheduler deadline registered
[    0.397375] io scheduler cfq registered (default)
[    0.398462] pci_hotplug: PCI Hot Plug PCI Core version: 0.5
[    0.399796] input: Power Button as /devices/LNXSYSTM:00/LNXPWRBN:00/input/input0
[    0.400980] ACPI: Power Button [PWRF]
[    0.402896] Serial: 8250/16550 driver, 4 ports, IRQ sharing enabled
[    0.426551] 00:05: ttyS0 at I/O 0x3f8 (irq = 4, base_baud = 115200) is a 16550A
[    0.430084] Non-volatile memory driver v1.3
[    0.430925] Linux agpgart interface v0.103
[    0.431630] [drm] Initialized drm 1.1.0 20060810
[    0.442226] loop: module loaded
[    0.443276] ata_piix 0000:00:01.1: version 2.13
[    0.447082] scsi host0: ata_piix
[    0.448257] scsi host1: ata_piix
[    0.449086] ata1: PATA max MWDMA2 cmd 0x1f0 ctl 0x3f6 bmdma 0xc040 irq 14
[    0.449826] ata2: PATA max MWDMA2 cmd 0x170 ctl 0x376 bmdma 0xc048 irq 15
[    0.451182] e100: Intel(R) PRO/100 Network Driver, 3.5.24-k2-NAPI
[    0.451815] e100: Copyright(c) 1999-2006 Intel Corporation
[    0.452556] e1000: Intel(R) PRO/1000 Network Driver - version 7.3.21-k8-NAPI
[    0.453280] e1000: Copyright (c) 1999-2006 Intel Corporation.
[    0.601309] ata1.01: NODEV after polling detection
[    0.602300] ata1.00: ATA-7: QEMU HARDDISK, 2.5+, max UDMA/100
[    0.603141] ata1.00: 2099200 sectors, multi 16: LBA48 
[    0.603982] ata2.01: NODEV after polling detection
[    0.605057] ata2.00: ATAPI: QEMU DVD-ROM, 2.5+, max UDMA/100
[    0.605965] ata1.00: configured for MWDMA2
[    0.606888] ata2.00: configured for MWDMA2
[    0.607125] scsi 0:0:0:0: Direct-Access     ATA      QEMU HARDDISK    2.5+ PQ: 0 ANSI: 5
[    0.608969] sd 0:0:0:0: Attached scsi generic sg0 type 0
[    0.609170] sd 0:0:0:0: [sda] 2099200 512-byte logical blocks: (1.07 GB/1.00 GiB)
[    0.609444] sd 0:0:0:0: [sda] Write Protect is off
[    0.609446] sd 0:0:0:0: [sda] Mode Sense: 00 3a 00 00
[    0.609529] sd 0:0:0:0: [sda] Write cache: enabled, read cache: enabled, doesn't support DPO or FUA
[    0.613611] scsi 1:0:0:0: CD-ROM            QEMU     QEMU DVD-ROM     2.5+ PQ: 0 ANSI: 5
[    0.615934] sd 0:0:0:0: [sda] Attached SCSI disk
[    0.626636] sr 1:0:0:0: [sr0] scsi3-mmc drive: 4x/4x cd/rw xa/form2 tray
[    0.627416] cdrom: Uniform CD-ROM driver Revision: 3.20
[    0.629152] sr 1:0:0:0: Attached scsi CD-ROM sr0
[    0.630232] sr 1:0:0:0: Attached scsi generic sg1 type 5
[    1.064315] ACPI: PCI Interrupt Link [LNKC] enabled at IRQ 11
[    1.358955] tsc: Refined TSC clocksource calibration: 3392.375 MHz
[    1.359681] clocksource: tsc: mask: 0xffffffffffffffff max_cycles: 0x30e62bcdfce, max_idle_ns: 440795249041 ns
[    1.361564] e1000 0000:00:03.0 eth0: (PCI:33MHz:32-bit) 52:54:00:12:34:56
[    1.362314] e1000 0000:00:03.0 eth0: Intel(R) PRO/1000 Network Connection
[    1.363121] sky2: driver version 1.30
[    1.364096] ehci_hcd: USB 2.0 'Enhanced' Host Controller (EHCI) Driver
[    1.365517] ehci-pci: EHCI PCI platform driver
[    1.366866] ohci_hcd: USB 1.1 'Open' Host Controller (OHCI) Driver
[    1.367912] ohci-pci: OHCI PCI platform driver
[    1.369133] uhci_hcd: USB Universal Host Controller Interface driver
[    1.370972] usbcore: registered new interface driver usblp
[    1.372392] usbcore: registered new interface driver usb-storage
[    1.373967] i8042: PNP: PS/2 Controller [PNP0303:KBD,PNP0f13:MOU] at 0x60,0x64 irq 1,12
[    1.376439] serio: i8042 KBD port at 0x60,0x64 irq 1
[    1.376971] serio: i8042 AUX port at 0x60,0x64 irq 12
[    1.378229] mousedev: PS/2 mouse device common for all mice
[    1.380030] rtc_cmos 00:00: RTC can wake from S4
[    1.381394] rtc_cmos 00:00: rtc core: registered rtc_cmos as rtc0
[    1.382527] rtc_cmos 00:00: alarms up to one day, 114 bytes nvram, hpet irqs
[    1.384540] device-mapper: ioctl: 4.32.0-ioctl (2015-6-26) initialised: dm-devel@redhat.com
[    1.386148] input: AT Translated Set 2 keyboard as /devices/platform/i8042/serio0/input/input1
[    1.387841] hidraw: raw HID events driver (C) Jiri Kosina
[    1.391693] usbcore: registered new interface driver usbhid
[    1.392571] usbhid: USB HID core driver
[    1.395508] Netfilter messages via NETLINK v0.30.
[    1.396332] nf_conntrack version 0.5.0 (16384 buckets, 65536 max)
[    1.397589] ctnetlink v0.93: registering with nfnetlink.
[    1.398669] ip_tables: (C) 2000-2006 Netfilter Core Team
[    1.399650] Initializing XFRM netlink socket
[    1.401656] NET: Registered protocol family 10
[    1.403258] ip6_tables: (C) 2000-2006 Netfilter Core Team
[    1.404183] sit: IPv6 over IPv4 tunneling driver
[    1.406050] NET: Registered protocol family 17
[    1.406842] 9pnet: Installing 9P2000 support
[    1.407509] Key type dns_resolver registered
[    1.410927] registered taskstats version 1
[    1.411740] kmemleak: Kernel memory leak detector initialized
[    1.411745] kmemleak: Automatic memory scanning thread started
[    1.413611]   Magic number: 8:764:667
[    1.414122] console [netcon0] enabled
[    1.414525] netconsole: network logging started
[    1.415690] PM: Hibernation image not present or could not be loaded.
[    1.416446] ALSA device list:
[    1.416770]   No soundcards found.
[    1.997820] input: ImExPS/2 Generic Explorer Mouse as /devices/platform/i8042/serio1/input/input3
[    2.001138] md: Waiting for all devices to be available before autodetect
[    2.002699] md: If you don't use raid, use raid=noautodetect
[    2.007120] md: Autodetecting RAID arrays.
[    2.008169] md: Scanned 0 and added 0 devices.
[    2.009287] md: autorun ...
[    2.009894] md: ... autorun DONE.
[    2.011747] EXT4-fs (sda): couldn't mount as ext3 due to feature incompatibilities
[    2.014518] EXT4-fs (sda): couldn't mount as ext2 due to feature incompatibilities
[    2.024800] EXT4-fs (sda): mounted filesystem with ordered data mode. Opts: (null)
[    2.026682] VFS: Mounted root (ext4 filesystem) readonly on device 8:0.
[    2.029535] devtmpfs: mounted
[    2.030973] Freeing unused kernel memory: 2776K (ffffffff81f16000 - ffffffff821cc000)
[    2.032617] Write protecting the kernel read-only data: 14336k
[    2.034465] Freeing unused kernel memory: 1520K (ffff880001884000 - ffff880001a00000)
[    2.036558] Freeing unused kernel memory: 1304K (ffff880001cba000 - ffff880001e00000)
SELinux:  Could not open policy file <= /etc/selinux/targeted/policy/policy.29:  No such file or directory
INIT: version 2.88 booting
[    2.095472] stty (975) used greatest stack depth: 13128 bytes left
[[36minfo[39;4[    2.143241] echo (983) used greatest stack depth: 12800 bytes left
9m] Using makefile-style concurrent boot in runlevel S.
[    2.189986] grep (1011) used greatest stack depth: 12640 bytes left
[....] Starting the hotplug events dispatcher: udevd[    2.287798] udevd[1083]: starting version 175
[?25l[?1c7[1G[[32m ok [39;49m8[?25h[?0c.
[....] Synthesizing the initial hotplug events...[?25l[?1c7[1G[[32m ok [39;49m8[?25h[?0cdone.
[....] Waiting for /dev to be fully populated...[    2.466875] random: nonblocking pool is initialized
[?25l[?1c7[1G[[32m ok [39;49m8[?25h[?0cdone.
[....] Activating swap...[?25l[?1c7[1G[[32m ok [39;49m8[?25h[?0cdone.
[    2.644988] EXT4-fs (sda): re-mounted. Opts: (null)
[....] Creating compatibility symlink from /etc/mtab to /proc/mounts. ...[?25l[?1c7[1G[[33mwarn[39;49m8[?25h[?0c [33m(warning).[39;49m
[....] Cleaning up temporary files... /tmp[?25l[?1c7[1G[[32m ok [39;49m8[?25h[?0c.
[....] Activating lvm and md swap...[?25l[?1c7[1G[[32m ok [39;49m8[?25h[?0cdone.
[....] Checking file systems...fsck from util-linux 2.20.1
[?25l[?1c7[1G[[32m ok [39;49m8[?25h[?0cdone.
[....] Mounting local filesystems...[?25l[?1c7[1G[[32m ok [39;49m8[?25h[?0cdone.
[....] Activating swapfile swap...[?25l[?1c7[1G[[32m ok [39;49m8[?25h[?0cdone.
[....] Cleaning up temporary files...[?25l[?1c7[1G[[32m ok [39;49m8[?25h[?0c.
[....] Setting kernel variables ...[?25l[?1c7[1G[[32m ok [39;49m8[?25h[?0cdone.
[....] Configuring network interfaces...[    3.340769] ip (2273) used greatest stack depth: 12096 bytes left
Internet Systems Consortium DHCP Client 4.2.2
Copyright 2004-2011 Internet Systems Consortium.
All rights reserved.
For info, please visit https://www.isc.org/software/dhcp/

[    3.388269] IPv6: ADDRCONF(NETDEV_UP): eth0: link is not ready
[    3.389396] e1000: eth0 NIC Link is Up 1000 Mbps Full Duplex, Flow Control: RX
[    3.390426] IPv6: ADDRCONF(NETDEV_CHANGE): eth0: link becomes ready
Listening on LPF/eth0/52:54:00:12:34:56
Sending on   LPF/eth0/52:54:00:12:34:56
Sending on   Socket/fallback
DHCPDISCOVER on eth0 to 255.255.255.255 port 67 interval 6
DHCPREQUEST on eth0 to 255.255.255.255 port 67
DHCPOFFER from 10.0.2.2
DHCPACK from 10.0.2.2
bound to 10.0.2.15 -- renewal in 33813 seconds.
[?25l[?1c7[1G[[32m ok [39;49m8[?25h[?0cdone.
[....] Cleaning up temporary files...[?25l[?1c7[1G[[32m ok [39;49m8[?25h[?0c.
INIT: Entering runlevel: 2
[[36minfo[39;49m] Using makefile-style concurrent boot in runlevel 2.
[....] Starting enhanced syslogd: rsyslogd[?25l[?1c7[1G[[32m ok [39;49m8[?25h[?0c.
[....] Starting periodic command scheduler: cron[?25l[?1c7[1G[[32m ok [39;49m8[?25h[?0c.
[....] Starting OpenBSD Secure Shell server: sshd[?25l[?1c7[1G[[32m ok [39;49m8[?25h[?0c.
[    6.681393] kt: running test for light, case 0, T2540
[    6.681393] 
[    6.685053] kt: starting light_test_wait_nonexist test
[    6.687931] kt: end of test.
[    6.689657] 
[    6.690785] dump_desc: [wait_nonexist]
[    6.693249] dump_desc evts:
[    6.694972] dump_desc   ts: 0
[    6.696918] dump_desc  ret: -22
[    6.699041] LIGHT_SUCCESS
[    6.701314] kt: running test for light, case 0, T2543
[    6.701314] 
[    6.704594] kt: starting light_test_wait_nonexist test
[    6.707445] kt: end of test.
[    6.709052] 
[    6.709655] dump_desc: [wait_nonexist]
[    6.710950] dump_desc evts:
[    6.712825] dump_desc   ts: 0
[    6.714383] dump_desc  ret: -22
[    6.715852] LIGHT_SUCCESS
[    6.718350] kt: running test for light, case 0, T2546
[    6.718350] 
[    6.721563] kt: starting light_test_wait_nonexist test
[    6.724506] kt: end of test.
[    6.726171] 
[    6.727183] dump_desc: [wait_nonexist]
[    6.729177] dump_desc evts:
[    6.730678] dump_desc   ts: 0
[    6.732411] dump_desc  ret: -22
[    6.734066] LIGHT_SUCCESS
[    6.736166] kt: running test for light, case 0, T2549
[    6.736166] 
[    6.739157] kt: starting light_test_wait_nonexist test
[    6.741980] kt: end of test.
[    6.743728] 
[    6.744618] dump_desc: [wait_nonexist]
[    6.746116] dump_desc evts:
[    6.746999] dump_desc   ts: 0
[    6.748875] dump_desc  ret: -22
[    6.750400] LIGHT_SUCCESS
[    6.752541] kt: running test for light, case 0, T2552
[    6.752541] 
[    6.755773] kt: starting light_test_wait_nonexist test
[    6.758552] kt: end of test.
[    6.760181] 
[    6.761079] dump_desc: [wait_nonexist]
[    6.762680] dump_desc evts:
[    6.763944] dump_desc   ts: 0
[    6.765200] dump_desc  ret: -22
[    6.766402] LIGHT_SUCCESS
[    6.767988] kt: running test for light, case 0, T2555
[    6.767988] 
[    6.770437] kt: starting light_test_wait_nonexist test
[    6.772510] kt: end of test.
[    6.773744] 
[    6.774353] dump_desc: [wait_nonexist]
[    6.775475] dump_desc evts:
[    6.777271] dump_desc   ts: 0
[    6.778316] dump_desc  ret: -22
[    6.779660] LIGHT_SUCCESS
[    6.781408] kt: running test for light, case 0, T2558
[    6.781408] 
[    6.784276] kt: starting light_test_wait_nonexist test
[    6.786436] kt: end of test.
[    6.787690] 
[    6.788254] dump_desc: [wait_nonexist]
[    6.789848] dump_desc evts:
[    6.791091] dump_desc   ts: 0
[    6.792385] dump_desc  ret: -22
[    6.794089] LIGHT_SUCCESS
[    6.795901] kt: running test for light, case 0, T2561
[    6.795901] 
[    6.798994] kt: starting light_test_wait_nonexist test
[    6.801305] kt: end of test.
[    6.802732] 
[    6.803686] dump_desc: [wait_nonexist]
[    6.805497] dump_desc evts:
[    6.806981] dump_desc   ts: 0
[    6.808515] dump_desc  ret: -22
[    6.810067] LIGHT_SUCCESS
[    9.197902] kmemleak: 1 new suspected memory leaks (see /sys/kernel/debug/kmemleak)
INIT: Switching to runlevel: 0
INIT: Sending processes the TERM signal
[[36minfo[39;49m] Using makefile-style concurrent boot in runlevel 0.
[....] Asking all remaining processes to terminate...[?25l[?1c7[1G[[32m ok [39;49m8[?25h[?0cdone.
[....] All processes ended within 1 seconds...[?25l[?1c7[1G[[32m ok [39;49m8[?25h[?0cdone.
[....] Stopping enhanced syslogd: rsyslogd[?25l[?1c7[1G[[32m ok [39;49m8[?25h[?0c.
[....] Deconfiguring network interfaces...Internet Systems Consortium DHCP Client 4.2.2
Copyright 2004-2011 Internet Systems Consortium.
All rights reserved.
For info, please visit https://www.isc.org/software/dhcp/

Listening on LPF/eth0/52:54:00:12:34:56
Sending on   LPF/eth0/52:54:00:12:34:56
Sending on   Socket/fallback
DHCPRELEASE on eth0 to 10.0.2.2 port 67
[?25l[?1c7[1G[[32m ok [39;49m8[?25h[?0cdone.
[[36minfo[39;49m] Saving the system clock.
[[36minfo[39;49m] Hardware Clock updated to Tue Nov  1 05:40:14 UTC 2016.
[....] Deactivating swap...[?25l[?1c7[1G[[32m ok [39;49m8[?25h[?0cdone.
[....] Unmounting local filesystems...[?25l[?1c7[1G[[32m ok [39;49m8[?25h[?0cdone.
[   21.130548] EXT4-fs (sda): re-mounted. Opts: (null)
[[36minfo[39;49m] Will now halt.
[   24.157301] sd 0:0:0:0: [sda] Synchronizing SCSI cache
[   24.157979] sd 0:0:0:0: [sda] Stopping disk
[   24.647710] ACPI: Preparing to enter system sleep state S5
[   24.648392] reboot: Power down
[   24.650402] acpi_power_off called
