early console in setup code
early console in decompress_kernel

Decompressing Linux... Parsing ELF... done.
Booting the kernel.
[    0.000000] Initializing cgroup subsys cpuset
[    0.000000] Initializing cgroup subsys cpu
[    0.000000] Initializing cgroup subsys cpuacct
[    0.000000] Linux version 4.2.0-team50-kt (progman@m91p) (gcc version 5.4.0 20160609 (Ubuntu 5.4.0-6ubuntu1~16.04.2) ) #113 SMP Tue Nov 1 01:38:20 EDT 2016
[    0.000000] Command line: console=ttyS0 root=/dev/sda debug earlyprintk=serial
[    0.000000] x86/fpu: Legacy x87 FPU detected.
[    0.000000] x86/fpu: Using 'lazy' FPU context switches.
[    0.000000] e820: BIOS-provided physical RAM map:
[    0.000000] BIOS-e820: [mem 0x0000000000000000-0x000000000009fbff] usable
[    0.000000] BIOS-e820: [mem 0x000000000009fc00-0x000000000009ffff] reserved
[    0.000000] BIOS-e820: [mem 0x00000000000f0000-0x00000000000fffff] reserved
[    0.000000] BIOS-e820: [mem 0x0000000000100000-0x00000000bffdefff] usable
[    0.000000] BIOS-e820: [mem 0x00000000bffdf000-0x00000000bfffffff] reserved
[    0.000000] BIOS-e820: [mem 0x00000000feffc000-0x00000000feffffff] reserved
[    0.000000] BIOS-e820: [mem 0x00000000fffc0000-0x00000000ffffffff] reserved
[    0.000000] BIOS-e820: [mem 0x0000000100000000-0x000000013fffffff] usable
[    0.000000] bootconsole [earlyser0] enabled
[    0.000000] NX (Execute Disable) protection: active
[    0.000000] SMBIOS 2.8 present.
[    0.000000] DMI: QEMU Standard PC (i440FX + PIIX, 1996), BIOS Ubuntu-1.8.2-1ubuntu1 04/01/2014
[    0.000000] Hypervisor detected: KVM
[    0.000000] e820: update [mem 0x00000000-0x00000fff] usable ==> reserved
[    0.000000] e820: remove [mem 0x000a0000-0x000fffff] usable
[    0.000000] e820: last_pfn = 0x140000 max_arch_pfn = 0x400000000
[    0.000000] MTRR default type: write-back
[    0.000000] MTRR fixed ranges enabled:
[    0.000000]   00000-9FFFF write-back
[    0.000000]   A0000-BFFFF uncachable
[    0.000000]   C0000-FFFFF write-protect
[    0.000000] MTRR variable ranges enabled:
[    0.000000]   0 base 00C0000000 mask FFC0000000 uncachable
[    0.000000]   1 disabled
[    0.000000]   2 disabled
[    0.000000]   3 disabled
[    0.000000]   4 disabled
[    0.000000]   5 disabled
[    0.000000]   6 disabled
[    0.000000]   7 disabled
[    0.000000] x86/PAT: PAT not supported by CPU.
[    0.000000] e820: last_pfn = 0xbffdf max_arch_pfn = 0x400000000
[    0.000000] found SMP MP-table at [mem 0x000f6600-0x000f660f] mapped at [ffff8800000f6600]
[    0.000000] Scanning 1 areas for low memory corruption
[    0.000000] Base memory trampoline at [ffff880000099000] 99000 size 24576
[    0.000000] init_memory_mapping: [mem 0x00000000-0x000fffff]
[    0.000000]  [mem 0x00000000-0x000fffff] page 4k
[    0.000000] BRK [0x022bd000, 0x022bdfff] PGTABLE
[    0.000000] BRK [0x022be000, 0x022befff] PGTABLE
[    0.000000] BRK [0x022bf000, 0x022bffff] PGTABLE
[    0.000000] init_memory_mapping: [mem 0x13fe00000-0x13fffffff]
[    0.000000]  [mem 0x13fe00000-0x13fffffff] page 2M
[    0.000000] BRK [0x022c0000, 0x022c0fff] PGTABLE
[    0.000000] init_memory_mapping: [mem 0x120000000-0x13fdfffff]
[    0.000000]  [mem 0x120000000-0x13fdfffff] page 2M
[    0.000000] init_memory_mapping: [mem 0x00100000-0xbffdefff]
[    0.000000]  [mem 0x00100000-0x001fffff] page 4k
[    0.000000]  [mem 0x00200000-0xbfdfffff] page 2M
[    0.000000]  [mem 0xbfe00000-0xbffdefff] page 4k
[    0.000000] init_memory_mapping: [mem 0x100000000-0x11fffffff]
[    0.000000]  [mem 0x100000000-0x11fffffff] page 2M
[    0.000000] ACPI: Early table checksum verification disabled
[    0.000000] ACPI: RSDP 0x00000000000F65B0 000014 (v00 BOCHS )
[    0.000000] ACPI: RSDT 0x00000000BFFE1511 000034 (v01 BOCHS  BXPCRSDT 00000001 BXPC 00000001)
[    0.000000] ACPI: FACP 0x00000000BFFE0954 000074 (v01 BOCHS  BXPCFACP 00000001 BXPC 00000001)
[    0.000000] ACPI: DSDT 0x00000000BFFDFD80 000BD4 (v01 BOCHS  BXPCDSDT 00000001 BXPC 00000001)
[    0.000000] ACPI: FACS 0x00000000BFFDFD40 000040
[    0.000000] ACPI: SSDT 0x00000000BFFE09C8 000A81 (v01 BOCHS  BXPCSSDT 00000001 BXPC 00000001)
[    0.000000] ACPI: APIC 0x00000000BFFE1449 000090 (v01 BOCHS  BXPCAPIC 00000001 BXPC 00000001)
[    0.000000] ACPI: HPET 0x00000000BFFE14D9 000038 (v01 BOCHS  BXPCHPET 00000001 BXPC 00000001)
[    0.000000] ACPI: Local APIC address 0xfee00000
[    0.000000] No NUMA configuration found
[    0.000000] Faking a node at [mem 0x0000000000000000-0x000000013fffffff]
[    0.000000] NODE_DATA(0) allocated [mem 0x13fff9000-0x13fffcfff]
[    0.000000] kvm-clock: Using msrs 4b564d01 and 4b564d00
[    0.000000] kvm-clock: cpu 0, msr 1:3fff8001, primary cpu clock
[    0.000000] clocksource: kvm-clock: mask: 0xffffffffffffffff max_cycles: 0x1cd42e4dffb, max_idle_ns: 881590591483 ns
[    0.000000]  [ffffea0000000000-ffffea0004ffffff] PMD -> [ffff88013b600000-ffff88013f5fffff] on node 0
[    0.000000] Zone ranges:
[    0.000000]   DMA      [mem 0x0000000000001000-0x0000000000ffffff]
[    0.000000]   DMA32    [mem 0x0000000001000000-0x00000000ffffffff]
[    0.000000]   Normal   [mem 0x0000000100000000-0x000000013fffffff]
[    0.000000] Movable zone start for each node
[    0.000000] Early memory node ranges
[    0.000000]   node   0: [mem 0x0000000000001000-0x000000000009efff]
[    0.000000]   node   0: [mem 0x0000000000100000-0x00000000bffdefff]
[    0.000000]   node   0: [mem 0x0000000100000000-0x000000013fffffff]
[    0.000000] Initmem setup node 0 [mem 0x0000000000001000-0x000000013fffffff]
[    0.000000] On node 0 totalpages: 1048445
[    0.000000]   DMA zone: 64 pages used for memmap
[    0.000000]   DMA zone: 21 pages reserved
[    0.000000]   DMA zone: 3998 pages, LIFO batch:0
[    0.000000]   DMA32 zone: 12224 pages used for memmap
[    0.000000]   DMA32 zone: 782303 pages, LIFO batch:31
[    0.000000]   Normal zone: 4096 pages used for memmap
[    0.000000]   Normal zone: 262144 pages, LIFO batch:31
[    0.000000] ACPI: PM-Timer IO Port: 0x608
[    0.000000] ACPI: Local APIC address 0xfee00000
[    0.000000] ACPI: LAPIC_NMI (acpi_id[0xff] dfl dfl lint[0x1])
[    0.000000] IOAPIC[0]: apic_id 0, version 17, address 0xfec00000, GSI 0-23
[    0.000000] ACPI: INT_SRC_OVR (bus 0 bus_irq 0 global_irq 2 dfl dfl)
[    0.000000] ACPI: INT_SRC_OVR (bus 0 bus_irq 5 global_irq 5 high level)
[    0.000000] ACPI: INT_SRC_OVR (bus 0 bus_irq 9 global_irq 9 high level)
[    0.000000] ACPI: INT_SRC_OVR (bus 0 bus_irq 10 global_irq 10 high level)
[    0.000000] ACPI: INT_SRC_OVR (bus 0 bus_irq 11 global_irq 11 high level)
[    0.000000] ACPI: IRQ0 used by override.
[    0.000000] ACPI: IRQ5 used by override.
[    0.000000] ACPI: IRQ9 used by override.
[    0.000000] ACPI: IRQ10 used by override.
[    0.000000] ACPI: IRQ11 used by override.
[    0.000000] Using ACPI (MADT) for SMP configuration information
[    0.000000] ACPI: HPET id: 0x8086a201 base: 0xfed00000
[    0.000000] smpboot: Allowing 4 CPUs, 0 hotplug CPUs
[    0.000000] PM: Registered nosave memory: [mem 0x00000000-0x00000fff]
[    0.000000] PM: Registered nosave memory: [mem 0x0009f000-0x0009ffff]
[    0.000000] PM: Registered nosave memory: [mem 0x000a0000-0x000effff]
[    0.000000] PM: Registered nosave memory: [mem 0x000f0000-0x000fffff]
[    0.000000] PM: Registered nosave memory: [mem 0xbffdf000-0xbfffffff]
[    0.000000] PM: Registered nosave memory: [mem 0xc0000000-0xfeffbfff]
[    0.000000] PM: Registered nosave memory: [mem 0xfeffc000-0xfeffffff]
[    0.000000] PM: Registered nosave memory: [mem 0xff000000-0xfffbffff]
[    0.000000] PM: Registered nosave memory: [mem 0xfffc0000-0xffffffff]
[    0.000000] e820: [mem 0xc0000000-0xfeffbfff] available for PCI devices
[    0.000000] Booting paravirtualized kernel on KVM
[    0.000000] clocksource: refined-jiffies: mask: 0xffffffff max_cycles: 0xffffffff, max_idle_ns: 1910969940391419 ns
[    0.000000] setup_percpu: NR_CPUS:64 nr_cpumask_bits:64 nr_cpu_ids:4 nr_node_ids:1
[    0.000000] PERCPU: Embedded 31 pages/cpu @ffff88013fc00000 s89624 r8192 d29160 u524288
[    0.000000] pcpu-alloc: s89624 r8192 d29160 u524288 alloc=1*2097152
[    0.000000] pcpu-alloc: [0] 0 1 2 3 
[    0.000000] KVM setup async PF for cpu 0
[    0.000000] kvm-stealtime: cpu 0, msr 13fc0d440
[    0.000000] Built 1 zonelists in Node order, mobility grouping on.  Total pages: 1032040
[    0.000000] Policy zone: Normal
[    0.000000] Kernel command line: console=ttyS0 root=/dev/sda debug earlyprintk=serial
[    0.000000] PID hash table entries: 4096 (order: 3, 32768 bytes)
[    0.000000] Calgary: detecting Calgary via BIOS EBDA area
[    0.000000] Calgary: Unable to locate Rio Grande table in EBDA - bailing!
[    0.000000] Memory: 4042292K/4193780K available (8706K kernel code, 1107K rwdata, 2792K rodata, 2776K init, 924K bss, 151488K reserved, 0K cma-reserved)
[    0.000000] SLUB: HWalign=64, Order=0-3, MinObjects=0, CPUs=4, Nodes=1
[    0.000000] Hierarchical RCU implementation.
[    0.000000] 	Additional per-CPU info printed with stalls.
[    0.000000] 	Build-time adjustment of leaf fanout to 64.
[    0.000000] 	RCU restricting CPUs from NR_CPUS=64 to nr_cpu_ids=4.
[    0.000000] RCU: Adjusting geometry for rcu_fanout_leaf=64, nr_cpu_ids=4
[    0.000000] NR_IRQS:4352 nr_irqs:456 16
[    0.000000] Console: colour VGA+ 80x25
[    0.000000] console [ttyS0] enabled
[    0.000000] console [ttyS0] enabled
[    0.000000] bootconsole [earlyser0] disabled
[    0.000000] bootconsole [earlyser0] disabled
[    0.000000] clocksource: hpet: mask: 0xffffffff max_cycles: 0xffffffff, max_idle_ns: 19112604467 ns
[    0.000000] hpet clockevent registered
[    0.000000] tsc: Detected 3392.294 MHz processor
[    0.002000] Calibrating delay loop (skipped) preset value.. 6784.58 BogoMIPS (lpj=3392294)
[    0.002299] pid_max: default: 32768 minimum: 301
[    0.003026] ACPI: Core revision 20150619
[    0.018247] ACPI: All ACPI Tables successfully acquired
[    0.018919] Security Framework initialized
[    0.019003] SELinux:  Initializing.
[    0.019374] SELinux:  Starting in permissive mode
[    0.020435] Dentry cache hash table entries: 524288 (order: 10, 4194304 bytes)
[    0.022665] Inode-cache hash table entries: 262144 (order: 9, 2097152 bytes)
[    0.023296] Mount-cache hash table entries: 8192 (order: 4, 65536 bytes)
[    0.024018] Mountpoint-cache hash table entries: 8192 (order: 4, 65536 bytes)
[    0.025599] Initializing cgroup subsys freezer
[    0.026088] mce: CPU supports 10 MCE banks
[    0.026547] Last level iTLB entries: 4KB 0, 2MB 0, 4MB 0
[    0.027003] Last level dTLB entries: 4KB 0, 2MB 0, 4MB 0, 1GB 0
[    0.028144] Freeing SMP alternatives memory: 32K (ffffffff821cc000 - ffffffff821d4000)
[    0.032288] ..TIMER: vector=0x30 apic1=0 pin1=2 apic2=-1 pin2=-1
[    0.033000] smpboot: CPU0: Intel QEMU Virtual CPU version 2.5+ (fam: 06, model: 06, stepping: 03)
[    0.033032] Performance Events: Broken PMU hardware detected, using software events only.
[    0.034002] Failed to access perfctr msr (MSR c2 is 0)
[    0.035365] x86: Booting SMP configuration:
[    0.035836] .... node  #0, CPUs:      #1
[    0.002000] kvm-clock: cpu 1, msr 1:3fff8041, secondary cpu clock
[    0.039015] KVM setup async PF for cpu 1
[    0.039728] kvm-stealtime: cpu 1, msr 13fc8d440
[    0.040033]  #2
[    0.002000] kvm-clock: cpu 2, msr 1:3fff8081, secondary cpu clock
[    0.043018] KVM setup async PF for cpu 2
[    0.043777]  #3
[    0.043777] kvm-stealtime: cpu 2, msr 13fd0d440
[    0.002000] kvm-clock: cpu 3, msr 1:3fff80c1, secondary cpu clock
[    0.046023] x86: Booted up 1 node, 4 CPUs
[    0.046016] KVM setup async PF for cpu 3
[    0.046018] kvm-stealtime: cpu 3, msr 13fd8d440
[    0.047457] smpboot: Total of 4 processors activated (27138.35 BogoMIPS)
[    0.049003] devtmpfs: initialized
[    0.050543] kworker/u8:0 (26) used greatest stack depth: 14408 bytes left
[    0.051058] clocksource: jiffies: mask: 0xffffffff max_cycles: 0xffffffff, max_idle_ns: 1911260446275000 ns
[    0.051459] RTC time:  5:44:22, date: 11/01/16
[    0.052072] NET: Registered protocol family 16
[    0.053566] kworker/u8:0 (29) used greatest stack depth: 13904 bytes left
[    0.058021] cpuidle: using governor ladder
[    0.063020] cpuidle: using governor menu
[    0.063700] ACPI: bus type PCI registered
[    0.064339] PCI: Using configuration type 1 for base access
[    0.086514] kworker/u8:0 (289) used greatest stack depth: 13680 bytes left
[    0.099070] ACPI: Added _OSI(Module Device)
[    0.099519] ACPI: Added _OSI(Processor Device)
[    0.099990] ACPI: Added _OSI(3.0 _SCP Extensions)
[    0.100002] ACPI: Added _OSI(Processor Aggregator Device)
[    0.106822] ACPI: Interpreter enabled
[    0.107009] ACPI Exception: AE_NOT_FOUND, While evaluating Sleep State [\_S1_] (20150619/hwxface-580)
[    0.108006] ACPI Exception: AE_NOT_FOUND, While evaluating Sleep State [\_S2_] (20150619/hwxface-580)
[    0.109026] ACPI: (supports S0 S3 S4 S5)
[    0.109445] ACPI: Using IOAPIC for interrupt routing
[    0.110129] PCI: Using host bridge windows from ACPI; if necessary, use "pci=nocrs" and report a bug
[    0.139512] ACPI: PCI Root Bridge [PCI0] (domain 0000 [bus 00-ff])
[    0.140011] acpi PNP0A03:00: _OSC: OS supports [ASPM ClockPM Segments MSI]
[    0.140749] acpi PNP0A03:00: _OSC failed (AE_NOT_FOUND); disabling ASPM
[    0.141109] acpi PNP0A03:00: fail to add MMCONFIG information, can't access extended PCI configuration space under this bridge.
[    0.143268] PCI host bridge to bus 0000:00
[    0.143694] pci_bus 0000:00: root bus resource [bus 00-ff]
[    0.144016] pci_bus 0000:00: root bus resource [io  0x0000-0x0cf7 window]
[    0.144715] pci_bus 0000:00: root bus resource [io  0x0d00-0xffff window]
[    0.145006] pci_bus 0000:00: root bus resource [mem 0x000a0000-0x000bffff window]
[    0.146005] pci_bus 0000:00: root bus resource [mem 0xc0000000-0xfebfffff window]
[    0.147033] pci 0000:00:00.0: [8086:1237] type 00 class 0x060000
[    0.148891] pci 0000:00:01.0: [8086:7000] type 00 class 0x060100
[    0.150618] pci 0000:00:01.1: [8086:7010] type 00 class 0x010180
[    0.152822] pci 0000:00:01.1: reg 0x20: [io  0xc040-0xc04f]
[    0.154223] pci 0000:00:01.1: legacy IDE quirk: reg 0x10: [io  0x01f0-0x01f7]
[    0.155004] pci 0000:00:01.1: legacy IDE quirk: reg 0x14: [io  0x03f6]
[    0.155653] pci 0000:00:01.1: legacy IDE quirk: reg 0x18: [io  0x0170-0x0177]
[    0.156003] pci 0000:00:01.1: legacy IDE quirk: reg 0x1c: [io  0x0376]
[    0.157880] pci 0000:00:01.3: [8086:7113] type 00 class 0x068000
[    0.158292] pci 0000:00:01.3: quirk: [io  0x0600-0x063f] claimed by PIIX4 ACPI
[    0.159009] pci 0000:00:01.3: quirk: [io  0x0700-0x070f] claimed by PIIX4 SMB
[    0.161310] pci 0000:00:02.0: [1234:1111] type 00 class 0x030000
[    0.163030] pci 0000:00:02.0: reg 0x10: [mem 0xfd000000-0xfdffffff pref]
[    0.165337] pci 0000:00:02.0: reg 0x18: [mem 0xfebf0000-0xfebf0fff]
[    0.169454] pci 0000:00:02.0: reg 0x30: [mem 0xfebe0000-0xfebeffff pref]
[    0.171371] pci 0000:00:03.0: [8086:100e] type 00 class 0x020000
[    0.173005] pci 0000:00:03.0: reg 0x10: [mem 0xfebc0000-0xfebdffff]
[    0.174275] pci 0000:00:03.0: reg 0x14: [io  0xc000-0xc03f]
[    0.177623] pci 0000:00:03.0: reg 0x30: [mem 0xfeb80000-0xfebbffff pref]
[    0.181848] ACPI: PCI Interrupt Link [LNKA] (IRQs 5 *10 11)
[    0.183668] ACPI: PCI Interrupt Link [LNKB] (IRQs 5 *10 11)
[    0.184748] ACPI: PCI Interrupt Link [LNKC] (IRQs 5 10 *11)
[    0.186155] ACPI: PCI Interrupt Link [LNKD] (IRQs 5 10 *11)
[    0.187060] ACPI: PCI Interrupt Link [LNKS] (IRQs *9)
[    0.191000] ACPI: Enabled 16 GPEs in block 00 to 0F
[    0.192055] vgaarb: setting as boot device: PCI:0000:00:02.0
[    0.192055] vgaarb: device added: PCI:0000:00:02.0,decodes=io+mem,owns=io+mem,locks=none
[    0.193010] vgaarb: loaded
[    0.193291] vgaarb: bridge control possible 0000:00:02.0
[    0.195000] SCSI subsystem initialized
[    0.196035] libata version 3.00 loaded.
[    0.196402] ACPI: bus type USB registered
[    0.197040] usbcore: registered new interface driver usbfs
[    0.197763] usbcore: registered new interface driver hub
[    0.198153] usbcore: registered new device driver usb
[    0.199362] pps_core: LinuxPPS API ver. 1 registered
[    0.199955] pps_core: Software ver. 5.3.6 - Copyright 2005-2007 Rodolfo Giometti <giometti@linux.it>
[    0.201035] PTP clock support registered
[    0.202293] Advanced Linux Sound Architecture Driver Initialized.
[    0.203030] PCI: Using ACPI for IRQ routing
[    0.203030] PCI: pci_cache_line_size set to 64 bytes
[    0.203635] e820: reserve RAM buffer [mem 0x0009fc00-0x0009ffff]
[    0.205008] e820: reserve RAM buffer [mem 0xbffdf000-0xbfffffff]
[    0.207093] NetLabel: Initializing
[    0.207093] NetLabel:  domain hash size = 128
[    0.207456] NetLabel:  protocols = UNLABELED CIPSOv4
[    0.208047] NetLabel:  unlabeled traffic allowed by default
[    0.209086] HPET: 3 timers in total, 0 timers will be used for per-cpu timer
[    0.209864] hpet0: at MMIO 0xfed00000, IRQs 2, 8, 0
[    0.210216] hpet0: 3 comparators, 64-bit 100.000000 MHz counter
[    0.216053] clocksource: Switched to clocksource kvm-clock
[    0.272672] pnp: PnP ACPI init
[    0.273453] pnp 00:00: Plug and Play ACPI device, IDs PNP0b00 (active)
[    0.274405] pnp 00:01: Plug and Play ACPI device, IDs PNP0303 (active)
[    0.275478] pnp 00:02: Plug and Play ACPI device, IDs PNP0f13 (active)
[    0.276430] pnp 00:03: [dma 2]
[    0.276980] pnp 00:03: Plug and Play ACPI device, IDs PNP0700 (active)
[    0.278142] pnp 00:04: Plug and Play ACPI device, IDs PNP0400 (active)
[    0.279230] pnp 00:05: Plug and Play ACPI device, IDs PNP0501 (active)
[    0.281350] pnp: PnP ACPI: found 6 devices
[    0.300786] clocksource: acpi_pm: mask: 0xffffff max_cycles: 0xffffff, max_idle_ns: 2085701024 ns
[    0.302020] pci_bus 0000:00: resource 4 [io  0x0000-0x0cf7 window]
[    0.302707] pci_bus 0000:00: resource 5 [io  0x0d00-0xffff window]
[    0.303433] pci_bus 0000:00: resource 6 [mem 0x000a0000-0x000bffff window]
[    0.304168] pci_bus 0000:00: resource 7 [mem 0xc0000000-0xfebfffff window]
[    0.305063] NET: Registered protocol family 2
[    0.306062] TCP established hash table entries: 32768 (order: 6, 262144 bytes)
[    0.306933] TCP bind hash table entries: 32768 (order: 7, 524288 bytes)
[    0.307669] TCP: Hash tables configured (established 32768 bind 32768)
[    0.308498] UDP hash table entries: 2048 (order: 4, 65536 bytes)
[    0.309228] UDP-Lite hash table entries: 2048 (order: 4, 65536 bytes)
[    0.310257] NET: Registered protocol family 1
[    0.311048] RPC: Registered named UNIX socket transport module.
[    0.311688] RPC: Registered udp transport module.
[    0.312239] RPC: Registered tcp transport module.
[    0.312730] RPC: Registered tcp NFSv4.1 backchannel transport module.
[    0.313474] pci 0000:00:00.0: Limiting direct PCI/PCI transfers
[    0.314115] pci 0000:00:01.0: PIIX3: Enabling Passive Release
[    0.314772] pci 0000:00:01.0: Activating ISA DMA hang workarounds
[    0.315455] pci 0000:00:02.0: Video device with shadowed ROM
[    0.316052] PCI: CLS 0 bytes, default 64
[    0.316681] PCI-DMA: Using software bounce buffering for IO (SWIOTLB)
[    0.317347] software IO TLB [mem 0xbbfdf000-0xbffdf000] (64MB) mapped at [ffff8800bbfdf000-ffff8800bffdefff]
[    0.318660] microcode: CPU0 sig=0x663, pf=0x1, revision=0x1
[    0.319617] microcode: CPU1 sig=0x663, pf=0x1, revision=0x1
[    0.320316] microcode: CPU2 sig=0x663, pf=0x1, revision=0x1
[    0.320972] microcode: CPU3 sig=0x663, pf=0x1, revision=0x1
[    0.321925] microcode: Microcode Update Driver: v2.00 <tigran@aivazian.fsnet.co.uk>, Peter Oruba
[    0.324808] Scanning for low memory corruption every 60 seconds
[    0.328985] futex hash table entries: 1024 (order: 4, 65536 bytes)
[    0.329761] audit: initializing netlink subsys (disabled)
[    0.330385] audit: type=2000 audit(1477979062.835:1): initialized
[    0.332090] HugeTLB registered 2 MB page size, pre-allocated 0 pages
[    0.349860] VFS: Disk quotas dquot_6.6.0
[    0.350807] VFS: Dquot-cache hash table entries: 512 (order 0, 4096 bytes)
[    0.355706] NFS: Registering the id_resolver key type
[    0.356488] Key type id_resolver registered
[    0.356949] Key type id_legacy registered
[    0.357650] 9p: Installing v9fs 9p2000 file system support
[    0.358904] SELinux:  Registering netfilter hooks
[    0.361940] Block layer SCSI generic (bsg) driver version 0.4 loaded (major 251)
[    0.362768] io scheduler noop registered
[    0.363179] io scheduler deadline registered
[    0.364090] io scheduler cfq registered (default)
[    0.364900] pci_hotplug: PCI Hot Plug PCI Core version: 0.5
[    0.366087] input: Power Button as /devices/LNXSYSTM:00/LNXPWRBN:00/input/input0
[    0.367221] ACPI: Power Button [PWRF]
[    0.369115] Serial: 8250/16550 driver, 4 ports, IRQ sharing enabled
[    0.392613] 00:05: ttyS0 at I/O 0x3f8 (irq = 4, base_baud = 115200) is a 16550A
[    0.396025] Non-volatile memory driver v1.3
[    0.396853] Linux agpgart interface v0.103
[    0.397772] [drm] Initialized drm 1.1.0 20060810
[    0.407861] loop: module loaded
[    0.408937] ata_piix 0000:00:01.1: version 2.13
[    0.412727] scsi host0: ata_piix
[    0.414079] scsi host1: ata_piix
[    0.415045] ata1: PATA max MWDMA2 cmd 0x1f0 ctl 0x3f6 bmdma 0xc040 irq 14
[    0.415990] ata2: PATA max MWDMA2 cmd 0x170 ctl 0x376 bmdma 0xc048 irq 15
[    0.417138] e100: Intel(R) PRO/100 Network Driver, 3.5.24-k2-NAPI
[    0.417757] e100: Copyright(c) 1999-2006 Intel Corporation
[    0.418433] e1000: Intel(R) PRO/1000 Network Driver - version 7.3.21-k8-NAPI
[    0.419158] e1000: Copyright (c) 1999-2006 Intel Corporation.
[    0.567306] ata1.01: NODEV after polling detection
[    0.568411] ata1.00: ATA-7: QEMU HARDDISK, 2.5+, max UDMA/100
[    0.569102] ata1.00: 2099200 sectors, multi 16: LBA48 
[    0.569715] ata2.01: NODEV after polling detection
[    0.570521] ata2.00: ATAPI: QEMU DVD-ROM, 2.5+, max UDMA/100
[    0.571520] ata1.00: configured for MWDMA2
[    0.572226] ata2.00: configured for MWDMA2
[    0.572472] scsi 0:0:0:0: Direct-Access     ATA      QEMU HARDDISK    2.5+ PQ: 0 ANSI: 5
[    0.573810] sd 0:0:0:0: [sda] 2099200 512-byte logical blocks: (1.07 GB/1.00 GiB)
[    0.574101] sd 0:0:0:0: Attached scsi generic sg0 type 0
[    0.575395] scsi 1:0:0:0: CD-ROM            QEMU     QEMU DVD-ROM     2.5+ PQ: 0 ANSI: 5
[    0.575610] sd 0:0:0:0: [sda] Write Protect is off
[    0.575613] sd 0:0:0:0: [sda] Mode Sense: 00 3a 00 00
[    0.575685] sd 0:0:0:0: [sda] Write cache: enabled, read cache: enabled, doesn't support DPO or FUA
[    0.579481] sd 0:0:0:0: [sda] Attached SCSI disk
[    0.592636] sr 1:0:0:0: [sr0] scsi3-mmc drive: 4x/4x cd/rw xa/form2 tray
[    0.593370] cdrom: Uniform CD-ROM driver Revision: 3.20
[    0.595247] sr 1:0:0:0: Attached scsi CD-ROM sr0
[    0.596572] sr 1:0:0:0: Attached scsi generic sg1 type 5
[    1.020608] ACPI: PCI Interrupt Link [LNKC] enabled at IRQ 11
[    1.316910] e1000 0000:00:03.0 eth0: (PCI:33MHz:32-bit) 52:54:00:12:34:56
[    1.317675] e1000 0000:00:03.0 eth0: Intel(R) PRO/1000 Network Connection
[    1.318501] sky2: driver version 1.30
[    1.319045] tsc: Refined TSC clocksource calibration: 3392.382 MHz
[    1.319514] ehci_hcd: USB 2.0 'Enhanced' Host Controller (EHCI) Driver
[    1.319518] ehci-pci: EHCI PCI platform driver
[    1.319598] ohci_hcd: USB 1.1 'Open' Host Controller (OHCI) Driver
[    1.319612] ohci-pci: OHCI PCI platform driver
[    1.319677] uhci_hcd: USB Universal Host Controller Interface driver
[    1.319886] usbcore: registered new interface driver usblp
[    1.319976] usbcore: registered new interface driver usb-storage
[    1.320114] i8042: PNP: PS/2 Controller [PNP0303:KBD,PNP0f13:MOU] at 0x60,0x64 irq 1,12
[    1.321611] serio: i8042 KBD port at 0x60,0x64 irq 1
[    1.321627] serio: i8042 AUX port at 0x60,0x64 irq 12
[    1.322597] mousedev: PS/2 mouse device common for all mice
[    1.326563] input: AT Translated Set 2 keyboard as /devices/platform/i8042/serio0/input/input1
[    1.328958] rtc_cmos 00:00: RTC can wake from S4
[    1.330240] rtc_cmos 00:00: rtc core: registered rtc_cmos as rtc0
[    1.330768] rtc_cmos 00:00: alarms up to one day, 114 bytes nvram, hpet irqs
[    1.331819] device-mapper: ioctl: 4.32.0-ioctl (2015-6-26) initialised: dm-devel@redhat.com
[    1.332064] hidraw: raw HID events driver (C) Jiri Kosina
[    1.334874] usbcore: registered new interface driver usbhid
[    1.334875] usbhid: USB HID core driver
[    1.337949] Netfilter messages via NETLINK v0.30.
[    1.337992] nf_conntrack version 0.5.0 (16384 buckets, 65536 max)
[    1.338808] ctnetlink v0.93: registering with nfnetlink.
[    1.339251] ip_tables: (C) 2000-2006 Netfilter Core Team
[    1.339522] Initializing XFRM netlink socket
[    1.341906] NET: Registered protocol family 10
[    1.343055] ip6_tables: (C) 2000-2006 Netfilter Core Team
[    1.343539] sit: IPv6 over IPv4 tunneling driver
[    1.345094] NET: Registered protocol family 17
[    1.345244] 9pnet: Installing 9P2000 support
[    1.345389] Key type dns_resolver registered
[    1.348468] registered taskstats version 1
[    1.348741] kmemleak: Kernel memory leak detector initialized
[    1.348749] kmemleak: Automatic memory scanning thread started
[    1.349718]   Magic number: 8:317:718
[    1.351544] clocksource: tsc: mask: 0xffffffffffffffff max_cycles: 0x30e63239e35, max_idle_ns: 440795230997 ns
[    1.352782] console [netcon0] enabled
[    1.353179] netconsole: network logging started
[    1.354302] PM: Hibernation image not present or could not be loaded.
[    1.354973] ALSA device list:
[    1.355328]   No soundcards found.
[    1.952480] input: ImExPS/2 Generic Explorer Mouse as /devices/platform/i8042/serio1/input/input3
[    1.957132] md: Waiting for all devices to be available before autodetect
[    1.959531] md: If you don't use raid, use raid=noautodetect
[    1.964184] md: Autodetecting RAID arrays.
[    1.965564] md: Scanned 0 and added 0 devices.
[    1.966998] md: autorun ...
[    1.967903] md: ... autorun DONE.
[    1.970066] EXT4-fs (sda): couldn't mount as ext3 due to feature incompatibilities
[    1.973278] EXT4-fs (sda): couldn't mount as ext2 due to feature incompatibilities
[    1.982724] EXT4-fs (sda): mounted filesystem with ordered data mode. Opts: (null)
[    1.985628] VFS: Mounted root (ext4 filesystem) readonly on device 8:0.
[    1.988819] devtmpfs: mounted
[    1.990390] Freeing unused kernel memory: 2776K (ffffffff81f16000 - ffffffff821cc000)
[    1.992684] Write protecting the kernel read-only data: 14336k
[    1.994912] Freeing unused kernel memory: 1520K (ffff880001884000 - ffff880001a00000)
[    1.997588] Freeing unused kernel memory: 1304K (ffff880001cba000 - ffff880001e00000)
SELinux:  Could not open policy file <= /etc/selinux/targeted/policy/policy.29:  No such file or directory
INIT: version 2.88 booting
[    2.057059] stty (975) used greatest stack depth: 13128 bytes left
[[36minfo[39;49m] Using makefile-style concurrent boot in runlevel S.
[    2.214708] udevadm (1070) used greatest stack depth: 12640 bytes left
[....] Starting the hotplug events dispatcher: udevd[    2.238225] udevd[1084]: starting version 175
[?25l[?1c7[1G[[32m ok [39;49m8[?25h[?0c.
[....] Synthesizing the initial hotplug events...[?25l[?1c7[1G[[32m ok [39;49m8[?25h[?0cdone.
[....] Waiting for /dev to be fully populated...[    2.424895] random: nonblocking pool is initialized
[?25l[?1c7[1G[[32m ok [39;49m8[?25h[?0cdone.
[....] Activating swap...[?25l[?1c7[1G[[32m ok [39;49m8[?25h[?0cdone.
[    2.566794] EXT4-fs (sda): re-mounted. Opts: (null)
[....] Creating compatibility symlink from /etc/mtab to /proc/mounts. ...[?25l[?1c7[1G[[33mwarn[39;49m8[?25h[?0c [33m(warning).[39;49m
[....] Cleaning up temporary files... /tmp[?25l[?1c7[1G[[32m ok [39;49m8[?25h[?0c.
[....] Activating lvm and md swap...[?25l[?1c7[1G[[32m ok [39;49m8[?25h[?0cdone.
[....] Checking file systems...fsck from util-linux 2.20.1
[?25l[?1c7[1G[[32m ok [39;49m8[?25h[?0cdone.
[....] Mounting local filesystems...[?25l[?1c7[1G[[32m ok [39;49m8[?25h[?0cdone.
[....] Activating swapfile swap...[?25l[?1c7[1G[[32m ok [39;49m8[?25h[?0cdone.
[....] Cleaning up temporary files...[?25l[?1c7[1G[[32m ok [39;49m8[?25h[?0c.
[....] Setting kernel variables ...[?25l[?1c7[1G[[32m ok [39;49m8[?25h[?0cdone.
[....] Configuring network interfaces...[    3.158689] ip (2272) used greatest stack depth: 12232 bytes left
Internet Systems Consortium DHCP Client 4.2.2
Copyright 2004-2011 Internet Systems Consortium.
All rights reserved.
For info, please visit https://www.isc.org/software/dhcp/

[    3.208626] IPv6: ADDRCONF(NETDEV_UP): eth0: link is not ready
[    3.210055] e1000: eth0 NIC Link is Up 1000 Mbps Full Duplex, Flow Control: RX
[    3.211166] IPv6: ADDRCONF(NETDEV_CHANGE): eth0: link becomes ready
Listening on LPF/eth0/52:54:00:12:34:56
Sending on   LPF/eth0/52:54:00:12:34:56
Sending on   Socket/fallback
DHCPDISCOVER on eth0 to 255.255.255.255 port 67 interval 4
DHCPREQUEST on eth0 to 255.255.255.255 port 67
DHCPOFFER from 10.0.2.2
DHCPACK from 10.0.2.2
bound to 10.0.2.15 -- renewal in 42152 seconds.
[?25l[?1c7[1G[[32m ok [39;49m8[?25h[?0cdone.
[....] Cleaning up temporary files...[?25l[?1c7[1G[[32m ok [39;49m8[?25h[?0c.
INIT: Entering runlevel: 2
[[36minfo[39;49m] Using makefile-style concurrent boot in runlevel 2.
[....] Starting enhanced syslogd: rsyslogd[?25l[?1c7[1G[[32m ok [39;49m8[?25h[?0c.
[....] Starting periodic command scheduler: cron[?25l[?1c7[1G[[32m ok [39;49m8[?25h[?0c.
[....] Starting OpenBSD Secure Shell server: sshd[?25l[?1c7[1G[[32m ok [39;49m8[?25h[?0c.
[    6.509999] kt: running test for light, case 10, T2537
[    6.509999] 
[    6.514065] kt: starting test light_test_4thread_on_3scenario
[    7.942163] kt: end of test
[    7.943876] 
[    7.944802] dump_desc: [messey_signal]
[    7.947175] dump_desc evts:
[    7.950538] dump_desc   ts: 301 403 503
[    7.953276] dump_desc  ret: 0 0 0
[    7.956707] 
[    7.957901] dump_desc: [messey_destroy]
[    7.961251] dump_desc evts: 0 1 2
[    7.963560] dump_desc   ts: 301 301 604
[    7.966770] dump_desc  ret: 0 0 0
[    7.968919] 
[    7.970573] dump_desc: [sum_wait]
[    7.972808] dump_desc evts:
[    7.975454] dump_desc   ts: 1222 1222 1222 1222 1302 1302 1302 1302 1424 1424 1424 1424
[    7.980151] dump_desc  ret: 0 0 0 0 -22 -22 -22 -22 0 0 0 0
[    7.984380] LIGHT_SUCCESS
[    7.987795] kt: running test for light, case 10, T2553
[    7.987795] 
[    7.991862] kt: starting test light_test_4thread_on_3scenario
[    9.421130] kt: end of test
[    9.422695] 
[    9.423765] dump_desc: [messey_signal]
[    9.425719] dump_desc evts:
[    9.429501] dump_desc   ts: 301 403 503
[    9.432607] dump_desc  ret: 0 0 0
[    9.434527] 
[    9.436096] dump_desc: [messey_destroy]
[    9.438543] dump_desc evts: 3 4 5
[    9.441804] dump_desc   ts: 301 301 604
[    9.443920] dump_desc  ret: 0 0 0
[    9.446196] 
[    9.447320] dump_desc: [sum_wait]
[    9.449641] dump_desc evts:
[    9.451317] dump_desc   ts: 1222 1222 1222 1222 1302 1302 1302 1302 1424 1424 1424 1424
[    9.455896] dump_desc  ret: 0 0 0 0 -22 -22 -22 -22 0 0 0 0
[    9.459727] LIGHT_SUCCESS
[    9.462936] kt: running test for light, case 10, T2568
[    9.462936] 
[    9.466802] kt: starting test light_test_4thread_on_3scenario
[   10.897122] kt: end of test
[   10.898667] 
[   10.899463] dump_desc: [messey_signal]
[   10.902358] dump_desc evts:
[   10.904799] dump_desc   ts: 301 403 503
[   10.907797] dump_desc  ret: 0 0 0
[   10.910251] 
[   10.911736] dump_desc: [messey_destroy]
[   10.914779] dump_desc evts: 6 7 8
[   10.917390] dump_desc   ts: 301 301 604
[   10.920156] dump_desc  ret: 0 0 0
[   10.922345] 
[   10.922912] dump_desc: [sum_wait]
[   10.926267] dump_desc evts:
[   10.928336] dump_desc   ts: 1222 1222 1222 1222 1302 1302 1302 1302 1424 1424 1424 1424
[   10.932547] dump_desc  ret: 0 0 0 0 -22 -22 -22 -22 0 0 0 0
[   10.936053] LIGHT_SUCCESS
[   10.939690] kt: running test for light, case 10, T2584
[   10.939690] 
[   10.945254] kt: starting test light_test_4thread_on_3scenario
[   12.375138] kt: end of test
[   12.376766] 
[   12.377904] dump_desc: [messey_signal]
[   12.379631] dump_desc evts:
[   12.380670] dump_desc   ts: 301 403 503
[   12.383416] dump_desc  ret: 0 0 0
[   12.386834] 
[   12.388056] dump_desc: [messey_destroy]
[   12.391057] dump_desc evts: 9 10 11
[   12.393093] dump_desc   ts: 301 301 604
[   12.396834] dump_desc  ret: 0 0 0
[   12.399504] 
[   12.400498] dump_desc: [sum_wait]
[   12.402783] dump_desc evts:
[   12.404726] dump_desc   ts: 1222 1222 1222 1222 1302 1302 1302 1302 1424 1424 1424 1424
[   12.410416] dump_desc  ret: 0 0 0 0 -22 -22 -22 -22 0 0 0 0
[   12.414717] LIGHT_SUCCESS
[   12.418539] kt: running test for light, case 10, T2599
[   12.418539] 
[   12.423525] kt: starting test light_test_4thread_on_3scenario
[   13.853133] kt: end of test
[   13.854937] 
[   13.856222] dump_desc: [messey_signal]
[   13.859238] dump_desc evts:
[   13.861449] dump_desc   ts: 301 403 505
[   13.864951] dump_desc  ret: 0 0 0
[   13.869495] 
[   13.870535] dump_desc: [messey_destroy]
[   13.873186] dump_desc evts: 13 12 14
[   13.875300] dump_desc   ts: 301 301 604
[   13.877894] dump_desc  ret: 0 0 0
[   13.880059] 
[   13.880819] dump_desc: [sum_wait]
[   13.884058] dump_desc evts:
[   13.885824] dump_desc   ts: 1222 1222 1222 1223 1302 1302 1302 1302 1424 1424 1424 1424
[   13.889396] dump_desc  ret: 0 0 0 0 -22 -22 -22 -22 0 0 0 0
[   13.892472] LIGHT_SUCCESS
[   13.896013] kt: running test for light, case 10, T2616
[   13.896013] 
[   13.900705] kt: starting test light_test_4thread_on_3scenario
[   15.329166] kt: end of test
[   15.330917] 
[   15.332244] dump_desc: [messey_signal]
[   15.335790] dump_desc evts:
[   15.338290] dump_desc   ts: 301 403 503
[   15.342067] dump_desc  ret: 0 0 0
[   15.344703] 
[   15.345755] dump_desc: [messey_destroy]
[   15.348285] dump_desc evts: 15 16 17
[   15.351699] dump_desc   ts: 301 301 604
[   15.354831] dump_desc  ret: 0 0 0
[   15.357334] 
[   15.359304] dump_desc: [sum_wait]
[   15.361390] dump_desc evts:
[   15.363823] dump_desc   ts: 1222 1222 1222 1222 1302 1302 1302 1302 1424 1424 1424 1424
[   15.368172] dump_desc  ret: 0 0 0 0 -22 -22 -22 -22 0 0 0 0
[   15.371905] LIGHT_SUCCESS
[   15.374842] kt: running test for light, case 10, T2631
[   15.374842] 
[   15.380468] kt: starting test light_test_4thread_on_3scenario
[   16.809133] kt: end of test
[   16.810416] 
[   16.811238] dump_desc: [messey_signal]
[   16.815371] dump_desc evts:
[   16.817185] dump_desc   ts: 301 403 503
[   16.820790] dump_desc  ret: 0 0 0
[   16.823162] 
[   16.823956] dump_desc: [messey_destroy]
[   16.828247] dump_desc evts: 19 20 18
[   16.830719] dump_desc   ts: 301 301 604
[   16.833100] dump_desc  ret: 0 0 0
[   16.836341] 
[   16.837650] dump_desc: [sum_wait]
[   16.839614] dump_desc evts:
[   16.842374] dump_desc   ts: 1222 1222 1222 1222 1302 1302 1302 1302 1424 1424 1424 1424
[   16.846755] dump_desc  ret: 0 0 0 0 -22 -22 -22 -22 0 0 0 0
[   16.850298] LIGHT_SUCCESS
[   16.854104] kt: running test for light, case 10, T2647
[   16.854104] 
[   16.858094] kt: starting test light_test_4thread_on_3scenario
[   18.289138] kt: end of test
[   18.290867] 
[   18.291645] dump_desc: [messey_signal]
[   18.294475] dump_desc evts:
[   18.296868] dump_desc   ts: 301 403 503
[   18.299158] dump_desc  ret: 0 0 0
[   18.301946] 
[   18.303041] dump_desc: [messey_destroy]
[   18.305349] dump_desc evts: 21 22 23
[   18.308989] dump_desc   ts: 301 301 604
[   18.312110] dump_desc  ret: 0 0 0
[   18.314345] 
[   18.316246] dump_desc: [sum_wait]
[   18.318519] dump_desc evts:
[   18.320938] dump_desc   ts: 1222 1222 1222 1222 1302 1302 1302 1302 1424 1424 1424 1424
[   18.325664] dump_desc  ret: 0 0 0 0 -22 -22 -22 -22 0 0 0 0
[   18.329069] LIGHT_SUCCESS
[   20.704357] kmemleak: 1 new suspected memory leaks (see /sys/kernel/debug/kmemleak)
INIT: Switching to runlevel: 0
INIT: Sending processes the TERM signal
[[36minfo[39;49m] Using makefile-style concurrent boot in runlevel 0.
[....] Asking all remaining processes to terminate...[?25l[?1c7[1G[[32m ok [39;49m8[?25h[?0cdone.
[....] All processes ended within 1 seconds...[?25l[?1c7[1G[[32m ok [39;49m8[?25h[?0cdone.
[....] Stopping enhanced syslogd: rsyslogd[?25l[?1c7[1G[[32m ok [39;49m8[?25h[?0c.
[....] Deconfiguring network interfaces...Internet Systems Consortium DHCP Client 4.2.2
Copyright 2004-2011 Internet Systems Consortium.
All rights reserved.
For info, please visit https://www.isc.org/software/dhcp/

Listening on LPF/eth0/52:54:00:12:34:56
Sending on   LPF/eth0/52:54:00:12:34:56
Sending on   Socket/fallback
DHCPRELEASE on eth0 to 10.0.2.2 port 67
[?25l[?1c7[1G[[32m ok [39;49m8[?25h[?0cdone.
[[36minfo[39;49m] Saving the system clock.
[[36minfo[39;49m] Hardware Clock updated to Tue Nov  1 05:44:54 UTC 2016.
[....] Deactivating swap...[?25l[?1c7[1G[[32m ok [39;49m8[?25h[?0cdone.
[....] Unmounting local filesystems...[?25l[?1c7[1G[[32m ok [39;49m8[?25h[?0cdone.
[   32.131616] EXT4-fs (sda): re-mounted. Opts: (null)
[[36minfo[39;49m] Will now halt.
[   35.160267] sd 0:0:0:0: [sda] Synchronizing SCSI cache
[   35.161693] sd 0:0:0:0: [sda] Stopping disk
[   35.623090] ACPI: Preparing to enter system sleep state S5
[   35.623766] reboot: Power down
[   35.624759] acpi_power_off called
