early console in setup code
early console in decompress_kernel

Decompressing Linux... Parsing ELF... done.
Booting the kernel.
[    0.000000] Initializing cgroup subsys cpuset
[    0.000000] Initializing cgroup subsys cpu
[    0.000000] Initializing cgroup subsys cpuacct
[    0.000000] Linux version 4.2.0-team50-kt (progman@m91p) (gcc version 5.4.0 20160609 (Ubuntu 5.4.0-6ubuntu1~16.04.2) ) #113 SMP Tue Nov 1 01:38:20 EDT 2016
[    0.000000] Command line: console=ttyS0 root=/dev/sda debug earlyprintk=serial
[    0.000000] x86/fpu: Legacy x87 FPU detected.
[    0.000000] x86/fpu: Using 'lazy' FPU context switches.
[    0.000000] e820: BIOS-provided physical RAM map:
[    0.000000] BIOS-e820: [mem 0x0000000000000000-0x000000000009fbff] usable
[    0.000000] BIOS-e820: [mem 0x000000000009fc00-0x000000000009ffff] reserved
[    0.000000] BIOS-e820: [mem 0x00000000000f0000-0x00000000000fffff] reserved
[    0.000000] BIOS-e820: [mem 0x0000000000100000-0x00000000bffdefff] usable
[    0.000000] BIOS-e820: [mem 0x00000000bffdf000-0x00000000bfffffff] reserved
[    0.000000] BIOS-e820: [mem 0x00000000feffc000-0x00000000feffffff] reserved
[    0.000000] BIOS-e820: [mem 0x00000000fffc0000-0x00000000ffffffff] reserved
[    0.000000] BIOS-e820: [mem 0x0000000100000000-0x000000013fffffff] usable
[    0.000000] bootconsole [earlyser0] enabled
[    0.000000] NX (Execute Disable) protection: active
[    0.000000] SMBIOS 2.8 present.
[    0.000000] DMI: QEMU Standard PC (i440FX + PIIX, 1996), BIOS Ubuntu-1.8.2-1ubuntu1 04/01/2014
[    0.000000] Hypervisor detected: KVM
[    0.000000] e820: update [mem 0x00000000-0x00000fff] usable ==> reserved
[    0.000000] e820: remove [mem 0x000a0000-0x000fffff] usable
[    0.000000] e820: last_pfn = 0x140000 max_arch_pfn = 0x400000000
[    0.000000] MTRR default type: write-back
[    0.000000] MTRR fixed ranges enabled:
[    0.000000]   00000-9FFFF write-back
[    0.000000]   A0000-BFFFF uncachable
[    0.000000]   C0000-FFFFF write-protect
[    0.000000] MTRR variable ranges enabled:
[    0.000000]   0 base 00C0000000 mask FFC0000000 uncachable
[    0.000000]   1 disabled
[    0.000000]   2 disabled
[    0.000000]   3 disabled
[    0.000000]   4 disabled
[    0.000000]   5 disabled
[    0.000000]   6 disabled
[    0.000000]   7 disabled
[    0.000000] x86/PAT: PAT not supported by CPU.
[    0.000000] e820: last_pfn = 0xbffdf max_arch_pfn = 0x400000000
[    0.000000] found SMP MP-table at [mem 0x000f6600-0x000f660f] mapped at [ffff8800000f6600]
[    0.000000] Scanning 1 areas for low memory corruption
[    0.000000] Base memory trampoline at [ffff880000099000] 99000 size 24576
[    0.000000] init_memory_mapping: [mem 0x00000000-0x000fffff]
[    0.000000]  [mem 0x00000000-0x000fffff] page 4k
[    0.000000] BRK [0x022bd000, 0x022bdfff] PGTABLE
[    0.000000] BRK [0x022be000, 0x022befff] PGTABLE
[    0.000000] BRK [0x022bf000, 0x022bffff] PGTABLE
[    0.000000] init_memory_mapping: [mem 0x13fe00000-0x13fffffff]
[    0.000000]  [mem 0x13fe00000-0x13fffffff] page 2M
[    0.000000] BRK [0x022c0000, 0x022c0fff] PGTABLE
[    0.000000] init_memory_mapping: [mem 0x120000000-0x13fdfffff]
[    0.000000]  [mem 0x120000000-0x13fdfffff] page 2M
[    0.000000] init_memory_mapping: [mem 0x00100000-0xbffdefff]
[    0.000000]  [mem 0x00100000-0x001fffff] page 4k
[    0.000000]  [mem 0x00200000-0xbfdfffff] page 2M
[    0.000000]  [mem 0xbfe00000-0xbffdefff] page 4k
[    0.000000] init_memory_mapping: [mem 0x100000000-0x11fffffff]
[    0.000000]  [mem 0x100000000-0x11fffffff] page 2M
[    0.000000] ACPI: Early table checksum verification disabled
[    0.000000] ACPI: RSDP 0x00000000000F65B0 000014 (v00 BOCHS )
[    0.000000] ACPI: RSDT 0x00000000BFFE1511 000034 (v01 BOCHS  BXPCRSDT 00000001 BXPC 00000001)
[    0.000000] ACPI: FACP 0x00000000BFFE0954 000074 (v01 BOCHS  BXPCFACP 00000001 BXPC 00000001)
[    0.000000] ACPI: DSDT 0x00000000BFFDFD80 000BD4 (v01 BOCHS  BXPCDSDT 00000001 BXPC 00000001)
[    0.000000] ACPI: FACS 0x00000000BFFDFD40 000040
[    0.000000] ACPI: SSDT 0x00000000BFFE09C8 000A81 (v01 BOCHS  BXPCSSDT 00000001 BXPC 00000001)
[    0.000000] ACPI: APIC 0x00000000BFFE1449 000090 (v01 BOCHS  BXPCAPIC 00000001 BXPC 00000001)
[    0.000000] ACPI: HPET 0x00000000BFFE14D9 000038 (v01 BOCHS  BXPCHPET 00000001 BXPC 00000001)
[    0.000000] ACPI: Local APIC address 0xfee00000
[    0.000000] No NUMA configuration found
[    0.000000] Faking a node at [mem 0x0000000000000000-0x000000013fffffff]
[    0.000000] NODE_DATA(0) allocated [mem 0x13fff9000-0x13fffcfff]
[    0.000000] kvm-clock: Using msrs 4b564d01 and 4b564d00
[    0.000000] kvm-clock: cpu 0, msr 1:3fff8001, primary cpu clock
[    0.000000] clocksource: kvm-clock: mask: 0xffffffffffffffff max_cycles: 0x1cd42e4dffb, max_idle_ns: 881590591483 ns
[    0.000000]  [ffffea0000000000-ffffea0004ffffff] PMD -> [ffff88013b600000-ffff88013f5fffff] on node 0
[    0.000000] Zone ranges:
[    0.000000]   DMA      [mem 0x0000000000001000-0x0000000000ffffff]
[    0.000000]   DMA32    [mem 0x0000000001000000-0x00000000ffffffff]
[    0.000000]   Normal   [mem 0x0000000100000000-0x000000013fffffff]
[    0.000000] Movable zone start for each node
[    0.000000] Early memory node ranges
[    0.000000]   node   0: [mem 0x0000000000001000-0x000000000009efff]
[    0.000000]   node   0: [mem 0x0000000000100000-0x00000000bffdefff]
[    0.000000]   node   0: [mem 0x0000000100000000-0x000000013fffffff]
[    0.000000] Initmem setup node 0 [mem 0x0000000000001000-0x000000013fffffff]
[    0.000000] On node 0 totalpages: 1048445
[    0.000000]   DMA zone: 64 pages used for memmap
[    0.000000]   DMA zone: 21 pages reserved
[    0.000000]   DMA zone: 3998 pages, LIFO batch:0
[    0.000000]   DMA32 zone: 12224 pages used for memmap
[    0.000000]   DMA32 zone: 782303 pages, LIFO batch:31
[    0.000000]   Normal zone: 4096 pages used for memmap
[    0.000000]   Normal zone: 262144 pages, LIFO batch:31
[    0.000000] ACPI: PM-Timer IO Port: 0x608
[    0.000000] ACPI: Local APIC address 0xfee00000
[    0.000000] ACPI: LAPIC_NMI (acpi_id[0xff] dfl dfl lint[0x1])
[    0.000000] IOAPIC[0]: apic_id 0, version 17, address 0xfec00000, GSI 0-23
[    0.000000] ACPI: INT_SRC_OVR (bus 0 bus_irq 0 global_irq 2 dfl dfl)
[    0.000000] ACPI: INT_SRC_OVR (bus 0 bus_irq 5 global_irq 5 high level)
[    0.000000] ACPI: INT_SRC_OVR (bus 0 bus_irq 9 global_irq 9 high level)
[    0.000000] ACPI: INT_SRC_OVR (bus 0 bus_irq 10 global_irq 10 high level)
[    0.000000] ACPI: INT_SRC_OVR (bus 0 bus_irq 11 global_irq 11 high level)
[    0.000000] ACPI: IRQ0 used by override.
[    0.000000] ACPI: IRQ5 used by override.
[    0.000000] ACPI: IRQ9 used by override.
[    0.000000] ACPI: IRQ10 used by override.
[    0.000000] ACPI: IRQ11 used by override.
[    0.000000] Using ACPI (MADT) for SMP configuration information
[    0.000000] ACPI: HPET id: 0x8086a201 base: 0xfed00000
[    0.000000] smpboot: Allowing 4 CPUs, 0 hotplug CPUs
[    0.000000] PM: Registered nosave memory: [mem 0x00000000-0x00000fff]
[    0.000000] PM: Registered nosave memory: [mem 0x0009f000-0x0009ffff]
[    0.000000] PM: Registered nosave memory: [mem 0x000a0000-0x000effff]
[    0.000000] PM: Registered nosave memory: [mem 0x000f0000-0x000fffff]
[    0.000000] PM: Registered nosave memory: [mem 0xbffdf000-0xbfffffff]
[    0.000000] PM: Registered nosave memory: [mem 0xc0000000-0xfeffbfff]
[    0.000000] PM: Registered nosave memory: [mem 0xfeffc000-0xfeffffff]
[    0.000000] PM: Registered nosave memory: [mem 0xff000000-0xfffbffff]
[    0.000000] PM: Registered nosave memory: [mem 0xfffc0000-0xffffffff]
[    0.000000] e820: [mem 0xc0000000-0xfeffbfff] available for PCI devices
[    0.000000] Booting paravirtualized kernel on KVM
[    0.000000] clocksource: refined-jiffies: mask: 0xffffffff max_cycles: 0xffffffff, max_idle_ns: 1910969940391419 ns
[    0.000000] setup_percpu: NR_CPUS:64 nr_cpumask_bits:64 nr_cpu_ids:4 nr_node_ids:1
[    0.000000] PERCPU: Embedded 31 pages/cpu @ffff88013fc00000 s89624 r8192 d29160 u524288
[    0.000000] pcpu-alloc: s89624 r8192 d29160 u524288 alloc=1*2097152
[    0.000000] pcpu-alloc: [0] 0 1 2 3 
[    0.000000] KVM setup async PF for cpu 0
[    0.000000] kvm-stealtime: cpu 0, msr 13fc0d440
[    0.000000] Built 1 zonelists in Node order, mobility grouping on.  Total pages: 1032040
[    0.000000] Policy zone: Normal
[    0.000000] Kernel command line: console=ttyS0 root=/dev/sda debug earlyprintk=serial
[    0.000000] PID hash table entries: 4096 (order: 3, 32768 bytes)
[    0.000000] Calgary: detecting Calgary via BIOS EBDA area
[    0.000000] Calgary: Unable to locate Rio Grande table in EBDA - bailing!
[    0.000000] Memory: 4042292K/4193780K available (8706K kernel code, 1107K rwdata, 2792K rodata, 2776K init, 924K bss, 151488K reserved, 0K cma-reserved)
[    0.000000] SLUB: HWalign=64, Order=0-3, MinObjects=0, CPUs=4, Nodes=1
[    0.000000] Hierarchical RCU implementation.
[    0.000000] 	Additional per-CPU info printed with stalls.
[    0.000000] 	Build-time adjustment of leaf fanout to 64.
[    0.000000] 	RCU restricting CPUs from NR_CPUS=64 to nr_cpu_ids=4.
[    0.000000] RCU: Adjusting geometry for rcu_fanout_leaf=64, nr_cpu_ids=4
[    0.000000] NR_IRQS:4352 nr_irqs:456 16
[    0.000000] Console: colour VGA+ 80x25
[    0.000000] console [ttyS0] enabled
[    0.000000] console [ttyS0] enabled
[    0.000000] bootconsole [earlyser0] disabled
[    0.000000] bootconsole [earlyser0] disabled
[    0.000000] clocksource: hpet: mask: 0xffffffff max_cycles: 0xffffffff, max_idle_ns: 19112604467 ns
[    0.000000] hpet clockevent registered
[    0.000000] tsc: Detected 3392.294 MHz processor
[    0.002000] Calibrating delay loop (skipped) preset value.. 6784.58 BogoMIPS (lpj=3392294)
[    0.002310] pid_max: default: 32768 minimum: 301
[    0.003021] ACPI: Core revision 20150619
[    0.019381] ACPI: All ACPI Tables successfully acquired
[    0.020158] Security Framework initialized
[    0.020612] SELinux:  Initializing.
[    0.021019] SELinux:  Starting in permissive mode
[    0.022008] Dentry cache hash table entries: 524288 (order: 10, 4194304 bytes)
[    0.026007] Inode-cache hash table entries: 262144 (order: 9, 2097152 bytes)
[    0.027981] Mount-cache hash table entries: 8192 (order: 4, 65536 bytes)
[    0.028024] Mountpoint-cache hash table entries: 8192 (order: 4, 65536 bytes)
[    0.030311] Initializing cgroup subsys freezer
[    0.030888] mce: CPU supports 10 MCE banks
[    0.031037] Last level iTLB entries: 4KB 0, 2MB 0, 4MB 0
[    0.031641] Last level dTLB entries: 4KB 0, 2MB 0, 4MB 0, 1GB 0
[    0.032144] Freeing SMP alternatives memory: 32K (ffffffff821cc000 - ffffffff821d4000)
[    0.036910] ..TIMER: vector=0x30 apic1=0 pin1=2 apic2=-1 pin2=-1
[    0.037000] smpboot: CPU0: Intel QEMU Virtual CPU version 2.5+ (fam: 06, model: 06, stepping: 03)
[    0.037591] Performance Events: Broken PMU hardware detected, using software events only.
[    0.038808] Failed to access perfctr msr (MSR c2 is 0)
[    0.040737] x86: Booting SMP configuration:
[    0.041004] .... node  #0, CPUs:      #1
[    0.002000] kvm-clock: cpu 1, msr 1:3fff8041, secondary cpu clock
[    0.045015] KVM setup async PF for cpu 1
[    0.045707] kvm-stealtime: cpu 1, msr 13fc8d440
[    0.002000]  #2
[    0.002000] kvm-clock: cpu 2, msr 1:3fff8081, secondary cpu clock
[    0.049018] KVM setup async PF for cpu 2
[    0.049565]  #3
[    0.049565] kvm-stealtime: cpu 2, msr 13fd0d440
[    0.002000] kvm-clock: cpu 3, msr 1:3fff80c1, secondary cpu clock
[    0.052021] x86: Booted up 1 node, 4 CPUs
[    0.052014] KVM setup async PF for cpu 3
[    0.052014] kvm-stealtime: cpu 3, msr 13fd8d440
[    0.054003] smpboot: Total of 4 processors activated (27138.35 BogoMIPS)
[    0.055234] devtmpfs: initialized
[    0.057260] kworker/u8:0 (26) used greatest stack depth: 14408 bytes left
[    0.057618] clocksource: jiffies: mask: 0xffffffff max_cycles: 0xffffffff, max_idle_ns: 1911260446275000 ns
[    0.058452] RTC time:  5:41:11, date: 11/01/16
[    0.059056] NET: Registered protocol family 16
[    0.062294] kworker/u8:0 (38) used greatest stack depth: 14344 bytes left
[    0.062803] kworker/u8:0 (28) used greatest stack depth: 13904 bytes left
[    0.069048] cpuidle: using governor ladder
[    0.074019] cpuidle: using governor menu
[    0.074679] ACPI: bus type PCI registered
[    0.075396] PCI: Using configuration type 1 for base access
[    0.084418] kworker/u8:0 (114) used greatest stack depth: 13680 bytes left
[    0.109208] ACPI: Added _OSI(Module Device)
[    0.109896] ACPI: Added _OSI(Processor Device)
[    0.110002] ACPI: Added _OSI(3.0 _SCP Extensions)
[    0.110490] ACPI: Added _OSI(Processor Aggregator Device)
[    0.116380] ACPI: Interpreter enabled
[    0.116797] ACPI Exception: AE_NOT_FOUND, While evaluating Sleep State [\_S1_] (20150619/hwxface-580)
[    0.119007] ACPI Exception: AE_NOT_FOUND, While evaluating Sleep State [\_S2_] (20150619/hwxface-580)
[    0.120282] ACPI: (supports S0 S3 S4 S5)
[    0.120700] ACPI: Using IOAPIC for interrupt routing
[    0.121097] PCI: Using host bridge windows from ACPI; if necessary, use "pci=nocrs" and report a bug
[    0.157000] ACPI: PCI Root Bridge [PCI0] (domain 0000 [bus 00-ff])
[    0.158012] acpi PNP0A03:00: _OSC: OS supports [ASPM ClockPM Segments MSI]
[    0.158798] acpi PNP0A03:00: _OSC failed (AE_NOT_FOUND); disabling ASPM
[    0.159093] acpi PNP0A03:00: fail to add MMCONFIG information, can't access extended PCI configuration space under this bridge.
[    0.161000] PCI host bridge to bus 0000:00
[    0.161000] pci_bus 0000:00: root bus resource [bus 00-ff]
[    0.162011] pci_bus 0000:00: root bus resource [io  0x0000-0x0cf7 window]
[    0.163005] pci_bus 0000:00: root bus resource [io  0x0d00-0xffff window]
[    0.163767] pci_bus 0000:00: root bus resource [mem 0x000a0000-0x000bffff window]
[    0.164006] pci_bus 0000:00: root bus resource [mem 0xc0000000-0xfebfffff window]
[    0.165036] pci 0000:00:00.0: [8086:1237] type 00 class 0x060000
[    0.166118] pci 0000:00:01.0: [8086:7000] type 00 class 0x060100
[    0.168000] pci 0000:00:01.1: [8086:7010] type 00 class 0x010180
[    0.171624] pci 0000:00:01.1: reg 0x20: [io  0xc040-0xc04f]
[    0.173019] pci 0000:00:01.1: legacy IDE quirk: reg 0x10: [io  0x01f0-0x01f7]
[    0.173757] pci 0000:00:01.1: legacy IDE quirk: reg 0x14: [io  0x03f6]
[    0.174002] pci 0000:00:01.1: legacy IDE quirk: reg 0x18: [io  0x0170-0x0177]
[    0.175002] pci 0000:00:01.1: legacy IDE quirk: reg 0x1c: [io  0x0376]
[    0.176904] pci 0000:00:01.3: [8086:7113] type 00 class 0x068000
[    0.176904] pci 0000:00:01.3: quirk: [io  0x0600-0x063f] claimed by PIIX4 ACPI
[    0.178008] pci 0000:00:01.3: quirk: [io  0x0700-0x070f] claimed by PIIX4 SMB
[    0.180000] pci 0000:00:02.0: [1234:1111] type 00 class 0x030000
[    0.182395] pci 0000:00:02.0: reg 0x10: [mem 0xfd000000-0xfdffffff pref]
[    0.184371] pci 0000:00:02.0: reg 0x18: [mem 0xfebf0000-0xfebf0fff]
[    0.189458] pci 0000:00:02.0: reg 0x30: [mem 0xfebe0000-0xfebeffff pref]
[    0.203000] pci 0000:00:03.0: [8086:100e] type 00 class 0x020000
[    0.205004] pci 0000:00:03.0: reg 0x10: [mem 0xfebc0000-0xfebdffff]
[    0.206313] pci 0000:00:03.0: reg 0x14: [io  0xc000-0xc03f]
[    0.210004] pci 0000:00:03.0: reg 0x30: [mem 0xfeb80000-0xfebbffff pref]
[    0.215792] ACPI: PCI Interrupt Link [LNKA] (IRQs 5 *10 11)
[    0.216695] ACPI: PCI Interrupt Link [LNKB] (IRQs 5 *10 11)
[    0.218244] ACPI: PCI Interrupt Link [LNKC] (IRQs 5 10 *11)
[    0.219389] ACPI: PCI Interrupt Link [LNKD] (IRQs 5 10 *11)
[    0.220229] ACPI: PCI Interrupt Link [LNKS] (IRQs *9)
[    0.223873] ACPI: Enabled 16 GPEs in block 00 to 0F
[    0.224350] vgaarb: setting as boot device: PCI:0000:00:02.0
[    0.224930] vgaarb: device added: PCI:0000:00:02.0,decodes=io+mem,owns=io+mem,locks=none
[    0.225011] vgaarb: loaded
[    0.225294] vgaarb: bridge control possible 0000:00:02.0
[    0.227104] SCSI subsystem initialized
[    0.227640] libata version 3.00 loaded.
[    0.228507] ACPI: bus type USB registered
[    0.229247] usbcore: registered new interface driver usbfs
[    0.230114] usbcore: registered new interface driver hub
[    0.230778] usbcore: registered new device driver usb
[    0.231380] pps_core: LinuxPPS API ver. 1 registered
[    0.232001] pps_core: Software ver. 5.3.6 - Copyright 2005-2007 Rodolfo Giometti <giometti@linux.it>
[    0.233094] PTP clock support registered
[    0.234271] Advanced Linux Sound Architecture Driver Initialized.
[    0.235138] PCI: Using ACPI for IRQ routing
[    0.235588] PCI: pci_cache_line_size set to 64 bytes
[    0.236065] e820: reserve RAM buffer [mem 0x0009fc00-0x0009ffff]
[    0.236690] e820: reserve RAM buffer [mem 0xbffdf000-0xbfffffff]
[    0.238806] NetLabel: Initializing
[    0.239005] NetLabel:  domain hash size = 128
[    0.239460] NetLabel:  protocols = UNLABELED CIPSOv4
[    0.240048] NetLabel:  unlabeled traffic allowed by default
[    0.241119] HPET: 3 timers in total, 0 timers will be used for per-cpu timer
[    0.241848] hpet0: at MMIO 0xfed00000, IRQs 2, 8, 0
[    0.242139] hpet0: 3 comparators, 64-bit 100.000000 MHz counter
[    0.246061] clocksource: Switched to clocksource kvm-clock
[    0.302563] pnp: PnP ACPI init
[    0.303253] pnp 00:00: Plug and Play ACPI device, IDs PNP0b00 (active)
[    0.304278] pnp 00:01: Plug and Play ACPI device, IDs PNP0303 (active)
[    0.305261] pnp 00:02: Plug and Play ACPI device, IDs PNP0f13 (active)
[    0.306127] pnp 00:03: [dma 2]
[    0.306653] pnp 00:03: Plug and Play ACPI device, IDs PNP0700 (active)
[    0.307691] pnp 00:04: Plug and Play ACPI device, IDs PNP0400 (active)
[    0.308763] pnp 00:05: Plug and Play ACPI device, IDs PNP0501 (active)
[    0.310801] pnp: PnP ACPI: found 6 devices
[    0.331895] clocksource: acpi_pm: mask: 0xffffff max_cycles: 0xffffff, max_idle_ns: 2085701024 ns
[    0.332841] pci_bus 0000:00: resource 4 [io  0x0000-0x0cf7 window]
[    0.333515] pci_bus 0000:00: resource 5 [io  0x0d00-0xffff window]
[    0.334187] pci_bus 0000:00: resource 6 [mem 0x000a0000-0x000bffff window]
[    0.334910] pci_bus 0000:00: resource 7 [mem 0xc0000000-0xfebfffff window]
[    0.335803] NET: Registered protocol family 2
[    0.336732] TCP established hash table entries: 32768 (order: 6, 262144 bytes)
[    0.337555] TCP bind hash table entries: 32768 (order: 7, 524288 bytes)
[    0.338312] TCP: Hash tables configured (established 32768 bind 32768)
[    0.339064] UDP hash table entries: 2048 (order: 4, 65536 bytes)
[    0.339702] UDP-Lite hash table entries: 2048 (order: 4, 65536 bytes)
[    0.340649] NET: Registered protocol family 1
[    0.341395] RPC: Registered named UNIX socket transport module.
[    0.342020] RPC: Registered udp transport module.
[    0.342525] RPC: Registered tcp transport module.
[    0.343034] RPC: Registered tcp NFSv4.1 backchannel transport module.
[    0.343694] pci 0000:00:00.0: Limiting direct PCI/PCI transfers
[    0.344331] pci 0000:00:01.0: PIIX3: Enabling Passive Release
[    0.344932] pci 0000:00:01.0: Activating ISA DMA hang workarounds
[    0.345624] pci 0000:00:02.0: Video device with shadowed ROM
[    0.346241] PCI: CLS 0 bytes, default 64
[    0.346871] PCI-DMA: Using software bounce buffering for IO (SWIOTLB)
[    0.347585] software IO TLB [mem 0xbbfdf000-0xbffdf000] (64MB) mapped at [ffff8800bbfdf000-ffff8800bffdefff]
[    0.348892] microcode: CPU0 sig=0x663, pf=0x1, revision=0x1
[    0.349579] microcode: CPU1 sig=0x663, pf=0x1, revision=0x1
[    0.350274] microcode: CPU2 sig=0x663, pf=0x1, revision=0x1
[    0.350960] microcode: CPU3 sig=0x663, pf=0x1, revision=0x1
[    0.352050] microcode: Microcode Update Driver: v2.00 <tigran@aivazian.fsnet.co.uk>, Peter Oruba
[    0.354704] Scanning for low memory corruption every 60 seconds
[    0.358918] futex hash table entries: 1024 (order: 4, 65536 bytes)
[    0.359678] audit: initializing netlink subsys (disabled)
[    0.360355] audit: type=2000 audit(1477978871.925:1): initialized
[    0.361875] HugeTLB registered 2 MB page size, pre-allocated 0 pages
[    0.381666] VFS: Disk quotas dquot_6.6.0
[    0.382506] VFS: Dquot-cache hash table entries: 512 (order 0, 4096 bytes)
[    0.390965] NFS: Registering the id_resolver key type
[    0.391604] Key type id_resolver registered
[    0.392078] Key type id_legacy registered
[    0.392771] 9p: Installing v9fs 9p2000 file system support
[    0.394065] SELinux:  Registering netfilter hooks
[    0.396962] Block layer SCSI generic (bsg) driver version 0.4 loaded (major 251)
[    0.397855] io scheduler noop registered
[    0.398301] io scheduler deadline registered
[    0.399281] io scheduler cfq registered (default)
[    0.400191] pci_hotplug: PCI Hot Plug PCI Core version: 0.5
[    0.401358] input: Power Button as /devices/LNXSYSTM:00/LNXPWRBN:00/input/input0
[    0.402147] ACPI: Power Button [PWRF]
[    0.405629] Serial: 8250/16550 driver, 4 ports, IRQ sharing enabled
[    0.429261] 00:05: ttyS0 at I/O 0x3f8 (irq = 4, base_baud = 115200) is a 16550A
[    0.432869] Non-volatile memory driver v1.3
[    0.433754] Linux agpgart interface v0.103
[    0.434651] [drm] Initialized drm 1.1.0 20060810
[    0.444983] loop: module loaded
[    0.446055] ata_piix 0000:00:01.1: version 2.13
[    0.450429] scsi host0: ata_piix
[    0.451558] scsi host1: ata_piix
[    0.452375] ata1: PATA max MWDMA2 cmd 0x1f0 ctl 0x3f6 bmdma 0xc040 irq 14
[    0.453112] ata2: PATA max MWDMA2 cmd 0x170 ctl 0x376 bmdma 0xc048 irq 15
[    0.454312] e100: Intel(R) PRO/100 Network Driver, 3.5.24-k2-NAPI
[    0.455230] e100: Copyright(c) 1999-2006 Intel Corporation
[    0.456122] e1000: Intel(R) PRO/1000 Network Driver - version 7.3.21-k8-NAPI
[    0.457193] e1000: Copyright (c) 1999-2006 Intel Corporation.
[    0.605475] ata1.01: NODEV after polling detection
[    0.606176] ata2.01: NODEV after polling detection
[    0.607015] ata1.00: ATA-7: QEMU HARDDISK, 2.5+, max UDMA/100
[    0.607900] ata1.00: 2099200 sectors, multi 16: LBA48 
[    0.608742] ata2.00: ATAPI: QEMU DVD-ROM, 2.5+, max UDMA/100
[    0.610078] ata1.00: configured for MWDMA2
[    0.610706] ata2.00: configured for MWDMA2
[    0.611509] scsi 0:0:0:0: Direct-Access     ATA      QEMU HARDDISK    2.5+ PQ: 0 ANSI: 5
[    0.613612] sd 0:0:0:0: [sda] 2099200 512-byte logical blocks: (1.07 GB/1.00 GiB)
[    0.613988] sd 0:0:0:0: Attached scsi generic sg0 type 0
[    0.614993] scsi 1:0:0:0: CD-ROM            QEMU     QEMU DVD-ROM     2.5+ PQ: 0 ANSI: 5
[    0.617205] sd 0:0:0:0: [sda] Write Protect is off
[    0.617712] sd 0:0:0:0: [sda] Mode Sense: 00 3a 00 00
[    0.618324] sd 0:0:0:0: [sda] Write cache: enabled, read cache: enabled, doesn't support DPO or FUA
[    0.621481] sd 0:0:0:0: [sda] Attached SCSI disk
[    0.626528] sr 1:0:0:0: [sr0] scsi3-mmc drive: 4x/4x cd/rw xa/form2 tray
[    0.627431] cdrom: Uniform CD-ROM driver Revision: 3.20
[    0.629169] sr 1:0:0:0: Attached scsi CD-ROM sr0
[    0.630288] sr 1:0:0:0: Attached scsi generic sg1 type 5
[    1.068936] ACPI: PCI Interrupt Link [LNKC] enabled at IRQ 11
[    1.351160] tsc: Refined TSC clocksource calibration: 3392.380 MHz
[    1.352293] clocksource: tsc: mask: 0xffffffffffffffff max_cycles: 0x30e630798d1, max_idle_ns: 440795290543 ns
[    1.365887] e1000 0000:00:03.0 eth0: (PCI:33MHz:32-bit) 52:54:00:12:34:56
[    1.366653] e1000 0000:00:03.0 eth0: Intel(R) PRO/1000 Network Connection
[    1.367459] sky2: driver version 1.30
[    1.368488] ehci_hcd: USB 2.0 'Enhanced' Host Controller (EHCI) Driver
[    1.369208] ehci-pci: EHCI PCI platform driver
[    1.369740] ohci_hcd: USB 1.1 'Open' Host Controller (OHCI) Driver
[    1.370437] ohci-pci: OHCI PCI platform driver
[    1.370955] uhci_hcd: USB Universal Host Controller Interface driver
[    1.371797] usbcore: registered new interface driver usblp
[    1.372473] usbcore: registered new interface driver usb-storage
[    1.373218] i8042: PNP: PS/2 Controller [PNP0303:KBD,PNP0f13:MOU] at 0x60,0x64 irq 1,12
[    1.374836] serio: i8042 KBD port at 0x60,0x64 irq 1
[    1.375415] serio: i8042 AUX port at 0x60,0x64 irq 12
[    1.376372] mousedev: PS/2 mouse device common for all mice
[    1.377664] rtc_cmos 00:00: RTC can wake from S4
[    1.378793] rtc_cmos 00:00: rtc core: registered rtc_cmos as rtc0
[    1.379967] input: AT Translated Set 2 keyboard as /devices/platform/i8042/serio0/input/input1
[    1.381062] rtc_cmos 00:00: alarms up to one day, 114 bytes nvram, hpet irqs
[    1.382531] device-mapper: ioctl: 4.32.0-ioctl (2015-6-26) initialised: dm-devel@redhat.com
[    1.384297] hidraw: raw HID events driver (C) Jiri Kosina
[    1.386629] usbcore: registered new interface driver usbhid
[    1.387244] usbhid: USB HID core driver
[    1.389197] Netfilter messages via NETLINK v0.30.
[    1.389837] nf_conntrack version 0.5.0 (16384 buckets, 65536 max)
[    1.390906] ctnetlink v0.93: registering with nfnetlink.
[    1.391798] ip_tables: (C) 2000-2006 Netfilter Core Team
[    1.392592] Initializing XFRM netlink socket
[    1.394040] NET: Registered protocol family 10
[    1.395253] ip6_tables: (C) 2000-2006 Netfilter Core Team
[    1.396188] sit: IPv6 over IPv4 tunneling driver
[    1.397542] NET: Registered protocol family 17
[    1.398097] 9pnet: Installing 9P2000 support
[    1.398637] Key type dns_resolver registered
[    1.401070] registered taskstats version 1
[    1.401658] kmemleak: Kernel memory leak detector initialized
[    1.401663] kmemleak: Automatic memory scanning thread started
[    1.403471]   Magic number: 8:764:667
[    1.403905] console [netcon0] enabled
[    1.404314] netconsole: network logging started
[    1.405413] PM: Hibernation image not present or could not be loaded.
[    1.406146] ALSA device list:
[    1.406492]   No soundcards found.
[    1.991981] input: ImExPS/2 Generic Explorer Mouse as /devices/platform/i8042/serio1/input/input3
[    1.995183] md: Waiting for all devices to be available before autodetect
[    1.996843] md: If you don't use raid, use raid=noautodetect
[    2.001165] md: Autodetecting RAID arrays.
[    2.002208] md: Scanned 0 and added 0 devices.
[    2.003239] md: autorun ...
[    2.004100] md: ... autorun DONE.
[    2.005980] EXT4-fs (sda): couldn't mount as ext3 due to feature incompatibilities
[    2.008791] EXT4-fs (sda): couldn't mount as ext2 due to feature incompatibilities
[    2.018921] EXT4-fs (sda): mounted filesystem with ordered data mode. Opts: (null)
[    2.020651] VFS: Mounted root (ext4 filesystem) readonly on device 8:0.
[    2.023635] devtmpfs: mounted
[    2.025050] Freeing unused kernel memory: 2776K (ffffffff81f16000 - ffffffff821cc000)
[    2.026762] Write protecting the kernel read-only data: 14336k
[    2.028822] Freeing unused kernel memory: 1520K (ffff880001884000 - ffff880001a00000)
[    2.030820] Freeing unused kernel memory: 1304K (ffff880001cba000 - ffff880001e00000)
SELinux:  Could not open policy file <= /etc/selinux/targeted/policy/policy.29:  No such file or directory
INIT: version 2.88 booting
[    2.090331] stty (974) used greatest stack depth: 13128 bytes left
[[36minfo[39;49m] [    2.137763] echo (982) used greatest stack depth: 13080 bytes left
Using makefile-style concurrent boot in runlevel S.
[....] Starting the hotplug events dispatcher: udevd[    2.279869] udevd[1083]: starting version 175
[?25l[?1c7[1G[[32m ok [39;49m8[?25h[?0c.
[....] Synthesizing the initial hotplug events...[?25l[?1c7[1G[[32m ok [39;49m8[?25h[?0cdone.
[....] Waiting for /dev to be fully populated...[    2.470725] scsi_id (1243) used greatest stack depth: 13016 bytes left
[    2.503060] cdrom_id (1226) used greatest stack depth: 12792 bytes left
[    2.523771] random: nonblocking pool is initialized
[?25l[?1c7[1G[[32m ok [39;49m8[?25h[?0cdone.
[....] Activating swap...[?25l[?1c7[1G[[32m ok [39;49m8[?25h[?0cdone.
[    2.641173] EXT4-fs (sda): re-mounted. Opts: (null)
[....] Creating compatibility symlink from /etc/mtab to /proc/mounts. ...[?25l[?1c7[1G[[33mwarn[39;49m8[?25h[?0c [33m(warning).[39;49m
[....] Cleaning up temporary files... /tmp[?25l[?1c7[1G[[32m ok [39;49m8[?25h[?0c.
[....] Activating lvm and md swap...[?25l[?1c7[1G[[32m ok [39;49m8[?25h[?0cdone.
[....] Checking file systems...fsck from util-linux 2.20.1
[?25l[?1c7[1G[[32m ok [39;49m8[?25h[?0cdone.
[....] Mounting local filesystems...[?25l[?1c7[1G[[32m ok [39;49m8[?25h[?0cdone.
[....] Activating swapfile swap...[?25l[?1c7[1G[[32m ok [39;49m8[?25h[?0cdone.
[....] Cleaning up temporary files...[?25l[?1c7[1G[[32m ok [39;49m8[?25h[?0c.
[....] Setting kernel variables ...[?25l[?1c7[1G[[32m ok [39;49m8[?25h[?0cdone.
[....] Configuring network interfaces...[    3.244330] ip (2276) used greatest stack depth: 12232 bytes left
Internet Systems Consortium DHCP Client 4.2.2
Copyright 2004-2011 Internet Systems Consortium.
All rights reserved.
For info, please visit https://www.isc.org/software/dhcp/

[    3.302515] e1000: eth0 NIC Link is Up 1000 Mbps Full Duplex, Flow Control: RX
Listening on LPF/eth0/52:54:00:12:34:56
Sending on   LPF/eth0/52:54:00:12:34:56
Sending on   Socket/fallback
DHCPDISCOVER on eth0 to 255.255.255.255 port 67 interval 3
DHCPREQUEST on eth0 to 255.255.255.255 port 67
DHCPOFFER from 10.0.2.2
DHCPACK from 10.0.2.2
bound to 10.0.2.15 -- renewal in 34463 seconds.
[?25l[?1c7[1G[[32m ok [39;49m8[?25h[?0cdone.
[....] Cleaning up temporary files...[?25l[?1c7[1G[[32m ok [39;49m8[?25h[?0c.
INIT: Entering runlevel: 2
[[36minfo[39;49m] Using makefile-style concurrent boot in runlevel 2.
[....] Starting enhanced syslogd: rsyslogd[?25l[?1c7[1G[[32m ok [39;49m8[?25h[?0c.
[....] Starting periodic command scheduler: cron[?25l[?1c7[1G[[32m ok [39;49m8[?25h[?0c.
[....] Starting OpenBSD Secure Shell server: sshd[?25l[?1c7[1G[[32m ok [39;49m8[?25h[?0c.
[    6.611087] kt: running test for light, case 3, T2540
[    6.611087] 
[    6.614701] kt: starting light_test_wait_signalt_signalf_wait_destroy test
[    6.920104] kt: end of test.
[    6.921388] 
[    6.922793] dump_desc: [100ms_wait_100ms_wait_destroy]
[    6.925830] dump_desc evts: 0
[    6.928608] dump_desc   ts: 201 302 302
[    6.931330] dump_desc  ret: 0 -22 -22
[    6.934734] 
[    6.936082] dump_desc: [create_200ms_signal2_clear_destroy]
[    6.941252] dump_desc evts: 0
[    6.943496] dump_desc   ts: 0 201 201
[    6.946767] dump_desc  ret: 0 0 0
[    6.949057] LIGHT_SUCCESS
[    6.952554] kt: running test for light, case 3, T2543
[    6.952554] 
[    6.955757] kt: starting light_test_wait_signalt_signalf_wait_destroy test
[    7.261114] kt: end of test.
[    7.262528] 
[    7.263655] dump_desc: [100ms_wait_100ms_wait_destroy]
[    7.267893] dump_desc evts: 1
[    7.270626] dump_desc   ts: 201 302 302
[    7.273792] dump_desc  ret: 0 -22 -22
[    7.277249] 
[    7.278555] dump_desc: [create_200ms_signal2_clear_destroy]
[    7.283969] dump_desc evts: 1
[    7.286874] dump_desc   ts: 0 201 201
[    7.289872] dump_desc  ret: 0 0 0
[    7.292346] LIGHT_SUCCESS
[    7.295105] kt: running test for light, case 3, T2546
[    7.295105] 
[    7.299392] kt: starting light_test_wait_signalt_signalf_wait_destroy test
[    7.606104] kt: end of test.
[    7.607726] 
[    7.608714] dump_desc: [100ms_wait_100ms_wait_destroy]
[    7.612488] dump_desc evts: 2
[    7.615417] dump_desc   ts: 201 302 302
[    7.618338] dump_desc  ret: 0 -22 -22
[    7.620996] 
[    7.622638] dump_desc: [create_200ms_signal2_clear_destroy]
[    7.627035] dump_desc evts: 2
[    7.629491] dump_desc   ts: 0 201 201
[    7.632144] dump_desc  ret: 0 0 0
[    7.634227] LIGHT_SUCCESS
[    7.637231] kt: running test for light, case 3, T2549
[    7.637231] 
[    7.642068] kt: starting light_test_wait_signalt_signalf_wait_destroy test
[    7.948105] kt: end of test.
[    7.949719] 
[    7.950653] dump_desc: [100ms_wait_100ms_wait_destroy]
[    7.954675] dump_desc evts: 3
[    7.957254] dump_desc   ts: 201 302 302
[    7.960763] dump_desc  ret: 0 -22 -22
[    7.964225] 
[    7.965805] dump_desc: [create_200ms_signal2_clear_destroy]
[    7.970305] dump_desc evts: 3
[    7.972936] dump_desc   ts: 0 201 201
[    7.975804] dump_desc  ret: 0 0 0
[    7.978242] LIGHT_SUCCESS
[    7.980984] kt: running test for light, case 3, T2552
[    7.980984] 
[    7.985087] kt: starting light_test_wait_signalt_signalf_wait_destroy test
[    8.291099] kt: end of test.
[    8.292648] 
[    8.293475] dump_desc: [100ms_wait_100ms_wait_destroy]
[    8.296860] dump_desc evts: 4
[    8.298959] dump_desc   ts: 201 302 302
[    8.301898] dump_desc  ret: 0 -22 -22
[    8.305728] 
[    8.307374] dump_desc: [create_200ms_signal2_clear_destroy]
[    8.312214] dump_desc evts: 4
[    8.314746] dump_desc   ts: 0 201 201
[    8.317564] dump_desc  ret: 0 0 0
[    8.320379] LIGHT_SUCCESS
[    8.323371] kt: running test for light, case 3, T2555
[    8.323371] 
[    8.328908] kt: starting light_test_wait_signalt_signalf_wait_destroy test
[    8.636091] kt: end of test.
[    8.639242] 
[    8.640456] dump_desc: [100ms_wait_100ms_wait_destroy]
[    8.645218] dump_desc evts: 5
[    8.647595] dump_desc   ts: 201 302 302
[    8.651441] dump_desc  ret: 0 -22 -22
[    8.654565] 
[    8.656144] dump_desc: [create_200ms_signal2_clear_destroy]
[    8.661057] dump_desc evts: 5
[    8.663384] dump_desc   ts: 0 201 201
[    8.666055] dump_desc  ret: 0 0 0
[    8.669193] LIGHT_SUCCESS
[    8.672326] kt: running test for light, case 3, T2558
[    8.672326] 
[    8.677283] kt: starting light_test_wait_signalt_signalf_wait_destroy test
[    8.983091] kt: end of test.
[    8.984931] 
[    8.986183] dump_desc: [100ms_wait_100ms_wait_destroy]
[    8.990185] dump_desc evts: 6
[    8.992894] dump_desc   ts: 201 302 302
[    8.995749] dump_desc  ret: 0 -22 -22
[    8.998820] 
[    9.000363] dump_desc: [create_200ms_signal2_clear_destroy]
[    9.005077] dump_desc evts: 6
[    9.007658] dump_desc   ts: 0 201 201
[    9.010932] dump_desc  ret: 0 0 0
[    9.013319] LIGHT_SUCCESS
[    9.016184] kt: running test for light, case 3, T2561
[    9.016184] 
[    9.020207] kt: starting light_test_wait_signalt_signalf_wait_destroy test
[    9.327087] kt: end of test.
[    9.329105] 
[    9.330388] dump_desc: [100ms_wait_100ms_wait_destroy]
[    9.333919] dump_desc evts: 7
[    9.337110] dump_desc   ts: 201 302 302
[    9.340699] dump_desc  ret: 0 -22 -22
[    9.343369] 
[    9.345052] dump_desc: [create_200ms_signal2_clear_destroy]
[    9.349195] dump_desc evts: 7
[    9.352198] dump_desc   ts: 0 201 201
[    9.355690] dump_desc  ret: 0 0 0
[    9.358063] LIGHT_SUCCESS
[   11.731445] kmemleak: 1 new suspected memory leaks (see /sys/kernel/debug/kmemleak)
INIT: Switching to runlevel: 0
INIT: Sending processes the TERM signal
[[36minfo[39;49m] Using makefile-style concurrent boot in runlevel 0.
[....] Asking all remaining processes to terminate...[?25l[?1c7[1G[[32m ok [39;49m8[?25h[?0cdone.
[....] All processes ended within 1 seconds...[?25l[?1c7[1G[[32m ok [39;49m8[?25h[?0cdone.
[....] Stopping enhanced syslogd: rsyslogd[?25l[?1c7[1G[[32m ok [39;49m8[?25h[?0c.
[....] Deconfiguring network interfaces...Internet Systems Consortium DHCP Client 4.2.2
Copyright 2004-2011 Internet Systems Consortium.
All rights reserved.
For info, please visit https://www.isc.org/software/dhcp/

Listening on LPF/eth0/52:54:00:12:34:56
Sending on   LPF/eth0/52:54:00:12:34:56
Sending on   Socket/fallback
DHCPRELEASE on eth0 to 10.0.2.2 port 67
[?25l[?1c7[1G[[32m ok [39;49m8[?25h[?0cdone.
[[36minfo[39;49m] Saving the system clock.
[[36minfo[39;49m] Hardware Clock updated to Tue Nov  1 05:41:34 UTC 2016.
[....] Deactivating swap...[?25l[?1c7[1G[[32m ok [39;49m8[?25h[?0cdone.
[....] Unmounting local filesystems...[?25l[?1c7[1G[[32m ok [39;49m8[?25h[?0cdone.
[   23.077451] EXT4-fs (sda): re-mounted. Opts: (null)
[[36minfo[39;49m] Will now halt.
[   26.105485] sd 0:0:0:0: [sda] Synchronizing SCSI cache
[   26.106252] sd 0:0:0:0: [sda] Stopping disk
[   26.586761] ACPI: Preparing to enter system sleep state S5
[   26.587463] reboot: Power down
[   26.589399] acpi_power_off called
