early console in setup code
early console in decompress_kernel

Decompressing Linux... Parsing ELF... done.
Booting the kernel.
[    0.000000] Initializing cgroup subsys cpuset
[    0.000000] Initializing cgroup subsys cpu
[    0.000000] Initializing cgroup subsys cpuacct
[    0.000000] Linux version 4.2.0-team50-kt (progman@m91p) (gcc version 5.4.0 20160609 (Ubuntu 5.4.0-6ubuntu1~16.04.2) ) #113 SMP Tue Nov 1 01:38:20 EDT 2016
[    0.000000] Command line: console=ttyS0 root=/dev/sda debug earlyprintk=serial
[    0.000000] x86/fpu: Legacy x87 FPU detected.
[    0.000000] x86/fpu: Using 'lazy' FPU context switches.
[    0.000000] e820: BIOS-provided physical RAM map:
[    0.000000] BIOS-e820: [mem 0x0000000000000000-0x000000000009fbff] usable
[    0.000000] BIOS-e820: [mem 0x000000000009fc00-0x000000000009ffff] reserved
[    0.000000] BIOS-e820: [mem 0x00000000000f0000-0x00000000000fffff] reserved
[    0.000000] BIOS-e820: [mem 0x0000000000100000-0x00000000bffdefff] usable
[    0.000000] BIOS-e820: [mem 0x00000000bffdf000-0x00000000bfffffff] reserved
[    0.000000] BIOS-e820: [mem 0x00000000feffc000-0x00000000feffffff] reserved
[    0.000000] BIOS-e820: [mem 0x00000000fffc0000-0x00000000ffffffff] reserved
[    0.000000] BIOS-e820: [mem 0x0000000100000000-0x000000013fffffff] usable
[    0.000000] bootconsole [earlyser0] enabled
[    0.000000] NX (Execute Disable) protection: active
[    0.000000] SMBIOS 2.8 present.
[    0.000000] DMI: QEMU Standard PC (i440FX + PIIX, 1996), BIOS Ubuntu-1.8.2-1ubuntu1 04/01/2014
[    0.000000] Hypervisor detected: KVM
[    0.000000] e820: update [mem 0x00000000-0x00000fff] usable ==> reserved
[    0.000000] e820: remove [mem 0x000a0000-0x000fffff] usable
[    0.000000] e820: last_pfn = 0x140000 max_arch_pfn = 0x400000000
[    0.000000] MTRR default type: write-back
[    0.000000] MTRR fixed ranges enabled:
[    0.000000]   00000-9FFFF write-back
[    0.000000]   A0000-BFFFF uncachable
[    0.000000]   C0000-FFFFF write-protect
[    0.000000] MTRR variable ranges enabled:
[    0.000000]   0 base 00C0000000 mask FFC0000000 uncachable
[    0.000000]   1 disabled
[    0.000000]   2 disabled
[    0.000000]   3 disabled
[    0.000000]   4 disabled
[    0.000000]   5 disabled
[    0.000000]   6 disabled
[    0.000000]   7 disabled
[    0.000000] x86/PAT: PAT not supported by CPU.
[    0.000000] e820: last_pfn = 0xbffdf max_arch_pfn = 0x400000000
[    0.000000] found SMP MP-table at [mem 0x000f6600-0x000f660f] mapped at [ffff8800000f6600]
[    0.000000] Scanning 1 areas for low memory corruption
[    0.000000] Base memory trampoline at [ffff880000099000] 99000 size 24576
[    0.000000] init_memory_mapping: [mem 0x00000000-0x000fffff]
[    0.000000]  [mem 0x00000000-0x000fffff] page 4k
[    0.000000] BRK [0x022bd000, 0x022bdfff] PGTABLE
[    0.000000] BRK [0x022be000, 0x022befff] PGTABLE
[    0.000000] BRK [0x022bf000, 0x022bffff] PGTABLE
[    0.000000] init_memory_mapping: [mem 0x13fe00000-0x13fffffff]
[    0.000000]  [mem 0x13fe00000-0x13fffffff] page 2M
[    0.000000] BRK [0x022c0000, 0x022c0fff] PGTABLE
[    0.000000] init_memory_mapping: [mem 0x120000000-0x13fdfffff]
[    0.000000]  [mem 0x120000000-0x13fdfffff] page 2M
[    0.000000] init_memory_mapping: [mem 0x00100000-0xbffdefff]
[    0.000000]  [mem 0x00100000-0x001fffff] page 4k
[    0.000000]  [mem 0x00200000-0xbfdfffff] page 2M
[    0.000000]  [mem 0xbfe00000-0xbffdefff] page 4k
[    0.000000] init_memory_mapping: [mem 0x100000000-0x11fffffff]
[    0.000000]  [mem 0x100000000-0x11fffffff] page 2M
[    0.000000] ACPI: Early table checksum verification disabled
[    0.000000] ACPI: RSDP 0x00000000000F65B0 000014 (v00 BOCHS )
[    0.000000] ACPI: RSDT 0x00000000BFFE1511 000034 (v01 BOCHS  BXPCRSDT 00000001 BXPC 00000001)
[    0.000000] ACPI: FACP 0x00000000BFFE0954 000074 (v01 BOCHS  BXPCFACP 00000001 BXPC 00000001)
[    0.000000] ACPI: DSDT 0x00000000BFFDFD80 000BD4 (v01 BOCHS  BXPCDSDT 00000001 BXPC 00000001)
[    0.000000] ACPI: FACS 0x00000000BFFDFD40 000040
[    0.000000] ACPI: SSDT 0x00000000BFFE09C8 000A81 (v01 BOCHS  BXPCSSDT 00000001 BXPC 00000001)
[    0.000000] ACPI: APIC 0x00000000BFFE1449 000090 (v01 BOCHS  BXPCAPIC 00000001 BXPC 00000001)
[    0.000000] ACPI: HPET 0x00000000BFFE14D9 000038 (v01 BOCHS  BXPCHPET 00000001 BXPC 00000001)
[    0.000000] ACPI: Local APIC address 0xfee00000
[    0.000000] No NUMA configuration found
[    0.000000] Faking a node at [mem 0x0000000000000000-0x000000013fffffff]
[    0.000000] NODE_DATA(0) allocated [mem 0x13fff9000-0x13fffcfff]
[    0.000000] kvm-clock: Using msrs 4b564d01 and 4b564d00
[    0.000000] kvm-clock: cpu 0, msr 1:3fff8001, primary cpu clock
[    0.000000] clocksource: kvm-clock: mask: 0xffffffffffffffff max_cycles: 0x1cd42e4dffb, max_idle_ns: 881590591483 ns
[    0.000000]  [ffffea0000000000-ffffea0004ffffff] PMD -> [ffff88013b600000-ffff88013f5fffff] on node 0
[    0.000000] Zone ranges:
[    0.000000]   DMA      [mem 0x0000000000001000-0x0000000000ffffff]
[    0.000000]   DMA32    [mem 0x0000000001000000-0x00000000ffffffff]
[    0.000000]   Normal   [mem 0x0000000100000000-0x000000013fffffff]
[    0.000000] Movable zone start for each node
[    0.000000] Early memory node ranges
[    0.000000]   node   0: [mem 0x0000000000001000-0x000000000009efff]
[    0.000000]   node   0: [mem 0x0000000000100000-0x00000000bffdefff]
[    0.000000]   node   0: [mem 0x0000000100000000-0x000000013fffffff]
[    0.000000] Initmem setup node 0 [mem 0x0000000000001000-0x000000013fffffff]
[    0.000000] On node 0 totalpages: 1048445
[    0.000000]   DMA zone: 64 pages used for memmap
[    0.000000]   DMA zone: 21 pages reserved
[    0.000000]   DMA zone: 3998 pages, LIFO batch:0
[    0.000000]   DMA32 zone: 12224 pages used for memmap
[    0.000000]   DMA32 zone: 782303 pages, LIFO batch:31
[    0.000000]   Normal zone: 4096 pages used for memmap
[    0.000000]   Normal zone: 262144 pages, LIFO batch:31
[    0.000000] ACPI: PM-Timer IO Port: 0x608
[    0.000000] ACPI: Local APIC address 0xfee00000
[    0.000000] ACPI: LAPIC_NMI (acpi_id[0xff] dfl dfl lint[0x1])
[    0.000000] IOAPIC[0]: apic_id 0, version 17, address 0xfec00000, GSI 0-23
[    0.000000] ACPI: INT_SRC_OVR (bus 0 bus_irq 0 global_irq 2 dfl dfl)
[    0.000000] ACPI: INT_SRC_OVR (bus 0 bus_irq 5 global_irq 5 high level)
[    0.000000] ACPI: INT_SRC_OVR (bus 0 bus_irq 9 global_irq 9 high level)
[    0.000000] ACPI: INT_SRC_OVR (bus 0 bus_irq 10 global_irq 10 high level)
[    0.000000] ACPI: INT_SRC_OVR (bus 0 bus_irq 11 global_irq 11 high level)
[    0.000000] ACPI: IRQ0 used by override.
[    0.000000] ACPI: IRQ5 used by override.
[    0.000000] ACPI: IRQ9 used by override.
[    0.000000] ACPI: IRQ10 used by override.
[    0.000000] ACPI: IRQ11 used by override.
[    0.000000] Using ACPI (MADT) for SMP configuration information
[    0.000000] ACPI: HPET id: 0x8086a201 base: 0xfed00000
[    0.000000] smpboot: Allowing 4 CPUs, 0 hotplug CPUs
[    0.000000] PM: Registered nosave memory: [mem 0x00000000-0x00000fff]
[    0.000000] PM: Registered nosave memory: [mem 0x0009f000-0x0009ffff]
[    0.000000] PM: Registered nosave memory: [mem 0x000a0000-0x000effff]
[    0.000000] PM: Registered nosave memory: [mem 0x000f0000-0x000fffff]
[    0.000000] PM: Registered nosave memory: [mem 0xbffdf000-0xbfffffff]
[    0.000000] PM: Registered nosave memory: [mem 0xc0000000-0xfeffbfff]
[    0.000000] PM: Registered nosave memory: [mem 0xfeffc000-0xfeffffff]
[    0.000000] PM: Registered nosave memory: [mem 0xff000000-0xfffbffff]
[    0.000000] PM: Registered nosave memory: [mem 0xfffc0000-0xffffffff]
[    0.000000] e820: [mem 0xc0000000-0xfeffbfff] available for PCI devices
[    0.000000] Booting paravirtualized kernel on KVM
[    0.000000] clocksource: refined-jiffies: mask: 0xffffffff max_cycles: 0xffffffff, max_idle_ns: 1910969940391419 ns
[    0.000000] setup_percpu: NR_CPUS:64 nr_cpumask_bits:64 nr_cpu_ids:4 nr_node_ids:1
[    0.000000] PERCPU: Embedded 31 pages/cpu @ffff88013fc00000 s89624 r8192 d29160 u524288
[    0.000000] pcpu-alloc: s89624 r8192 d29160 u524288 alloc=1*2097152
[    0.000000] pcpu-alloc: [0] 0 1 2 3 
[    0.000000] KVM setup async PF for cpu 0
[    0.000000] kvm-stealtime: cpu 0, msr 13fc0d440
[    0.000000] Built 1 zonelists in Node order, mobility grouping on.  Total pages: 1032040
[    0.000000] Policy zone: Normal
[    0.000000] Kernel command line: console=ttyS0 root=/dev/sda debug earlyprintk=serial
[    0.000000] PID hash table entries: 4096 (order: 3, 32768 bytes)
[    0.000000] Calgary: detecting Calgary via BIOS EBDA area
[    0.000000] Calgary: Unable to locate Rio Grande table in EBDA - bailing!
[    0.000000] Memory: 4042292K/4193780K available (8706K kernel code, 1107K rwdata, 2792K rodata, 2776K init, 924K bss, 151488K reserved, 0K cma-reserved)
[    0.000000] SLUB: HWalign=64, Order=0-3, MinObjects=0, CPUs=4, Nodes=1
[    0.000000] Hierarchical RCU implementation.
[    0.000000] 	Additional per-CPU info printed with stalls.
[    0.000000] 	Build-time adjustment of leaf fanout to 64.
[    0.000000] 	RCU restricting CPUs from NR_CPUS=64 to nr_cpu_ids=4.
[    0.000000] RCU: Adjusting geometry for rcu_fanout_leaf=64, nr_cpu_ids=4
[    0.000000] NR_IRQS:4352 nr_irqs:456 16
[    0.000000] Console: colour VGA+ 80x25
[    0.000000] console [ttyS0] enabled
[    0.000000] console [ttyS0] enabled
[    0.000000] bootconsole [earlyser0] disabled
[    0.000000] bootconsole [earlyser0] disabled
[    0.000000] clocksource: hpet: mask: 0xffffffff max_cycles: 0xffffffff, max_idle_ns: 19112604467 ns
[    0.000000] hpet clockevent registered
[    0.000000] tsc: Detected 3392.294 MHz processor
[    0.002000] Calibrating delay loop (skipped) preset value.. 6784.58 BogoMIPS (lpj=3392294)
[    0.002318] pid_max: default: 32768 minimum: 301
[    0.003021] ACPI: Core revision 20150619
[    0.018435] ACPI: All ACPI Tables successfully acquired
[    0.019141] Security Framework initialized
[    0.019572] SELinux:  Initializing.
[    0.019946] SELinux:  Starting in permissive mode
[    0.021010] Dentry cache hash table entries: 524288 (order: 10, 4194304 bytes)
[    0.022691] Inode-cache hash table entries: 262144 (order: 9, 2097152 bytes)
[    0.024079] Mount-cache hash table entries: 8192 (order: 4, 65536 bytes)
[    0.024826] Mountpoint-cache hash table entries: 8192 (order: 4, 65536 bytes)
[    0.026162] Initializing cgroup subsys freezer
[    0.026865] mce: CPU supports 10 MCE banks
[    0.027037] Last level iTLB entries: 4KB 0, 2MB 0, 4MB 0
[    0.027595] Last level dTLB entries: 4KB 0, 2MB 0, 4MB 0, 1GB 0
[    0.028135] Freeing SMP alternatives memory: 32K (ffffffff821cc000 - ffffffff821d4000)
[    0.032726] ..TIMER: vector=0x30 apic1=0 pin1=2 apic2=-1 pin2=-1
[    0.033000] smpboot: CPU0: Intel QEMU Virtual CPU version 2.5+ (fam: 06, model: 06, stepping: 03)
[    0.033030] Performance Events: Broken PMU hardware detected, using software events only.
[    0.034002] Failed to access perfctr msr (MSR c2 is 0)
[    0.035424] x86: Booting SMP configuration:
[    0.035905] .... node  #0, CPUs:      #1
[    0.002000] kvm-clock: cpu 1, msr 1:3fff8041, secondary cpu clock
[    0.039016] KVM setup async PF for cpu 1
[    0.039667] kvm-stealtime: cpu 1, msr 13fc8d440
[    0.040033]  #2
[    0.002000] kvm-clock: cpu 2, msr 1:3fff8081, secondary cpu clock
[    0.044018] KVM setup async PF for cpu 2
[    0.044727]  #3
[    0.044727] kvm-stealtime: cpu 2, msr 13fd0d440
[    0.002000] kvm-clock: cpu 3, msr 1:3fff80c1, secondary cpu clock
[    0.046025] x86: Booted up 1 node, 4 CPUs
[    0.046017] KVM setup async PF for cpu 3
[    0.046020] kvm-stealtime: cpu 3, msr 13fd8d440
[    0.048002] smpboot: Total of 4 processors activated (27138.35 BogoMIPS)
[    0.049387] devtmpfs: initialized
[    0.051180] kworker/u8:0 (26) used greatest stack depth: 14408 bytes left
[    0.051451] clocksource: jiffies: mask: 0xffffffff max_cycles: 0xffffffff, max_idle_ns: 1911260446275000 ns
[    0.052003] RTC time:  5:42:07, date: 11/01/16
[    0.052426] NET: Registered protocol family 16
[    0.053459] kworker/u8:0 (29) used greatest stack depth: 13904 bytes left
[    0.059023] cpuidle: using governor ladder
[    0.065011] cpuidle: using governor menu
[    0.065643] ACPI: bus type PCI registered
[    0.066338] PCI: Using configuration type 1 for base access
[    0.073234] kworker/u8:0 (114) used greatest stack depth: 13680 bytes left
[    0.098262] ACPI: Added _OSI(Module Device)
[    0.099003] ACPI: Added _OSI(Processor Device)
[    0.099471] ACPI: Added _OSI(3.0 _SCP Extensions)
[    0.100002] ACPI: Added _OSI(Processor Aggregator Device)
[    0.108617] ACPI: Interpreter enabled
[    0.109010] ACPI Exception: AE_NOT_FOUND, While evaluating Sleep State [\_S1_] (20150619/hwxface-580)
[    0.110007] ACPI Exception: AE_NOT_FOUND, While evaluating Sleep State [\_S2_] (20150619/hwxface-580)
[    0.111037] ACPI: (supports S0 S3 S4 S5)
[    0.111539] ACPI: Using IOAPIC for interrupt routing
[    0.112098] PCI: Using host bridge windows from ACPI; if necessary, use "pci=nocrs" and report a bug
[    0.145157] ACPI: PCI Root Bridge [PCI0] (domain 0000 [bus 00-ff])
[    0.145988] acpi PNP0A03:00: _OSC: OS supports [ASPM ClockPM Segments MSI]
[    0.147036] acpi PNP0A03:00: _OSC failed (AE_NOT_FOUND); disabling ASPM
[    0.147089] acpi PNP0A03:00: fail to add MMCONFIG information, can't access extended PCI configuration space under this bridge.
[    0.149065] PCI host bridge to bus 0000:00
[    0.149501] pci_bus 0000:00: root bus resource [bus 00-ff]
[    0.150006] pci_bus 0000:00: root bus resource [io  0x0000-0x0cf7 window]
[    0.150700] pci_bus 0000:00: root bus resource [io  0x0d00-0xffff window]
[    0.151013] pci_bus 0000:00: root bus resource [mem 0x000a0000-0x000bffff window]
[    0.152010] pci_bus 0000:00: root bus resource [mem 0xc0000000-0xfebfffff window]
[    0.153036] pci 0000:00:00.0: [8086:1237] type 00 class 0x060000
[    0.154762] pci 0000:00:01.0: [8086:7000] type 00 class 0x060100
[    0.156559] pci 0000:00:01.1: [8086:7010] type 00 class 0x010180
[    0.159211] pci 0000:00:01.1: reg 0x20: [io  0xc040-0xc04f]
[    0.160633] pci 0000:00:01.1: legacy IDE quirk: reg 0x10: [io  0x01f0-0x01f7]
[    0.161002] pci 0000:00:01.1: legacy IDE quirk: reg 0x14: [io  0x03f6]
[    0.162002] pci 0000:00:01.1: legacy IDE quirk: reg 0x18: [io  0x0170-0x0177]
[    0.162733] pci 0000:00:01.1: legacy IDE quirk: reg 0x1c: [io  0x0376]
[    0.164521] pci 0000:00:01.3: [8086:7113] type 00 class 0x068000
[    0.165254] pci 0000:00:01.3: quirk: [io  0x0600-0x063f] claimed by PIIX4 ACPI
[    0.166008] pci 0000:00:01.3: quirk: [io  0x0700-0x070f] claimed by PIIX4 SMB
[    0.168000] pci 0000:00:02.0: [1234:1111] type 00 class 0x030000
[    0.171388] pci 0000:00:02.0: reg 0x10: [mem 0xfd000000-0xfdffffff pref]
[    0.174008] pci 0000:00:02.0: reg 0x18: [mem 0xfebf0000-0xfebf0fff]
[    0.178366] pci 0000:00:02.0: reg 0x30: [mem 0xfebe0000-0xfebeffff pref]
[    0.180653] pci 0000:00:03.0: [8086:100e] type 00 class 0x020000
[    0.181624] pci 0000:00:03.0: reg 0x10: [mem 0xfebc0000-0xfebdffff]
[    0.183003] pci 0000:00:03.0: reg 0x14: [io  0xc000-0xc03f]
[    0.186729] pci 0000:00:03.0: reg 0x30: [mem 0xfeb80000-0xfebbffff pref]
[    0.191961] ACPI: PCI Interrupt Link [LNKA] (IRQs 5 *10 11)
[    0.193295] ACPI: PCI Interrupt Link [LNKB] (IRQs 5 *10 11)
[    0.194450] ACPI: PCI Interrupt Link [LNKC] (IRQs 5 10 *11)
[    0.195632] ACPI: PCI Interrupt Link [LNKD] (IRQs 5 10 *11)
[    0.196365] ACPI: PCI Interrupt Link [LNKS] (IRQs *9)
[    0.200000] ACPI: Enabled 16 GPEs in block 00 to 0F
[    0.201201] vgaarb: setting as boot device: PCI:0000:00:02.0
[    0.201618] vgaarb: device added: PCI:0000:00:02.0,decodes=io+mem,owns=io+mem,locks=none
[    0.203772] vgaarb: loaded
[    0.204002] vgaarb: bridge control possible 0000:00:02.0
[    0.205224] SCSI subsystem initialized
[    0.206027] libata version 3.00 loaded.
[    0.206228] ACPI: bus type USB registered
[    0.207042] usbcore: registered new interface driver usbfs
[    0.207659] usbcore: registered new interface driver hub
[    0.208075] usbcore: registered new device driver usb
[    0.209076] pps_core: LinuxPPS API ver. 1 registered
[    0.209096] pps_core: Software ver. 5.3.6 - Copyright 2005-2007 Rodolfo Giometti <giometti@linux.it>
[    0.210042] PTP clock support registered
[    0.211274] Advanced Linux Sound Architecture Driver Initialized.
[    0.212157] PCI: Using ACPI for IRQ routing
[    0.212585] PCI: pci_cache_line_size set to 64 bytes
[    0.213071] e820: reserve RAM buffer [mem 0x0009fc00-0x0009ffff]
[    0.213686] e820: reserve RAM buffer [mem 0xbffdf000-0xbfffffff]
[    0.215547] NetLabel: Initializing
[    0.215547] NetLabel:  domain hash size = 128
[    0.216009] NetLabel:  protocols = UNLABELED CIPSOv4
[    0.216560] NetLabel:  unlabeled traffic allowed by default
[    0.217138] HPET: 3 timers in total, 0 timers will be used for per-cpu timer
[    0.218061] hpet0: at MMIO 0xfed00000, IRQs 2, 8, 0
[    0.219077] hpet0: 3 comparators, 64-bit 100.000000 MHz counter
[    0.226001] clocksource: Switched to clocksource kvm-clock
[    0.277880] pnp: PnP ACPI init
[    0.278573] pnp 00:00: Plug and Play ACPI device, IDs PNP0b00 (active)
[    0.279516] pnp 00:01: Plug and Play ACPI device, IDs PNP0303 (active)
[    0.280439] pnp 00:02: Plug and Play ACPI device, IDs PNP0f13 (active)
[    0.281317] pnp 00:03: [dma 2]
[    0.281815] pnp 00:03: Plug and Play ACPI device, IDs PNP0700 (active)
[    0.282825] pnp 00:04: Plug and Play ACPI device, IDs PNP0400 (active)
[    0.283839] pnp 00:05: Plug and Play ACPI device, IDs PNP0501 (active)
[    0.285933] pnp: PnP ACPI: found 6 devices
[    0.303308] clocksource: acpi_pm: mask: 0xffffff max_cycles: 0xffffff, max_idle_ns: 2085701024 ns
[    0.304345] pci_bus 0000:00: resource 4 [io  0x0000-0x0cf7 window]
[    0.304984] pci_bus 0000:00: resource 5 [io  0x0d00-0xffff window]
[    0.305628] pci_bus 0000:00: resource 6 [mem 0x000a0000-0x000bffff window]
[    0.306352] pci_bus 0000:00: resource 7 [mem 0xc0000000-0xfebfffff window]
[    0.307221] NET: Registered protocol family 2
[    0.308156] TCP established hash table entries: 32768 (order: 6, 262144 bytes)
[    0.308954] TCP bind hash table entries: 32768 (order: 7, 524288 bytes)
[    0.309727] TCP: Hash tables configured (established 32768 bind 32768)
[    0.310515] UDP hash table entries: 2048 (order: 4, 65536 bytes)
[    0.311173] UDP-Lite hash table entries: 2048 (order: 4, 65536 bytes)
[    0.312150] NET: Registered protocol family 1
[    0.312921] RPC: Registered named UNIX socket transport module.
[    0.313542] RPC: Registered udp transport module.
[    0.314032] RPC: Registered tcp transport module.
[    0.314511] RPC: Registered tcp NFSv4.1 backchannel transport module.
[    0.315181] pci 0000:00:00.0: Limiting direct PCI/PCI transfers
[    0.315787] pci 0000:00:01.0: PIIX3: Enabling Passive Release
[    0.316385] pci 0000:00:01.0: Activating ISA DMA hang workarounds
[    0.317034] pci 0000:00:02.0: Video device with shadowed ROM
[    0.317618] PCI: CLS 0 bytes, default 64
[    0.318251] PCI-DMA: Using software bounce buffering for IO (SWIOTLB)
[    0.318956] software IO TLB [mem 0xbbfdf000-0xbffdf000] (64MB) mapped at [ffff8800bbfdf000-ffff8800bffdefff]
[    0.320282] microcode: CPU0 sig=0x663, pf=0x1, revision=0x1
[    0.320880] microcode: CPU1 sig=0x663, pf=0x1, revision=0x1
[    0.321530] microcode: CPU2 sig=0x663, pf=0x1, revision=0x1
[    0.322151] microcode: CPU3 sig=0x663, pf=0x1, revision=0x1
[    0.323071] microcode: Microcode Update Driver: v2.00 <tigran@aivazian.fsnet.co.uk>, Peter Oruba
[    0.325943] Scanning for low memory corruption every 60 seconds
[    0.329555] futex hash table entries: 1024 (order: 4, 65536 bytes)
[    0.330345] audit: initializing netlink subsys (disabled)
[    0.330967] audit: type=2000 audit(1477978927.874:1): initialized
[    0.332649] HugeTLB registered 2 MB page size, pre-allocated 0 pages
[    0.350731] VFS: Disk quotas dquot_6.6.0
[    0.351673] VFS: Dquot-cache hash table entries: 512 (order 0, 4096 bytes)
[    0.356526] NFS: Registering the id_resolver key type
[    0.357432] Key type id_resolver registered
[    0.358086] Key type id_legacy registered
[    0.358916] 9p: Installing v9fs 9p2000 file system support
[    0.360173] SELinux:  Registering netfilter hooks
[    0.362997] Block layer SCSI generic (bsg) driver version 0.4 loaded (major 251)
[    0.363840] io scheduler noop registered
[    0.364294] io scheduler deadline registered
[    0.365215] io scheduler cfq registered (default)
[    0.365989] pci_hotplug: PCI Hot Plug PCI Core version: 0.5
[    0.367331] input: Power Button as /devices/LNXSYSTM:00/LNXPWRBN:00/input/input0
[    0.368486] ACPI: Power Button [PWRF]
[    0.370412] Serial: 8250/16550 driver, 4 ports, IRQ sharing enabled
[    0.393936] 00:05: ttyS0 at I/O 0x3f8 (irq = 4, base_baud = 115200) is a 16550A
[    0.397432] Non-volatile memory driver v1.3
[    0.398315] Linux agpgart interface v0.103
[    0.399207] [drm] Initialized drm 1.1.0 20060810
[    0.409580] loop: module loaded
[    0.410694] ata_piix 0000:00:01.1: version 2.13
[    0.414539] scsi host0: ata_piix
[    0.415746] scsi host1: ata_piix
[    0.416696] ata1: PATA max MWDMA2 cmd 0x1f0 ctl 0x3f6 bmdma 0xc040 irq 14
[    0.417777] ata2: PATA max MWDMA2 cmd 0x170 ctl 0x376 bmdma 0xc048 irq 15
[    0.419393] e100: Intel(R) PRO/100 Network Driver, 3.5.24-k2-NAPI
[    0.420358] e100: Copyright(c) 1999-2006 Intel Corporation
[    0.421365] e1000: Intel(R) PRO/1000 Network Driver - version 7.3.21-k8-NAPI
[    0.422479] e1000: Copyright (c) 1999-2006 Intel Corporation.
[    0.570464] ata2.01: NODEV after polling detection
[    0.571203] ata1.01: NODEV after polling detection
[    0.571863] ata2.00: ATAPI: QEMU DVD-ROM, 2.5+, max UDMA/100
[    0.572635] ata1.00: ATA-7: QEMU HARDDISK, 2.5+, max UDMA/100
[    0.573408] ata1.00: 2099200 sectors, multi 16: LBA48 
[    0.574315] ata2.00: configured for MWDMA2
[    0.574837] ata1.00: configured for MWDMA2
[    0.575830] scsi 0:0:0:0: Direct-Access     ATA      QEMU HARDDISK    2.5+ PQ: 0 ANSI: 5
[    0.578202] sd 0:0:0:0: Attached scsi generic sg0 type 0
[    0.579234] sd 0:0:0:0: [sda] 2099200 512-byte logical blocks: (1.07 GB/1.00 GiB)
[    0.580277] sd 0:0:0:0: [sda] Write Protect is off
[    0.580850] sd 0:0:0:0: [sda] Mode Sense: 00 3a 00 00
[    0.581427] sd 0:0:0:0: [sda] Write cache: enabled, read cache: enabled, doesn't support DPO or FUA
[    0.583487] scsi 1:0:0:0: CD-ROM            QEMU     QEMU DVD-ROM     2.5+ PQ: 0 ANSI: 5
[    0.585707] sd 0:0:0:0: [sda] Attached SCSI disk
[    0.596529] sr 1:0:0:0: [sr0] scsi3-mmc drive: 4x/4x cd/rw xa/form2 tray
[    0.597486] cdrom: Uniform CD-ROM driver Revision: 3.20
[    0.599335] sr 1:0:0:0: Attached scsi CD-ROM sr0
[    0.600651] sr 1:0:0:0: Attached scsi generic sg1 type 5
[    1.030394] ACPI: PCI Interrupt Link [LNKC] enabled at IRQ 11
[    1.323070] tsc: Refined TSC clocksource calibration: 3392.382 MHz
[    1.324033] clocksource: tsc: mask: 0xffffffffffffffff max_cycles: 0x30e63239e35, max_idle_ns: 440795230997 ns
[    1.326340] e1000 0000:00:03.0 eth0: (PCI:33MHz:32-bit) 52:54:00:12:34:56
[    1.327452] e1000 0000:00:03.0 eth0: Intel(R) PRO/1000 Network Connection
[    1.328603] sky2: driver version 1.30
[    1.329829] ehci_hcd: USB 2.0 'Enhanced' Host Controller (EHCI) Driver
[    1.331252] ehci-pci: EHCI PCI platform driver
[    1.332135] ohci_hcd: USB 1.1 'Open' Host Controller (OHCI) Driver
[    1.333211] ohci-pci: OHCI PCI platform driver
[    1.333994] uhci_hcd: USB Universal Host Controller Interface driver
[    1.335338] usbcore: registered new interface driver usblp
[    1.336694] usbcore: registered new interface driver usb-storage
[    1.337703] i8042: PNP: PS/2 Controller [PNP0303:KBD,PNP0f13:MOU] at 0x60,0x64 irq 1,12
[    1.339901] serio: i8042 KBD port at 0x60,0x64 irq 1
[    1.340610] serio: i8042 AUX port at 0x60,0x64 irq 12
[    1.342160] mousedev: PS/2 mouse device common for all mice
[    1.344059] input: AT Translated Set 2 keyboard as /devices/platform/i8042/serio0/input/input1
[    1.346255] rtc_cmos 00:00: RTC can wake from S4
[    1.347601] rtc_cmos 00:00: rtc core: registered rtc_cmos as rtc0
[    1.348613] rtc_cmos 00:00: alarms up to one day, 114 bytes nvram, hpet irqs
[    1.350725] device-mapper: ioctl: 4.32.0-ioctl (2015-6-26) initialised: dm-devel@redhat.com
[    1.352215] hidraw: raw HID events driver (C) Jiri Kosina
[    1.354478] usbcore: registered new interface driver usbhid
[    1.355329] usbhid: USB HID core driver
[    1.357414] Netfilter messages via NETLINK v0.30.
[    1.358359] nf_conntrack version 0.5.0 (16384 buckets, 65536 max)
[    1.359413] ctnetlink v0.93: registering with nfnetlink.
[    1.360333] ip_tables: (C) 2000-2006 Netfilter Core Team
[    1.361198] Initializing XFRM netlink socket
[    1.362862] NET: Registered protocol family 10
[    1.364288] ip6_tables: (C) 2000-2006 Netfilter Core Team
[    1.365192] sit: IPv6 over IPv4 tunneling driver
[    1.366534] NET: Registered protocol family 17
[    1.367074] 9pnet: Installing 9P2000 support
[    1.367681] Key type dns_resolver registered
[    1.369934] registered taskstats version 1
[    1.370543] kmemleak: Kernel memory leak detector initialized
[    1.370548] kmemleak: Automatic memory scanning thread started
[    1.372687]   Magic number: 8:317:718
[    1.373133] console [netcon0] enabled
[    1.373627] netconsole: network logging started
[    1.374932] PM: Hibernation image not present or could not be loaded.
[    1.375673] ALSA device list:
[    1.375977]   No soundcards found.
[    1.956836] input: ImExPS/2 Generic Explorer Mouse as /devices/platform/i8042/serio1/input/input3
[    1.959671] md: Waiting for all devices to be available before autodetect
[    1.961156] md: If you don't use raid, use raid=noautodetect
[    1.964863] md: Autodetecting RAID arrays.
[    1.965768] md: Scanned 0 and added 0 devices.
[    1.966747] md: autorun ...
[    1.967378] md: ... autorun DONE.
[    1.968935] EXT4-fs (sda): couldn't mount as ext3 due to feature incompatibilities
[    1.971100] EXT4-fs (sda): couldn't mount as ext2 due to feature incompatibilities
[    1.979980] EXT4-fs (sda): mounted filesystem with ordered data mode. Opts: (null)
[    1.981466] VFS: Mounted root (ext4 filesystem) readonly on device 8:0.
[    1.983917] devtmpfs: mounted
[    1.985184] Freeing unused kernel memory: 2776K (ffffffff81f16000 - ffffffff821cc000)
[    1.986670] Write protecting the kernel read-only data: 14336k
[    1.988380] Freeing unused kernel memory: 1520K (ffff880001884000 - ffff880001a00000)
[    1.990177] Freeing unused kernel memory: 1304K (ffff880001cba000 - ffff880001e00000)
SELinux:  Could not open policy file <= /etc/selinux/targeted/policy/policy.29:  No such file or directory
INIT: version 2.88 booting
[    2.041130] stty (975) used greatest stack depth: 13128 bytes left
[    2.082192] tput (979) used greatest stack depth: 13000 bytes left
[[36minfo[39;49m] Using makefile-style concurrent boot in runlevel S.
[....] Starting the hotplug events dispatcher: udevd[    2.235257] udevd[1084]: starting version 175
[?25l[?1c7[1G[[32m ok [39;49m8[?25h[?0c.
[....] Synthesizing the initial hotplug events...[?25l[?1c7[1G[[32m ok [39;49m8[?25h[?0cdone.
[....] Waiting for /dev to be fully populated...[    2.388636] cdrom_id (1222) used greatest stack depth: 12792 bytes left
[    2.412768] random: nonblocking pool is initialized
[?25l[?1c7[1G[[32m ok [39;49m8[?25h[?0cdone.
[....] Activating swap...[?25l[?1c7[1G[[32m ok [39;49m8[?25h[?0cdone.
[    2.522821] EXT4-fs (sda): re-mounted. Opts: (null)
[....] Creating compatibility symlink from /etc/mtab to /proc/mounts. ...[?25l[?1c7[1G[[33mwarn[39;49m8[?25h[?0c [33m(warning).[39;49m
[....] Cleaning up temporary files... /tmp[?25l[?1c7[1G[[32m ok [39;49m8[?25h[?0c.
[....] Activating lvm and md swap...[?25l[?1c7[1G[[32m ok [39;49m8[?25h[?0cdone.
[....] Checking file systems...fsck from util-linux 2.20.1
[?25l[?1c7[1G[[32m ok [39;49m8[?25h[?0cdone.
[....] Mounting local filesystems...[?25l[?1c7[1G[[32m ok [39;49m8[?25h[?0cdone.
[....] Activating swapfile swap...[?25l[?1c7[1G[[32m ok [39;49m8[?25h[?0cdone.
[....] Cleaning up temporary files...[?25l[?1c7[1G[[32m ok [39;49m8[?25h[?0c.
[....] Setting kernel variables ...[?25l[?1c7[1G[[32m ok [39;49m8[?25h[?0cdone.
[....] Configuring network interfaces...[    3.105026] ip (2273) used greatest stack depth: 12232 bytes left
Internet Systems Consortium DHCP Client 4.2.2
Copyright 2004-2011 Internet Systems Consortium.
All rights reserved.
For info, please visit https://www.isc.org/software/dhcp/

[    3.150659] e1000: eth0 NIC Link is Up 1000 Mbps Full Duplex, Flow Control: RX
Listening on LPF/eth0/52:54:00:12:34:56
Sending on   LPF/eth0/52:54:00:12:34:56
Sending on   Socket/fallback
DHCPDISCOVER on eth0 to 255.255.255.255 port 67 interval 5
DHCPREQUEST on eth0 to 255.255.255.255 port 67
DHCPOFFER from 10.0.2.2
DHCPACK from 10.0.2.2
bound to 10.0.2.15 -- renewal in 38472 seconds.
[?25l[?1c7[1G[[32m ok [39;49m8[?25h[?0cdone.
[....] Cleaning up temporary files...[?25l[?1c7[1G[[32m ok [39;49m8[?25h[?0c.
[    3.254993] rc (974) used greatest stack depth: 12176 bytes left
INIT: Entering runlevel: 2
[[36minfo[39;49m] Using makefile-style concurrent boot in runlevel 2.
[....] Starting enhanced syslogd: rsyslogd[?25l[?1c7[1G[[32m ok [39;49m8[?25h[?0c.
[....] Starting periodic command scheduler: cron[?25l[?1c7[1G[[32m ok [39;49m8[?25h[?0c.
[....] Starting OpenBSD Secure Shell server: sshd[?25l[?1c7[1G[[32m ok [39;49m8[?25h[?0c.
[    6.450704] kt: running test for light, case 5, T2538
[    6.450704] 
[    6.453921] kt: starting light_test_lots_of_create_destroy test
[    6.459473] kt: end of test.
[    6.461552] kt: starting light_test_lots_of_create_destroy test
[    6.465583] kt: end of test.
[    6.467875] kt: starting light_test_lots_of_create_destroy test
[    6.471967] kt: end of test.
[    6.473971] kt: starting test light_test_lots_of_create_destroy
[    6.479650] kt: end of test
[    6.481951] 
[    6.483144] dump_desc: [create1]
[    6.484899] dump_desc evts: 0 1 2 3 4 5 6 7 8 9 10 11 12 13 14 15
[    6.488719] dump_desc   ts: 0 0 0 0 0 0 0 0 0 0 0 0 0 0 0 0
[    6.492131] dump_desc  ret:
[    6.493525] 
[    6.494001] dump_desc: [create2]
[    6.496137] dump_desc evts: 16 17 18 19 20 21 22 23 24 25 26 27 28 29 30 31
[    6.500408] dump_desc   ts: 0 0 0 0 0 0 0 0 0 0 0 0 0 0 0 0
[    6.503511] dump_desc  ret:
[    6.504711] 
[    6.505676] dump_desc: [create3]
[    6.507022] dump_desc evts: 32 33 34 35 36 37 38 39 40 41 42 43 44 45 46 47
[    6.510365] dump_desc   ts: 0 0 0 0 0 0 0 0 0 0 0 0 0 0 0 0
[    6.513587] dump_desc  ret:
[    6.514989] 
[    6.516530] dump_desc: [create4]
[    6.518081] dump_desc evts: 48 49 50 51 52 53 54 55 56 57 58 59 60 61 62 63
[    6.521970] dump_desc   ts: 0 0 0 0 0 0 0 0 0 0 0 0 0 0 0 0
[    6.525236] dump_desc  ret:
[    6.527215] 
[    6.528135] dump_desc: [destroy1]
[    6.529891] dump_desc evts: 16 17 18 19 20 21 22 23 24 25 26 27 28 29 30 31
[    6.532597] dump_desc   ts: 0 0 0 0 0 0 0 0 0 0 0 0 0 0 0 0
[    6.535254] dump_desc  ret: 0 0 0 0 0 0 0 0 0 0 0 0 0 0 0 0
[    6.538320] 
[    6.538778] dump_desc: [destroy2]
[    6.540570] dump_desc evts: 0 1 2 3 4 5 6 7 8 9 10 11 12 13 14 15
[    6.542542] dump_desc   ts: 0 0 0 0 0 0 0 0 0 0 0 0 0 0 0 0
[    6.545054] dump_desc  ret: 0 0 0 0 0 0 0 0 0 0 0 0 0 0 0 0
[    6.547688] 
[    6.548732] dump_desc: [destroy3]
[    6.549955] dump_desc evts: 48 49 50 51 52 53 54 55 56 57 58 59 60 61 62 63
[    6.553432] dump_desc   ts: 0 0 0 0 0 0 0 0 0 0 0 0 0 0 0 0
[    6.556446] dump_desc  ret: 0 0 0 0 0 0 0 0 0 0 0 0 0 0 0 0
[    6.559302] 
[    6.560158] dump_desc: [destroy4]
[    6.561345] dump_desc evts: 48 49 50 51 52 53 54 55 56 57 58 59 60 61 62 63
[    6.564229] dump_desc   ts: 0 0 0 0 0 0 0 0 0 0 0 0 0 0 0 0
[    6.566835] dump_desc  ret: -22 -22 -22 -22 -22 -22 -22 -22 -22 -22 -22 -22 -22 -22 -22 -22
[    6.569760] 
[    6.571150] dump_desc: [destroy5]
[    6.572398] dump_desc evts: 32 33 34 35 36 37 38 39 40 41 42 43 44 45 46 47
[    6.574992] dump_desc   ts: 0 0 0 0 0 0 0 0 0 0 0 0 0 0 0 0
[    6.577321] dump_desc  ret: 0 0 0 0 0 0 0 0 0 0 0 0 0 0 0 0
[    6.578969] 
[    6.580008] dump_desc: [destroy6]
[    6.581220] dump_desc evts: 32 33 34 35 36 37 38 39 40 41 42 43 44 45 46 47
[    6.584932] dump_desc   ts: 0 0 0 0 0 0 0 0 0 0 0 0 0 0 0 0
[    6.588418] dump_desc  ret: -22 -22 -22 -22 -22 -22 -22 -22 -22 -22 -22 -22 -22 -22 -22 -22
[    6.592969] LIGHT_SUCCESS
[    6.596097] kt: running test for light, case 5, T2550
[    6.596097] 
[    6.598475] kt: starting light_test_lots_of_create_destroy test
[    6.601340] kt: end of test.
[    6.603165] kt: starting light_test_lots_of_create_destroy test
[    6.606115] kt: end of test.
[    6.607716] kt: starting light_test_lots_of_create_destroy test
[    6.610582] kt: end of test.
[    6.612099] kt: starting test light_test_lots_of_create_destroy
[    6.615632] kt: end of test
[    6.617155] 
[    6.617949] dump_desc: [create1]
[    6.619370] dump_desc evts: 64 65 66 67 68 69 70 71 72 73 74 75 76 77 78 79
[    6.622651] dump_desc   ts: 0 0 0 0 0 0 0 0 0 0 0 0 0 0 0 0
[    6.625388] dump_desc  ret:
[    6.627154] 
[    6.627942] dump_desc: [create2]
[    6.629187] dump_desc evts: 80 81 82 83 84 85 86 87 88 89 90 91 92 93 94 95
[    6.632339] dump_desc   ts: 0 0 0 0 0 0 0 0 0 0 0 0 0 0 0 0
[    6.635052] dump_desc  ret:
[    6.635978] 
[    6.637256] dump_desc: [create3]
[    6.639012] dump_desc evts: 96 97 98 99 100 101 102 103 104 105 106 107 108 109 110 111
[    6.641943] dump_desc   ts: 0 0 0 0 0 0 0 0 0 0 0 0 0 0 0 0
[    6.644363] dump_desc  ret:
[    6.646155] 
[    6.646680] dump_desc: [create4]
[    6.648535] dump_desc evts: 112 113 114 115 116 117 118 119 120 121 122 123 124 125 126 127
[    6.652072] dump_desc   ts: 0 0 0 0 0 0 0 0 0 0 0 0 0 0 0 0
[    6.654666] dump_desc  ret:
[    6.656236] 
[    6.656899] dump_desc: [destroy1]
[    6.658081] dump_desc evts: 80 81 82 83 84 85 86 87 88 89 90 91 92 93 94 95
[    6.661289] dump_desc   ts: 0 0 0 0 0 0 0 0 0 0 0 0 0 0 0 0
[    6.664056] dump_desc  ret: 0 0 0 0 0 0 0 0 0 0 0 0 0 0 0 0
[    6.666948] 
[    6.668328] dump_desc: [destroy2]
[    6.669484] dump_desc evts: 64 65 66 67 68 69 70 71 72 73 74 75 76 77 78 79
[    6.671732] dump_desc   ts: 0 0 0 0 0 0 0 0 0 0 0 0 0 0 0 0
[    6.673637] dump_desc  ret: 0 0 0 0 0 0 0 0 0 0 0 0 0 0 0 0
[    6.675523] 
[    6.675860] dump_desc: [destroy3]
[    6.677299] dump_desc evts: 112 113 114 115 116 117 118 119 120 121 122 123 124 125 126 127
[    6.679745] dump_desc   ts: 0 0 0 0 0 0 0 0 0 0 0 0 0 0 0 0
[    6.681653] dump_desc  ret: -22 -22 -22 -22 -22 -22 -22 -22 -22 -22 -22 -22 -22 -22 -22 -22
[    6.684069] 
[    6.684382] dump_desc: [destroy4]
[    6.685776] dump_desc evts: 112 113 114 115 116 117 118 119 120 121 122 123 124 125 126 127
[    6.688142] dump_desc   ts: 0 0 0 0 0 0 0 0 0 0 0 0 0 0 0 0
[    6.690213] dump_desc  ret: 0 0 0 0 0 0 0 0 0 0 0 0 0 0 0 0
[    6.692257] 
[    6.692629] dump_desc: [destroy5]
[    6.694127] dump_desc evts: 96 97 98 99 100 101 102 103 104 105 106 107 108 109 110 111
[    6.696568] dump_desc   ts: 0 0 0 0 0 0 0 0 0 0 0 0 0 0 0 0
[    6.698552] dump_desc  ret: 0 0 0 0 0 0 0 0 0 0 0 0 0 0 0 0
[    6.700590] 
[    6.701266] dump_desc: [destroy6]
[    6.702181] dump_desc evts: 96 97 98 99 100 101 102 103 104 105 106 107 108 109 110 111
[    6.704461] dump_desc   ts: 0 0 0 0 0 0 0 0 0 0 0 0 0 0 0 0
[    6.706246] dump_desc  ret: -22 -22 -22 -22 -22 -22 -22 -22 -22 -22 -22 -22 -22 -22 -22 -22
[    6.708370] LIGHT_SUCCESS
[    6.710319] kt: running test for light, case 5, T2561
[    6.710319] 
[    6.712452] kt: starting light_test_lots_of_create_destroy test
[    6.714928] kt: end of test.
[    6.716280] kt: starting light_test_lots_of_create_destroy test
[    6.718460] kt: end of test.
[    6.719488] kt: starting light_test_lots_of_create_destroy test
[    6.721814] kt: end of test.
[    6.723078] kt: starting test light_test_lots_of_create_destroy
[    6.725346] kt: end of test
[    6.726271] 
[    6.726954] dump_desc: [create1]
[    6.728165] dump_desc evts: 128 129 130 131 132 133 134 135 136 137 138 139 140 141 142 143
[    6.730949] dump_desc   ts: 0 0 0 0 0 0 0 0 0 0 0 0 0 0 0 0
[    6.732664] dump_desc  ret:
[    6.733760] 
[    6.734412] dump_desc: [create2]
[    6.735590] dump_desc evts: 144 145 146 147 148 149 150 151 152 153 154 155 156 157 158 159
[    6.738748] dump_desc   ts: 0 0 0 0 0 0 0 0 0 0 0 0 0 0 0 0
[    6.740800] dump_desc  ret:
[    6.741883] 
[    6.742517] dump_desc: [create3]
[    6.743883] dump_desc evts: 160 161 162 163 164 165 166 167 168 169 170 171 172 173 174 175
[    6.747226] dump_desc   ts: 0 0 0 0 0 0 0 0 0 0 0 0 0 0 0 0
[    6.749578] dump_desc  ret:
[    6.750691] 
[    6.751369] dump_desc: [create4]
[    6.752715] dump_desc evts: 176 177 178 179 180 181 182 183 184 185 186 187 188 189 190 191
[    6.756456] dump_desc   ts: 0 0 0 0 0 0 0 0 0 0 0 0 0 0 0 0
[    6.758522] dump_desc  ret:
[    6.759599] 
[    6.760253] dump_desc: [destroy1]
[    6.761637] dump_desc evts: 144 145 146 147 148 149 150 151 152 153 154 155 156 157 158 159
[    6.764386] dump_desc   ts: 0 0 0 0 0 0 0 0 0 0 0 0 0 0 0 0
[    6.766472] dump_desc  ret: 0 0 0 0 0 0 0 0 0 0 0 0 0 0 0 0
[    6.768353] 
[    6.769053] dump_desc: [destroy2]
[    6.770457] dump_desc evts: 128 129 130 131 132 133 134 135 136 137 138 139 140 141 142 143
[    6.773215] dump_desc   ts: 0 0 0 0 0 0 0 0 0 0 0 0 0 0 0 0
[    6.775062] dump_desc  ret: 0 0 0 0 0 0 0 0 0 0 0 0 0 0 0 0
[    6.776442] 
[    6.776733] dump_desc: [destroy3]
[    6.778104] dump_desc evts: 176 177 178 179 180 181 182 183 184 185 186 187 188 189 190 191
[    6.780347] dump_desc   ts: 0 0 0 0 0 0 0 0 0 0 0 0 0 0 0 0
[    6.781963] dump_desc  ret: -22 -22 -22 -22 -22 -22 -22 -22 -22 -22 -22 -22 -22 -22 -22 -22
[    6.784170] 
[    6.784486] dump_desc: [destroy4]
[    6.785804] dump_desc evts: 176 177 178 179 180 181 182 183 184 185 186 187 188 189 190 191
[    6.788219] dump_desc   ts: 0 0 0 0 0 0 0 0 0 0 0 0 0 0 0 0
[    6.790067] dump_desc  ret: 0 0 0 0 0 0 0 0 0 0 0 0 0 0 0 0
[    6.791991] 
[    6.792760] dump_desc: [destroy5]
[    6.793631] dump_desc evts: 160 161 162 163 164 165 166 167 168 169 170 171 172 173 174 175
[    6.795847] dump_desc   ts: 0 0 0 0 0 0 0 0 0 0 0 0 0 0 0 0
[    6.797620] dump_desc  ret: 0 0 0 0 0 0 0 0 0 0 0 0 0 0 0 0
[    6.799442] 
[    6.799729] dump_desc: [destroy6]
[    6.801104] dump_desc evts: 160 161 162 163 164 165 166 167 168 169 170 171 172 173 174 175
[    6.803427] dump_desc   ts: 0 0 0 0 0 0 0 0 0 0 0 0 0 0 0 0
[    6.805182] dump_desc  ret: -22 -22 -22 -22 -22 -22 -22 -22 -22 -22 -22 -22 -22 -22 -22 -22
[    6.807304] LIGHT_SUCCESS
[    6.808486] kt: running test for light, case 5, T2572
[    6.808486] 
[    6.810728] kt: starting light_test_lots_of_create_destroy test
[    6.812852] kt: end of test.
[    6.813987] kt: starting light_test_lots_of_create_destroy test
[    6.816073] kt: end of test.
[    6.817127] kt: starting light_test_lots_of_create_destroy test
[    6.818970] kt: end of test.
[    6.820175] kt: starting test light_test_lots_of_create_destroy
[    6.822579] kt: end of test
[    6.823514] 
[    6.824059] dump_desc: [create1]
[    6.824928] dump_desc evts: 192 193 194 195 196 197 198 199 200 201 202 203 204 205 206 207
[    6.826550] dump_desc   ts: 0 0 0 0 0 0 0 0 0 0 0 0 0 0 0 0
[    6.828092] dump_desc  ret:
[    6.828709] 
[    6.829000] dump_desc: [create2]
[    6.830161] dump_desc evts: 208 209 210 211 212 213 214 215 216 217 218 219 220 221 222 223
[    6.832384] dump_desc   ts: 0 0 0 0 0 0 0 0 0 0 0 0 0 0 0 0
[    6.833670] dump_desc  ret:
[    6.835200] 
[    6.835536] dump_desc: [create3]
[    6.837159] dump_desc evts: 224 225 226 227 228 229 230 231 232 233 234 235 236 237 238 239
[    6.839825] dump_desc   ts: 0 0 0 0 0 0 0 0 0 0 0 0 0 1 1 1
[    6.841925] dump_desc  ret:
[    6.843512] 
[    6.843840] dump_desc: [create4]
[    6.845438] dump_desc evts: 240 241 242 243 244 245 246 247 248 249 250 251 252 253 254 255
[    6.847317] dump_desc   ts: 0 0 0 0 0 0 0 0 0 0 0 0 0 0 0 0
[    6.849252] dump_desc  ret:
[    6.849815] 
[    6.851121] dump_desc: [destroy1]
[    6.851824] dump_desc evts: 208 209 210 211 212 213 214 215 216 217 218 219 220 221 222 223
[    6.854035] dump_desc   ts: 0 0 0 0 0 0 0 0 0 0 0 0 0 0 0 0
[    6.854752] dump_desc  ret: 0 0 0 0 0 0 0 0 0 0 0 0 0 0 0 0
[    6.856358] 
[    6.856715] dump_desc: [destroy2]
[    6.857767] dump_desc evts: 192 193 194 195 196 197 198 199 200 201 202 203 204 205 206 207
[    6.859822] dump_desc   ts: 0 0 0 0 0 0 0 0 0 0 0 0 0 0 0 0
[    6.861782] dump_desc  ret: 0 0 0 0 0 0 0 0 0 0 0 0 0 0 0 0
[    6.863737] 
[    6.864787] dump_desc: [destroy3]
[    6.865746] dump_desc evts: 240 241 242 243 244 245 246 247 248 249 250 251 252 253 254 255
[    6.868436] dump_desc   ts: 0 0 0 0 0 0 0 0 0 0 0 0 0 0 0 0
[    6.870459] dump_desc  ret: 0 0 0 0 0 0 0 0 0 0 0 0 0 0 0 0
[    6.872528] 
[    6.872849] dump_desc: [destroy4]
[    6.874448] dump_desc evts: 240 241 242 243 244 245 246 247 248 249 250 251 252 253 254 255
[    6.876239] dump_desc   ts: 0 0 0 0 0 0 0 0 0 0 0 0 0 0 0 0
[    6.878094] dump_desc  ret: -22 -22 -22 -22 -22 -22 -22 -22 -22 -22 -22 -22 -22 -22 -22 -22
[    6.880364] 
[    6.880694] dump_desc: [destroy5]
[    6.882025] dump_desc evts: 224 225 226 227 228 229 230 231 232 233 234 235 236 237 238 239
[    6.883969] dump_desc   ts: 0 0 0 0 0 0 0 0 0 0 0 0 0 0 0 0
[    6.885786] dump_desc  ret: 0 0 0 0 0 0 0 0 0 0 0 0 0 0 0 0
[    6.887692] 
[    6.887996] dump_desc: [destroy6]
[    6.889654] dump_desc evts: 224 225 226 227 228 229 230 231 232 233 234 235 236 237 238 239
[    6.892267] dump_desc   ts: 0 0 0 0 0 0 0 0 0 0 0 0 0 0 0 0
[    6.894320] dump_desc  ret: -22 -22 -22 -22 -22 -22 -22 -22 -22 -22 -22 -22 -22 -22 -22 -22
[    6.896739] LIGHT_SUCCESS
[    6.898913] kt: running test for light, case 5, T2583
[    6.898913] 
[    6.901196] kt: starting light_test_lots_of_create_destroy test
[    6.903507] kt: end of test.
[    6.904431] kt: starting light_test_lots_of_create_destroy test
[    6.906839] kt: end of test.
[    6.907860] kt: starting light_test_lots_of_create_destroy test
[    6.910463] kt: end of test.
[    6.911480] kt: starting test light_test_lots_of_create_destroy
[    6.914211] kt: end of test
[    6.915358] 
[    6.915959] dump_desc: [create1]
[    6.916938] dump_desc evts: 256 257 258 259 260 261 262 263 264 265 266 267 268 269 270 271
[    6.919729] dump_desc   ts: 0 0 0 0 0 0 0 0 0 0 0 0 0 0 0 0
[    6.921787] dump_desc  ret:
[    6.923213] 
[    6.923954] dump_desc: [create2]
[    6.924943] dump_desc evts: 272 273 274 275 276 277 278 279 280 281 282 283 284 285 286 287
[    6.927758] dump_desc   ts: 0 0 0 0 0 0 0 0 0 0 0 0 0 0 0 0
[    6.929485] dump_desc  ret:
[    6.930658] 
[    6.931204] dump_desc: [create3]
[    6.932583] dump_desc evts: 288 289 290 291 292 293 294 295 296 297 298 299 300 301 302 303
[    6.935050] dump_desc   ts: 0 0 0 0 0 0 0 0 0 0 0 0 0 0 0 0
[    6.936906] dump_desc  ret:
[    6.938314] 
[    6.938728] dump_desc: [create4]
[    6.940302] dump_desc evts: 304 305 306 307 308 309 310 311 312 313 314 315 316 317 318 319
[    6.942808] dump_desc   ts: 0 0 0 0 0 0 0 0 0 0 0 0 0 0 0 0
[    6.944757] dump_desc  ret:
[    6.946217] 
[    6.946635] dump_desc: [destroy1]
[    6.948284] dump_desc evts: 272 273 274 275 276 277 278 279 280 281 282 283 284 285 286 287
[    6.950733] dump_desc   ts: 0 0 0 0 0 0 0 0 0 0 0 0 0 0 0 0
[    6.952663] dump_desc  ret: 0 0 0 0 0 0 0 0 0 0 0 0 0 0 0 0
[    6.954636] 
[    6.955370] dump_desc: [destroy2]
[    6.956431] dump_desc evts: 256 257 258 259 260 261 262 263 264 265 266 267 268 269 270 271
[    6.959235] dump_desc   ts: 0 0 0 0 0 0 0 0 0 0 0 0 0 0 0 0
[    6.961351] dump_desc  ret: 0 0 0 0 0 0 0 0 0 0 0 0 0 0 0 0
[    6.963559] 
[    6.963981] dump_desc: [destroy3]
[    6.965597] dump_desc evts: 304 305 306 307 308 309 310 311 312 313 314 315 316 317 318 319
[    6.968529] dump_desc   ts: 0 0 0 0 0 0 0 0 0 0 0 0 0 0 0 0
[    6.970687] dump_desc  ret: -22 -22 -22 -22 -22 -22 -22 -22 -22 -22 -22 -22 -22 -22 -22 -22
[    6.973572] 
[    6.973972] dump_desc: [destroy4]
[    6.975630] dump_desc evts: 304 305 306 307 308 309 310 311 312 313 314 315 316 317 318 319
[    6.978457] dump_desc   ts: 0 0 0 0 0 0 0 0 0 0 0 0 0 0 0 0
[    6.980586] dump_desc  ret: 0 0 0 0 0 0 0 0 0 0 0 0 0 0 0 0
[    6.982614] 
[    6.983361] dump_desc: [destroy5]
[    6.984402] dump_desc evts: 288 289 290 291 292 293 294 295 296 297 298 299 300 301 302 303
[    6.987310] dump_desc   ts: 0 0 0 0 0 0 0 0 0 0 0 0 0 0 0 0
[    6.989525] dump_desc  ret: 0 0 0 0 0 0 0 0 0 0 0 0 0 0 0 0
[    6.991776] 
[    6.992675] dump_desc: [destroy6]
[    6.993756] dump_desc evts: 288 289 290 291 292 293 294 295 296 297 298 299 300 301 302 303
[    6.996585] dump_desc   ts: 0 0 0 0 0 0 0 0 0 0 0 0 0 0 0 0
[    6.998793] dump_desc  ret: -22 -22 -22 -22 -22 -22 -22 -22 -22 -22 -22 -22 -22 -22 -22 -22
[    7.001595] LIGHT_SUCCESS
[    7.003423] kt: running test for light, case 5, T2594
[    7.003423] 
[    7.005315] kt: starting light_test_lots_of_create_destroy test
[    7.008025] kt: end of test.
[    7.009157] kt: starting light_test_lots_of_create_destroy test
[    7.012207] kt: end of test.
[    7.013604] kt: starting light_test_lots_of_create_destroy test
[    7.016422] kt: end of test.
[    7.017674] kt: starting test light_test_lots_of_create_destroy
[    7.020420] kt: end of test
[    7.021560] 
[    7.022236] dump_desc: [create1]
[    7.023435] dump_desc evts: 320 321 322 323 324 325 326 327 328 329 330 331 332 333 334 335
[    7.027209] dump_desc   ts: 0 0 0 0 0 0 0 0 0 0 0 0 0 0 0 0
[    7.030326] dump_desc  ret:
[    7.031661] 
[    7.032344] dump_desc: [create2]
[    7.033697] dump_desc evts: 336 337 338 339 340 341 342 343 344 345 346 347 348 349 350 351
[    7.037095] dump_desc   ts: 0 0 0 0 0 0 0 1 1 1 1 1 1 1 1 1
[    7.039346] dump_desc  ret:
[    7.040489] 
[    7.041190] dump_desc: [create3]
[    7.042450] dump_desc evts: 352 353 354 355 356 357 358 359 360 361 362 363 364 365 366 367
[    7.045986] dump_desc   ts: 0 0 0 0 0 0 0 0 0 0 0 0 0 0 0 0
[    7.048318] dump_desc  ret:
[    7.049399] 
[    7.050112] dump_desc: [create4]
[    7.051407] dump_desc evts: 368 369 370 371 372 373 374 375 376 377 378 379 380 381 382 383
[    7.054783] dump_desc   ts: 0 0 0 0 0 0 0 0 0 0 0 0 0 0 0 0
[    7.057157] dump_desc  ret:
[    7.058308] 
[    7.058953] dump_desc: [destroy1]
[    7.060232] dump_desc evts: 336 337 338 339 340 341 342 343 344 345 346 347 348 349 350 351
[    7.063672] dump_desc   ts: 0 0 0 0 0 0 0 0 0 0 0 0 0 0 0 0
[    7.065906] dump_desc  ret: 0 0 0 0 0 0 0 0 0 0 0 0 0 0 0 0
[    7.067952] 
[    7.068601] dump_desc: [destroy2]
[    7.069887] dump_desc evts: 320 321 322 323 324 325 326 327 328 329 330 331 332 333 334 335
[    7.072913] dump_desc   ts: 0 0 0 0 0 0 0 0 0 0 0 0 0 0 0 0
[    7.074499] dump_desc  ret: 0 0 0 0 0 0 0 0 0 0 0 0 0 0 0 0
[    7.076485] 
[    7.076909] dump_desc: [destroy3]
[    7.078535] dump_desc evts: 368 369 370 371 372 373 374 375 376 377 378 379 380 381 382 383
[    7.081550] dump_desc   ts: 0 0 0 0 0 0 0 0 0 0 0 0 0 0 0 0
[    7.083812] dump_desc  ret: -22 -22 -22 -22 -22 -22 -22 -22 -22 -22 -22 -22 -22 -22 -22 -22
[    7.086414] 
[    7.086834] dump_desc: [destroy4]
[    7.088238] dump_desc evts: 368 369 370 371 372 373 374 375 376 377 378 379 380 381 382 383
[    7.090970] dump_desc   ts: 0 0 0 0 0 0 0 0 0 0 0 0 0 0 0 0
[    7.093208] dump_desc  ret: 0 0 0 0 0 0 0 0 0 0 0 0 0 0 0 0
[    7.095443] 
[    7.095869] dump_desc: [destroy5]
[    7.097487] dump_desc evts: 352 353 354 355 356 357 358 359 360 361 362 363 364 365 366 367
[    7.100467] dump_desc   ts: 0 0 0 0 0 0 0 0 0 0 0 0 0 0 0 0
[    7.102722] dump_desc  ret: 0 0 0 0 0 0 0 0 0 0 0 0 0 0 0 0
[    7.104926] 
[    7.105672] dump_desc: [destroy6]
[    7.106783] dump_desc evts: 352 353 354 355 356 357 358 359 360 361 362 363 364 365 366 367
[    7.109532] dump_desc   ts: 0 0 0 0 0 0 0 0 0 0 0 0 0 0 0 0
[    7.111579] dump_desc  ret: -22 -22 -22 -22 -22 -22 -22 -22 -22 -22 -22 -22 -22 -22 -22 -22
[    7.114278] LIGHT_SUCCESS
[    7.115575] kt: running test for light, case 5, T2605
[    7.115575] 
[    7.117220] kt: starting light_test_lots_of_create_destroy test
[    7.119798] kt: end of test.
[    7.120957] kt: starting light_test_lots_of_create_destroy test
[    7.123702] kt: end of test.
[    7.124849] kt: starting light_test_lots_of_create_destroy test
[    7.127210] kt: end of test.
[    7.128235] kt: starting test light_test_lots_of_create_destroy
[    7.130863] kt: end of test
[    7.132103] 
[    7.132464] dump_desc: [create1]
[    7.134133] dump_desc evts: 384 385 386 387 388 389 390 391 392 393 394 395 396 397 398 399
[    7.137279] dump_desc   ts: 0 0 0 0 0 0 0 0 0 0 0 0 0 0 0 0
[    7.139719] dump_desc  ret:
[    7.140926] 
[    7.141509] dump_desc: [create2]
[    7.142795] dump_desc evts: 400 401 402 403 404 405 406 407 408 409 410 411 412 413 414 415
[    7.145663] dump_desc   ts: 0 0 0 0 0 0 0 0 0 0 0 0 0 0 0 0
[    7.148105] dump_desc  ret:
[    7.149337] 
[    7.150212] dump_desc: [create3]
[    7.151900] dump_desc evts: 416 417 418 419 420 421 422 423 424 425 426 427 428 429 430 431
[    7.154990] dump_desc   ts: 0 0 0 0 0 0 0 0 0 0 0 0 0 0 0 0
[    7.157268] dump_desc  ret:
[    7.158575] 
[    7.159375] dump_desc: [create4]
[    7.160936] dump_desc evts: 432 433 434 435 436 437 438 439 440 441 442 443 444 445 446 447
[    7.164683] dump_desc   ts: 0 0 0 0 0 0 0 0 0 0 0 0 0 0 0 0
[    7.167340] dump_desc  ret:
[    7.168582] 
[    7.169264] dump_desc: [destroy1]
[    7.170630] dump_desc evts: 400 401 402 403 404 405 406 407 408 409 410 411 412 413 414 415
[    7.174389] dump_desc   ts: 0 0 0 0 0 0 0 0 0 0 0 0 0 0 0 0
[    7.176035] dump_desc  ret: 0 0 0 0 0 0 0 0 0 0 0 0 0 0 0 0
[    7.178290] 
[    7.178661] dump_desc: [destroy2]
[    7.180396] dump_desc evts: 384 385 386 387 388 389 390 391 392 393 394 395 396 397 398 399
[    7.183080] dump_desc   ts: 0 0 0 0 0 0 0 0 0 0 0 0 0 0 0 0
[    7.185248] dump_desc  ret: 0 0 0 0 0 0 0 0 0 0 0 0 0 0 0 0
[    7.187572] 
[    7.187935] dump_desc: [destroy3]
[    7.189521] dump_desc evts: 432 433 434 435 436 437 438 439 440 441 442 443 444 445 446 447
[    7.191577] dump_desc   ts: 0 0 0 0 0 0 0 0 0 0 0 0 0 0 0 0
[    7.193520] dump_desc  ret: -22 -22 -22 -22 -22 -22 -22 -22 -22 -22 -22 -22 -22 -22 -22 -22
[    7.196084] 
[    7.196756] dump_desc: [destroy4]
[    7.197726] dump_desc evts: 432 433 434 435 436 437 438 439 440 441 442 443 444 445 446 447
[    7.200308] dump_desc   ts: 0 0 0 0 0 0 0 0 0 0 0 0 0 0 0 0
[    7.202429] dump_desc  ret: 0 0 0 0 0 0 0 0 0 0 0 0 0 0 0 0
[    7.203993] 
[    7.205093] dump_desc: [destroy5]
[    7.205708] dump_desc evts: 416 417 418 419 420 421 422 423 424 425 426 427 428 429 430 431
[    7.207863] dump_desc   ts: 0 0 0 0 0 0 0 0 0 0 0 0 0 0 0 0
[    7.209548] dump_desc  ret: 0 0 0 0 0 0 0 0 0 0 0 0 0 0 0 0
[    7.211334] 
[    7.211621] dump_desc: [destroy6]
[    7.212951] dump_desc evts: 416 417 418 419 420 421 422 423 424 425 426 427 428 429 430 431
[    7.215350] dump_desc   ts: 0 0 0 0 0 0 0 0 0 0 0 0 0 0 0 0
[    7.217185] dump_desc  ret: -22 -22 -22 -22 -22 -22 -22 -22 -22 -22 -22 -22 -22 -22 -22 -22
[    7.219587] LIGHT_SUCCESS
[    7.221381] kt: running test for light, case 5, T2616
[    7.221381] 
[    7.223420] kt: starting light_test_lots_of_create_destroy test
[    7.224987] kt: end of test.
[    7.225884] kt: starting light_test_lots_of_create_destroy test
[    7.227536] kt: end of test.
[    7.228416] kt: starting light_test_lots_of_create_destroy test
[    7.229998] kt: end of test.
[    7.230845] kt: starting test light_test_lots_of_create_destroy
[    7.232891] kt: end of test
[    7.233857] 
[    7.234278] dump_desc: [create1]
[    7.235413] dump_desc evts: 448 449 450 451 452 453 454 455 456 457 458 459 460 461 462 463
[    7.238302] dump_desc   ts: 0 0 0 0 0 0 0 0 0 0 0 0 0 0 0 0
[    7.240200] dump_desc  ret:
[    7.240726] 
[    7.240885] dump_desc: [create2]
[    7.241978] dump_desc evts: 464 465 466 467 468 469 470 471 472 473 474 475 476 477 478 479
[    7.243979] dump_desc   ts: 0 0 0 0 0 0 0 0 0 0 0 0 0 0 0 0
[    7.245354] dump_desc  ret:
[    7.246890] 
[    7.247355] dump_desc: [create3]
[    7.248473] dump_desc evts: 480 481 482 483 484 485 486 487 488 489 490 491 492 493 494 495
[    7.251549] dump_desc   ts: 0 0 0 0 0 0 0 0 0 0 0 0 0 0 0 0
[    7.253745] dump_desc  ret:
[    7.254450] 
[    7.254757] dump_desc: [create4]
[    7.256098] dump_desc evts: 496 497 498 499 500 501 502 503 504 505 506 507 508 509 510 511
[    7.258942] dump_desc   ts: 0 0 0 0 0 0 0 0 0 0 0 0 0 0 0 0
[    7.261173] dump_desc  ret:
[    7.261990] 
[    7.263133] dump_desc: [destroy1]
[    7.265333] dump_desc evts: 464 465 466 467 468 469 470 471 472 473 474 475 476 477 478 479
[    7.269031] dump_desc   ts: 0 0 0 0 0 0 0 0 0 0 0 0 0 0 0 0
[    7.272032] dump_desc  ret: 0 0 0 0 0 0 0 0 0 0 0 0 0 0 0 0
[    7.275291] 
[    7.275766] dump_desc: [destroy2]
[    7.278020] dump_desc evts: 448 449 450 451 452 453 454 455 456 457 458 459 460 461 462 463
[    7.282484] dump_desc   ts: 0 0 0 0 0 0 0 0 0 0 0 0 0 0 0 0
[    7.285428] dump_desc  ret: 0 0 0 0 0 0 0 0 0 0 0 0 0 0 0 0
[    7.287634] 
[    7.288309] dump_desc: [destroy3]
[    7.289382] dump_desc evts: 496 497 498 499 500 501 502 503 504 505 506 507 508 509 510 511
[    7.292147] dump_desc   ts: 0 0 0 0 0 0 0 0 0 0 0 0 0 0 0 0
[    7.294233] dump_desc  ret: -22 -22 -22 -22 -22 -22 -22 -22 -22 -22 -22 -22 -22 -22 -22 -22
[    7.297203] 
[    7.297705] dump_desc: [destroy4]
[    7.299440] dump_desc evts: 496 497 498 499 500 501 502 503 504 505 506 507 508 509 510 511
[    7.301903] dump_desc   ts: 0 0 0 0 0 0 0 0 0 0 0 0 0 0 0 0
[    7.303850] dump_desc  ret: 0 0 0 0 0 0 0 0 0 0 0 0 0 0 0 0
[    7.305889] 
[    7.306715] dump_desc: [destroy5]
[    7.307614] dump_desc evts: 480 481 482 483 484 485 486 487 488 489 490 491 492 493 494 495
[    7.309954] dump_desc   ts: 0 0 0 0 0 0 0 0 0 0 0 0 0 0 0 0
[    7.311912] dump_desc  ret: 0 0 0 0 0 0 0 0 0 0 0 0 0 0 0 0
[    7.313389] 
[    7.313764] dump_desc: [destroy6]
[    7.315179] dump_desc evts: 480 481 482 483 484 485 486 487 488 489 490 491 492 493 494 495
[    7.317709] dump_desc   ts: 0 0 0 0 0 0 0 0 0 0 0 0 0 0 0 0
[    7.319945] dump_desc  ret: -22 -22 -22 -22 -22 -22 -22 -22 -22 -22 -22 -22 -22 -22 -22 -22
[    7.322748] LIGHT_SUCCESS
[    9.697640] kmemleak: 1 new suspected memory leaks (see /sys/kernel/debug/kmemleak)
INIT: Switching to runlevel: 0
INIT: Sending processes the TERM signal
[[36minfo[39;49m] Using makefile-style concurrent boot in runlevel 0.
[....] Asking all remaining processes to terminate...[?25l[?1c7[1G[[32m ok [39;49m8[?25h[?0cdone.
[....] All processes ended within 1 seconds...[?25l[?1c7[1G[[32m ok [39;49m8[?25h[?0cdone.
[....] Stopping enhanced syslogd: rsyslogd[?25l[?1c7[1G[[32m ok [39;49m8[?25h[?0c.
[....] Deconfiguring network interfaces...Internet Systems Consortium DHCP Client 4.2.2
Copyright 2004-2011 Internet Systems Consortium.
All rights reserved.
For info, please visit https://www.isc.org/software/dhcp/

Listening on LPF/eth0/52:54:00:12:34:56
Sending on   LPF/eth0/52:54:00:12:34:56
Sending on   Socket/fallback
DHCPRELEASE on eth0 to 10.0.2.2 port 67
[?25l[?1c7[1G[[32m ok [39;49m8[?25h[?0cdone.
[[36minfo[39;49m] Saving the system clock.
[[36minfo[39;49m] Hardware Clock updated to Tue Nov  1 05:42:28 UTC 2016.
[....] Deactivating swap...[?25l[?1c7[1G[[32m ok [39;49m8[?25h[?0cdone.
[....] Unmounting local filesystems...[?25l[?1c7[1G[[32m ok [39;49m8[?25h[?0cdone.
[   21.091770] EXT4-fs (sda): re-mounted. Opts: (null)
[[36minfo[39;49m] Will now halt.
[   24.119651] sd 0:0:0:0: [sda] Synchronizing SCSI cache
[   24.121081] sd 0:0:0:0: [sda] Stopping disk
[   24.605917] ACPI: Preparing to enter system sleep state S5
[   24.606565] reboot: Power down
[   24.608439] acpi_power_off called
