early console in setup code
early console in decompress_kernel

Decompressing Linux... Parsing ELF... done.
Booting the kernel.
[    0.000000] Initializing cgroup subsys cpuset
[    0.000000] Initializing cgroup subsys cpu
[    0.000000] Initializing cgroup subsys cpuacct
[    0.000000] Linux version 4.2.0-team50-kt (progman@m91p) (gcc version 5.4.0 20160609 (Ubuntu 5.4.0-6ubuntu1~16.04.2) ) #113 SMP Tue Nov 1 01:38:20 EDT 2016
[    0.000000] Command line: console=ttyS0 root=/dev/sda debug earlyprintk=serial
[    0.000000] x86/fpu: Legacy x87 FPU detected.
[    0.000000] x86/fpu: Using 'lazy' FPU context switches.
[    0.000000] e820: BIOS-provided physical RAM map:
[    0.000000] BIOS-e820: [mem 0x0000000000000000-0x000000000009fbff] usable
[    0.000000] BIOS-e820: [mem 0x000000000009fc00-0x000000000009ffff] reserved
[    0.000000] BIOS-e820: [mem 0x00000000000f0000-0x00000000000fffff] reserved
[    0.000000] BIOS-e820: [mem 0x0000000000100000-0x00000000bffdefff] usable
[    0.000000] BIOS-e820: [mem 0x00000000bffdf000-0x00000000bfffffff] reserved
[    0.000000] BIOS-e820: [mem 0x00000000feffc000-0x00000000feffffff] reserved
[    0.000000] BIOS-e820: [mem 0x00000000fffc0000-0x00000000ffffffff] reserved
[    0.000000] BIOS-e820: [mem 0x0000000100000000-0x000000013fffffff] usable
[    0.000000] bootconsole [earlyser0] enabled
[    0.000000] NX (Execute Disable) protection: active
[    0.000000] SMBIOS 2.8 present.
[    0.000000] DMI: QEMU Standard PC (i440FX + PIIX, 1996), BIOS Ubuntu-1.8.2-1ubuntu1 04/01/2014
[    0.000000] Hypervisor detected: KVM
[    0.000000] e820: update [mem 0x00000000-0x00000fff] usable ==> reserved
[    0.000000] e820: remove [mem 0x000a0000-0x000fffff] usable
[    0.000000] e820: last_pfn = 0x140000 max_arch_pfn = 0x400000000
[    0.000000] MTRR default type: write-back
[    0.000000] MTRR fixed ranges enabled:
[    0.000000]   00000-9FFFF write-back
[    0.000000]   A0000-BFFFF uncachable
[    0.000000]   C0000-FFFFF write-protect
[    0.000000] MTRR variable ranges enabled:
[    0.000000]   0 base 00C0000000 mask FFC0000000 uncachable
[    0.000000]   1 disabled
[    0.000000]   2 disabled
[    0.000000]   3 disabled
[    0.000000]   4 disabled
[    0.000000]   5 disabled
[    0.000000]   6 disabled
[    0.000000]   7 disabled
[    0.000000] x86/PAT: PAT not supported by CPU.
[    0.000000] e820: last_pfn = 0xbffdf max_arch_pfn = 0x400000000
[    0.000000] found SMP MP-table at [mem 0x000f6600-0x000f660f] mapped at [ffff8800000f6600]
[    0.000000] Scanning 1 areas for low memory corruption
[    0.000000] Base memory trampoline at [ffff880000099000] 99000 size 24576
[    0.000000] init_memory_mapping: [mem 0x00000000-0x000fffff]
[    0.000000]  [mem 0x00000000-0x000fffff] page 4k
[    0.000000] BRK [0x022bd000, 0x022bdfff] PGTABLE
[    0.000000] BRK [0x022be000, 0x022befff] PGTABLE
[    0.000000] BRK [0x022bf000, 0x022bffff] PGTABLE
[    0.000000] init_memory_mapping: [mem 0x13fe00000-0x13fffffff]
[    0.000000]  [mem 0x13fe00000-0x13fffffff] page 2M
[    0.000000] BRK [0x022c0000, 0x022c0fff] PGTABLE
[    0.000000] init_memory_mapping: [mem 0x120000000-0x13fdfffff]
[    0.000000]  [mem 0x120000000-0x13fdfffff] page 2M
[    0.000000] init_memory_mapping: [mem 0x00100000-0xbffdefff]
[    0.000000]  [mem 0x00100000-0x001fffff] page 4k
[    0.000000]  [mem 0x00200000-0xbfdfffff] page 2M
[    0.000000]  [mem 0xbfe00000-0xbffdefff] page 4k
[    0.000000] init_memory_mapping: [mem 0x100000000-0x11fffffff]
[    0.000000]  [mem 0x100000000-0x11fffffff] page 2M
[    0.000000] ACPI: Early table checksum verification disabled
[    0.000000] ACPI: RSDP 0x00000000000F65B0 000014 (v00 BOCHS )
[    0.000000] ACPI: RSDT 0x00000000BFFE1511 000034 (v01 BOCHS  BXPCRSDT 00000001 BXPC 00000001)
[    0.000000] ACPI: FACP 0x00000000BFFE0954 000074 (v01 BOCHS  BXPCFACP 00000001 BXPC 00000001)
[    0.000000] ACPI: DSDT 0x00000000BFFDFD80 000BD4 (v01 BOCHS  BXPCDSDT 00000001 BXPC 00000001)
[    0.000000] ACPI: FACS 0x00000000BFFDFD40 000040
[    0.000000] ACPI: SSDT 0x00000000BFFE09C8 000A81 (v01 BOCHS  BXPCSSDT 00000001 BXPC 00000001)
[    0.000000] ACPI: APIC 0x00000000BFFE1449 000090 (v01 BOCHS  BXPCAPIC 00000001 BXPC 00000001)
[    0.000000] ACPI: HPET 0x00000000BFFE14D9 000038 (v01 BOCHS  BXPCHPET 00000001 BXPC 00000001)
[    0.000000] ACPI: Local APIC address 0xfee00000
[    0.000000] No NUMA configuration found
[    0.000000] Faking a node at [mem 0x0000000000000000-0x000000013fffffff]
[    0.000000] NODE_DATA(0) allocated [mem 0x13fff9000-0x13fffcfff]
[    0.000000] kvm-clock: Using msrs 4b564d01 and 4b564d00
[    0.000000] kvm-clock: cpu 0, msr 1:3fff8001, primary cpu clock
[    0.000000] clocksource: kvm-clock: mask: 0xffffffffffffffff max_cycles: 0x1cd42e4dffb, max_idle_ns: 881590591483 ns
[    0.000000]  [ffffea0000000000-ffffea0004ffffff] PMD -> [ffff88013b600000-ffff88013f5fffff] on node 0
[    0.000000] Zone ranges:
[    0.000000]   DMA      [mem 0x0000000000001000-0x0000000000ffffff]
[    0.000000]   DMA32    [mem 0x0000000001000000-0x00000000ffffffff]
[    0.000000]   Normal   [mem 0x0000000100000000-0x000000013fffffff]
[    0.000000] Movable zone start for each node
[    0.000000] Early memory node ranges
[    0.000000]   node   0: [mem 0x0000000000001000-0x000000000009efff]
[    0.000000]   node   0: [mem 0x0000000000100000-0x00000000bffdefff]
[    0.000000]   node   0: [mem 0x0000000100000000-0x000000013fffffff]
[    0.000000] Initmem setup node 0 [mem 0x0000000000001000-0x000000013fffffff]
[    0.000000] On node 0 totalpages: 1048445
[    0.000000]   DMA zone: 64 pages used for memmap
[    0.000000]   DMA zone: 21 pages reserved
[    0.000000]   DMA zone: 3998 pages, LIFO batch:0
[    0.000000]   DMA32 zone: 12224 pages used for memmap
[    0.000000]   DMA32 zone: 782303 pages, LIFO batch:31
[    0.000000]   Normal zone: 4096 pages used for memmap
[    0.000000]   Normal zone: 262144 pages, LIFO batch:31
[    0.000000] ACPI: PM-Timer IO Port: 0x608
[    0.000000] ACPI: Local APIC address 0xfee00000
[    0.000000] ACPI: LAPIC_NMI (acpi_id[0xff] dfl dfl lint[0x1])
[    0.000000] IOAPIC[0]: apic_id 0, version 17, address 0xfec00000, GSI 0-23
[    0.000000] ACPI: INT_SRC_OVR (bus 0 bus_irq 0 global_irq 2 dfl dfl)
[    0.000000] ACPI: INT_SRC_OVR (bus 0 bus_irq 5 global_irq 5 high level)
[    0.000000] ACPI: INT_SRC_OVR (bus 0 bus_irq 9 global_irq 9 high level)
[    0.000000] ACPI: INT_SRC_OVR (bus 0 bus_irq 10 global_irq 10 high level)
[    0.000000] ACPI: INT_SRC_OVR (bus 0 bus_irq 11 global_irq 11 high level)
[    0.000000] ACPI: IRQ0 used by override.
[    0.000000] ACPI: IRQ5 used by override.
[    0.000000] ACPI: IRQ9 used by override.
[    0.000000] ACPI: IRQ10 used by override.
[    0.000000] ACPI: IRQ11 used by override.
[    0.000000] Using ACPI (MADT) for SMP configuration information
[    0.000000] ACPI: HPET id: 0x8086a201 base: 0xfed00000
[    0.000000] smpboot: Allowing 4 CPUs, 0 hotplug CPUs
[    0.000000] PM: Registered nosave memory: [mem 0x00000000-0x00000fff]
[    0.000000] PM: Registered nosave memory: [mem 0x0009f000-0x0009ffff]
[    0.000000] PM: Registered nosave memory: [mem 0x000a0000-0x000effff]
[    0.000000] PM: Registered nosave memory: [mem 0x000f0000-0x000fffff]
[    0.000000] PM: Registered nosave memory: [mem 0xbffdf000-0xbfffffff]
[    0.000000] PM: Registered nosave memory: [mem 0xc0000000-0xfeffbfff]
[    0.000000] PM: Registered nosave memory: [mem 0xfeffc000-0xfeffffff]
[    0.000000] PM: Registered nosave memory: [mem 0xff000000-0xfffbffff]
[    0.000000] PM: Registered nosave memory: [mem 0xfffc0000-0xffffffff]
[    0.000000] e820: [mem 0xc0000000-0xfeffbfff] available for PCI devices
[    0.000000] Booting paravirtualized kernel on KVM
[    0.000000] clocksource: refined-jiffies: mask: 0xffffffff max_cycles: 0xffffffff, max_idle_ns: 1910969940391419 ns
[    0.000000] setup_percpu: NR_CPUS:64 nr_cpumask_bits:64 nr_cpu_ids:4 nr_node_ids:1
[    0.000000] PERCPU: Embedded 31 pages/cpu @ffff88013fc00000 s89624 r8192 d29160 u524288
[    0.000000] pcpu-alloc: s89624 r8192 d29160 u524288 alloc=1*2097152
[    0.000000] pcpu-alloc: [0] 0 1 2 3 
[    0.000000] KVM setup async PF for cpu 0
[    0.000000] kvm-stealtime: cpu 0, msr 13fc0d440
[    0.000000] Built 1 zonelists in Node order, mobility grouping on.  Total pages: 1032040
[    0.000000] Policy zone: Normal
[    0.000000] Kernel command line: console=ttyS0 root=/dev/sda debug earlyprintk=serial
[    0.000000] PID hash table entries: 4096 (order: 3, 32768 bytes)
[    0.000000] Calgary: detecting Calgary via BIOS EBDA area
[    0.000000] Calgary: Unable to locate Rio Grande table in EBDA - bailing!
[    0.000000] Memory: 4042292K/4193780K available (8706K kernel code, 1107K rwdata, 2792K rodata, 2776K init, 924K bss, 151488K reserved, 0K cma-reserved)
[    0.000000] SLUB: HWalign=64, Order=0-3, MinObjects=0, CPUs=4, Nodes=1
[    0.000000] Hierarchical RCU implementation.
[    0.000000] 	Additional per-CPU info printed with stalls.
[    0.000000] 	Build-time adjustment of leaf fanout to 64.
[    0.000000] 	RCU restricting CPUs from NR_CPUS=64 to nr_cpu_ids=4.
[    0.000000] RCU: Adjusting geometry for rcu_fanout_leaf=64, nr_cpu_ids=4
[    0.000000] NR_IRQS:4352 nr_irqs:456 16
[    0.000000] Console: colour VGA+ 80x25
[    0.000000] console [ttyS0] enabled
[    0.000000] console [ttyS0] enabled
[    0.000000] bootconsole [earlyser0] disabled
[    0.000000] bootconsole [earlyser0] disabled
[    0.000000] clocksource: hpet: mask: 0xffffffff max_cycles: 0xffffffff, max_idle_ns: 19112604467 ns
[    0.000000] hpet clockevent registered
[    0.000000] tsc: Detected 3392.294 MHz processor
[    0.003000] Calibrating delay loop (skipped) preset value.. 6784.58 BogoMIPS (lpj=3392294)
[    0.003000] pid_max: default: 32768 minimum: 301
[    0.003021] ACPI: Core revision 20150619
[    0.018123] ACPI: All ACPI Tables successfully acquired
[    0.018827] Security Framework initialized
[    0.019003] SELinux:  Initializing.
[    0.019390] SELinux:  Starting in permissive mode
[    0.020439] Dentry cache hash table entries: 524288 (order: 10, 4194304 bytes)
[    0.022695] Inode-cache hash table entries: 262144 (order: 9, 2097152 bytes)
[    0.023302] Mount-cache hash table entries: 8192 (order: 4, 65536 bytes)
[    0.024017] Mountpoint-cache hash table entries: 8192 (order: 4, 65536 bytes)
[    0.026023] Initializing cgroup subsys freezer
[    0.026619] mce: CPU supports 10 MCE banks
[    0.027036] Last level iTLB entries: 4KB 0, 2MB 0, 4MB 0
[    0.027603] Last level dTLB entries: 4KB 0, 2MB 0, 4MB 0, 1GB 0
[    0.028136] Freeing SMP alternatives memory: 32K (ffffffff821cc000 - ffffffff821d4000)
[    0.032473] ..TIMER: vector=0x30 apic1=0 pin1=2 apic2=-1 pin2=-1
[    0.033000] smpboot: CPU0: Intel QEMU Virtual CPU version 2.5+ (fam: 06, model: 06, stepping: 03)
[    0.033029] Performance Events: Broken PMU hardware detected, using software events only.
[    0.034002] Failed to access perfctr msr (MSR c2 is 0)
[    0.035444] x86: Booting SMP configuration:
[    0.035935] .... node  #0, CPUs:      #1
[    0.003000] kvm-clock: cpu 1, msr 1:3fff8041, secondary cpu clock
[    0.039014] KVM setup async PF for cpu 1
[    0.039530]  #2
[    0.039530] kvm-stealtime: cpu 1, msr 13fc8d440
[    0.003000] kvm-clock: cpu 2, msr 1:3fff8081, secondary cpu clock
[    0.043018] KVM setup async PF for cpu 2
[    0.043568]  #3
[    0.043568] kvm-stealtime: cpu 2, msr 13fd0d440
[    0.003000] kvm-clock: cpu 3, msr 1:3fff80c1, secondary cpu clock
[    0.046021] x86: Booted up 1 node, 4 CPUs
[    0.046013] KVM setup async PF for cpu 3
[    0.046013] kvm-stealtime: cpu 3, msr 13fd8d440
[    0.047486] smpboot: Total of 4 processors activated (27138.35 BogoMIPS)
[    0.049201] devtmpfs: initialized
[    0.050615] kworker/u8:0 (26) used greatest stack depth: 14408 bytes left
[    0.051079] clocksource: jiffies: mask: 0xffffffff max_cycles: 0xffffffff, max_idle_ns: 1911260446275000 ns
[    0.051324] RTC time:  5:43:25, date: 11/01/16
[    0.051640] NET: Registered protocol family 16
[    0.053941] kworker/u8:0 (29) used greatest stack depth: 13904 bytes left
[    0.060028] cpuidle: using governor ladder
[    0.065020] cpuidle: using governor menu
[    0.065690] ACPI: bus type PCI registered
[    0.066360] PCI: Using configuration type 1 for base access
[    0.074632] kworker/u8:0 (147) used greatest stack depth: 13680 bytes left
[    0.100125] ACPI: Added _OSI(Module Device)
[    0.100875] ACPI: Added _OSI(Processor Device)
[    0.101002] ACPI: Added _OSI(3.0 _SCP Extensions)
[    0.102002] ACPI: Added _OSI(Processor Aggregator Device)
[    0.108786] ACPI: Interpreter enabled
[    0.109011] ACPI Exception: AE_NOT_FOUND, While evaluating Sleep State [\_S1_] (20150619/hwxface-580)
[    0.110015] ACPI Exception: AE_NOT_FOUND, While evaluating Sleep State [\_S2_] (20150619/hwxface-580)
[    0.111027] ACPI: (supports S0 S3 S4 S5)
[    0.111460] ACPI: Using IOAPIC for interrupt routing
[    0.112116] PCI: Using host bridge windows from ACPI; if necessary, use "pci=nocrs" and report a bug
[    0.142557] ACPI: PCI Root Bridge [PCI0] (domain 0000 [bus 00-ff])
[    0.143011] acpi PNP0A03:00: _OSC: OS supports [ASPM ClockPM Segments MSI]
[    0.144018] acpi PNP0A03:00: _OSC failed (AE_NOT_FOUND); disabling ASPM
[    0.144796] acpi PNP0A03:00: fail to add MMCONFIG information, can't access extended PCI configuration space under this bridge.
[    0.146339] PCI host bridge to bus 0000:00
[    0.146837] pci_bus 0000:00: root bus resource [bus 00-ff]
[    0.147006] pci_bus 0000:00: root bus resource [io  0x0000-0x0cf7 window]
[    0.148005] pci_bus 0000:00: root bus resource [io  0x0d00-0xffff window]
[    0.148720] pci_bus 0000:00: root bus resource [mem 0x000a0000-0x000bffff window]
[    0.149005] pci_bus 0000:00: root bus resource [mem 0xc0000000-0xfebfffff window]
[    0.150045] pci 0000:00:00.0: [8086:1237] type 00 class 0x060000
[    0.153334] pci 0000:00:01.0: [8086:7000] type 00 class 0x060100
[    0.155494] pci 0000:00:01.1: [8086:7010] type 00 class 0x010180
[    0.158211] pci 0000:00:01.1: reg 0x20: [io  0xc040-0xc04f]
[    0.159615] pci 0000:00:01.1: legacy IDE quirk: reg 0x10: [io  0x01f0-0x01f7]
[    0.160002] pci 0000:00:01.1: legacy IDE quirk: reg 0x14: [io  0x03f6]
[    0.161002] pci 0000:00:01.1: legacy IDE quirk: reg 0x18: [io  0x0170-0x0177]
[    0.162010] pci 0000:00:01.1: legacy IDE quirk: reg 0x1c: [io  0x0376]
[    0.163674] pci 0000:00:01.3: [8086:7113] type 00 class 0x068000
[    0.165200] pci 0000:00:01.3: quirk: [io  0x0600-0x063f] claimed by PIIX4 ACPI
[    0.165970] pci 0000:00:01.3: quirk: [io  0x0700-0x070f] claimed by PIIX4 SMB
[    0.168173] pci 0000:00:02.0: [1234:1111] type 00 class 0x030000
[    0.169390] pci 0000:00:02.0: reg 0x10: [mem 0xfd000000-0xfdffffff pref]
[    0.171751] pci 0000:00:02.0: reg 0x18: [mem 0xfebf0000-0xfebf0fff]
[    0.176009] pci 0000:00:02.0: reg 0x30: [mem 0xfebe0000-0xfebeffff pref]
[    0.178489] pci 0000:00:03.0: [8086:100e] type 00 class 0x020000
[    0.179617] pci 0000:00:03.0: reg 0x10: [mem 0xfebc0000-0xfebdffff]
[    0.181003] pci 0000:00:03.0: reg 0x14: [io  0xc000-0xc03f]
[    0.184335] pci 0000:00:03.0: reg 0x30: [mem 0xfeb80000-0xfebbffff pref]
[    0.188930] ACPI: PCI Interrupt Link [LNKA] (IRQs 5 *10 11)
[    0.190116] ACPI: PCI Interrupt Link [LNKB] (IRQs 5 *10 11)
[    0.191271] ACPI: PCI Interrupt Link [LNKC] (IRQs 5 10 *11)
[    0.192468] ACPI: PCI Interrupt Link [LNKD] (IRQs 5 10 *11)
[    0.193282] ACPI: PCI Interrupt Link [LNKS] (IRQs *9)
[    0.196842] ACPI: Enabled 16 GPEs in block 00 to 0F
[    0.197380] vgaarb: setting as boot device: PCI:0000:00:02.0
[    0.197662] vgaarb: device added: PCI:0000:00:02.0,decodes=io+mem,owns=io+mem,locks=none
[    0.199003] vgaarb: loaded
[    0.199297] vgaarb: bridge control possible 0000:00:02.0
[    0.200571] SCSI subsystem initialized
[    0.201109] libata version 3.00 loaded.
[    0.202129] ACPI: bus type USB registered
[    0.202635] usbcore: registered new interface driver usbfs
[    0.203098] usbcore: registered new interface driver hub
[    0.204007] usbcore: registered new device driver usb
[    0.205025] pps_core: LinuxPPS API ver. 1 registered
[    0.205025] pps_core: Software ver. 5.3.6 - Copyright 2005-2007 Rodolfo Giometti <giometti@linux.it>
[    0.206037] PTP clock support registered
[    0.207278] Advanced Linux Sound Architecture Driver Initialized.
[    0.208139] PCI: Using ACPI for IRQ routing
[    0.208615] PCI: pci_cache_line_size set to 64 bytes
[    0.209072] e820: reserve RAM buffer [mem 0x0009fc00-0x0009ffff]
[    0.209740] e820: reserve RAM buffer [mem 0xbffdf000-0xbfffffff]
[    0.211732] NetLabel: Initializing
[    0.212009] NetLabel:  domain hash size = 128
[    0.212472] NetLabel:  protocols = UNLABELED CIPSOv4
[    0.213053] NetLabel:  unlabeled traffic allowed by default
[    0.214044] HPET: 3 timers in total, 0 timers will be used for per-cpu timer
[    0.214791] hpet0: at MMIO 0xfed00000, IRQs 2, 8, 0
[    0.215143] hpet0: 3 comparators, 64-bit 100.000000 MHz counter
[    0.219107] clocksource: Switched to clocksource kvm-clock
[    0.272450] pnp: PnP ACPI init
[    0.273138] pnp 00:00: Plug and Play ACPI device, IDs PNP0b00 (active)
[    0.274108] pnp 00:01: Plug and Play ACPI device, IDs PNP0303 (active)
[    0.275085] pnp 00:02: Plug and Play ACPI device, IDs PNP0f13 (active)
[    0.275986] pnp 00:03: [dma 2]
[    0.276480] pnp 00:03: Plug and Play ACPI device, IDs PNP0700 (active)
[    0.277553] pnp 00:04: Plug and Play ACPI device, IDs PNP0400 (active)
[    0.278596] pnp 00:05: Plug and Play ACPI device, IDs PNP0501 (active)
[    0.280740] pnp: PnP ACPI: found 6 devices
[    0.298578] clocksource: acpi_pm: mask: 0xffffff max_cycles: 0xffffff, max_idle_ns: 2085701024 ns
[    0.299594] pci_bus 0000:00: resource 4 [io  0x0000-0x0cf7 window]
[    0.300275] pci_bus 0000:00: resource 5 [io  0x0d00-0xffff window]
[    0.300918] pci_bus 0000:00: resource 6 [mem 0x000a0000-0x000bffff window]
[    0.301685] pci_bus 0000:00: resource 7 [mem 0xc0000000-0xfebfffff window]
[    0.302612] NET: Registered protocol family 2
[    0.303550] TCP established hash table entries: 32768 (order: 6, 262144 bytes)
[    0.304393] TCP bind hash table entries: 32768 (order: 7, 524288 bytes)
[    0.305201] TCP: Hash tables configured (established 32768 bind 32768)
[    0.306018] UDP hash table entries: 2048 (order: 4, 65536 bytes)
[    0.306685] UDP-Lite hash table entries: 2048 (order: 4, 65536 bytes)
[    0.307640] NET: Registered protocol family 1
[    0.308413] RPC: Registered named UNIX socket transport module.
[    0.309052] RPC: Registered udp transport module.
[    0.309548] RPC: Registered tcp transport module.
[    0.310082] RPC: Registered tcp NFSv4.1 backchannel transport module.
[    0.310806] pci 0000:00:00.0: Limiting direct PCI/PCI transfers
[    0.311448] pci 0000:00:01.0: PIIX3: Enabling Passive Release
[    0.312063] pci 0000:00:01.0: Activating ISA DMA hang workarounds
[    0.312714] pci 0000:00:02.0: Video device with shadowed ROM
[    0.313335] PCI: CLS 0 bytes, default 64
[    0.315409] PCI-DMA: Using software bounce buffering for IO (SWIOTLB)
[    0.316099] software IO TLB [mem 0xbbfdf000-0xbffdf000] (64MB) mapped at [ffff8800bbfdf000-ffff8800bffdefff]
[    0.317405] microcode: CPU0 sig=0x663, pf=0x1, revision=0x1
[    0.318323] microcode: CPU1 sig=0x663, pf=0x1, revision=0x1
[    0.319288] microcode: CPU2 sig=0x663, pf=0x1, revision=0x1
[    0.319907] microcode: CPU3 sig=0x663, pf=0x1, revision=0x1
[    0.321061] microcode: Microcode Update Driver: v2.00 <tigran@aivazian.fsnet.co.uk>, Peter Oruba
[    0.323573] Scanning for low memory corruption every 60 seconds
[    0.325545] futex hash table entries: 1024 (order: 4, 65536 bytes)
[    0.326280] audit: initializing netlink subsys (disabled)
[    0.326938] audit: type=2000 audit(1477979005.948:1): initialized
[    0.328352] HugeTLB registered 2 MB page size, pre-allocated 0 pages
[    0.346402] VFS: Disk quotas dquot_6.6.0
[    0.347182] VFS: Dquot-cache hash table entries: 512 (order 0, 4096 bytes)
[    0.352155] NFS: Registering the id_resolver key type
[    0.352716] Key type id_resolver registered
[    0.353166] Key type id_legacy registered
[    0.353822] 9p: Installing v9fs 9p2000 file system support
[    0.355036] SELinux:  Registering netfilter hooks
[    0.357684] Block layer SCSI generic (bsg) driver version 0.4 loaded (major 251)
[    0.358470] io scheduler noop registered
[    0.358885] io scheduler deadline registered
[    0.359828] io scheduler cfq registered (default)
[    0.360589] pci_hotplug: PCI Hot Plug PCI Core version: 0.5
[    0.361638] input: Power Button as /devices/LNXSYSTM:00/LNXPWRBN:00/input/input0
[    0.362424] ACPI: Power Button [PWRF]
[    0.364116] Serial: 8250/16550 driver, 4 ports, IRQ sharing enabled
[    0.387277] 00:05: ttyS0 at I/O 0x3f8 (irq = 4, base_baud = 115200) is a 16550A
[    0.390286] Non-volatile memory driver v1.3
[    0.390909] Linux agpgart interface v0.103
[    0.391628] [drm] Initialized drm 1.1.0 20060810
[    0.401694] loop: module loaded
[    0.402618] ata_piix 0000:00:01.1: version 2.13
[    0.406162] scsi host0: ata_piix
[    0.407135] scsi host1: ata_piix
[    0.407952] ata1: PATA max MWDMA2 cmd 0x1f0 ctl 0x3f6 bmdma 0xc040 irq 14
[    0.408681] ata2: PATA max MWDMA2 cmd 0x170 ctl 0x376 bmdma 0xc048 irq 15
[    0.409878] e100: Intel(R) PRO/100 Network Driver, 3.5.24-k2-NAPI
[    0.410532] e100: Copyright(c) 1999-2006 Intel Corporation
[    0.411213] e1000: Intel(R) PRO/1000 Network Driver - version 7.3.21-k8-NAPI
[    0.412036] e1000: Copyright (c) 1999-2006 Intel Corporation.
[    0.560548] ata1.01: NODEV after polling detection
[    0.561399] ata2.01: NODEV after polling detection
[    0.562218] ata1.00: ATA-7: QEMU HARDDISK, 2.5+, max UDMA/100
[    0.562885] ata1.00: 2099200 sectors, multi 16: LBA48 
[    0.563804] ata2.00: ATAPI: QEMU DVD-ROM, 2.5+, max UDMA/100
[    0.564986] ata2.00: configured for MWDMA2
[    0.565934] ata1.00: configured for MWDMA2
[    0.566847] scsi 0:0:0:0: Direct-Access     ATA      QEMU HARDDISK    2.5+ PQ: 0 ANSI: 5
[    0.568935] sd 0:0:0:0: [sda] 2099200 512-byte logical blocks: (1.07 GB/1.00 GiB)
[    0.570243] sd 0:0:0:0: Attached scsi generic sg0 type 0
[    0.570363] sd 0:0:0:0: [sda] Write Protect is off
[    0.570365] sd 0:0:0:0: [sda] Mode Sense: 00 3a 00 00
[    0.570433] sd 0:0:0:0: [sda] Write cache: enabled, read cache: enabled, doesn't support DPO or FUA
[    0.573104] sd 0:0:0:0: [sda] Attached SCSI disk
[    0.574813] scsi 1:0:0:0: CD-ROM            QEMU     QEMU DVD-ROM     2.5+ PQ: 0 ANSI: 5
[    0.588623] sr 1:0:0:0: [sr0] scsi3-mmc drive: 4x/4x cd/rw xa/form2 tray
[    0.589786] cdrom: Uniform CD-ROM driver Revision: 3.20
[    0.591770] sr 1:0:0:0: Attached scsi CD-ROM sr0
[    0.593277] sr 1:0:0:0: Attached scsi generic sg1 type 5
[    1.018537] ACPI: PCI Interrupt Link [LNKC] enabled at IRQ 11
[    1.314848] e1000 0000:00:03.0 eth0: (PCI:33MHz:32-bit) 52:54:00:12:34:56
[    1.315602] e1000 0000:00:03.0 eth0: Intel(R) PRO/1000 Network Connection
[    1.316412] sky2: driver version 1.30
[    1.317467] ehci_hcd: USB 2.0 'Enhanced' Host Controller (EHCI) Driver
[    1.318417] ehci-pci: EHCI PCI platform driver
[    1.319175] ohci_hcd: USB 1.1 'Open' Host Controller (OHCI) Driver
[    1.320046] tsc: Refined TSC clocksource calibration: 3392.384 MHz
[    1.320047] clocksource: tsc: mask: 0xffffffffffffffff max_cycles: 0x30e6348fabe, max_idle_ns: 440795351893 ns
[    1.323194] ohci-pci: OHCI PCI platform driver
[    1.324090] uhci_hcd: USB Universal Host Controller Interface driver
[    1.325389] usbcore: registered new interface driver usblp
[    1.326507] usbcore: registered new interface driver usb-storage
[    1.327770] i8042: PNP: PS/2 Controller [PNP0303:KBD,PNP0f13:MOU] at 0x60,0x64 irq 1,12
[    1.330075] serio: i8042 KBD port at 0x60,0x64 irq 1
[    1.330592] serio: i8042 AUX port at 0x60,0x64 irq 12
[    1.331790] mousedev: PS/2 mouse device common for all mice
[    1.333334] input: AT Translated Set 2 keyboard as /devices/platform/i8042/serio0/input/input1
[    1.335052] rtc_cmos 00:00: RTC can wake from S4
[    1.336540] rtc_cmos 00:00: rtc core: registered rtc_cmos as rtc0
[    1.337910] rtc_cmos 00:00: alarms up to one day, 114 bytes nvram, hpet irqs
[    1.339492] device-mapper: ioctl: 4.32.0-ioctl (2015-6-26) initialised: dm-devel@redhat.com
[    1.340611] hidraw: raw HID events driver (C) Jiri Kosina
[    1.342894] usbcore: registered new interface driver usbhid
[    1.343551] usbhid: USB HID core driver
[    1.345543] Netfilter messages via NETLINK v0.30.
[    1.346202] nf_conntrack version 0.5.0 (16384 buckets, 65536 max)
[    1.347269] ctnetlink v0.93: registering with nfnetlink.
[    1.348060] ip_tables: (C) 2000-2006 Netfilter Core Team
[    1.348819] Initializing XFRM netlink socket
[    1.350368] NET: Registered protocol family 10
[    1.351653] ip6_tables: (C) 2000-2006 Netfilter Core Team
[    1.352518] sit: IPv6 over IPv4 tunneling driver
[    1.354022] NET: Registered protocol family 17
[    1.354635] 9pnet: Installing 9P2000 support
[    1.355273] Key type dns_resolver registered
[    1.357953] registered taskstats version 1
[    1.358588] kmemleak: Kernel memory leak detector initialized
[    1.358592] kmemleak: Automatic memory scanning thread started
[    1.360338]   Magic number: 8:317:718
[    1.360800] console [netcon0] enabled
[    1.361204] netconsole: network logging started
[    1.362353] PM: Hibernation image not present or could not be loaded.
[    1.363083] ALSA device list:
[    1.363415]   No soundcards found.
[    1.944797] input: ImExPS/2 Generic Explorer Mouse as /devices/platform/i8042/serio1/input/input3
[    1.949121] md: Waiting for all devices to be available before autodetect
[    1.950878] md: If you don't use raid, use raid=noautodetect
[    1.955317] md: Autodetecting RAID arrays.
[    1.956497] md: Scanned 0 and added 0 devices.
[    1.957587] md: autorun ...
[    1.958314] md: ... autorun DONE.
[    1.960301] EXT4-fs (sda): couldn't mount as ext3 due to feature incompatibilities
[    1.963080] EXT4-fs (sda): couldn't mount as ext2 due to feature incompatibilities
[    1.972135] EXT4-fs (sda): mounted filesystem with ordered data mode. Opts: (null)
[    1.973949] VFS: Mounted root (ext4 filesystem) readonly on device 8:0.
[    1.976581] devtmpfs: mounted
[    1.977962] Freeing unused kernel memory: 2776K (ffffffff81f16000 - ffffffff821cc000)
[    1.979715] Write protecting the kernel read-only data: 14336k
[    1.981530] Freeing unused kernel memory: 1520K (ffff880001884000 - ffff880001a00000)
[    1.983548] Freeing unused kernel memory: 1304K (ffff880001cba000 - ffff880001e00000)
SELinux:  Could not open policy file <= /etc/selinux/targeted/policy/policy.29:  No such file or directory
INIT: version 2.88 booting
[    2.037202] stty (975) used greatest stack depth: 13128 bytes left
[[36minfo[39;49m] [    2.086077] echo (983) used greatest stack depth: 12592 bytes left
Using makefile-style concurrent boot in runlevel S.
[....] Starting the hotplug events dispatcher: udevd[    2.244725] udevd[1083]: starting version 175
[?25l[?1c7[1G[[32m ok [39;49m8[?25h[?0c.
[....] Synthesizing the initial hotplug events...[?25l[?1c7[1G[[32m ok [39;49m8[?25h[?0cdone.
[....] Waiting for /dev to be fully populated...[    2.412382] random: nonblocking pool is initialized
[?25l[?1c7[1G[[32m ok [39;49m8[?25h[?0cdone.
[....] Activating swap...[?25l[?1c7[1G[[32m ok [39;49m8[?25h[?0cdone.
[    2.519921] EXT4-fs (sda): re-mounted. Opts: (null)
[....] Creating compatibility symlink from /etc/mtab to /proc/mounts. ...[?25l[?1c7[1G[[33mwarn[39;49m8[?25h[?0c [33m(warning).[39;49m
[....] Cleaning up temporary files... /tmp[?25l[?1c7[1G[[32m ok [39;49m8[?25h[?0c.
[....] Activating lvm and md swap...[?25l[?1c7[1G[[32m ok [39;49m8[?25h[?0cdone.
[....] Checking file systems...fsck from util-linux 2.20.1
[?25l[?1c7[1G[[32m ok [39;49m8[?25h[?0cdone.
[....] Mounting local filesystems...[?25l[?1c7[1G[[32m ok [39;49m8[?25h[?0cdone.
[....] Activating swapfile swap...[?25l[?1c7[1G[[32m ok [39;49m8[?25h[?0cdone.
[....] Cleaning up temporary files...[?25l[?1c7[1G[[32m ok [39;49m8[?25h[?0c.
[....] Setting kernel variables ...[?25l[?1c7[1G[[32m ok [39;49m8[?25h[?0cdone.
[....] Configuring network interfaces...[    3.146437] ip (2264) used greatest stack depth: 12232 bytes left
Internet Systems Consortium DHCP Client 4.2.2
Copyright 2004-2011 Internet Systems Consortium.
All rights reserved.
For info, please visit https://www.isc.org/software/dhcp/

[    3.196785] e1000: eth0 NIC Link is Up 1000 Mbps Full Duplex, Flow Control: RX
Listening on LPF/eth0/52:54:00:12:34:56
Sending on   LPF/eth0/52:54:00:12:34:56
Sending on   Socket/fallback
DHCPDISCOVER on eth0 to 255.255.255.255 port 67 interval 6
DHCPREQUEST on eth0 to 255.255.255.255 port 67
DHCPOFFER from 10.0.2.2
DHCPACK from 10.0.2.2
bound to 10.0.2.15 -- renewal in 36126 seconds.
[?25l[?1c7[1G[[32m ok [39;49m8[?25h[?0cdone.
[....] Cleaning up temporary files...[?25l[?1c7[1G[[32m ok [39;49m8[?25h[?0c.
INIT: Entering runlevel: 2
[[36minfo[39;49m] Using makefile-style concurrent boot in runlevel 2.
[....] Starting enhanced syslogd: rsyslogd[?25l[?1c7[1G[[32m ok [39;49m8[?25h[?0c.
[....] Starting periodic command scheduler: cron[?25l[?1c7[1G[[32m ok [39;49m8[?25h[?0c.
[....] Starting OpenBSD Secure Shell server: sshd[?25l[?1c7[1G[[32m ok [39;49m8[?25h[?0c.
[    6.506954] kt: running test for light, case 8, T2528
[    6.506954] 
[    6.510785] kt: starting test light_test_lots_of_wait_on_many_signal_selfdestroy
[    6.617243] kt: end of test
[    6.619116] 
[    6.620282] dump_desc: [signal]
[    6.622705] dump_desc evts:
[    6.624838] dump_desc   ts: 101 101
[    6.627748] dump_desc  ret: 0 0
[    6.630276] 
[    6.631440] dump_desc: [sum_create]
[    6.634135] dump_desc evts: 0 1 2 3 4 5 6 7 8 9 10 11 12 13 14
[    6.638406] dump_desc   ts: 0 0 0 0 0 0 0 0 0 0 0 0 0 0 0
[    6.642245] dump_desc  ret:
[    6.644501] 
[    6.645739] dump_desc: [sum_wait]
[    6.648206] dump_desc evts:
[    6.650119] dump_desc   ts: 101 101 101 101 101 101 101 101 101 101 101 101 101 101 101
[    6.655211] dump_desc  ret: 0 0 0 0 0 0 0 0 0 0 0 0 0 0 0
[    6.658985] 
[    6.660137] dump_desc: [sum_destroy]
[    6.662281] dump_desc evts:
[    6.664753] dump_desc   ts:
[    6.666300] dump_desc  ret: 0 0 0 0 0 0 0 0 0 0 0 0 0 0 0
[    6.669967] 
[    6.671212] dump_desc: [sum_wait2]
[    6.673230] dump_desc evts:
[    6.675496] dump_desc   ts: 101 101 101 101 101 101 101 101 101 101 101 101 101 101 101
[    6.679290] dump_desc  ret: -22 -22 -22 -22 -22 -22 -22 -22 -22 -22 -22 -22 -22 -22 -22
[    6.682576] LIGHT_SUCCESS
[    6.685124] kt: running test for light, case 8, T2546
[    6.685124] 
[    6.688728] kt: starting test light_test_lots_of_wait_on_many_signal_selfdestroy
[    6.795226] kt: end of test
[    6.796517] 
[    6.797523] dump_desc: [signal]
[    6.800419] dump_desc evts:
[    6.802742] dump_desc   ts: 101 101
[    6.805803] dump_desc  ret: 0 0
[    6.808380] 
[    6.809267] dump_desc: [sum_create]
[    6.812385] dump_desc evts: 15 16 17 18 19 20 21 22 23 24 25 26 27 28 29
[    6.818179] dump_desc   ts: 0 0 0 0 0 0 0 0 0 0 0 0 0 0 0
[    6.822516] dump_desc  ret:
[    6.824014] 
[    6.825462] dump_desc: [sum_wait]
[    6.828662] dump_desc evts:
[    6.830618] dump_desc   ts: 101 101 101 101 101 101 101 101 101 101 101 101 101 101 101
[    6.836100] dump_desc  ret: 0 0 0 0 0 0 0 0 0 0 0 0 0 0 0
[    6.839931] 
[    6.841233] dump_desc: [sum_destroy]
[    6.843289] dump_desc evts:
[    6.845516] dump_desc   ts:
[    6.847157] dump_desc  ret: 0 0 0 0 0 0 0 0 0 0 0 0 0 0 0
[    6.850539] 
[    6.851834] dump_desc: [sum_wait2]
[    6.854075] dump_desc evts:
[    6.856982] dump_desc   ts: 101 101 101 101 101 101 101 101 101 101 101 101 101 101 101
[    6.861932] dump_desc  ret: -22 -22 -22 -22 -22 -22 -22 -22 -22 -22 -22 -22 -22 -22 -22
[    6.866428] LIGHT_SUCCESS
[    6.869287] kt: running test for light, case 8, T2563
[    6.869287] 
[    6.873059] kt: starting test light_test_lots_of_wait_on_many_signal_selfdestroy
[    6.979227] kt: end of test
[    6.980944] 
[    6.982222] dump_desc: [signal]
[    6.984453] dump_desc evts:
[    6.985979] dump_desc   ts: 101 101
[    6.988649] dump_desc  ret: 0 0
[    6.990665] 
[    6.992250] dump_desc: [sum_create]
[    6.994442] dump_desc evts: 31 30 32 34 36 38 41 39 37 35 33 43 40 42 44
[    6.999771] dump_desc   ts: 0 0 0 0 0 0 0 0 0 0 0 0 0 0 0
[    7.004269] dump_desc  ret:
[    7.007163] 
[    7.008470] dump_desc: [sum_wait]
[    7.011116] dump_desc evts:
[    7.012761] dump_desc   ts: 101 101 101 101 101 101 101 101 101 101 101 101 101 101 101
[    7.017505] dump_desc  ret: 0 0 0 0 0 0 0 0 0 0 0 0 0 0 0
[    7.020871] 
[    7.022669] dump_desc: [sum_destroy]
[    7.024432] dump_desc evts:
[    7.026620] dump_desc   ts:
[    7.028166] dump_desc  ret: 0 0 0 0 0 0 0 0 0 0 0 0 0 0 0
[    7.031355] 
[    7.031901] dump_desc: [sum_wait2]
[    7.034395] dump_desc evts:
[    7.036277] dump_desc   ts: 101 101 101 101 101 101 101 101 101 101 101 101 101 101 101
[    7.039796] dump_desc  ret: -22 -22 -22 -22 -22 -22 -22 -22 -22 -22 -22 -22 -22 -22 -22
[    7.043046] LIGHT_SUCCESS
[    7.045138] kt: running test for light, case 8, T2580
[    7.045138] 
[    7.048708] kt: starting test light_test_lots_of_wait_on_many_signal_selfdestroy
[    7.155246] kt: end of test
[    7.157621] 
[    7.158935] dump_desc: [signal]
[    7.161431] dump_desc evts:
[    7.163808] dump_desc   ts: 101 101
[    7.166582] dump_desc  ret: 0 0
[    7.168999] 
[    7.170594] dump_desc: [sum_create]
[    7.173281] dump_desc evts: 45 46 47 48 49 50 51 52 53 54 55 56 57 58 59
[    7.178572] dump_desc   ts: 0 0 0 0 0 0 0 0 0 0 0 0 0 0 0
[    7.182879] dump_desc  ret:
[    7.185085] 
[    7.186537] dump_desc: [sum_wait]
[    7.189151] dump_desc evts:
[    7.191532] dump_desc   ts: 101 101 101 101 101 101 101 101 101 101 101 101 101 101 101
[    7.197518] dump_desc  ret: 0 0 0 0 0 0 0 0 0 0 0 0 0 0 0
[    7.201850] 
[    7.202781] dump_desc: [sum_destroy]
[    7.205069] dump_desc evts:
[    7.206903] dump_desc   ts:
[    7.208874] dump_desc  ret: 0 0 0 0 0 0 0 0 0 0 0 0 0 0 0
[    7.212268] 
[    7.214212] dump_desc: [sum_wait2]
[    7.216376] dump_desc evts:
[    7.219076] dump_desc   ts: 101 101 101 101 101 101 101 101 101 101 101 101 101 101 101
[    7.223928] dump_desc  ret: -22 -22 -22 -22 -22 -22 -22 -22 -22 -22 -22 -22 -22 -22 -22
[    7.227683] LIGHT_SUCCESS
[    7.230313] kt: running test for light, case 8, T2597
[    7.230313] 
[    7.233776] kt: starting test light_test_lots_of_wait_on_many_signal_selfdestroy
[    7.340299] kt: end of test
[    7.342761] 
[    7.343857] dump_desc: [signal]
[    7.345842] dump_desc evts:
[    7.347645] dump_desc   ts: 101 101
[    7.350959] dump_desc  ret: 0 0
[    7.353313] 
[    7.355387] dump_desc: [sum_create]
[    7.357422] dump_desc evts: 71 74 63 62 61 60 64 73 65 66 67 68 69 70 72
[    7.362233] dump_desc   ts: 0 0 0 0 0 0 0 0 0 0 0 0 0 0 0
[    7.366439] dump_desc  ret:
[    7.369120] 
[    7.370273] dump_desc: [sum_wait]
[    7.372207] dump_desc evts:
[    7.375127] dump_desc   ts: 101 101 101 101 101 101 101 101 101 101 101 101 101 101 101
[    7.379195] dump_desc  ret: 0 0 0 0 0 0 0 0 0 0 0 0 0 0 0
[    7.382642] 
[    7.384655] dump_desc: [sum_destroy]
[    7.386732] dump_desc evts:
[    7.389166] dump_desc   ts:
[    7.390788] dump_desc  ret: 0 0 0 0 0 0 0 0 0 0 0 0 0 0 0
[    7.394569] 
[    7.395703] dump_desc: [sum_wait2]
[    7.398270] dump_desc evts:
[    7.399925] dump_desc   ts: 101 101 101 101 101 101 101 101 101 101 101 101 101 101 101
[    7.404464] dump_desc  ret: -22 -22 -22 -22 -22 -22 -22 -22 -22 -22 -22 -22 -22 -22 -22
[    7.409629] LIGHT_SUCCESS
[    7.412579] kt: running test for light, case 8, T2614
[    7.412579] 
[    7.417160] kt: starting test light_test_lots_of_wait_on_many_signal_selfdestroy
[    7.526328] kt: end of test
[    7.529130] 
[    7.530127] dump_desc: [signal]
[    7.533071] dump_desc evts:
[    7.535687] dump_desc   ts: 102 102
[    7.538910] dump_desc  ret: 0 0
[    7.541500] 
[    7.542747] dump_desc: [sum_create]
[    7.545305] dump_desc evts: 76 75 77 78 79 80 81 82 83 84 85 86 87 88 89
[    7.549737] dump_desc   ts: 0 0 0 0 0 0 0 0 0 0 0 0 0 0 0
[    7.553560] dump_desc  ret:
[    7.555583] 
[    7.556537] dump_desc: [sum_wait]
[    7.558791] dump_desc evts:
[    7.560750] dump_desc   ts: 102 102 102 102 102 102 102 102 102 102 102 102 102 102 102
[    7.566009] dump_desc  ret: 0 0 0 0 0 0 0 0 0 0 0 0 0 0 0
[    7.569548] 
[    7.570638] dump_desc: [sum_destroy]
[    7.573653] dump_desc evts:
[    7.575567] dump_desc   ts:
[    7.577243] dump_desc  ret: 0 0 0 0 0 0 0 0 0 0 0 0 0 0 0
[    7.580936] 
[    7.581915] dump_desc: [sum_wait2]
[    7.584277] dump_desc evts:
[    7.585726] dump_desc   ts: 102 102 102 102 102 102 102 102 102 102 102 102 102 102 102
[    7.590307] dump_desc  ret: -22 -22 -22 -22 -22 -22 -22 -22 -22 -22 -22 -22 -22 -22 -22
[    7.594752] LIGHT_SUCCESS
[    7.597299] kt: running test for light, case 8, T2631
[    7.597299] 
[    7.600232] kt: starting test light_test_lots_of_wait_on_many_signal_selfdestroy
[    7.707222] kt: end of test
[    7.709670] 
[    7.711241] dump_desc: [signal]
[    7.713846] dump_desc evts:
[    7.716139] dump_desc   ts: 101 101
[    7.719154] dump_desc  ret: 0 0
[    7.721884] 
[    7.722933] dump_desc: [sum_create]
[    7.726471] dump_desc evts: 94 93 92 91 90 95 96 97 98 99 100 101 102 103 104
[    7.732963] dump_desc   ts: 0 0 0 0 0 0 0 0 0 0 0 0 0 0 0
[    7.737961] dump_desc  ret:
[    7.740122] 
[    7.741379] dump_desc: [sum_wait]
[    7.743861] dump_desc evts:
[    7.746124] dump_desc   ts: 101 101 101 101 101 101 101 101 101 101 101 101 101 101 101
[    7.752308] dump_desc  ret: 0 0 0 0 0 0 0 0 0 0 0 0 0 0 0
[    7.755948] 
[    7.756719] dump_desc: [sum_destroy]
[    7.758377] dump_desc evts:
[    7.760687] dump_desc   ts:
[    7.762630] dump_desc  ret: 0 0 0 0 0 0 0 0 0 0 0 0 0 0 0
[    7.765090] 
[    7.765624] dump_desc: [sum_wait2]
[    7.768253] dump_desc evts:
[    7.770668] dump_desc   ts: 101 101 101 101 101 101 101 101 101 101 101 101 101 101 101
[    7.774094] dump_desc  ret: -22 -22 -22 -22 -22 -22 -22 -22 -22 -22 -22 -22 -22 -22 -22
[    7.777325] LIGHT_SUCCESS
[    7.780459] kt: running test for light, case 8, T2648
[    7.780459] 
[    7.785163] kt: starting test light_test_lots_of_wait_on_many_signal_selfdestroy
[    7.892265] kt: end of test
[    7.894435] 
[    7.895446] dump_desc: [signal]
[    7.897591] dump_desc evts:
[    7.899959] dump_desc   ts: 101 101
[    7.902801] dump_desc  ret: 0 0
[    7.905320] 
[    7.906712] dump_desc: [sum_create]
[    7.909662] dump_desc evts: 118 117 116 115 114 113 112 111 110 109 108 107 106 105 119
[    7.915886] dump_desc   ts: 0 0 0 0 0 0 0 0 0 0 0 0 0 0 0
[    7.919925] dump_desc  ret:
[    7.921772] 
[    7.922856] dump_desc: [sum_wait]
[    7.925151] dump_desc evts:
[    7.927033] dump_desc   ts: 101 101 101 101 101 101 101 101 101 101 101 101 101 101 101
[    7.931824] dump_desc  ret: 0 0 0 0 0 0 0 0 0 0 0 0 0 0 0
[    7.934937] 
[    7.936151] dump_desc: [sum_destroy]
[    7.938349] dump_desc evts:
[    7.939919] dump_desc   ts:
[    7.941432] dump_desc  ret: 0 0 0 0 0 0 0 0 0 0 0 0 0 0 0
[    7.944533] 
[    7.945449] dump_desc: [sum_wait2]
[    7.947381] dump_desc evts:
[    7.948735] dump_desc   ts: 101 101 101 101 101 101 101 101 101 101 101 101 101 101 101
[    7.952727] dump_desc  ret: -22 -22 -22 -22 -22 -22 -22 -22 -22 -22 -22 -22 -22 -22 -22
[    7.956968] LIGHT_SUCCESS
[   10.332154] kmemleak: 1 new suspected memory leaks (see /sys/kernel/debug/kmemleak)
INIT: Switching to runlevel: 0
INIT: Sending processes the TERM signal
[[36minfo[39;49m] Using makefile-style concurrent boot in runlevel 0.
[....] Asking all remaining processes to terminate...[?25l[?1c7[1G[[32m ok [39;49m8[?25h[?0cdone.
[....] All processes ended within 1 seconds...[?25l[?1c7[1G[[32m ok [39;49m8[?25h[?0cdone.
[....] Stopping enhanced syslogd: rsyslogd[?25l[?1c7[1G[[32m ok [39;49m8[?25h[?0c.
[....] Deconfiguring network interfaces...Internet Systems Consortium DHCP Client 4.2.2
Copyright 2004-2011 Internet Systems Consortium.
All rights reserved.
For info, please visit https://www.isc.org/software/dhcp/

Listening on LPF/eth0/52:54:00:12:34:56
Sending on   LPF/eth0/52:54:00:12:34:56
Sending on   Socket/fallback
DHCPRELEASE on eth0 to 10.0.2.2 port 67
[?25l[?1c7[1G[[32m ok [39;49m8[?25h[?0cdone.
[[36minfo[39;49m] Saving the system clock.
[[36minfo[39;49m] Hardware Clock updated to Tue Nov  1 05:43:47 UTC 2016.
[....] Deactivating swap...[?25l[?1c7[1G[[32m ok [39;49m8[?25h[?0cdone.
[....] Unmounting local filesystems...[?25l[?1c7[1G[[32m ok [39;49m8[?25h[?0cdone.
[   22.008255] EXT4-fs (sda): re-mounted. Opts: (null)
[[36minfo[39;49m] Will now halt.
[   25.037181] sd 0:0:0:0: [sda] Synchronizing SCSI cache
[   25.038669] sd 0:0:0:0: [sda] Stopping disk
[   25.528378] ACPI: Preparing to enter system sleep state S5
[   25.528975] reboot: Power down
[   25.530811] acpi_power_off called
