early console in setup code
early console in decompress_kernel

Decompressing Linux... Parsing ELF... done.
Booting the kernel.
[    0.000000] Initializing cgroup subsys cpuset
[    0.000000] Initializing cgroup subsys cpu
[    0.000000] Initializing cgroup subsys cpuacct
[    0.000000] Linux version 4.2.0-team50-kt (progman@m91p) (gcc version 5.4.0 20160609 (Ubuntu 5.4.0-6ubuntu1~16.04.2) ) #113 SMP Tue Nov 1 01:38:20 EDT 2016
[    0.000000] Command line: console=ttyS0 root=/dev/sda debug earlyprintk=serial
[    0.000000] x86/fpu: Legacy x87 FPU detected.
[    0.000000] x86/fpu: Using 'lazy' FPU context switches.
[    0.000000] e820: BIOS-provided physical RAM map:
[    0.000000] BIOS-e820: [mem 0x0000000000000000-0x000000000009fbff] usable
[    0.000000] BIOS-e820: [mem 0x000000000009fc00-0x000000000009ffff] reserved
[    0.000000] BIOS-e820: [mem 0x00000000000f0000-0x00000000000fffff] reserved
[    0.000000] BIOS-e820: [mem 0x0000000000100000-0x00000000bffdefff] usable
[    0.000000] BIOS-e820: [mem 0x00000000bffdf000-0x00000000bfffffff] reserved
[    0.000000] BIOS-e820: [mem 0x00000000feffc000-0x00000000feffffff] reserved
[    0.000000] BIOS-e820: [mem 0x00000000fffc0000-0x00000000ffffffff] reserved
[    0.000000] BIOS-e820: [mem 0x0000000100000000-0x000000013fffffff] usable
[    0.000000] bootconsole [earlyser0] enabled
[    0.000000] NX (Execute Disable) protection: active
[    0.000000] SMBIOS 2.8 present.
[    0.000000] DMI: QEMU Standard PC (i440FX + PIIX, 1996), BIOS Ubuntu-1.8.2-1ubuntu1 04/01/2014
[    0.000000] Hypervisor detected: KVM
[    0.000000] e820: update [mem 0x00000000-0x00000fff] usable ==> reserved
[    0.000000] e820: remove [mem 0x000a0000-0x000fffff] usable
[    0.000000] e820: last_pfn = 0x140000 max_arch_pfn = 0x400000000
[    0.000000] MTRR default type: write-back
[    0.000000] MTRR fixed ranges enabled:
[    0.000000]   00000-9FFFF write-back
[    0.000000]   A0000-BFFFF uncachable
[    0.000000]   C0000-FFFFF write-protect
[    0.000000] MTRR variable ranges enabled:
[    0.000000]   0 base 00C0000000 mask FFC0000000 uncachable
[    0.000000]   1 disabled
[    0.000000]   2 disabled
[    0.000000]   3 disabled
[    0.000000]   4 disabled
[    0.000000]   5 disabled
[    0.000000]   6 disabled
[    0.000000]   7 disabled
[    0.000000] x86/PAT: PAT not supported by CPU.
[    0.000000] e820: last_pfn = 0xbffdf max_arch_pfn = 0x400000000
[    0.000000] found SMP MP-table at [mem 0x000f6600-0x000f660f] mapped at [ffff8800000f6600]
[    0.000000] Scanning 1 areas for low memory corruption
[    0.000000] Base memory trampoline at [ffff880000099000] 99000 size 24576
[    0.000000] init_memory_mapping: [mem 0x00000000-0x000fffff]
[    0.000000]  [mem 0x00000000-0x000fffff] page 4k
[    0.000000] BRK [0x022bd000, 0x022bdfff] PGTABLE
[    0.000000] BRK [0x022be000, 0x022befff] PGTABLE
[    0.000000] BRK [0x022bf000, 0x022bffff] PGTABLE
[    0.000000] init_memory_mapping: [mem 0x13fe00000-0x13fffffff]
[    0.000000]  [mem 0x13fe00000-0x13fffffff] page 2M
[    0.000000] BRK [0x022c0000, 0x022c0fff] PGTABLE
[    0.000000] init_memory_mapping: [mem 0x120000000-0x13fdfffff]
[    0.000000]  [mem 0x120000000-0x13fdfffff] page 2M
[    0.000000] init_memory_mapping: [mem 0x00100000-0xbffdefff]
[    0.000000]  [mem 0x00100000-0x001fffff] page 4k
[    0.000000]  [mem 0x00200000-0xbfdfffff] page 2M
[    0.000000]  [mem 0xbfe00000-0xbffdefff] page 4k
[    0.000000] init_memory_mapping: [mem 0x100000000-0x11fffffff]
[    0.000000]  [mem 0x100000000-0x11fffffff] page 2M
[    0.000000] ACPI: Early table checksum verification disabled
[    0.000000] ACPI: RSDP 0x00000000000F65B0 000014 (v00 BOCHS )
[    0.000000] ACPI: RSDT 0x00000000BFFE1511 000034 (v01 BOCHS  BXPCRSDT 00000001 BXPC 00000001)
[    0.000000] ACPI: FACP 0x00000000BFFE0954 000074 (v01 BOCHS  BXPCFACP 00000001 BXPC 00000001)
[    0.000000] ACPI: DSDT 0x00000000BFFDFD80 000BD4 (v01 BOCHS  BXPCDSDT 00000001 BXPC 00000001)
[    0.000000] ACPI: FACS 0x00000000BFFDFD40 000040
[    0.000000] ACPI: SSDT 0x00000000BFFE09C8 000A81 (v01 BOCHS  BXPCSSDT 00000001 BXPC 00000001)
[    0.000000] ACPI: APIC 0x00000000BFFE1449 000090 (v01 BOCHS  BXPCAPIC 00000001 BXPC 00000001)
[    0.000000] ACPI: HPET 0x00000000BFFE14D9 000038 (v01 BOCHS  BXPCHPET 00000001 BXPC 00000001)
[    0.000000] ACPI: Local APIC address 0xfee00000
[    0.000000] No NUMA configuration found
[    0.000000] Faking a node at [mem 0x0000000000000000-0x000000013fffffff]
[    0.000000] NODE_DATA(0) allocated [mem 0x13fff9000-0x13fffcfff]
[    0.000000] kvm-clock: Using msrs 4b564d01 and 4b564d00
[    0.000000] kvm-clock: cpu 0, msr 1:3fff8001, primary cpu clock
[    0.000000] clocksource: kvm-clock: mask: 0xffffffffffffffff max_cycles: 0x1cd42e4dffb, max_idle_ns: 881590591483 ns
[    0.000000]  [ffffea0000000000-ffffea0004ffffff] PMD -> [ffff88013b600000-ffff88013f5fffff] on node 0
[    0.000000] Zone ranges:
[    0.000000]   DMA      [mem 0x0000000000001000-0x0000000000ffffff]
[    0.000000]   DMA32    [mem 0x0000000001000000-0x00000000ffffffff]
[    0.000000]   Normal   [mem 0x0000000100000000-0x000000013fffffff]
[    0.000000] Movable zone start for each node
[    0.000000] Early memory node ranges
[    0.000000]   node   0: [mem 0x0000000000001000-0x000000000009efff]
[    0.000000]   node   0: [mem 0x0000000000100000-0x00000000bffdefff]
[    0.000000]   node   0: [mem 0x0000000100000000-0x000000013fffffff]
[    0.000000] Initmem setup node 0 [mem 0x0000000000001000-0x000000013fffffff]
[    0.000000] On node 0 totalpages: 1048445
[    0.000000]   DMA zone: 64 pages used for memmap
[    0.000000]   DMA zone: 21 pages reserved
[    0.000000]   DMA zone: 3998 pages, LIFO batch:0
[    0.000000]   DMA32 zone: 12224 pages used for memmap
[    0.000000]   DMA32 zone: 782303 pages, LIFO batch:31
[    0.000000]   Normal zone: 4096 pages used for memmap
[    0.000000]   Normal zone: 262144 pages, LIFO batch:31
[    0.000000] ACPI: PM-Timer IO Port: 0x608
[    0.000000] ACPI: Local APIC address 0xfee00000
[    0.000000] ACPI: LAPIC_NMI (acpi_id[0xff] dfl dfl lint[0x1])
[    0.000000] IOAPIC[0]: apic_id 0, version 17, address 0xfec00000, GSI 0-23
[    0.000000] ACPI: INT_SRC_OVR (bus 0 bus_irq 0 global_irq 2 dfl dfl)
[    0.000000] ACPI: INT_SRC_OVR (bus 0 bus_irq 5 global_irq 5 high level)
[    0.000000] ACPI: INT_SRC_OVR (bus 0 bus_irq 9 global_irq 9 high level)
[    0.000000] ACPI: INT_SRC_OVR (bus 0 bus_irq 10 global_irq 10 high level)
[    0.000000] ACPI: INT_SRC_OVR (bus 0 bus_irq 11 global_irq 11 high level)
[    0.000000] ACPI: IRQ0 used by override.
[    0.000000] ACPI: IRQ5 used by override.
[    0.000000] ACPI: IRQ9 used by override.
[    0.000000] ACPI: IRQ10 used by override.
[    0.000000] ACPI: IRQ11 used by override.
[    0.000000] Using ACPI (MADT) for SMP configuration information
[    0.000000] ACPI: HPET id: 0x8086a201 base: 0xfed00000
[    0.000000] smpboot: Allowing 4 CPUs, 0 hotplug CPUs
[    0.000000] PM: Registered nosave memory: [mem 0x00000000-0x00000fff]
[    0.000000] PM: Registered nosave memory: [mem 0x0009f000-0x0009ffff]
[    0.000000] PM: Registered nosave memory: [mem 0x000a0000-0x000effff]
[    0.000000] PM: Registered nosave memory: [mem 0x000f0000-0x000fffff]
[    0.000000] PM: Registered nosave memory: [mem 0xbffdf000-0xbfffffff]
[    0.000000] PM: Registered nosave memory: [mem 0xc0000000-0xfeffbfff]
[    0.000000] PM: Registered nosave memory: [mem 0xfeffc000-0xfeffffff]
[    0.000000] PM: Registered nosave memory: [mem 0xff000000-0xfffbffff]
[    0.000000] PM: Registered nosave memory: [mem 0xfffc0000-0xffffffff]
[    0.000000] e820: [mem 0xc0000000-0xfeffbfff] available for PCI devices
[    0.000000] Booting paravirtualized kernel on KVM
[    0.000000] clocksource: refined-jiffies: mask: 0xffffffff max_cycles: 0xffffffff, max_idle_ns: 1910969940391419 ns
[    0.000000] setup_percpu: NR_CPUS:64 nr_cpumask_bits:64 nr_cpu_ids:4 nr_node_ids:1
[    0.000000] PERCPU: Embedded 31 pages/cpu @ffff88013fc00000 s89624 r8192 d29160 u524288
[    0.000000] pcpu-alloc: s89624 r8192 d29160 u524288 alloc=1*2097152
[    0.000000] pcpu-alloc: [0] 0 1 2 3 
[    0.000000] KVM setup async PF for cpu 0
[    0.000000] kvm-stealtime: cpu 0, msr 13fc0d440
[    0.000000] Built 1 zonelists in Node order, mobility grouping on.  Total pages: 1032040
[    0.000000] Policy zone: Normal
[    0.000000] Kernel command line: console=ttyS0 root=/dev/sda debug earlyprintk=serial
[    0.000000] PID hash table entries: 4096 (order: 3, 32768 bytes)
[    0.000000] Calgary: detecting Calgary via BIOS EBDA area
[    0.000000] Calgary: Unable to locate Rio Grande table in EBDA - bailing!
[    0.000000] Memory: 4042292K/4193780K available (8706K kernel code, 1107K rwdata, 2792K rodata, 2776K init, 924K bss, 151488K reserved, 0K cma-reserved)
[    0.000000] SLUB: HWalign=64, Order=0-3, MinObjects=0, CPUs=4, Nodes=1
[    0.000000] Hierarchical RCU implementation.
[    0.000000] 	Additional per-CPU info printed with stalls.
[    0.000000] 	Build-time adjustment of leaf fanout to 64.
[    0.000000] 	RCU restricting CPUs from NR_CPUS=64 to nr_cpu_ids=4.
[    0.000000] RCU: Adjusting geometry for rcu_fanout_leaf=64, nr_cpu_ids=4
[    0.000000] NR_IRQS:4352 nr_irqs:456 16
[    0.000000] Console: colour VGA+ 80x25
[    0.000000] console [ttyS0] enabled
[    0.000000] console [ttyS0] enabled
[    0.000000] bootconsole [earlyser0] disabled
[    0.000000] bootconsole [earlyser0] disabled
[    0.000000] clocksource: hpet: mask: 0xffffffff max_cycles: 0xffffffff, max_idle_ns: 19112604467 ns
[    0.000000] hpet clockevent registered
[    0.000000] tsc: Detected 3392.294 MHz processor
[    0.003000] Calibrating delay loop (skipped) preset value.. 6784.58 BogoMIPS (lpj=3392294)
[    0.003000] pid_max: default: 32768 minimum: 301
[    0.003022] ACPI: Core revision 20150619
[    0.018469] ACPI: All ACPI Tables successfully acquired
[    0.019133] Security Framework initialized
[    0.019567] SELinux:  Initializing.
[    0.020015] SELinux:  Starting in permissive mode
[    0.020926] Dentry cache hash table entries: 524288 (order: 10, 4194304 bytes)
[    0.022706] Inode-cache hash table entries: 262144 (order: 9, 2097152 bytes)
[    0.024066] Mount-cache hash table entries: 8192 (order: 4, 65536 bytes)
[    0.024807] Mountpoint-cache hash table entries: 8192 (order: 4, 65536 bytes)
[    0.026210] Initializing cgroup subsys freezer
[    0.026783] mce: CPU supports 10 MCE banks
[    0.027040] Last level iTLB entries: 4KB 0, 2MB 0, 4MB 0
[    0.027598] Last level dTLB entries: 4KB 0, 2MB 0, 4MB 0, 1GB 0
[    0.028139] Freeing SMP alternatives memory: 32K (ffffffff821cc000 - ffffffff821d4000)
[    0.032704] ..TIMER: vector=0x30 apic1=0 pin1=2 apic2=-1 pin2=-1
[    0.033000] smpboot: CPU0: Intel QEMU Virtual CPU version 2.5+ (fam: 06, model: 06, stepping: 03)
[    0.033031] Performance Events: Broken PMU hardware detected, using software events only.
[    0.034002] Failed to access perfctr msr (MSR c2 is 0)
[    0.035391] x86: Booting SMP configuration:
[    0.035906] .... node  #0, CPUs:      #1
[    0.003000] kvm-clock: cpu 1, msr 1:3fff8041, secondary cpu clock
[    0.039014] KVM setup async PF for cpu 1
[    0.039508]  #2
[    0.039508] kvm-stealtime: cpu 1, msr 13fc8d440
[    0.003000] kvm-clock: cpu 2, msr 1:3fff8081, secondary cpu clock
[    0.042017] KVM setup async PF for cpu 2
[    0.042442]  #3
[    0.042443] kvm-stealtime: cpu 2, msr 13fd0d440
[    0.003000] kvm-clock: cpu 3, msr 1:3fff80c1, secondary cpu clock
[    0.046025] x86: Booted up 1 node, 4 CPUs
[    0.046014] KVM setup async PF for cpu 3
[    0.046014] kvm-stealtime: cpu 3, msr 13fd8d440
[    0.047477] smpboot: Total of 4 processors activated (27138.35 BogoMIPS)
[    0.049003] devtmpfs: initialized
[    0.050447] kworker/u8:0 (26) used greatest stack depth: 14408 bytes left
[    0.050463] clocksource: jiffies: mask: 0xffffffff max_cycles: 0xffffffff, max_idle_ns: 1911260446275000 ns
[    0.051345] RTC time:  5:43:52, date: 11/01/16
[    0.051661] NET: Registered protocol family 16
[    0.052852] kworker/u8:0 (28) used greatest stack depth: 13904 bytes left
[    0.058009] cpuidle: using governor ladder
[    0.063032] cpuidle: using governor menu
[    0.063748] ACPI: bus type PCI registered
[    0.064246] PCI: Using configuration type 1 for base access
[    0.069032] kworker/u8:0 (111) used greatest stack depth: 13680 bytes left
[    0.091198] ACPI: Added _OSI(Module Device)
[    0.091667] ACPI: Added _OSI(Processor Device)
[    0.092003] ACPI: Added _OSI(3.0 _SCP Extensions)
[    0.092498] ACPI: Added _OSI(Processor Aggregator Device)
[    0.099231] ACPI: Interpreter enabled
[    0.099666] ACPI Exception: AE_NOT_FOUND, While evaluating Sleep State [\_S1_] (20150619/hwxface-580)
[    0.100563] ACPI Exception: AE_NOT_FOUND, While evaluating Sleep State [\_S2_] (20150619/hwxface-580)
[    0.101605] ACPI: (supports S0 S3 S4 S5)
[    0.102002] ACPI: Using IOAPIC for interrupt routing
[    0.102616] PCI: Using host bridge windows from ACPI; if necessary, use "pci=nocrs" and report a bug
[    0.130192] ACPI: PCI Root Bridge [PCI0] (domain 0000 [bus 00-ff])
[    0.130860] acpi PNP0A03:00: _OSC: OS supports [ASPM ClockPM Segments MSI]
[    0.131035] acpi PNP0A03:00: _OSC failed (AE_NOT_FOUND); disabling ASPM
[    0.132077] acpi PNP0A03:00: fail to add MMCONFIG information, can't access extended PCI configuration space under this bridge.
[    0.133319] PCI host bridge to bus 0000:00
[    0.134006] pci_bus 0000:00: root bus resource [bus 00-ff]
[    0.134565] pci_bus 0000:00: root bus resource [io  0x0000-0x0cf7 window]
[    0.135005] pci_bus 0000:00: root bus resource [io  0x0d00-0xffff window]
[    0.136005] pci_bus 0000:00: root bus resource [mem 0x000a0000-0x000bffff window]
[    0.137005] pci_bus 0000:00: root bus resource [mem 0xc0000000-0xfebfffff window]
[    0.137795] pci 0000:00:00.0: [8086:1237] type 00 class 0x060000
[    0.139462] pci 0000:00:01.0: [8086:7000] type 00 class 0x060100
[    0.141166] pci 0000:00:01.1: [8086:7010] type 00 class 0x010180
[    0.143390] pci 0000:00:01.1: reg 0x20: [io  0xc040-0xc04f]
[    0.144847] pci 0000:00:01.1: legacy IDE quirk: reg 0x10: [io  0x01f0-0x01f7]
[    0.145002] pci 0000:00:01.1: legacy IDE quirk: reg 0x14: [io  0x03f6]
[    0.146002] pci 0000:00:01.1: legacy IDE quirk: reg 0x18: [io  0x0170-0x0177]
[    0.146706] pci 0000:00:01.1: legacy IDE quirk: reg 0x1c: [io  0x0376]
[    0.148410] pci 0000:00:01.3: [8086:7113] type 00 class 0x068000
[    0.149308] pci 0000:00:01.3: quirk: [io  0x0600-0x063f] claimed by PIIX4 ACPI
[    0.150008] pci 0000:00:01.3: quirk: [io  0x0700-0x070f] claimed by PIIX4 SMB
[    0.151683] pci 0000:00:02.0: [1234:1111] type 00 class 0x030000
[    0.153404] pci 0000:00:02.0: reg 0x10: [mem 0xfd000000-0xfdffffff pref]
[    0.156009] pci 0000:00:02.0: reg 0x18: [mem 0xfebf0000-0xfebf0fff]
[    0.160012] pci 0000:00:02.0: reg 0x30: [mem 0xfebe0000-0xfebeffff pref]
[    0.161971] pci 0000:00:03.0: [8086:100e] type 00 class 0x020000
[    0.162610] pci 0000:00:03.0: reg 0x10: [mem 0xfebc0000-0xfebdffff]
[    0.163558] pci 0000:00:03.0: reg 0x14: [io  0xc000-0xc03f]
[    0.167324] pci 0000:00:03.0: reg 0x30: [mem 0xfeb80000-0xfebbffff pref]
[    0.171781] ACPI: PCI Interrupt Link [LNKA] (IRQs 5 *10 11)
[    0.173578] ACPI: PCI Interrupt Link [LNKB] (IRQs 5 *10 11)
[    0.174786] ACPI: PCI Interrupt Link [LNKC] (IRQs 5 10 *11)
[    0.176082] ACPI: PCI Interrupt Link [LNKD] (IRQs 5 10 *11)
[    0.176930] ACPI: PCI Interrupt Link [LNKS] (IRQs *9)
[    0.180492] ACPI: Enabled 16 GPEs in block 00 to 0F
[    0.181375] vgaarb: setting as boot device: PCI:0000:00:02.0
[    0.181632] vgaarb: device added: PCI:0000:00:02.0,decodes=io+mem,owns=io+mem,locks=none
[    0.182010] vgaarb: loaded
[    0.184357] vgaarb: bridge control possible 0000:00:02.0
[    0.185471] SCSI subsystem initialized
[    0.186059] libata version 3.00 loaded.
[    0.186687] ACPI: bus type USB registered
[    0.187305] usbcore: registered new interface driver usbfs
[    0.188034] usbcore: registered new interface driver hub
[    0.188682] usbcore: registered new device driver usb
[    0.189180] pps_core: LinuxPPS API ver. 1 registered
[    0.189678] pps_core: Software ver. 5.3.6 - Copyright 2005-2007 Rodolfo Giometti <giometti@linux.it>
[    0.190047] PTP clock support registered
[    0.191269] Advanced Linux Sound Architecture Driver Initialized.
[    0.192153] PCI: Using ACPI for IRQ routing
[    0.193008] PCI: pci_cache_line_size set to 64 bytes
[    0.193563] e820: reserve RAM buffer [mem 0x0009fc00-0x0009ffff]
[    0.194005] e820: reserve RAM buffer [mem 0xbffdf000-0xbfffffff]
[    0.195881] NetLabel: Initializing
[    0.196009] NetLabel:  domain hash size = 128
[    0.196454] NetLabel:  protocols = UNLABELED CIPSOv4
[    0.197060] NetLabel:  unlabeled traffic allowed by default
[    0.198103] HPET: 3 timers in total, 0 timers will be used for per-cpu timer
[    0.198845] hpet0: at MMIO 0xfed00000, IRQs 2, 8, 0
[    0.199139] hpet0: 3 comparators, 64-bit 100.000000 MHz counter
[    0.203047] clocksource: Switched to clocksource kvm-clock
[    0.253012] pnp: PnP ACPI init
[    0.253703] pnp 00:00: Plug and Play ACPI device, IDs PNP0b00 (active)
[    0.254612] pnp 00:01: Plug and Play ACPI device, IDs PNP0303 (active)
[    0.255517] pnp 00:02: Plug and Play ACPI device, IDs PNP0f13 (active)
[    0.256388] pnp 00:03: [dma 2]
[    0.256857] pnp 00:03: Plug and Play ACPI device, IDs PNP0700 (active)
[    0.257831] pnp 00:04: Plug and Play ACPI device, IDs PNP0400 (active)
[    0.258816] pnp 00:05: Plug and Play ACPI device, IDs PNP0501 (active)
[    0.260850] pnp: PnP ACPI: found 6 devices
[    0.278625] clocksource: acpi_pm: mask: 0xffffff max_cycles: 0xffffff, max_idle_ns: 2085701024 ns
[    0.279627] pci_bus 0000:00: resource 4 [io  0x0000-0x0cf7 window]
[    0.280287] pci_bus 0000:00: resource 5 [io  0x0d00-0xffff window]
[    0.280907] pci_bus 0000:00: resource 6 [mem 0x000a0000-0x000bffff window]
[    0.281617] pci_bus 0000:00: resource 7 [mem 0xc0000000-0xfebfffff window]
[    0.282461] NET: Registered protocol family 2
[    0.283397] TCP established hash table entries: 32768 (order: 6, 262144 bytes)
[    0.284280] TCP bind hash table entries: 32768 (order: 7, 524288 bytes)
[    0.285215] TCP: Hash tables configured (established 32768 bind 32768)
[    0.286033] UDP hash table entries: 2048 (order: 4, 65536 bytes)
[    0.286729] UDP-Lite hash table entries: 2048 (order: 4, 65536 bytes)
[    0.287693] NET: Registered protocol family 1
[    0.288514] RPC: Registered named UNIX socket transport module.
[    0.289126] RPC: Registered udp transport module.
[    0.289602] RPC: Registered tcp transport module.
[    0.290082] RPC: Registered tcp NFSv4.1 backchannel transport module.
[    0.290740] pci 0000:00:00.0: Limiting direct PCI/PCI transfers
[    0.291346] pci 0000:00:01.0: PIIX3: Enabling Passive Release
[    0.291960] pci 0000:00:01.0: Activating ISA DMA hang workarounds
[    0.292603] pci 0000:00:02.0: Video device with shadowed ROM
[    0.293185] PCI: CLS 0 bytes, default 64
[    0.293771] PCI-DMA: Using software bounce buffering for IO (SWIOTLB)
[    0.294448] software IO TLB [mem 0xbbfdf000-0xbffdf000] (64MB) mapped at [ffff8800bbfdf000-ffff8800bffdefff]
[    0.295665] microcode: CPU0 sig=0x663, pf=0x1, revision=0x1
[    0.296290] microcode: CPU1 sig=0x663, pf=0x1, revision=0x1
[    0.296985] microcode: CPU2 sig=0x663, pf=0x1, revision=0x1
[    0.297659] microcode: CPU3 sig=0x663, pf=0x1, revision=0x1
[    0.298665] microcode: Microcode Update Driver: v2.00 <tigran@aivazian.fsnet.co.uk>, Peter Oruba
[    0.301095] Scanning for low memory corruption every 60 seconds
[    0.303079] futex hash table entries: 1024 (order: 4, 65536 bytes)
[    0.303778] audit: initializing netlink subsys (disabled)
[    0.304394] audit: type=2000 audit(1477979032.823:1): initialized
[    0.305786] HugeTLB registered 2 MB page size, pre-allocated 0 pages
[    0.322145] VFS: Disk quotas dquot_6.6.0
[    0.322896] VFS: Dquot-cache hash table entries: 512 (order 0, 4096 bytes)
[    0.328562] NFS: Registering the id_resolver key type
[    0.329160] Key type id_resolver registered
[    0.329623] Key type id_legacy registered
[    0.330256] 9p: Installing v9fs 9p2000 file system support
[    0.331417] SELinux:  Registering netfilter hooks
[    0.335945] Block layer SCSI generic (bsg) driver version 0.4 loaded (major 251)
[    0.336771] io scheduler noop registered
[    0.337208] io scheduler deadline registered
[    0.338147] io scheduler cfq registered (default)
[    0.338901] pci_hotplug: PCI Hot Plug PCI Core version: 0.5
[    0.339907] input: Power Button as /devices/LNXSYSTM:00/LNXPWRBN:00/input/input0
[    0.340735] ACPI: Power Button [PWRF]
[    0.342449] Serial: 8250/16550 driver, 4 ports, IRQ sharing enabled
[    0.365560] 00:05: ttyS0 at I/O 0x3f8 (irq = 4, base_baud = 115200) is a 16550A
[    0.368704] Non-volatile memory driver v1.3
[    0.369327] Linux agpgart interface v0.103
[    0.369970] [drm] Initialized drm 1.1.0 20060810
[    0.380357] loop: module loaded
[    0.381240] ata_piix 0000:00:01.1: version 2.13
[    0.384814] scsi host0: ata_piix
[    0.385823] scsi host1: ata_piix
[    0.386577] ata1: PATA max MWDMA2 cmd 0x1f0 ctl 0x3f6 bmdma 0xc040 irq 14
[    0.387273] ata2: PATA max MWDMA2 cmd 0x170 ctl 0x376 bmdma 0xc048 irq 15
[    0.388429] e100: Intel(R) PRO/100 Network Driver, 3.5.24-k2-NAPI
[    0.389046] e100: Copyright(c) 1999-2006 Intel Corporation
[    0.389704] e1000: Intel(R) PRO/1000 Network Driver - version 7.3.21-k8-NAPI
[    0.390469] e1000: Copyright (c) 1999-2006 Intel Corporation.
[    0.539541] ata1.01: NODEV after polling detection
[    0.540307] ata2.01: NODEV after polling detection
[    0.540990] ata2.00: ATAPI: QEMU DVD-ROM, 2.5+, max UDMA/100
[    0.541740] ata1.00: ATA-7: QEMU HARDDISK, 2.5+, max UDMA/100
[    0.542381] ata1.00: 2099200 sectors, multi 16: LBA48 
[    0.543254] ata2.00: configured for MWDMA2
[    0.543975] ata1.00: configured for MWDMA2
[    0.544682] scsi 0:0:0:0: Direct-Access     ATA      QEMU HARDDISK    2.5+ PQ: 0 ANSI: 5
[    0.546640] sd 0:0:0:0: [sda] 2099200 512-byte logical blocks: (1.07 GB/1.00 GiB)
[    0.547643] sd 0:0:0:0: [sda] Write Protect is off
[    0.548186] sd 0:0:0:0: [sda] Mode Sense: 00 3a 00 00
[    0.548746] sd 0:0:0:0: [sda] Write cache: enabled, read cache: enabled, doesn't support DPO or FUA
[    0.551752] sd 0:0:0:0: [sda] Attached SCSI disk
[    0.552561] sd 0:0:0:0: Attached scsi generic sg0 type 0
[    0.553869] scsi 1:0:0:0: CD-ROM            QEMU     QEMU DVD-ROM     2.5+ PQ: 0 ANSI: 5
[    0.565636] sr 1:0:0:0: [sr0] scsi3-mmc drive: 4x/4x cd/rw xa/form2 tray
[    0.566404] cdrom: Uniform CD-ROM driver Revision: 3.20
[    0.568275] sr 1:0:0:0: Attached scsi CD-ROM sr0
[    0.569502] sr 1:0:0:0: Attached scsi generic sg1 type 5
[    0.979510] ACPI: PCI Interrupt Link [LNKC] enabled at IRQ 11
[    1.276939] e1000 0000:00:03.0 eth0: (PCI:33MHz:32-bit) 52:54:00:12:34:56
[    1.277864] e1000 0000:00:03.0 eth0: Intel(R) PRO/1000 Network Connection
[    1.278909] sky2: driver version 1.30
[    1.280088] ehci_hcd: USB 2.0 'Enhanced' Host Controller (EHCI) Driver
[    1.282096] ehci-pci: EHCI PCI platform driver
[    1.283180] ohci_hcd: USB 1.1 'Open' Host Controller (OHCI) Driver
[    1.284358] ohci-pci: OHCI PCI platform driver
[    1.285117] uhci_hcd: USB Universal Host Controller Interface driver
[    1.286299] usbcore: registered new interface driver usblp
[    1.287237] usbcore: registered new interface driver usb-storage
[    1.288422] i8042: PNP: PS/2 Controller [PNP0303:KBD,PNP0f13:MOU] at 0x60,0x64 irq 1,12
[    1.290607] serio: i8042 KBD port at 0x60,0x64 irq 1
[    1.291254] serio: i8042 AUX port at 0x60,0x64 irq 12
[    1.292763] mousedev: PS/2 mouse device common for all mice
[    1.294902] input: AT Translated Set 2 keyboard as /devices/platform/i8042/serio0/input/input1
[    1.297073] tsc: Refined TSC clocksource calibration: 3392.380 MHz
[    1.297231] rtc_cmos 00:00: RTC can wake from S4
[    1.298778] rtc_cmos 00:00: rtc core: registered rtc_cmos as rtc0
[    1.299117] rtc_cmos 00:00: alarms up to one day, 114 bytes nvram, hpet irqs
[    1.300623] device-mapper: ioctl: 4.32.0-ioctl (2015-6-26) initialised: dm-devel@redhat.com
[    1.301169] hidraw: raw HID events driver (C) Jiri Kosina
[    1.303951] clocksource: tsc: mask: 0xffffffffffffffff max_cycles: 0x30e630798d1, max_idle_ns: 440795290543 ns
[    1.304320] usbcore: registered new interface driver usbhid
[    1.304321] usbhid: USB HID core driver
[    1.306879] Netfilter messages via NETLINK v0.30.
[    1.307740] nf_conntrack version 0.5.0 (16384 buckets, 65536 max)
[    1.309206] ctnetlink v0.93: registering with nfnetlink.
[    1.310154] ip_tables: (C) 2000-2006 Netfilter Core Team
[    1.311158] Initializing XFRM netlink socket
[    1.313380] NET: Registered protocol family 10
[    1.315201] ip6_tables: (C) 2000-2006 Netfilter Core Team
[    1.316274] sit: IPv6 over IPv4 tunneling driver
[    1.317999] NET: Registered protocol family 17
[    1.318770] 9pnet: Installing 9P2000 support
[    1.319544] Key type dns_resolver registered
[    1.323316] registered taskstats version 1
[    1.324046] kmemleak: Kernel memory leak detector initialized
[    1.325281] kmemleak: Automatic memory scanning thread started
[    1.326087]   Magic number: 8:317:718
[    1.326595] console [netcon0] enabled
[    1.327054] netconsole: network logging started
[    1.328419] PM: Hibernation image not present or could not be loaded.
[    1.329207] ALSA device list:
[    1.329561]   No soundcards found.
[    1.908481] input: ImExPS/2 Generic Explorer Mouse as /devices/platform/i8042/serio1/input/input3
[    1.911185] md: Waiting for all devices to be available before autodetect
[    1.912559] md: If you don't use raid, use raid=noautodetect
[    1.916101] md: Autodetecting RAID arrays.
[    1.916955] md: Scanned 0 and added 0 devices.
[    1.917811] md: autorun ...
[    1.918429] md: ... autorun DONE.
[    1.920198] EXT4-fs (sda): couldn't mount as ext3 due to feature incompatibilities
[    1.922847] EXT4-fs (sda): couldn't mount as ext2 due to feature incompatibilities
[    1.931778] EXT4-fs (sda): mounted filesystem with ordered data mode. Opts: (null)
[    1.933236] VFS: Mounted root (ext4 filesystem) readonly on device 8:0.
[    1.935602] devtmpfs: mounted
[    1.936866] Freeing unused kernel memory: 2776K (ffffffff81f16000 - ffffffff821cc000)
[    1.938231] Write protecting the kernel read-only data: 14336k
[    1.939961] Freeing unused kernel memory: 1520K (ffff880001884000 - ffff880001a00000)
[    1.941800] Freeing unused kernel memory: 1304K (ffff880001cba000 - ffff880001e00000)
SELinux:  Could not open policy file <= /etc/selinux/targeted/policy/policy.29:  No such file or directory
INIT: version 2.88 booting
[    1.990445] stty (974) used greatest stack depth: 13128 bytes left
[[36minfo[39;49m] Using makefile-style concurrent boot in runlevel S.
[    2.102544] mkdir (1022) used greatest stack depth: 13120 bytes left
[....] Starting the hotplug events dispatcher: udevd[    2.184203] udevd[1083]: starting version 175
[?25l[?1c7[1G[[32m ok [39;49m8[?25h[?0c.
[....] Synthesizing the initial hotplug events...[    2.279272] ata_id (1168) used greatest stack depth: 12400 bytes left
[?25l[?1c7[1G[[32m ok [39;49m8[?25h[?0cdone.
[....] Waiting for /dev to be fully populated...[    2.338329] random: nonblocking pool is initialized
[?25l[?1c7[1G[[32m ok [39;49m8[?25h[?0cdone.
[....] Activating swap...[?25l[?1c7[1G[[32m ok [39;49m8[?25h[?0cdone.
[    2.447956] EXT4-fs (sda): re-mounted. Opts: (null)
[....] Creating compatibility symlink from /etc/mtab to /proc/mounts. ...[?25l[?1c7[1G[[33mwarn[39;49m8[?25h[?0c [33m(warning).[39;49m
[....] Cleaning up temporary files... /tmp[?25l[?1c7[1G[[32m ok [39;49m8[?25h[?0c.
[....] Activating lvm and md swap...[?25l[?1c7[1G[[32m ok [39;49m8[?25h[?0cdone.
[....] Checking file systems...fsck from util-linux 2.20.1
[?25l[?1c7[1G[[32m ok [39;49m8[?25h[?0cdone.
[....] Mounting local filesystems...[?25l[?1c7[1G[[32m ok [39;49m8[?25h[?0cdone.
[....] Activating swapfile swap...[?25l[?1c7[1G[[32m ok [39;49m8[?25h[?0cdone.
[....] Cleaning up temporary files...[?25l[?1c7[1G[[32m ok [39;49m8[?25h[?0c.
[....] Setting kernel variables ...[?25l[?1c7[1G[[32m ok [39;49m8[?25h[?0cdone.
[....] Configuring network interfaces...[    3.061658] ip (2272) used greatest stack depth: 12232 bytes left
Internet Systems Consortium DHCP Client 4.2.2
Copyright 2004-2011 Internet Systems Consortium.
All rights reserved.
For info, please visit https://www.isc.org/software/dhcp/

[    3.111809] e1000: eth0 NIC Link is Up 1000 Mbps Full Duplex, Flow Control: RX
Listening on LPF/eth0/52:54:00:12:34:56
Sending on   LPF/eth0/52:54:00:12:34:56
Sending on   Socket/fallback
DHCPDISCOVER on eth0 to 255.255.255.255 port 67 interval 4
DHCPREQUEST on eth0 to 255.255.255.255 port 67
DHCPOFFER from 10.0.2.2
DHCPACK from 10.0.2.2
bound to 10.0.2.15 -- renewal in 41728 seconds.
[?25l[?1c7[1G[[32m ok [39;49m8[?25h[?0cdone.
[....] Cleaning up temporary files...[?25l[?1c7[1G[[32m ok [39;49m8[?25h[?0c.
INIT: Entering runlevel: 2
[[36minfo[39;49m] Using makefile-style concurrent boot in runlevel 2.
[....] Starting enhanced syslogd: rsyslogd[?25l[?1c7[1G[[32m ok [39;49m8[?25h[?0c.
[....] Starting periodic command scheduler: cron[?25l[?1c7[1G[[32m ok [39;49m8[?25h[?0c.
[....] Starting OpenBSD Secure Shell server: sshd[?25l[?1c7[1G[[32m ok [39;49m8[?25h[?0c.
[    6.421340] kt: running test for light, case 9, T2537
[    6.421340] 
[    6.425926] kt: starting test light_test_3thread_on_5event_selfdestroy
[    6.937145] kt: end of test
[    6.939717] 
[    6.940847] dump_desc: [signal]
[    6.943216] dump_desc evts:
[    6.945277] dump_desc   ts: 101 101 202 202 303 303 404 404 505 505
[    6.950824] dump_desc  ret: 0 0 0 0 0 0 0 0 0 0
[    6.953992] 
[    6.955278] dump_desc: [sum_create_wait]
[    6.958756] dump_desc evts: 0 1 2 3 4
[    6.961898] dump_desc   ts: 101 101 101 202 202 202 303 303 303 404 404 404 505 505 505
[    6.968137] dump_desc  ret: 0 0 0 0 0 0 0 0 0 0 0 0 0 0 0
[    6.972425] 
[    6.972977] dump_desc: [sum_destroy]
[    6.975891] dump_desc evts:
[    6.977529] dump_desc   ts: 101 101 101 202 202 202 303 303 303 404 404 404 505 505 505
[    6.982571] dump_desc  ret: -22 -22 0 -22 0 -22 -22 -22 0 -22 0 -22 -22 0 -22
[    6.986748] LIGHT_SUCCESS
[    6.989991] kt: running test for light, case 9, T2555
[    6.989991] 
[    6.993162] kt: starting test light_test_3thread_on_5event_selfdestroy
[    7.503097] kt: end of test
[    7.505131] 
[    7.506547] dump_desc: [signal]
[    7.509148] dump_desc evts:
[    7.511268] dump_desc   ts: 101 101 202 202 303 303 404 404 505 505
[    7.515541] dump_desc  ret: 0 0 0 0 0 0 0 0 0 0
[    7.518867] 
[    7.520226] dump_desc: [sum_create_wait]
[    7.523134] dump_desc evts: 5 6 8 7 9
[    7.525913] dump_desc   ts: 101 101 101 202 202 202 303 303 303 404 404 404 505 505 505
[    7.531635] dump_desc  ret: 0 0 0 0 0 0 0 0 0 0 0 0 0 0 0
[    7.535454] 
[    7.536963] dump_desc: [sum_destroy]
[    7.539803] dump_desc evts:
[    7.542039] dump_desc   ts: 101 101 101 202 202 202 303 303 303 404 404 404 505 505 505
[    7.547320] dump_desc  ret: -22 0 -22 0 -22 -22 0 -22 -22 -22 -22 0 0 -22 -22
[    7.551847] LIGHT_SUCCESS
[    7.555015] kt: running test for light, case 9, T2572
[    7.555015] 
[    7.559367] kt: starting test light_test_3thread_on_5event_selfdestroy
[    8.070105] kt: end of test
[    8.071732] 
[    8.074395] dump_desc: [signal]
[    8.076855] dump_desc evts:
[    8.079857] dump_desc   ts: 101 101 202 202 303 303 404 404 505 505
[    8.084716] dump_desc  ret: 0 0 0 0 0 0 0 0 0 0
[    8.089295] 
[    8.091210] dump_desc: [sum_create_wait]
[    8.094195] dump_desc evts: 13 10 11 12 14
[    8.098111] dump_desc   ts: 101 101 101 202 202 202 303 303 303 404 404 404 505 505 505
[    8.102838] dump_desc  ret: 0 0 0 0 0 0 0 0 0 0 0 0 0 0 0
[    8.106609] 
[    8.108763] dump_desc: [sum_destroy]
[    8.110977] dump_desc evts:
[    8.113666] dump_desc   ts: 101 101 101 202 202 202 303 303 303 404 404 404 505 505 505
[    8.118166] dump_desc  ret: -22 0 -22 -22 -22 0 -22 -22 0 0 -22 -22 0 -22 -22
[    8.122135] LIGHT_SUCCESS
[    8.125276] kt: running test for light, case 9, T2589
[    8.125276] 
[    8.129659] kt: starting test light_test_3thread_on_5event_selfdestroy
[    8.640129] kt: end of test
[    8.641602] 
[    8.644729] dump_desc: [signal]
[    8.646768] dump_desc evts:
[    8.649537] dump_desc   ts: 101 101 202 202 303 303 404 404 505 505
[    8.652988] dump_desc  ret: 0 0 0 0 0 0 0 0 0 0
[    8.656757] 
[    8.658484] dump_desc: [sum_create_wait]
[    8.660854] dump_desc evts: 15 16 17 18 19
[    8.663895] dump_desc   ts: 101 101 101 202 202 202 303 303 303 404 404 404 505 505 505
[    8.668737] dump_desc  ret: 0 0 0 0 0 0 0 0 0 0 0 0 0 0 0
[    8.672345] 
[    8.672992] dump_desc: [sum_destroy]
[    8.675993] dump_desc evts:
[    8.677849] dump_desc   ts: 101 101 101 202 202 202 303 303 303 404 404 404 505 505 505
[    8.681444] dump_desc  ret: -22 0 -22 -22 -22 0 -22 -22 0 -22 -22 0 -22 0 -22
[    8.684770] LIGHT_SUCCESS
[    8.688115] kt: running test for light, case 9, T2606
[    8.688115] 
[    8.692777] kt: starting test light_test_3thread_on_5event_selfdestroy
[    9.203140] kt: end of test
[    9.204479] 
[    9.205614] dump_desc: [signal]
[    9.207603] dump_desc evts:
[    9.208540] dump_desc   ts: 101 101 202 202 303 303 404 404 505 505
[    9.213236] dump_desc  ret: 0 0 0 0 0 0 0 0 0 0
[    9.215948] 
[    9.217672] dump_desc: [sum_create_wait]
[    9.219733] dump_desc evts: 20 21 23 22 24
[    9.223155] dump_desc   ts: 101 101 101 202 202 202 303 303 303 404 404 404 505 505 505
[    9.227689] dump_desc  ret: 0 0 0 0 0 0 0 0 0 0 0 0 0 0 0
[    9.231159] 
[    9.231802] dump_desc: [sum_destroy]
[    9.234866] dump_desc evts:
[    9.236873] dump_desc   ts: 101 101 101 202 202 202 303 303 303 404 404 404 505 505 505
[    9.241645] dump_desc  ret: -22 -22 0 -22 0 -22 -22 -22 0 -22 0 -22 0 -22 -22
[    9.245789] LIGHT_SUCCESS
[    9.250220] kt: running test for light, case 9, T2623
[    9.250220] 
[    9.254748] kt: starting test light_test_3thread_on_5event_selfdestroy
[    9.766145] kt: end of test
[    9.767372] 
[    9.770620] dump_desc: [signal]
[    9.773104] dump_desc evts:
[    9.775061] dump_desc   ts: 101 101 202 202 303 303 404 404 505 505
[    9.778187] dump_desc  ret: 0 0 0 0 0 0 0 0 0 0
[    9.781996] 
[    9.784072] dump_desc: [sum_create_wait]
[    9.786206] dump_desc evts: 27 25 26 28 29
[    9.789367] dump_desc   ts: 101 101 101 202 202 202 303 303 303 404 404 404 505 505 505
[    9.794529] dump_desc  ret: 0 0 0 0 0 0 0 0 0 0 0 0 0 0 0
[    9.797556] 
[    9.798404] dump_desc: [sum_destroy]
[    9.800189] dump_desc evts:
[    9.803073] dump_desc   ts: 101 101 101 202 202 202 303 303 303 404 404 404 505 505 505
[    9.807143] dump_desc  ret: -22 -22 0 -22 -22 0 -22 -22 0 0 -22 -22 -22 0 -22
[    9.810809] LIGHT_SUCCESS
[    9.814385] kt: running test for light, case 9, T2641
[    9.814385] 
[    9.818066] kt: starting test light_test_3thread_on_5event_selfdestroy
[   10.329182] kt: end of test
[   10.330596] 
[   10.331591] dump_desc: [signal]
[   10.333287] dump_desc evts:
[   10.336426] dump_desc   ts: 101 101 202 202 303 303 404 404 505 505
[   10.339282] dump_desc  ret: 0 0 0 0 0 0 0 0 0 0
[   10.343242] 
[   10.343929] dump_desc: [sum_create_wait]
[   10.347487] dump_desc evts: 30 31 32 33 34
[   10.351152] dump_desc   ts: 101 101 101 202 202 202 303 303 303 404 404 404 505 505 505
[   10.356312] dump_desc  ret: 0 0 0 0 0 0 0 0 0 0 0 0 0 0 0
[   10.360585] 
[   10.361787] dump_desc: [sum_destroy]
[   10.363685] dump_desc evts:
[   10.365960] dump_desc   ts: 101 101 101 202 202 202 303 303 303 404 404 404 505 505 505
[   10.370417] dump_desc  ret: -22 0 -22 -22 0 -22 -22 -22 0 -22 -22 0 0 -22 -22
[   10.374088] LIGHT_SUCCESS
[   10.375911] kt: running test for light, case 9, T2658
[   10.375911] 
[   10.380362] kt: starting test light_test_3thread_on_5event_selfdestroy
[   10.890160] kt: end of test
[   10.891328] 
[   10.892241] dump_desc: [signal]
[   10.894488] dump_desc evts:
[   10.897415] dump_desc   ts: 101 101 202 202 303 303 404 404 505 505
[   10.900654] dump_desc  ret: 0 0 0 0 0 0 0 0 0 0
[   10.904812] 
[   10.906537] dump_desc: [sum_create_wait]
[   10.909370] dump_desc evts: 35 36 39 38 37
[   10.913886] dump_desc   ts: 101 101 101 202 202 201 303 303 303 404 404 404 505 505 504
[   10.920241] dump_desc  ret: 0 0 0 0 0 0 0 0 0 0 0 0 0 0 0
[   10.924650] 
[   10.925986] dump_desc: [sum_destroy]
[   10.928421] dump_desc evts:
[   10.931101] dump_desc   ts: 101 101 101 202 202 201 303 303 303 404 404 404 505 505 504
[   10.935828] dump_desc  ret: -22 0 -22 -22 -22 0 -22 -22 0 -22 -22 0 -22 0 -22
[   10.939798] LIGHT_SUCCESS
[   13.317959] kmemleak: 1 new suspected memory leaks (see /sys/kernel/debug/kmemleak)
INIT: Switching to runlevel: 0INIT: Sending processes the TERM signal
[[36minfo[39;49m] Using makefile-style concurrent boot in runlevel 0.
[....] Asking all remaining processes to terminate...[?25l[?1c7[1G[[32m ok [39;49m8[?25h[?0cdone.
[....] All processes ended within 1 seconds...[?25l[?1c7[1G[[32m ok [39;49m8[?25h[?0cdone.
[....] Stopping enhanced syslogd: rsyslogd[?25l[?1c7[1G[[32m ok [39;49m8[?25h[?0c.
[....] Deconfiguring network interfaces...Internet Systems Consortium DHCP Client 4.2.2
Copyright 2004-2011 Internet Systems Consortium.
All rights reserved.
For info, please visit https://www.isc.org/software/dhcp/

Listening on LPF/eth0/52:54:00:12:34:56
Sending on   LPF/eth0/52:54:00:12:34:56
Sending on   Socket/fallback
DHCPRELEASE on eth0 to 10.0.2.2 port 67
[?25l[?1c7[1G[[32m ok [39;49m8[?25h[?0cdone.
[[36minfo[39;49m] Saving the system clock.
[[36minfo[39;49m] Hardware Clock updated to Tue Nov  1 05:44:17 UTC 2016.
[....] Deactivating swap...[?25l[?1c7[1G[[32m ok [39;49m8[?25h[?0cdone.
[....] Unmounting local filesystems...[?25l[?1c7[1G[[32m ok [39;49m8[?25h[?0cdone.
[   25.110430] EXT4-fs (sda): re-mounted. Opts: (null)
[[36minfo[39;49m] Will now halt.
[   28.140275] sd 0:0:0:0: [sda] Synchronizing SCSI cache
[   28.141003] sd 0:0:0:0: [sda] Stopping disk
[   28.607041] ACPI: Preparing to enter system sleep state S5
[   28.607662] reboot: Power down
[   28.608742] acpi_power_off called
