early console in setup code
early console in decompress_kernel

Decompressing Linux... Parsing ELF... done.
Booting the kernel.
[    0.000000] Initializing cgroup subsys cpuset
[    0.000000] Initializing cgroup subsys cpu
[    0.000000] Initializing cgroup subsys cpuacct
[    0.000000] Linux version 4.2.0-team50-kt (progman@m91p) (gcc version 5.4.0 20160609 (Ubuntu 5.4.0-6ubuntu1~16.04.2) ) #113 SMP Tue Nov 1 01:38:20 EDT 2016
[    0.000000] Command line: console=ttyS0 root=/dev/sda debug earlyprintk=serial
[    0.000000] x86/fpu: Legacy x87 FPU detected.
[    0.000000] x86/fpu: Using 'lazy' FPU context switches.
[    0.000000] e820: BIOS-provided physical RAM map:
[    0.000000] BIOS-e820: [mem 0x0000000000000000-0x000000000009fbff] usable
[    0.000000] BIOS-e820: [mem 0x000000000009fc00-0x000000000009ffff] reserved
[    0.000000] BIOS-e820: [mem 0x00000000000f0000-0x00000000000fffff] reserved
[    0.000000] BIOS-e820: [mem 0x0000000000100000-0x00000000bffdefff] usable
[    0.000000] BIOS-e820: [mem 0x00000000bffdf000-0x00000000bfffffff] reserved
[    0.000000] BIOS-e820: [mem 0x00000000feffc000-0x00000000feffffff] reserved
[    0.000000] BIOS-e820: [mem 0x00000000fffc0000-0x00000000ffffffff] reserved
[    0.000000] BIOS-e820: [mem 0x0000000100000000-0x000000013fffffff] usable
[    0.000000] bootconsole [earlyser0] enabled
[    0.000000] NX (Execute Disable) protection: active
[    0.000000] SMBIOS 2.8 present.
[    0.000000] DMI: QEMU Standard PC (i440FX + PIIX, 1996), BIOS Ubuntu-1.8.2-1ubuntu1 04/01/2014
[    0.000000] Hypervisor detected: KVM
[    0.000000] e820: update [mem 0x00000000-0x00000fff] usable ==> reserved
[    0.000000] e820: remove [mem 0x000a0000-0x000fffff] usable
[    0.000000] e820: last_pfn = 0x140000 max_arch_pfn = 0x400000000
[    0.000000] MTRR default type: write-back
[    0.000000] MTRR fixed ranges enabled:
[    0.000000]   00000-9FFFF write-back
[    0.000000]   A0000-BFFFF uncachable
[    0.000000]   C0000-FFFFF write-protect
[    0.000000] MTRR variable ranges enabled:
[    0.000000]   0 base 00C0000000 mask FFC0000000 uncachable
[    0.000000]   1 disabled
[    0.000000]   2 disabled
[    0.000000]   3 disabled
[    0.000000]   4 disabled
[    0.000000]   5 disabled
[    0.000000]   6 disabled
[    0.000000]   7 disabled
[    0.000000] x86/PAT: PAT not supported by CPU.
[    0.000000] e820: last_pfn = 0xbffdf max_arch_pfn = 0x400000000
[    0.000000] found SMP MP-table at [mem 0x000f6600-0x000f660f] mapped at [ffff8800000f6600]
[    0.000000] Scanning 1 areas for low memory corruption
[    0.000000] Base memory trampoline at [ffff880000099000] 99000 size 24576
[    0.000000] init_memory_mapping: [mem 0x00000000-0x000fffff]
[    0.000000]  [mem 0x00000000-0x000fffff] page 4k
[    0.000000] BRK [0x022bd000, 0x022bdfff] PGTABLE
[    0.000000] BRK [0x022be000, 0x022befff] PGTABLE
[    0.000000] BRK [0x022bf000, 0x022bffff] PGTABLE
[    0.000000] init_memory_mapping: [mem 0x13fe00000-0x13fffffff]
[    0.000000]  [mem 0x13fe00000-0x13fffffff] page 2M
[    0.000000] BRK [0x022c0000, 0x022c0fff] PGTABLE
[    0.000000] init_memory_mapping: [mem 0x120000000-0x13fdfffff]
[    0.000000]  [mem 0x120000000-0x13fdfffff] page 2M
[    0.000000] init_memory_mapping: [mem 0x00100000-0xbffdefff]
[    0.000000]  [mem 0x00100000-0x001fffff] page 4k
[    0.000000]  [mem 0x00200000-0xbfdfffff] page 2M
[    0.000000]  [mem 0xbfe00000-0xbffdefff] page 4k
[    0.000000] init_memory_mapping: [mem 0x100000000-0x11fffffff]
[    0.000000]  [mem 0x100000000-0x11fffffff] page 2M
[    0.000000] ACPI: Early table checksum verification disabled
[    0.000000] ACPI: RSDP 0x00000000000F65B0 000014 (v00 BOCHS )
[    0.000000] ACPI: RSDT 0x00000000BFFE1511 000034 (v01 BOCHS  BXPCRSDT 00000001 BXPC 00000001)
[    0.000000] ACPI: FACP 0x00000000BFFE0954 000074 (v01 BOCHS  BXPCFACP 00000001 BXPC 00000001)
[    0.000000] ACPI: DSDT 0x00000000BFFDFD80 000BD4 (v01 BOCHS  BXPCDSDT 00000001 BXPC 00000001)
[    0.000000] ACPI: FACS 0x00000000BFFDFD40 000040
[    0.000000] ACPI: SSDT 0x00000000BFFE09C8 000A81 (v01 BOCHS  BXPCSSDT 00000001 BXPC 00000001)
[    0.000000] ACPI: APIC 0x00000000BFFE1449 000090 (v01 BOCHS  BXPCAPIC 00000001 BXPC 00000001)
[    0.000000] ACPI: HPET 0x00000000BFFE14D9 000038 (v01 BOCHS  BXPCHPET 00000001 BXPC 00000001)
[    0.000000] ACPI: Local APIC address 0xfee00000
[    0.000000] No NUMA configuration found
[    0.000000] Faking a node at [mem 0x0000000000000000-0x000000013fffffff]
[    0.000000] NODE_DATA(0) allocated [mem 0x13fff9000-0x13fffcfff]
[    0.000000] kvm-clock: Using msrs 4b564d01 and 4b564d00
[    0.000000] kvm-clock: cpu 0, msr 1:3fff8001, primary cpu clock
[    0.000000] clocksource: kvm-clock: mask: 0xffffffffffffffff max_cycles: 0x1cd42e4dffb, max_idle_ns: 881590591483 ns
[    0.000000]  [ffffea0000000000-ffffea0004ffffff] PMD -> [ffff88013b600000-ffff88013f5fffff] on node 0
[    0.000000] Zone ranges:
[    0.000000]   DMA      [mem 0x0000000000001000-0x0000000000ffffff]
[    0.000000]   DMA32    [mem 0x0000000001000000-0x00000000ffffffff]
[    0.000000]   Normal   [mem 0x0000000100000000-0x000000013fffffff]
[    0.000000] Movable zone start for each node
[    0.000000] Early memory node ranges
[    0.000000]   node   0: [mem 0x0000000000001000-0x000000000009efff]
[    0.000000]   node   0: [mem 0x0000000000100000-0x00000000bffdefff]
[    0.000000]   node   0: [mem 0x0000000100000000-0x000000013fffffff]
[    0.000000] Initmem setup node 0 [mem 0x0000000000001000-0x000000013fffffff]
[    0.000000] On node 0 totalpages: 1048445
[    0.000000]   DMA zone: 64 pages used for memmap
[    0.000000]   DMA zone: 21 pages reserved
[    0.000000]   DMA zone: 3998 pages, LIFO batch:0
[    0.000000]   DMA32 zone: 12224 pages used for memmap
[    0.000000]   DMA32 zone: 782303 pages, LIFO batch:31
[    0.000000]   Normal zone: 4096 pages used for memmap
[    0.000000]   Normal zone: 262144 pages, LIFO batch:31
[    0.000000] ACPI: PM-Timer IO Port: 0x608
[    0.000000] ACPI: Local APIC address 0xfee00000
[    0.000000] ACPI: LAPIC_NMI (acpi_id[0xff] dfl dfl lint[0x1])
[    0.000000] IOAPIC[0]: apic_id 0, version 17, address 0xfec00000, GSI 0-23
[    0.000000] ACPI: INT_SRC_OVR (bus 0 bus_irq 0 global_irq 2 dfl dfl)
[    0.000000] ACPI: INT_SRC_OVR (bus 0 bus_irq 5 global_irq 5 high level)
[    0.000000] ACPI: INT_SRC_OVR (bus 0 bus_irq 9 global_irq 9 high level)
[    0.000000] ACPI: INT_SRC_OVR (bus 0 bus_irq 10 global_irq 10 high level)
[    0.000000] ACPI: INT_SRC_OVR (bus 0 bus_irq 11 global_irq 11 high level)
[    0.000000] ACPI: IRQ0 used by override.
[    0.000000] ACPI: IRQ5 used by override.
[    0.000000] ACPI: IRQ9 used by override.
[    0.000000] ACPI: IRQ10 used by override.
[    0.000000] ACPI: IRQ11 used by override.
[    0.000000] Using ACPI (MADT) for SMP configuration information
[    0.000000] ACPI: HPET id: 0x8086a201 base: 0xfed00000
[    0.000000] smpboot: Allowing 4 CPUs, 0 hotplug CPUs
[    0.000000] PM: Registered nosave memory: [mem 0x00000000-0x00000fff]
[    0.000000] PM: Registered nosave memory: [mem 0x0009f000-0x0009ffff]
[    0.000000] PM: Registered nosave memory: [mem 0x000a0000-0x000effff]
[    0.000000] PM: Registered nosave memory: [mem 0x000f0000-0x000fffff]
[    0.000000] PM: Registered nosave memory: [mem 0xbffdf000-0xbfffffff]
[    0.000000] PM: Registered nosave memory: [mem 0xc0000000-0xfeffbfff]
[    0.000000] PM: Registered nosave memory: [mem 0xfeffc000-0xfeffffff]
[    0.000000] PM: Registered nosave memory: [mem 0xff000000-0xfffbffff]
[    0.000000] PM: Registered nosave memory: [mem 0xfffc0000-0xffffffff]
[    0.000000] e820: [mem 0xc0000000-0xfeffbfff] available for PCI devices
[    0.000000] Booting paravirtualized kernel on KVM
[    0.000000] clocksource: refined-jiffies: mask: 0xffffffff max_cycles: 0xffffffff, max_idle_ns: 1910969940391419 ns
[    0.000000] setup_percpu: NR_CPUS:64 nr_cpumask_bits:64 nr_cpu_ids:4 nr_node_ids:1
[    0.000000] PERCPU: Embedded 31 pages/cpu @ffff88013fc00000 s89624 r8192 d29160 u524288
[    0.000000] pcpu-alloc: s89624 r8192 d29160 u524288 alloc=1*2097152
[    0.000000] pcpu-alloc: [0] 0 1 2 3 
[    0.000000] KVM setup async PF for cpu 0
[    0.000000] kvm-stealtime: cpu 0, msr 13fc0d440
[    0.000000] Built 1 zonelists in Node order, mobility grouping on.  Total pages: 1032040
[    0.000000] Policy zone: Normal
[    0.000000] Kernel command line: console=ttyS0 root=/dev/sda debug earlyprintk=serial
[    0.000000] PID hash table entries: 4096 (order: 3, 32768 bytes)
[    0.000000] Calgary: detecting Calgary via BIOS EBDA area
[    0.000000] Calgary: Unable to locate Rio Grande table in EBDA - bailing!
[    0.000000] Memory: 4042292K/4193780K available (8706K kernel code, 1107K rwdata, 2792K rodata, 2776K init, 924K bss, 151488K reserved, 0K cma-reserved)
[    0.000000] SLUB: HWalign=64, Order=0-3, MinObjects=0, CPUs=4, Nodes=1
[    0.000000] Hierarchical RCU implementation.
[    0.000000] 	Additional per-CPU info printed with stalls.
[    0.000000] 	Build-time adjustment of leaf fanout to 64.
[    0.000000] 	RCU restricting CPUs from NR_CPUS=64 to nr_cpu_ids=4.
[    0.000000] RCU: Adjusting geometry for rcu_fanout_leaf=64, nr_cpu_ids=4
[    0.000000] NR_IRQS:4352 nr_irqs:456 16
[    0.000000] Console: colour VGA+ 80x25
[    0.000000] console [ttyS0] enabled
[    0.000000] console [ttyS0] enabled
[    0.000000] bootconsole [earlyser0] disabled
[    0.000000] bootconsole [earlyser0] disabled
[    0.000000] clocksource: hpet: mask: 0xffffffff max_cycles: 0xffffffff, max_idle_ns: 19112604467 ns
[    0.000000] hpet clockevent registered
[    0.000000] tsc: Detected 3392.294 MHz processor
[    0.002000] Calibrating delay loop (skipped) preset value.. 6784.58 BogoMIPS (lpj=3392294)
[    0.002306] pid_max: default: 32768 minimum: 301
[    0.003024] ACPI: Core revision 20150619
[    0.018078] ACPI: All ACPI Tables successfully acquired
[    0.018755] Security Framework initialized
[    0.019003] SELinux:  Initializing.
[    0.019415] SELinux:  Starting in permissive mode
[    0.020431] Dentry cache hash table entries: 524288 (order: 10, 4194304 bytes)
[    0.022529] Inode-cache hash table entries: 262144 (order: 9, 2097152 bytes)
[    0.023316] Mount-cache hash table entries: 8192 (order: 4, 65536 bytes)
[    0.024017] Mountpoint-cache hash table entries: 8192 (order: 4, 65536 bytes)
[    0.025617] Initializing cgroup subsys freezer
[    0.026093] mce: CPU supports 10 MCE banks
[    0.026585] Last level iTLB entries: 4KB 0, 2MB 0, 4MB 0
[    0.027003] Last level dTLB entries: 4KB 0, 2MB 0, 4MB 0, 1GB 0
[    0.028132] Freeing SMP alternatives memory: 32K (ffffffff821cc000 - ffffffff821d4000)
[    0.032376] ..TIMER: vector=0x30 apic1=0 pin1=2 apic2=-1 pin2=-1
[    0.033000] smpboot: CPU0: Intel QEMU Virtual CPU version 2.5+ (fam: 06, model: 06, stepping: 03)
[    0.033034] Performance Events: Broken PMU hardware detected, using software events only.
[    0.034003] Failed to access perfctr msr (MSR c2 is 0)
[    0.035397] x86: Booting SMP configuration:
[    0.035884] .... node  #0, CPUs:      #1
[    0.002000] kvm-clock: cpu 1, msr 1:3fff8041, secondary cpu clock
[    0.039017] KVM setup async PF for cpu 1
[    0.039793]  #2
[    0.039793] kvm-stealtime: cpu 1, msr 13fc8d440
[    0.002000] kvm-clock: cpu 2, msr 1:3fff8081, secondary cpu clock
[    0.042021] KVM setup async PF for cpu 2
[    0.042528]  #3
[    0.042528] kvm-stealtime: cpu 2, msr 13fd0d440
[    0.002000] kvm-clock: cpu 3, msr 1:3fff80c1, secondary cpu clock
[    0.045028] x86: Booted up 1 node, 4 CPUs
[    0.045018] KVM setup async PF for cpu 3
[    0.045018] kvm-stealtime: cpu 3, msr 13fd8d440
[    0.046877] smpboot: Total of 4 processors activated (27138.35 BogoMIPS)
[    0.048174] devtmpfs: initialized
[    0.049680] kworker/u8:0 (26) used greatest stack depth: 14272 bytes left
[    0.050158] clocksource: jiffies: mask: 0xffffffff max_cycles: 0xffffffff, max_idle_ns: 1911260446275000 ns
[    0.050348] RTC time: 17:58:47, date: 11/01/16
[    0.050699] NET: Registered protocol family 16
[    0.053271] kworker/u8:0 (29) used greatest stack depth: 13904 bytes left
[    0.058054] cpuidle: using governor ladder
[    0.063022] cpuidle: using governor menu
[    0.063678] ACPI: bus type PCI registered
[    0.064332] PCI: Using configuration type 1 for base access
[    0.070405] kworker/u8:0 (112) used greatest stack depth: 13680 bytes left
[    0.097133] ACPI: Added _OSI(Module Device)
[    0.097685] ACPI: Added _OSI(Processor Device)
[    0.098002] ACPI: Added _OSI(3.0 _SCP Extensions)
[    0.098615] ACPI: Added _OSI(Processor Aggregator Device)
[    0.105750] ACPI: Interpreter enabled
[    0.106009] ACPI Exception: AE_NOT_FOUND, While evaluating Sleep State [\_S1_] (20150619/hwxface-580)
[    0.107007] ACPI Exception: AE_NOT_FOUND, While evaluating Sleep State [\_S2_] (20150619/hwxface-580)
[    0.108380] ACPI: (supports S0 S3 S4 S5)
[    0.109002] ACPI: Using IOAPIC for interrupt routing
[    0.109675] PCI: Using host bridge windows from ACPI; if necessary, use "pci=nocrs" and report a bug
[    0.141503] ACPI: PCI Root Bridge [PCI0] (domain 0000 [bus 00-ff])
[    0.142037] acpi PNP0A03:00: _OSC: OS supports [ASPM ClockPM Segments MSI]
[    0.143036] acpi PNP0A03:00: _OSC failed (AE_NOT_FOUND); disabling ASPM
[    0.143817] acpi PNP0A03:00: fail to add MMCONFIG information, can't access extended PCI configuration space under this bridge.
[    0.144396] PCI host bridge to bus 0000:00
[    0.144842] pci_bus 0000:00: root bus resource [bus 00-ff]
[    0.145034] pci_bus 0000:00: root bus resource [io  0x0000-0x0cf7 window]
[    0.146008] pci_bus 0000:00: root bus resource [io  0x0d00-0xffff window]
[    0.146717] pci_bus 0000:00: root bus resource [mem 0x000a0000-0x000bffff window]
[    0.147006] pci_bus 0000:00: root bus resource [mem 0xc0000000-0xfebfffff window]
[    0.148052] pci 0000:00:00.0: [8086:1237] type 00 class 0x060000
[    0.150396] pci 0000:00:01.0: [8086:7000] type 00 class 0x060100
[    0.152208] pci 0000:00:01.1: [8086:7010] type 00 class 0x010180
[    0.154571] pci 0000:00:01.1: reg 0x20: [io  0xc040-0xc04f]
[    0.156425] pci 0000:00:01.1: legacy IDE quirk: reg 0x10: [io  0x01f0-0x01f7]
[    0.157004] pci 0000:00:01.1: legacy IDE quirk: reg 0x14: [io  0x03f6]
[    0.158004] pci 0000:00:01.1: legacy IDE quirk: reg 0x18: [io  0x0170-0x0177]
[    0.159003] pci 0000:00:01.1: legacy IDE quirk: reg 0x1c: [io  0x0376]
[    0.161871] pci 0000:00:01.3: [8086:7113] type 00 class 0x068000
[    0.163146] pci 0000:00:01.3: quirk: [io  0x0600-0x063f] claimed by PIIX4 ACPI
[    0.164012] pci 0000:00:01.3: quirk: [io  0x0700-0x070f] claimed by PIIX4 SMB
[    0.165917] pci 0000:00:02.0: [1234:1111] type 00 class 0x030000
[    0.167365] pci 0000:00:02.0: reg 0x10: [mem 0xfd000000-0xfdffffff pref]
[    0.169359] pci 0000:00:02.0: reg 0x18: [mem 0xfebf0000-0xfebf0fff]
[    0.173486] pci 0000:00:02.0: reg 0x30: [mem 0xfebe0000-0xfebeffff pref]
[    0.175756] pci 0000:00:03.0: [8086:100e] type 00 class 0x020000
[    0.177005] pci 0000:00:03.0: reg 0x10: [mem 0xfebc0000-0xfebdffff]
[    0.178286] pci 0000:00:03.0: reg 0x14: [io  0xc000-0xc03f]
[    0.181669] pci 0000:00:03.0: reg 0x30: [mem 0xfeb80000-0xfebbffff pref]
[    0.186307] ACPI: PCI Interrupt Link [LNKA] (IRQs 5 *10 11)
[    0.187527] ACPI: PCI Interrupt Link [LNKB] (IRQs 5 *10 11)
[    0.188694] ACPI: PCI Interrupt Link [LNKC] (IRQs 5 10 *11)
[    0.189681] ACPI: PCI Interrupt Link [LNKD] (IRQs 5 10 *11)
[    0.190350] ACPI: PCI Interrupt Link [LNKS] (IRQs *9)
[    0.194131] ACPI: Enabled 16 GPEs in block 00 to 0F
[    0.195048] vgaarb: setting as boot device: PCI:0000:00:02.0
[    0.195655] vgaarb: device added: PCI:0000:00:02.0,decodes=io+mem,owns=io+mem,locks=none
[    0.196002] vgaarb: loaded
[    0.196287] vgaarb: bridge control possible 0000:00:02.0
[    0.198112] SCSI subsystem initialized
[    0.199106] libata version 3.00 loaded.
[    0.199228] ACPI: bus type USB registered
[    0.200037] usbcore: registered new interface driver usbfs
[    0.200072] usbcore: registered new interface driver hub
[    0.201080] usbcore: registered new device driver usb
[    0.202037] pps_core: LinuxPPS API ver. 1 registered
[    0.202058] pps_core: Software ver. 5.3.6 - Copyright 2005-2007 Rodolfo Giometti <giometti@linux.it>
[    0.203035] PTP clock support registered
[    0.204294] Advanced Linux Sound Architecture Driver Initialized.
[    0.205090] PCI: Using ACPI for IRQ routing
[    0.205526] PCI: pci_cache_line_size set to 64 bytes
[    0.206074] e820: reserve RAM buffer [mem 0x0009fc00-0x0009ffff]
[    0.206697] e820: reserve RAM buffer [mem 0xbffdf000-0xbfffffff]
[    0.208415] NetLabel: Initializing
[    0.208421] NetLabel:  domain hash size = 128
[    0.209008] NetLabel:  protocols = UNLABELED CIPSOv4
[    0.209563] NetLabel:  unlabeled traffic allowed by default
[    0.211071] HPET: 3 timers in total, 0 timers will be used for per-cpu timer
[    0.211071] hpet0: at MMIO 0xfed00000, IRQs 2, 8, 0
[    0.212115] hpet0: 3 comparators, 64-bit 100.000000 MHz counter
[    0.216071] clocksource: Switched to clocksource kvm-clock
[    0.261780] pnp: PnP ACPI init
[    0.262445] pnp 00:00: Plug and Play ACPI device, IDs PNP0b00 (active)
[    0.263358] pnp 00:01: Plug and Play ACPI device, IDs PNP0303 (active)
[    0.264285] pnp 00:02: Plug and Play ACPI device, IDs PNP0f13 (active)
[    0.265136] pnp 00:03: [dma 2]
[    0.265590] pnp 00:03: Plug and Play ACPI device, IDs PNP0700 (active)
[    0.266617] pnp 00:04: Plug and Play ACPI device, IDs PNP0400 (active)
[    0.267604] pnp 00:05: Plug and Play ACPI device, IDs PNP0501 (active)
[    0.269682] pnp: PnP ACPI: found 6 devices
[    0.285443] clocksource: acpi_pm: mask: 0xffffff max_cycles: 0xffffff, max_idle_ns: 2085701024 ns
[    0.286373] pci_bus 0000:00: resource 4 [io  0x0000-0x0cf7 window]
[    0.287050] pci_bus 0000:00: resource 5 [io  0x0d00-0xffff window]
[    0.287688] pci_bus 0000:00: resource 6 [mem 0x000a0000-0x000bffff window]
[    0.288464] pci_bus 0000:00: resource 7 [mem 0xc0000000-0xfebfffff window]
[    0.289337] NET: Registered protocol family 2
[    0.290263] TCP established hash table entries: 32768 (order: 6, 262144 bytes)
[    0.291097] TCP bind hash table entries: 32768 (order: 7, 524288 bytes)
[    0.291844] TCP: Hash tables configured (established 32768 bind 32768)
[    0.292602] UDP hash table entries: 2048 (order: 4, 65536 bytes)
[    0.293310] UDP-Lite hash table entries: 2048 (order: 4, 65536 bytes)
[    0.294244] NET: Registered protocol family 1
[    0.294984] RPC: Registered named UNIX socket transport module.
[    0.295616] RPC: Registered udp transport module.
[    0.296120] RPC: Registered tcp transport module.
[    0.296594] RPC: Registered tcp NFSv4.1 backchannel transport module.
[    0.297273] pci 0000:00:00.0: Limiting direct PCI/PCI transfers
[    0.297892] pci 0000:00:01.0: PIIX3: Enabling Passive Release
[    0.298502] pci 0000:00:01.0: Activating ISA DMA hang workarounds
[    0.299161] pci 0000:00:02.0: Video device with shadowed ROM
[    0.299771] PCI: CLS 0 bytes, default 64
[    0.300361] PCI-DMA: Using software bounce buffering for IO (SWIOTLB)
[    0.301043] software IO TLB [mem 0xbbfdf000-0xbffdf000] (64MB) mapped at [ffff8800bbfdf000-ffff8800bffdefff]
[    0.302341] microcode: CPU0 sig=0x663, pf=0x1, revision=0x1
[    0.302992] microcode: CPU1 sig=0x663, pf=0x1, revision=0x1
[    0.303694] microcode: CPU2 sig=0x663, pf=0x1, revision=0x1
[    0.304332] microcode: CPU3 sig=0x663, pf=0x1, revision=0x1
[    0.305229] microcode: Microcode Update Driver: v2.00 <tigran@aivazian.fsnet.co.uk>, Peter Oruba
[    0.307575] Scanning for low memory corruption every 60 seconds
[    0.309490] futex hash table entries: 1024 (order: 4, 65536 bytes)
[    0.310194] audit: initializing netlink subsys (disabled)
[    0.311026] audit: type=2000 audit(1478023127.734:1): initialized
[    0.312490] HugeTLB registered 2 MB page size, pre-allocated 0 pages
[    0.327510] VFS: Disk quotas dquot_6.6.0
[    0.328254] VFS: Dquot-cache hash table entries: 512 (order 0, 4096 bytes)
[    0.332807] NFS: Registering the id_resolver key type
[    0.333420] Key type id_resolver registered
[    0.333857] Key type id_legacy registered
[    0.334500] 9p: Installing v9fs 9p2000 file system support
[    0.335704] SELinux:  Registering netfilter hooks
[    0.338724] Block layer SCSI generic (bsg) driver version 0.4 loaded (major 251)
[    0.339537] io scheduler noop registered
[    0.339964] io scheduler deadline registered
[    0.340872] io scheduler cfq registered (default)
[    0.341643] pci_hotplug: PCI Hot Plug PCI Core version: 0.5
[    0.342676] input: Power Button as /devices/LNXSYSTM:00/LNXPWRBN:00/input/input0
[    0.343447] ACPI: Power Button [PWRF]
[    0.345115] Serial: 8250/16550 driver, 4 ports, IRQ sharing enabled
[    0.368440] 00:05: ttyS0 at I/O 0x3f8 (irq = 4, base_baud = 115200) is a 16550A
[    0.371444] Non-volatile memory driver v1.3
[    0.372128] Linux agpgart interface v0.103
[    0.372789] [drm] Initialized drm 1.1.0 20060810
[    0.382549] loop: module loaded
[    0.383434] ata_piix 0000:00:01.1: version 2.13
[    0.387015] scsi host0: ata_piix
[    0.388059] scsi host1: ata_piix
[    0.388838] ata1: PATA max MWDMA2 cmd 0x1f0 ctl 0x3f6 bmdma 0xc040 irq 14
[    0.389511] ata2: PATA max MWDMA2 cmd 0x170 ctl 0x376 bmdma 0xc048 irq 15
[    0.390633] e100: Intel(R) PRO/100 Network Driver, 3.5.24-k2-NAPI
[    0.391275] e100: Copyright(c) 1999-2006 Intel Corporation
[    0.391937] e1000: Intel(R) PRO/1000 Network Driver - version 7.3.21-k8-NAPI
[    0.392668] e1000: Copyright (c) 1999-2006 Intel Corporation.
[    0.541584] ata1.01: NODEV after polling detection
[    0.542326] ata2.01: NODEV after polling detection
[    0.543022] ata2.00: ATAPI: QEMU DVD-ROM, 2.5+, max UDMA/100
[    0.543778] ata1.00: ATA-7: QEMU HARDDISK, 2.5+, max UDMA/100
[    0.544404] ata1.00: 2099200 sectors, multi 16: LBA48 
[    0.545279] ata2.00: configured for MWDMA2
[    0.546007] ata1.00: configured for MWDMA2
[    0.546721] scsi 0:0:0:0: Direct-Access     ATA      QEMU HARDDISK    2.5+ PQ: 0 ANSI: 5
[    0.548824] sd 0:0:0:0: Attached scsi generic sg0 type 0
[    0.548895] sd 0:0:0:0: [sda] 2099200 512-byte logical blocks: (1.07 GB/1.00 GiB)
[    0.549116] sd 0:0:0:0: [sda] Write Protect is off
[    0.549118] sd 0:0:0:0: [sda] Mode Sense: 00 3a 00 00
[    0.549184] sd 0:0:0:0: [sda] Write cache: enabled, read cache: enabled, doesn't support DPO or FUA
[    0.554592] scsi 1:0:0:0: CD-ROM            QEMU     QEMU DVD-ROM     2.5+ PQ: 0 ANSI: 5
[    0.557155] sd 0:0:0:0: [sda] Attached SCSI disk
[    0.567714] sr 1:0:0:0: [sr0] scsi3-mmc drive: 4x/4x cd/rw xa/form2 tray
[    0.568885] cdrom: Uniform CD-ROM driver Revision: 3.20
[    0.571203] sr 1:0:0:0: Attached scsi CD-ROM sr0
[    0.572788] sr 1:0:0:0: Attached scsi generic sg1 type 5
[    0.995560] ACPI: PCI Interrupt Link [LNKC] enabled at IRQ 11
[    1.292989] e1000 0000:00:03.0 eth0: (PCI:33MHz:32-bit) 52:54:00:12:34:56
[    1.293804] e1000 0000:00:03.0 eth0: Intel(R) PRO/1000 Network Connection
[    1.294623] sky2: driver version 1.30
[    1.295669] ehci_hcd: USB 2.0 'Enhanced' Host Controller (EHCI) Driver
[    1.296977] ehci-pci: EHCI PCI platform driver
[    1.298134] ohci_hcd: USB 1.1 'Open' Host Controller (OHCI) Driver
[    1.299286] ohci-pci: OHCI PCI platform driver
[    1.300328] uhci_hcd: USB Universal Host Controller Interface driver
[    1.301810] usbcore: registered new interface driver usblp
[    1.302946] usbcore: registered new interface driver usb-storage
[    1.303069] tsc: Refined TSC clocksource calibration: 3392.376 MHz
[    1.303070] clocksource: tsc: mask: 0xffffffffffffffff max_cycles: 0x30e62c636ee, max_idle_ns: 440795229192 ns
[    1.307521] i8042: PNP: PS/2 Controller [PNP0303:KBD,PNP0f13:MOU] at 0x60,0x64 irq 1,12
[    1.309576] serio: i8042 KBD port at 0x60,0x64 irq 1
[    1.310244] serio: i8042 AUX port at 0x60,0x64 irq 12
[    1.311916] mousedev: PS/2 mouse device common for all mice
[    1.313783] input: AT Translated Set 2 keyboard as /devices/platform/i8042/serio0/input/input1
[    1.316349] rtc_cmos 00:00: RTC can wake from S4
[    1.318405] rtc_cmos 00:00: rtc core: registered rtc_cmos as rtc0
[    1.319650] rtc_cmos 00:00: alarms up to one day, 114 bytes nvram, hpet irqs
[    1.321939] device-mapper: ioctl: 4.32.0-ioctl (2015-6-26) initialised: dm-devel@redhat.com
[    1.323586] hidraw: raw HID events driver (C) Jiri Kosina
[    1.326100] usbcore: registered new interface driver usbhid
[    1.326867] usbhid: USB HID core driver
[    1.328885] Netfilter messages via NETLINK v0.30.
[    1.329652] nf_conntrack version 0.5.0 (16384 buckets, 65536 max)
[    1.330889] ctnetlink v0.93: registering with nfnetlink.
[    1.331841] ip_tables: (C) 2000-2006 Netfilter Core Team
[    1.332754] Initializing XFRM netlink socket
[    1.334433] NET: Registered protocol family 10
[    1.336114] ip6_tables: (C) 2000-2006 Netfilter Core Team
[    1.337084] sit: IPv6 over IPv4 tunneling driver
[    1.338613] NET: Registered protocol family 17
[    1.339421] 9pnet: Installing 9P2000 support
[    1.340027] Key type dns_resolver registered
[    1.342763] registered taskstats version 1
[    1.343404] kmemleak: Kernel memory leak detector initialized
[    1.343407] kmemleak: Automatic memory scanning thread started
[    1.345644]   Magic number: 8:351:996
[    1.346136] console [netcon0] enabled
[    1.346602] netconsole: network logging started
[    1.347864] PM: Hibernation image not present or could not be loaded.
[    1.348650] ALSA device list:
[    1.349172]   No soundcards found.
[    1.927571] input: ImExPS/2 Generic Explorer Mouse as /devices/platform/i8042/serio1/input/input3
[    1.930829] md: Waiting for all devices to be available before autodetect
[    1.932532] md: If you don't use raid, use raid=noautodetect
[    1.936712] md: Autodetecting RAID arrays.
[    1.937686] md: Scanned 0 and added 0 devices.
[    1.938755] md: autorun ...
[    1.939473] md: ... autorun DONE.
[    1.941208] EXT4-fs (sda): couldn't mount as ext3 due to feature incompatibilities
[    1.944501] EXT4-fs (sda): couldn't mount as ext2 due to feature incompatibilities
[    1.953153] EXT4-fs (sda): mounted filesystem with ordered data mode. Opts: (null)
[    1.954726] VFS: Mounted root (ext4 filesystem) readonly on device 8:0.
[    1.957276] devtmpfs: mounted
[    1.958650] Freeing unused kernel memory: 2776K (ffffffff81f16000 - ffffffff821cc000)
[    1.960767] Write protecting the kernel read-only data: 14336k
[    1.962688] Freeing unused kernel memory: 1520K (ffff880001884000 - ffff880001a00000)
[    1.964692] Freeing unused kernel memory: 1304K (ffff880001cba000 - ffff880001e00000)
SELinux:  Could not open policy file <= /etc/selinux/targeted/policy/policy.29:  No such file or directory
INIT: version 2.88 booting
[    2.017592] stty (974) used greatest stack depth: 13128 bytes left
[[36minfo[39;49m] Using makefile-style concurrent boot in runlevel S.
[    2.121871] mount (1021) used greatest stack depth: 13120 bytes left
[....] Starting the hotplug events dispatcher: udevd[    2.212465] udevd[1083]: starting version 175
[?25l[?1c7[1G[[32m ok [39;49m8[?25h[?0c.
[....] Synthesizing the initial hotplug events...[    2.273398] modprobe (1114) used greatest stack depth: 12992 bytes left
[?25l[?1c7[1G[[32m ok [39;49m8[?25h[?0cdone.
[....] Waiting for /dev to be fully populated...[    2.367756] cdrom_id (1224) used greatest stack depth: 12792 bytes left
[    2.399575] random: nonblocking pool is initialized
[?25l[?1c7[1G[[32m ok [39;49m8[?25h[?0cdone.
[....] Activating swap...[?25l[?1c7[1G[[32m ok [39;49m8[?25h[?0cdone.
[    2.503681] EXT4-fs (sda): re-mounted. Opts: (null)
[....] Creating compatibility symlink from /etc/mtab to /proc/mounts. ...[?25l[?1c7[1G[[33mwarn[39;49m8[?25h[?0c [33m(warning).[39;49m
[....] Cleaning up temporary files... /tmp[?25l[?1c7[1G[[32m ok [39;49m8[?25h[?0c.
[....] Activating lvm and md swap...[?25l[?1c7[1G[[32m ok [39;49m8[?25h[?0cdone.
[....] Checking file systems...fsck from util-linux 2.20.1
[?25l[?1c7[1G[[32m ok [39;49m8[?25h[?0cdone.
[....] Mounting local filesystems...[?25l[?1c7[1G[[32m ok [39;49m8[?25h[?0cdone.
[....] Activating swapfile swap...[?25l[?1c7[1G[[32m ok [39;49m8[?25h[?0cdone.
[....] Cleaning up temporary files...[?25l[?1c7[1G[[32m ok [39;49m8[?25h[?0c.
[....] Setting kernel variables ...[?25l[?1c7[1G[[32m ok [39;49m8[?25h[?0cdone.
[....] Configuring network interfaces...[    3.065678] ip (2269) used greatest stack depth: 12232 bytes left
Internet Systems Consortium DHCP Client 4.2.2
Copyright 2004-2011 Internet Systems Consortium.
All rights reserved.
For info, please visit https://www.isc.org/software/dhcp/

[    3.116174] e1000: eth0 NIC Link is Up 1000 Mbps Full Duplex, Flow Control: RX
Listening on LPF/eth0/52:54:00:12:34:56
Sending on   LPF/eth0/52:54:00:12:34:56
Sending on   Socket/fallback
DHCPDISCOVER on eth0 to 255.255.255.255 port 67 interval 4
DHCPREQUEST on eth0 to 255.255.255.255 port 67
DHCPOFFER from 10.0.2.2
DHCPACK from 10.0.2.2
bound to 10.0.2.15 -- renewal in 37476 seconds.
[?25l[?1c7[1G[[32m ok [39;49m8[?25h[?0cdone.
[....] Cleaning up temporary files...[?25l[?1c7[1G[[32m ok [39;49m8[?25h[?0c.
INIT: Entering runlevel: 2
[[36minfo[39;49m] Using makefile-style concurrent boot in runlevel 2.
[....] Starting enhanced syslogd: rsyslogd[?25l[?1c7[1G[[32m ok [39;49m8[?25h[?0c.
[....] Starting periodic command scheduler: cron[?25l[?1c7[1G[[32m ok [39;49m8[?25h[?0c.
[....] Starting OpenBSD Secure Shell server: sshd[?25l[?1c7[1G[[32m ok [39;49m8[?25h[?0c.
[    6.410112] kt: running test for light, case 3, T2535
[    6.410112] 
[    6.414875] kt: starting light_test_wait_signalt_signalf_wait_destroy test
[    6.722106] kt: end of test.
[    6.724061] 
[    6.725592] dump_desc: [100ms_wait_100ms_wait_destroy]
[    6.728949] dump_desc evts: 0
[    6.732227] dump_desc   ts: 201 302 302
[    6.736078] dump_desc  ret: 0 -22 -22
[    6.738223] 
[    6.738772] dump_desc: [create_200ms_signal2_clear_destroy]
[    6.742428] dump_desc evts: 0
[    6.744523] dump_desc   ts: 0 201 201
[    6.747000] dump_desc  ret: 0 0 0
[    6.749114] LIGHT_SUCCESS
[    6.752689] kt: running test for light, case 3, T2539
[    6.752689] 
[    6.756623] kt: starting light_test_wait_signalt_signalf_wait_destroy test
[    7.063143] kt: end of test.
[    7.064606] 
[    7.065519] dump_desc: [100ms_wait_100ms_wait_destroy]
[    7.069348] dump_desc evts: 1
[    7.071943] dump_desc   ts: 201 302 302
[    7.075677] dump_desc  ret: 0 -22 -22
[    7.078817] 
[    7.080135] dump_desc: [create_200ms_signal2_clear_destroy]
[    7.084765] dump_desc evts: 1
[    7.087273] dump_desc   ts: 0 201 201
[    7.090477] dump_desc  ret: 0 0 0
[    7.093120] LIGHT_SUCCESS
[    7.096101] kt: running test for light, case 3, T2542
[    7.096101] 
[    7.099485] kt: starting light_test_wait_signalt_signalf_wait_destroy test
[    7.406128] kt: end of test.
[    7.407422] 
[    7.408817] dump_desc: [100ms_wait_100ms_wait_destroy]
[    7.414044] dump_desc evts: 2
[    7.416918] dump_desc   ts: 201 302 302
[    7.419033] dump_desc  ret: 0 -22 -22
[    7.422373] 
[    7.423417] dump_desc: [create_200ms_signal2_clear_destroy]
[    7.426148] dump_desc evts: 2
[    7.429000] dump_desc   ts: 0 201 201
[    7.431853] dump_desc  ret: 0 0 0
[    7.433784] LIGHT_SUCCESS
[    7.436711] kt: running test for light, case 3, T2545
[    7.436711] 
[    7.441286] kt: starting light_test_wait_signalt_signalf_wait_destroy test
[    7.747140] kt: end of test.
[    7.750594] 
[    7.751867] dump_desc: [100ms_wait_100ms_wait_destroy]
[    7.756536] dump_desc evts: 3
[    7.758425] dump_desc   ts: 201 302 302
[    7.761261] dump_desc  ret: 0 -22 -22
[    7.763148] 
[    7.763929] dump_desc: [create_200ms_signal2_clear_destroy]
[    7.767898] dump_desc evts: 3
[    7.770208] dump_desc   ts: 0 201 201
[    7.772360] dump_desc  ret: 0 0 0
[    7.774998] LIGHT_SUCCESS
[    7.777467] kt: running test for light, case 3, T2548
[    7.777467] 
[    7.780304] kt: starting light_test_wait_signalt_signalf_wait_destroy test
[    8.086116] kt: end of test.
[    8.088365] 
[    8.089090] dump_desc: [100ms_wait_100ms_wait_destroy]
[    8.092374] dump_desc evts: 4
[    8.095200] dump_desc   ts: 201 302 302
[    8.097718] dump_desc  ret: 0 -22 -22
[    8.100841] 
[    8.102091] dump_desc: [create_200ms_signal2_clear_destroy]
[    8.106401] dump_desc evts: 4
[    8.108193] dump_desc   ts: 0 201 201
[    8.111196] dump_desc  ret: 0 0 0
[    8.113184] LIGHT_SUCCESS
[    8.117475] kt: running test for light, case 3, T2551
[    8.117475] 
[    8.121941] kt: starting light_test_wait_signalt_signalf_wait_destroy test
[    8.429128] kt: end of test.
[    8.431204] 
[    8.431831] dump_desc: [100ms_wait_100ms_wait_destroy]
[    8.434581] dump_desc evts: 5
[    8.436531] dump_desc   ts: 201 302 302
[    8.438752] dump_desc  ret: 0 -22 -22
[    8.441312] 
[    8.441914] dump_desc: [create_200ms_signal2_clear_destroy]
[    8.445653] dump_desc evts: 5
[    8.447772] dump_desc   ts: 0 201 201
[    8.449632] dump_desc  ret: 0 0 0
[    8.451734] LIGHT_SUCCESS
[    8.454471] kt: running test for light, case 3, T2554
[    8.454471] 
[    8.458239] kt: starting light_test_wait_signalt_signalf_wait_destroy test
[    8.763112] kt: end of test.
[    8.764375] 
[    8.765069] dump_desc: [100ms_wait_100ms_wait_destroy]
[    8.768367] dump_desc evts: 6
[    8.771049] dump_desc   ts: 201 302 302
[    8.773759] dump_desc  ret: 0 -22 -22
[    8.777610] 
[    8.778878] dump_desc: [create_200ms_signal2_clear_destroy]
[    8.783492] dump_desc evts: 6
[    8.786042] dump_desc   ts: 0 201 201
[    8.788383] dump_desc  ret: 0 0 0
[    8.790513] LIGHT_SUCCESS
[    8.793203] kt: running test for light, case 3, T2557
[    8.793203] 
[    8.798361] kt: starting light_test_wait_signalt_signalf_wait_destroy test
[    9.105113] kt: end of test.
[    9.106207] 
[    9.106813] dump_desc: [100ms_wait_100ms_wait_destroy]
[    9.110880] dump_desc evts: 7
[    9.112611] dump_desc   ts: 201 302 302
[    9.115824] dump_desc  ret: 0 -22 -22
[    9.118361] 
[    9.119736] dump_desc: [create_200ms_signal2_clear_destroy]
[    9.123332] dump_desc evts: 7
[    9.126108] dump_desc   ts: 0 201 201
[    9.128574] dump_desc  ret: 0 0 0
[    9.130703] LIGHT_SUCCESS
[   11.490435] kmemleak: 1 new suspected memory leaks (see /sys/kernel/debug/kmemleak)
INIT: SwitchingINIT: Sending processes the TERM signal
[[36minfo[39;49m] Using makefile-style concurrent boot in runlevel 0.
[....] Asking all remaining processes to terminate...[?25l[?1c7[1G[[32m ok [39;49m8[?25h[?0cdone.
[....] All processes ended within 1 seconds...[?25l[?1c7[1G[[32m ok [39;49m8[?25h[?0cdone.
[....] Stopping enhanced syslogd: rsyslogd[?25l[?1c7[1G[[32m ok [39;49m8[?25h[?0c.
[....] Deconfiguring network interfaces...Internet Systems Consortium DHCP Client 4.2.2
Copyright 2004-2011 Internet Systems Consortium.
All rights reserved.
For info, please visit https://www.isc.org/software/dhcp/

Listening on LPF/eth0/52:54:00:12:34:56
Sending on   LPF/eth0/52:54:00:12:34:56
Sending on   Socket/fallback
DHCPRELEASE on eth0 to 10.0.2.2 port 67
[?25l[?1c7[1G[[32m ok [39;49m8[?25h[?0cdone.
[[36minfo[39;49m] Saving the system clock.
[[36minfo[39;49m] Hardware Clock updated to Tue Nov  1 17:59:10 UTC 2016.
[....] Deactivating swap...[?25l[?1c7[1G[[32m ok [39;49m8[?25h[?0cdone.
[....] Unmounting local filesystems...[?25l[?1c7[1G[[32m ok [39;49m8[?25h[?0cdone.
[   23.177412] EXT4-fs (sda): re-mounted. Opts: (null)
[[36minfo[39;49m] Will now halt.
[   26.198099] sd 0:0:0:0: [sda] Synchronizing SCSI cache
[   26.199234] sd 0:0:0:0: [sda] Stopping disk
[   26.678144] ACPI: Preparing to enter system sleep state S5
[   26.678744] reboot: Power down
[   26.680300] acpi_power_off called
