early console in setup code
early console in decompress_kernel

Decompressing Linux... Parsing ELF... done.
Booting the kernel.
[    0.000000] Initializing cgroup subsys cpuset
[    0.000000] Initializing cgroup subsys cpu
[    0.000000] Initializing cgroup subsys cpuacct
[    0.000000] Linux version 4.2.0-team50-kt (progman@m91p) (gcc version 5.4.0 20160609 (Ubuntu 5.4.0-6ubuntu1~16.04.2) ) #113 SMP Tue Nov 1 01:38:20 EDT 2016
[    0.000000] Command line: console=ttyS0 root=/dev/sda debug earlyprintk=serial
[    0.000000] x86/fpu: Legacy x87 FPU detected.
[    0.000000] x86/fpu: Using 'lazy' FPU context switches.
[    0.000000] e820: BIOS-provided physical RAM map:
[    0.000000] BIOS-e820: [mem 0x0000000000000000-0x000000000009fbff] usable
[    0.000000] BIOS-e820: [mem 0x000000000009fc00-0x000000000009ffff] reserved
[    0.000000] BIOS-e820: [mem 0x00000000000f0000-0x00000000000fffff] reserved
[    0.000000] BIOS-e820: [mem 0x0000000000100000-0x00000000bffdefff] usable
[    0.000000] BIOS-e820: [mem 0x00000000bffdf000-0x00000000bfffffff] reserved
[    0.000000] BIOS-e820: [mem 0x00000000feffc000-0x00000000feffffff] reserved
[    0.000000] BIOS-e820: [mem 0x00000000fffc0000-0x00000000ffffffff] reserved
[    0.000000] BIOS-e820: [mem 0x0000000100000000-0x000000013fffffff] usable
[    0.000000] bootconsole [earlyser0] enabled
[    0.000000] NX (Execute Disable) protection: active
[    0.000000] SMBIOS 2.8 present.
[    0.000000] DMI: QEMU Standard PC (i440FX + PIIX, 1996), BIOS Ubuntu-1.8.2-1ubuntu1 04/01/2014
[    0.000000] Hypervisor detected: KVM
[    0.000000] e820: update [mem 0x00000000-0x00000fff] usable ==> reserved
[    0.000000] e820: remove [mem 0x000a0000-0x000fffff] usable
[    0.000000] e820: last_pfn = 0x140000 max_arch_pfn = 0x400000000
[    0.000000] MTRR default type: write-back
[    0.000000] MTRR fixed ranges enabled:
[    0.000000]   00000-9FFFF write-back
[    0.000000]   A0000-BFFFF uncachable
[    0.000000]   C0000-FFFFF write-protect
[    0.000000] MTRR variable ranges enabled:
[    0.000000]   0 base 00C0000000 mask FFC0000000 uncachable
[    0.000000]   1 disabled
[    0.000000]   2 disabled
[    0.000000]   3 disabled
[    0.000000]   4 disabled
[    0.000000]   5 disabled
[    0.000000]   6 disabled
[    0.000000]   7 disabled
[    0.000000] x86/PAT: PAT not supported by CPU.
[    0.000000] e820: last_pfn = 0xbffdf max_arch_pfn = 0x400000000
[    0.000000] found SMP MP-table at [mem 0x000f6600-0x000f660f] mapped at [ffff8800000f6600]
[    0.000000] Scanning 1 areas for low memory corruption
[    0.000000] Base memory trampoline at [ffff880000099000] 99000 size 24576
[    0.000000] init_memory_mapping: [mem 0x00000000-0x000fffff]
[    0.000000]  [mem 0x00000000-0x000fffff] page 4k
[    0.000000] BRK [0x022bd000, 0x022bdfff] PGTABLE
[    0.000000] BRK [0x022be000, 0x022befff] PGTABLE
[    0.000000] BRK [0x022bf000, 0x022bffff] PGTABLE
[    0.000000] init_memory_mapping: [mem 0x13fe00000-0x13fffffff]
[    0.000000]  [mem 0x13fe00000-0x13fffffff] page 2M
[    0.000000] BRK [0x022c0000, 0x022c0fff] PGTABLE
[    0.000000] init_memory_mapping: [mem 0x120000000-0x13fdfffff]
[    0.000000]  [mem 0x120000000-0x13fdfffff] page 2M
[    0.000000] init_memory_mapping: [mem 0x00100000-0xbffdefff]
[    0.000000]  [mem 0x00100000-0x001fffff] page 4k
[    0.000000]  [mem 0x00200000-0xbfdfffff] page 2M
[    0.000000]  [mem 0xbfe00000-0xbffdefff] page 4k
[    0.000000] init_memory_mapping: [mem 0x100000000-0x11fffffff]
[    0.000000]  [mem 0x100000000-0x11fffffff] page 2M
[    0.000000] ACPI: Early table checksum verification disabled
[    0.000000] ACPI: RSDP 0x00000000000F65B0 000014 (v00 BOCHS )
[    0.000000] ACPI: RSDT 0x00000000BFFE1511 000034 (v01 BOCHS  BXPCRSDT 00000001 BXPC 00000001)
[    0.000000] ACPI: FACP 0x00000000BFFE0954 000074 (v01 BOCHS  BXPCFACP 00000001 BXPC 00000001)
[    0.000000] ACPI: DSDT 0x00000000BFFDFD80 000BD4 (v01 BOCHS  BXPCDSDT 00000001 BXPC 00000001)
[    0.000000] ACPI: FACS 0x00000000BFFDFD40 000040
[    0.000000] ACPI: SSDT 0x00000000BFFE09C8 000A81 (v01 BOCHS  BXPCSSDT 00000001 BXPC 00000001)
[    0.000000] ACPI: APIC 0x00000000BFFE1449 000090 (v01 BOCHS  BXPCAPIC 00000001 BXPC 00000001)
[    0.000000] ACPI: HPET 0x00000000BFFE14D9 000038 (v01 BOCHS  BXPCHPET 00000001 BXPC 00000001)
[    0.000000] ACPI: Local APIC address 0xfee00000
[    0.000000] No NUMA configuration found
[    0.000000] Faking a node at [mem 0x0000000000000000-0x000000013fffffff]
[    0.000000] NODE_DATA(0) allocated [mem 0x13fff9000-0x13fffcfff]
[    0.000000] kvm-clock: Using msrs 4b564d01 and 4b564d00
[    0.000000] kvm-clock: cpu 0, msr 1:3fff8001, primary cpu clock
[    0.000000] clocksource: kvm-clock: mask: 0xffffffffffffffff max_cycles: 0x1cd42e4dffb, max_idle_ns: 881590591483 ns
[    0.000000]  [ffffea0000000000-ffffea0004ffffff] PMD -> [ffff88013b600000-ffff88013f5fffff] on node 0
[    0.000000] Zone ranges:
[    0.000000]   DMA      [mem 0x0000000000001000-0x0000000000ffffff]
[    0.000000]   DMA32    [mem 0x0000000001000000-0x00000000ffffffff]
[    0.000000]   Normal   [mem 0x0000000100000000-0x000000013fffffff]
[    0.000000] Movable zone start for each node
[    0.000000] Early memory node ranges
[    0.000000]   node   0: [mem 0x0000000000001000-0x000000000009efff]
[    0.000000]   node   0: [mem 0x0000000000100000-0x00000000bffdefff]
[    0.000000]   node   0: [mem 0x0000000100000000-0x000000013fffffff]
[    0.000000] Initmem setup node 0 [mem 0x0000000000001000-0x000000013fffffff]
[    0.000000] On node 0 totalpages: 1048445
[    0.000000]   DMA zone: 64 pages used for memmap
[    0.000000]   DMA zone: 21 pages reserved
[    0.000000]   DMA zone: 3998 pages, LIFO batch:0
[    0.000000]   DMA32 zone: 12224 pages used for memmap
[    0.000000]   DMA32 zone: 782303 pages, LIFO batch:31
[    0.000000]   Normal zone: 4096 pages used for memmap
[    0.000000]   Normal zone: 262144 pages, LIFO batch:31
[    0.000000] ACPI: PM-Timer IO Port: 0x608
[    0.000000] ACPI: Local APIC address 0xfee00000
[    0.000000] ACPI: LAPIC_NMI (acpi_id[0xff] dfl dfl lint[0x1])
[    0.000000] IOAPIC[0]: apic_id 0, version 17, address 0xfec00000, GSI 0-23
[    0.000000] ACPI: INT_SRC_OVR (bus 0 bus_irq 0 global_irq 2 dfl dfl)
[    0.000000] ACPI: INT_SRC_OVR (bus 0 bus_irq 5 global_irq 5 high level)
[    0.000000] ACPI: INT_SRC_OVR (bus 0 bus_irq 9 global_irq 9 high level)
[    0.000000] ACPI: INT_SRC_OVR (bus 0 bus_irq 10 global_irq 10 high level)
[    0.000000] ACPI: INT_SRC_OVR (bus 0 bus_irq 11 global_irq 11 high level)
[    0.000000] ACPI: IRQ0 used by override.
[    0.000000] ACPI: IRQ5 used by override.
[    0.000000] ACPI: IRQ9 used by override.
[    0.000000] ACPI: IRQ10 used by override.
[    0.000000] ACPI: IRQ11 used by override.
[    0.000000] Using ACPI (MADT) for SMP configuration information
[    0.000000] ACPI: HPET id: 0x8086a201 base: 0xfed00000
[    0.000000] smpboot: Allowing 4 CPUs, 0 hotplug CPUs
[    0.000000] PM: Registered nosave memory: [mem 0x00000000-0x00000fff]
[    0.000000] PM: Registered nosave memory: [mem 0x0009f000-0x0009ffff]
[    0.000000] PM: Registered nosave memory: [mem 0x000a0000-0x000effff]
[    0.000000] PM: Registered nosave memory: [mem 0x000f0000-0x000fffff]
[    0.000000] PM: Registered nosave memory: [mem 0xbffdf000-0xbfffffff]
[    0.000000] PM: Registered nosave memory: [mem 0xc0000000-0xfeffbfff]
[    0.000000] PM: Registered nosave memory: [mem 0xfeffc000-0xfeffffff]
[    0.000000] PM: Registered nosave memory: [mem 0xff000000-0xfffbffff]
[    0.000000] PM: Registered nosave memory: [mem 0xfffc0000-0xffffffff]
[    0.000000] e820: [mem 0xc0000000-0xfeffbfff] available for PCI devices
[    0.000000] Booting paravirtualized kernel on KVM
[    0.000000] clocksource: refined-jiffies: mask: 0xffffffff max_cycles: 0xffffffff, max_idle_ns: 1910969940391419 ns
[    0.000000] setup_percpu: NR_CPUS:64 nr_cpumask_bits:64 nr_cpu_ids:4 nr_node_ids:1
[    0.000000] PERCPU: Embedded 31 pages/cpu @ffff88013fc00000 s89624 r8192 d29160 u524288
[    0.000000] pcpu-alloc: s89624 r8192 d29160 u524288 alloc=1*2097152
[    0.000000] pcpu-alloc: [0] 0 1 2 3 
[    0.000000] KVM setup async PF for cpu 0
[    0.000000] kvm-stealtime: cpu 0, msr 13fc0d440
[    0.000000] Built 1 zonelists in Node order, mobility grouping on.  Total pages: 1032040
[    0.000000] Policy zone: Normal
[    0.000000] Kernel command line: console=ttyS0 root=/dev/sda debug earlyprintk=serial
[    0.000000] PID hash table entries: 4096 (order: 3, 32768 bytes)
[    0.000000] Calgary: detecting Calgary via BIOS EBDA area
[    0.000000] Calgary: Unable to locate Rio Grande table in EBDA - bailing!
[    0.000000] Memory: 4042292K/4193780K available (8706K kernel code, 1107K rwdata, 2792K rodata, 2776K init, 924K bss, 151488K reserved, 0K cma-reserved)
[    0.000000] SLUB: HWalign=64, Order=0-3, MinObjects=0, CPUs=4, Nodes=1
[    0.000000] Hierarchical RCU implementation.
[    0.000000] 	Additional per-CPU info printed with stalls.
[    0.000000] 	Build-time adjustment of leaf fanout to 64.
[    0.000000] 	RCU restricting CPUs from NR_CPUS=64 to nr_cpu_ids=4.
[    0.000000] RCU: Adjusting geometry for rcu_fanout_leaf=64, nr_cpu_ids=4
[    0.000000] NR_IRQS:4352 nr_irqs:456 16
[    0.000000] Console: colour VGA+ 80x25
[    0.000000] console [ttyS0] enabled
[    0.000000] console [ttyS0] enabled
[    0.000000] bootconsole [earlyser0] disabled
[    0.000000] bootconsole [earlyser0] disabled
[    0.000000] clocksource: hpet: mask: 0xffffffff max_cycles: 0xffffffff, max_idle_ns: 19112604467 ns
[    0.000000] hpet clockevent registered
[    0.000000] tsc: Detected 3392.294 MHz processor
[    0.002000] Calibrating delay loop (skipped) preset value.. 6784.58 BogoMIPS (lpj=3392294)
[    0.002305] pid_max: default: 32768 minimum: 301
[    0.003022] ACPI: Core revision 20150619
[    0.018251] ACPI: All ACPI Tables successfully acquired
[    0.018932] Security Framework initialized
[    0.019003] SELinux:  Initializing.
[    0.019395] SELinux:  Starting in permissive mode
[    0.020444] Dentry cache hash table entries: 524288 (order: 10, 4194304 bytes)
[    0.022724] Inode-cache hash table entries: 262144 (order: 9, 2097152 bytes)
[    0.023308] Mount-cache hash table entries: 8192 (order: 4, 65536 bytes)
[    0.024017] Mountpoint-cache hash table entries: 8192 (order: 4, 65536 bytes)
[    0.025605] Initializing cgroup subsys freezer
[    0.026088] mce: CPU supports 10 MCE banks
[    0.027036] Last level iTLB entries: 4KB 0, 2MB 0, 4MB 0
[    0.027636] Last level dTLB entries: 4KB 0, 2MB 0, 4MB 0, 1GB 0
[    0.028136] Freeing SMP alternatives memory: 32K (ffffffff821cc000 - ffffffff821d4000)
[    0.032500] ..TIMER: vector=0x30 apic1=0 pin1=2 apic2=-1 pin2=-1
[    0.033000] smpboot: CPU0: Intel QEMU Virtual CPU version 2.5+ (fam: 06, model: 06, stepping: 03)
[    0.033035] Performance Events: Broken PMU hardware detected, using software events only.
[    0.034002] Failed to access perfctr msr (MSR c2 is 0)
[    0.035404] x86: Booting SMP configuration:
[    0.035913] .... node  #0, CPUs:      #1
[    0.002000] kvm-clock: cpu 1, msr 1:3fff8041, secondary cpu clock
[    0.039018] KVM setup async PF for cpu 1
[    0.039630]  #2
[    0.039630] kvm-stealtime: cpu 1, msr 13fc8d440
[    0.002000] kvm-clock: cpu 2, msr 1:3fff8081, secondary cpu clock
[    0.043118] KVM setup async PF for cpu 2
[    0.043496]  #3
[    0.043497] kvm-stealtime: cpu 2, msr 13fd0d440
[    0.002000] kvm-clock: cpu 3, msr 1:3fff80c1, secondary cpu clock
[    0.046021] x86: Booted up 1 node, 4 CPUs
[    0.046013] KVM setup async PF for cpu 3
[    0.046013] kvm-stealtime: cpu 3, msr 13fd8d440
[    0.047456] smpboot: Total of 4 processors activated (27138.35 BogoMIPS)
[    0.049002] devtmpfs: initialized
[    0.050321] kworker/u8:0 (26) used greatest stack depth: 14408 bytes left
[    0.050446] clocksource: jiffies: mask: 0xffffffff max_cycles: 0xffffffff, max_idle_ns: 1911260446275000 ns
[    0.051194] RTC time: 18:00:09, date: 11/01/16
[    0.051583] NET: Registered protocol family 16
[    0.053679] kworker/u8:0 (38) used greatest stack depth: 14296 bytes left
[    0.053316] kworker/u8:0 (37) used greatest stack depth: 14272 bytes left
[    0.054713] kworker/u8:0 (28) used greatest stack depth: 13904 bytes left
[    0.058036] cpuidle: using governor ladder
[    0.063035] cpuidle: using governor menu
[    0.063676] ACPI: bus type PCI registered
[    0.064253] PCI: Using configuration type 1 for base access
[    0.069735] kworker/u8:0 (102) used greatest stack depth: 13680 bytes left
[    0.092258] ACPI: Added _OSI(Module Device)
[    0.093002] ACPI: Added _OSI(Processor Device)
[    0.093470] ACPI: Added _OSI(3.0 _SCP Extensions)
[    0.094002] ACPI: Added _OSI(Processor Aggregator Device)
[    0.100449] ACPI: Interpreter enabled
[    0.100860] ACPI Exception: AE_NOT_FOUND, While evaluating Sleep State [\_S1_] (20150619/hwxface-580)
[    0.101584] ACPI Exception: AE_NOT_FOUND, While evaluating Sleep State [\_S2_] (20150619/hwxface-580)
[    0.102591] ACPI: (supports S0 S3 S4 S5)
[    0.103001] ACPI: Using IOAPIC for interrupt routing
[    0.103648] PCI: Using host bridge windows from ACPI; if necessary, use "pci=nocrs" and report a bug
[    0.134100] ACPI: PCI Root Bridge [PCI0] (domain 0000 [bus 00-ff])
[    0.134905] acpi PNP0A03:00: _OSC: OS supports [ASPM ClockPM Segments MSI]
[    0.135037] acpi PNP0A03:00: _OSC failed (AE_NOT_FOUND); disabling ASPM
[    0.136068] acpi PNP0A03:00: fail to add MMCONFIG information, can't access extended PCI configuration space under this bridge.
[    0.137332] PCI host bridge to bus 0000:00
[    0.138006] pci_bus 0000:00: root bus resource [bus 00-ff]
[    0.138578] pci_bus 0000:00: root bus resource [io  0x0000-0x0cf7 window]
[    0.139007] pci_bus 0000:00: root bus resource [io  0x0d00-0xffff window]
[    0.140006] pci_bus 0000:00: root bus resource [mem 0x000a0000-0x000bffff window]
[    0.141005] pci_bus 0000:00: root bus resource [mem 0xc0000000-0xfebfffff window]
[    0.142018] pci 0000:00:00.0: [8086:1237] type 00 class 0x060000
[    0.143657] pci 0000:00:01.0: [8086:7000] type 00 class 0x060100
[    0.145413] pci 0000:00:01.1: [8086:7010] type 00 class 0x010180
[    0.147681] pci 0000:00:01.1: reg 0x20: [io  0xc040-0xc04f]
[    0.149019] pci 0000:00:01.1: legacy IDE quirk: reg 0x10: [io  0x01f0-0x01f7]
[    0.149765] pci 0000:00:01.1: legacy IDE quirk: reg 0x14: [io  0x03f6]
[    0.150002] pci 0000:00:01.1: legacy IDE quirk: reg 0x18: [io  0x0170-0x0177]
[    0.151002] pci 0000:00:01.1: legacy IDE quirk: reg 0x1c: [io  0x0376]
[    0.152812] pci 0000:00:01.3: [8086:7113] type 00 class 0x068000
[    0.153270] pci 0000:00:01.3: quirk: [io  0x0600-0x063f] claimed by PIIX4 ACPI
[    0.154009] pci 0000:00:01.3: quirk: [io  0x0700-0x070f] claimed by PIIX4 SMB
[    0.156187] pci 0000:00:02.0: [1234:1111] type 00 class 0x030000
[    0.158013] pci 0000:00:02.0: reg 0x10: [mem 0xfd000000-0xfdffffff pref]
[    0.160362] pci 0000:00:02.0: reg 0x18: [mem 0xfebf0000-0xfebf0fff]
[    0.164462] pci 0000:00:02.0: reg 0x30: [mem 0xfebe0000-0xfebeffff pref]
[    0.166159] pci 0000:00:03.0: [8086:100e] type 00 class 0x020000
[    0.168004] pci 0000:00:03.0: reg 0x10: [mem 0xfebc0000-0xfebdffff]
[    0.169260] pci 0000:00:03.0: reg 0x14: [io  0xc000-0xc03f]
[    0.172624] pci 0000:00:03.0: reg 0x30: [mem 0xfeb80000-0xfebbffff pref]
[    0.177006] ACPI: PCI Interrupt Link [LNKA] (IRQs 5 *10 11)
[    0.178687] ACPI: PCI Interrupt Link [LNKB] (IRQs 5 *10 11)
[    0.180062] ACPI: PCI Interrupt Link [LNKC] (IRQs 5 10 *11)
[    0.181186] ACPI: PCI Interrupt Link [LNKD] (IRQs 5 10 *11)
[    0.182040] ACPI: PCI Interrupt Link [LNKS] (IRQs *9)
[    0.185434] ACPI: Enabled 16 GPEs in block 00 to 0F
[    0.186301] vgaarb: setting as boot device: PCI:0000:00:02.0
[    0.186647] vgaarb: device added: PCI:0000:00:02.0,decodes=io+mem,owns=io+mem,locks=none
[    0.187010] vgaarb: loaded
[    0.188539] vgaarb: bridge control possible 0000:00:02.0
[    0.189567] SCSI subsystem initialized
[    0.190090] libata version 3.00 loaded.
[    0.191027] ACPI: bus type USB registered
[    0.191606] usbcore: registered new interface driver usbfs
[    0.192240] usbcore: registered new interface driver hub
[    0.193079] usbcore: registered new device driver usb
[    0.193791] pps_core: LinuxPPS API ver. 1 registered
[    0.194008] pps_core: Software ver. 5.3.6 - Copyright 2005-2007 Rodolfo Giometti <giometti@linux.it>
[    0.195041] PTP clock support registered
[    0.196123] Advanced Linux Sound Architecture Driver Initialized.
[    0.196891] PCI: Using ACPI for IRQ routing
[    0.197007] PCI: pci_cache_line_size set to 64 bytes
[    0.197606] e820: reserve RAM buffer [mem 0x0009fc00-0x0009ffff]
[    0.198005] e820: reserve RAM buffer [mem 0xbffdf000-0xbfffffff]
[    0.200268] NetLabel: Initializing
[    0.200379] NetLabel:  domain hash size = 128
[    0.201009] NetLabel:  protocols = UNLABELED CIPSOv4
[    0.201587] NetLabel:  unlabeled traffic allowed by default
[    0.202142] HPET: 3 timers in total, 0 timers will be used for per-cpu timer
[    0.203022] hpet0: at MMIO 0xfed00000, IRQs 2, 8, 0
[    0.203570] hpet0: 3 comparators, 64-bit 100.000000 MHz counter
[    0.207048] clocksource: Switched to clocksource kvm-clock
[    0.251768] pnp: PnP ACPI init
[    0.252464] pnp 00:00: Plug and Play ACPI device, IDs PNP0b00 (active)
[    0.253382] pnp 00:01: Plug and Play ACPI device, IDs PNP0303 (active)
[    0.254340] pnp 00:02: Plug and Play ACPI device, IDs PNP0f13 (active)
[    0.255212] pnp 00:03: [dma 2]
[    0.255676] pnp 00:03: Plug and Play ACPI device, IDs PNP0700 (active)
[    0.256667] pnp 00:04: Plug and Play ACPI device, IDs PNP0400 (active)
[    0.257645] pnp 00:05: Plug and Play ACPI device, IDs PNP0501 (active)
[    0.259625] pnp: PnP ACPI: found 6 devices
[    0.275203] clocksource: acpi_pm: mask: 0xffffff max_cycles: 0xffffff, max_idle_ns: 2085701024 ns
[    0.276140] pci_bus 0000:00: resource 4 [io  0x0000-0x0cf7 window]
[    0.276799] pci_bus 0000:00: resource 5 [io  0x0d00-0xffff window]
[    0.277444] pci_bus 0000:00: resource 6 [mem 0x000a0000-0x000bffff window]
[    0.278155] pci_bus 0000:00: resource 7 [mem 0xc0000000-0xfebfffff window]
[    0.278971] NET: Registered protocol family 2
[    0.279888] TCP established hash table entries: 32768 (order: 6, 262144 bytes)
[    0.280711] TCP bind hash table entries: 32768 (order: 7, 524288 bytes)
[    0.281477] TCP: Hash tables configured (established 32768 bind 32768)
[    0.282206] UDP hash table entries: 2048 (order: 4, 65536 bytes)
[    0.282822] UDP-Lite hash table entries: 2048 (order: 4, 65536 bytes)
[    0.283758] NET: Registered protocol family 1
[    0.284543] RPC: Registered named UNIX socket transport module.
[    0.285211] RPC: Registered udp transport module.
[    0.285706] RPC: Registered tcp transport module.
[    0.286212] RPC: Registered tcp NFSv4.1 backchannel transport module.
[    0.286912] pci 0000:00:00.0: Limiting direct PCI/PCI transfers
[    0.287543] pci 0000:00:01.0: PIIX3: Enabling Passive Release
[    0.288158] pci 0000:00:01.0: Activating ISA DMA hang workarounds
[    0.288832] pci 0000:00:02.0: Video device with shadowed ROM
[    0.289581] PCI: CLS 0 bytes, default 64
[    0.290405] PCI-DMA: Using software bounce buffering for IO (SWIOTLB)
[    0.291092] software IO TLB [mem 0xbbfdf000-0xbffdf000] (64MB) mapped at [ffff8800bbfdf000-ffff8800bffdefff]
[    0.292431] microcode: CPU0 sig=0x663, pf=0x1, revision=0x1
[    0.293087] microcode: CPU1 sig=0x663, pf=0x1, revision=0x1
[    0.293917] microcode: CPU2 sig=0x663, pf=0x1, revision=0x1
[    0.294807] microcode: CPU3 sig=0x663, pf=0x1, revision=0x1
[    0.295787] microcode: Microcode Update Driver: v2.00 <tigran@aivazian.fsnet.co.uk>, Peter Oruba
[    0.298997] Scanning for low memory corruption every 60 seconds
[    0.301467] futex hash table entries: 1024 (order: 4, 65536 bytes)
[    0.302224] audit: initializing netlink subsys (disabled)
[    0.302862] audit: type=2000 audit(1478023209.769:1): initialized
[    0.304450] HugeTLB registered 2 MB page size, pre-allocated 0 pages
[    0.321161] VFS: Disk quotas dquot_6.6.0
[    0.321931] VFS: Dquot-cache hash table entries: 512 (order 0, 4096 bytes)
[    0.326907] NFS: Registering the id_resolver key type
[    0.327587] Key type id_resolver registered
[    0.328035] Key type id_legacy registered
[    0.328706] 9p: Installing v9fs 9p2000 file system support
[    0.329929] SELinux:  Registering netfilter hooks
[    0.333500] Block layer SCSI generic (bsg) driver version 0.4 loaded (major 251)
[    0.334341] io scheduler noop registered
[    0.334760] io scheduler deadline registered
[    0.335733] io scheduler cfq registered (default)
[    0.336771] pci_hotplug: PCI Hot Plug PCI Core version: 0.5
[    0.338196] input: Power Button as /devices/LNXSYSTM:00/LNXPWRBN:00/input/input0
[    0.339186] ACPI: Power Button [PWRF]
[    0.341258] Serial: 8250/16550 driver, 4 ports, IRQ sharing enabled
[    0.364749] 00:05: ttyS0 at I/O 0x3f8 (irq = 4, base_baud = 115200) is a 16550A
[    0.368577] Non-volatile memory driver v1.3
[    0.369282] Linux agpgart interface v0.103
[    0.370095] [drm] Initialized drm 1.1.0 20060810
[    0.380543] loop: module loaded
[    0.381694] ata_piix 0000:00:01.1: version 2.13
[    0.385652] scsi host0: ata_piix
[    0.386781] scsi host1: ata_piix
[    0.387642] ata1: PATA max MWDMA2 cmd 0x1f0 ctl 0x3f6 bmdma 0xc040 irq 14
[    0.388344] ata2: PATA max MWDMA2 cmd 0x170 ctl 0x376 bmdma 0xc048 irq 15
[    0.389567] e100: Intel(R) PRO/100 Network Driver, 3.5.24-k2-NAPI
[    0.390212] e100: Copyright(c) 1999-2006 Intel Corporation
[    0.390869] e1000: Intel(R) PRO/1000 Network Driver - version 7.3.21-k8-NAPI
[    0.391613] e1000: Copyright (c) 1999-2006 Intel Corporation.
[    0.540552] ata1.01: NODEV after polling detection
[    0.541296] ata2.01: NODEV after polling detection
[    0.541989] ata2.00: ATAPI: QEMU DVD-ROM, 2.5+, max UDMA/100
[    0.542735] ata1.00: ATA-7: QEMU HARDDISK, 2.5+, max UDMA/100
[    0.543533] ata1.00: 2099200 sectors, multi 16: LBA48 
[    0.544666] ata2.00: configured for MWDMA2
[    0.545648] ata1.00: configured for MWDMA2
[    0.546600] scsi 0:0:0:0: Direct-Access     ATA      QEMU HARDDISK    2.5+ PQ: 0 ANSI: 5
[    0.549193] sd 0:0:0:0: [sda] 2099200 512-byte logical blocks: (1.07 GB/1.00 GiB)
[    0.550073] sd 0:0:0:0: Attached scsi generic sg0 type 0
[    0.550268] sd 0:0:0:0: [sda] Write Protect is off
[    0.550269] sd 0:0:0:0: [sda] Mode Sense: 00 3a 00 00
[    0.550319] sd 0:0:0:0: [sda] Write cache: enabled, read cache: enabled, doesn't support DPO or FUA
[    0.552484] sd 0:0:0:0: [sda] Attached SCSI disk
[    0.554690] scsi 1:0:0:0: CD-ROM            QEMU     QEMU DVD-ROM     2.5+ PQ: 0 ANSI: 5
[    0.566633] sr 1:0:0:0: [sr0] scsi3-mmc drive: 4x/4x cd/rw xa/form2 tray
[    0.567387] cdrom: Uniform CD-ROM driver Revision: 3.20
[    0.569277] sr 1:0:0:0: Attached scsi CD-ROM sr0
[    0.570432] sr 1:0:0:0: Attached scsi generic sg1 type 5
[    0.990455] ACPI: PCI Interrupt Link [LNKC] enabled at IRQ 11
[    1.286806] e1000 0000:00:03.0 eth0: (PCI:33MHz:32-bit) 52:54:00:12:34:56
[    1.287649] e1000 0000:00:03.0 eth0: Intel(R) PRO/1000 Network Connection
[    1.288475] sky2: driver version 1.30
[    1.289525] ehci_hcd: USB 2.0 'Enhanced' Host Controller (EHCI) Driver
[    1.290378] ehci-pci: EHCI PCI platform driver
[    1.291441] ohci_hcd: USB 1.1 'Open' Host Controller (OHCI) Driver
[    1.293157] ohci-pci: OHCI PCI platform driver
[    1.294309] uhci_hcd: USB Universal Host Controller Interface driver
[    1.295192] clocksource: tsc: mask: 0xffffffffffffffff max_cycles: 0x30e5debfb38, max_idle_ns: 440795265279 ns
[    1.298504] usbcore: registered new interface driver usblp
[    1.299541] usbcore: registered new interface driver usb-storage
[    1.301202] i8042: PNP: PS/2 Controller [PNP0303:KBD,PNP0f13:MOU] at 0x60,0x64 irq 1,12
[    1.304147] serio: i8042 KBD port at 0x60,0x64 irq 1
[    1.305035] serio: i8042 AUX port at 0x60,0x64 irq 12
[    1.306680] mousedev: PS/2 mouse device common for all mice
[    1.308805] input: AT Translated Set 2 keyboard as /devices/platform/i8042/serio0/input/input1
[    1.310607] rtc_cmos 00:00: RTC can wake from S4
[    1.312048] rtc_cmos 00:00: rtc core: registered rtc_cmos as rtc0
[    1.313164] rtc_cmos 00:00: alarms up to one day, 114 bytes nvram, hpet irqs
[    1.315028] device-mapper: ioctl: 4.32.0-ioctl (2015-6-26) initialised: dm-devel@redhat.com
[    1.316646] hidraw: raw HID events driver (C) Jiri Kosina
[    1.318863] usbcore: registered new interface driver usbhid
[    1.319538] usbhid: USB HID core driver
[    1.321412] Netfilter messages via NETLINK v0.30.
[    1.322116] nf_conntrack version 0.5.0 (16384 buckets, 65536 max)
[    1.323436] ctnetlink v0.93: registering with nfnetlink.
[    1.324534] ip_tables: (C) 2000-2006 Netfilter Core Team
[    1.325562] Initializing XFRM netlink socket
[    1.327397] NET: Registered protocol family 10
[    1.328863] ip6_tables: (C) 2000-2006 Netfilter Core Team
[    1.329848] sit: IPv6 over IPv4 tunneling driver
[    1.331293] NET: Registered protocol family 17
[    1.331902] 9pnet: Installing 9P2000 support
[    1.332512] Key type dns_resolver registered
[    1.335079] registered taskstats version 1
[    1.335829] kmemleak: Kernel memory leak detector initialized
[    1.337024] kmemleak: Automatic memory scanning thread started
[    1.337905]   Magic number: 8:974:37
[    1.338535] bdi 7:2: hash matches
[    1.339091] console [netcon0] enabled
[    1.339631] netconsole: network logging started
[    1.340856] PM: Hibernation image not present or could not be loaded.
[    1.341617] ALSA device list:
[    1.342077]   No soundcards found.
[    1.923407] input: ImExPS/2 Generic Explorer Mouse as /devices/platform/i8042/serio1/input/input3
[    1.926536] md: Waiting for all devices to be available before autodetect
[    1.928044] md: If you don't use raid, use raid=noautodetect
[    1.932334] md: Autodetecting RAID arrays.
[    1.933286] md: Scanned 0 and added 0 devices.
[    1.934242] md: autorun ...
[    1.934843] md: ... autorun DONE.
[    1.936565] EXT4-fs (sda): couldn't mount as ext3 due to feature incompatibilities
[    1.938928] EXT4-fs (sda): couldn't mount as ext2 due to feature incompatibilities
[    1.948273] EXT4-fs (sda): mounted filesystem with ordered data mode. Opts: (null)
[    1.949877] VFS: Mounted root (ext4 filesystem) readonly on device 8:0.
[    1.952461] devtmpfs: mounted
[    1.953883] Freeing unused kernel memory: 2776K (ffffffff81f16000 - ffffffff821cc000)
[    1.955421] Write protecting the kernel read-only data: 14336k
[    1.957252] Freeing unused kernel memory: 1520K (ffff880001884000 - ffff880001a00000)
[    1.959424] Freeing unused kernel memory: 1304K (ffff880001cba000 - ffff880001e00000)
SELinux:  Could not open policy file <= /etc/selinux/targeted/policy/policy.29:  No such file or directory
INIT: version 2.88 booting
[    2.010864] stty (975) used greatest stack depth: 13128 bytes left
[[36minfo[39;49m] Using makefile-style concurrent boot in runlevel S.
[    2.099855] ls (1010) used greatest stack depth: 13080 bytes left
[    2.100855] grep (1011) used greatest stack depth: 12640 bytes left
[....] Starting the hotplug events dispatcher: udevd[    2.201520] udevd[1083]: starting version 175
[?25l[?1c7[1G[[32m ok [39;49m8[?25h[?0c.
[....] Synthesizing the initial hotplug events...[?25l[?1c7[1G[[32m ok [39;49m8[?25h[?0cdone.
[....] Waiting for /dev to be fully populated...[    2.359541] random: nonblocking pool is initialized
[    2.361737] cdrom_id (1222) used greatest stack depth: 12368 bytes left
[?25l[?1c7[1G[[32m ok [39;49m8[?25h[?0cdone.
[....] Activating swap...[?25l[?1c7[1G[[32m ok [39;49m8[?25h[?0cdone.
[    2.510083] EXT4-fs (sda): re-mounted. Opts: (null)
[....] Creating compatibility symlink from /etc/mtab to /proc/mounts. ...[?25l[?1c7[1G[[33mwarn[39;49m8[?25h[?0c [33m(warning).[39;49m
[....] Cleaning up temporary files... /tmp[?25l[?1c7[1G[[32m ok [39;49m8[?25h[?0c.
[....] Activating lvm and md swap...[?25l[?1c7[1G[[32m ok [39;49m8[?25h[?0cdone.
[....] Checking file systems...fsck from util-linux 2.20.1
[?25l[?1c7[1G[[32m ok [39;49m8[?25h[?0cdone.
[....] Mounting local filesystems...[?25l[?1c7[1G[[32m ok [39;49m8[?25h[?0cdone.
[....] Activating swapfile swap...[?25l[?1c7[1G[[32m ok [39;49m8[?25h[?0cdone.
[....] Cleaning up temporary files...[?25l[?1c7[1G[[32m ok [39;49m8[?25h[?0c.
[....] Setting kernel variables ...[?25l[?1c7[1G[[32m ok [39;49m8[?25h[?0cdone.
[....] Configuring network interfaces...[    3.104409] ip (2276) used greatest stack depth: 12232 bytes left
Internet Systems Consortium DHCP Client 4.2.2
Copyright 2004-2011 Internet Systems Consortium.
All rights reserved.
For info, please visit https://www.isc.org/software/dhcp/

[    3.153510] e1000: eth0 NIC Link is Up 1000 Mbps Full Duplex, Flow Control: RX
Listening on LPF/eth0/52:54:00:12:34:56
Sending on   LPF/eth0/52:54:00:12:34:56
Sending on   Socket/fallback
DHCPDISCOVER on eth0 to 255.255.255.255 port 67 interval 8
DHCPREQUEST on eth0 to 255.255.255.255 port 67
DHCPOFFER from 10.0.2.2
DHCPACK from 10.0.2.2
bound to 10.0.2.15 -- renewal in 34804 seconds.
[?25l[?1c7[1G[[32m ok [39;49m8[?25h[?0cdone.
[....] Cleaning up temporary files...[?25l[?1c7[1G[[32m ok [39;49m8[?25h[?0c.
INIT: Entering runlevel: 2
[[36minfo[39;49m] Using makefile-style concurrent boot in runlevel 2.
[....] Starting enhanced syslogd: rsyslogd[?25l[?1c7[1G[[32m ok [39;49m8[?25h[?0c.
[....] Starting periodic command scheduler: cron[?25l[?1c7[1G[[32m ok [39;49m8[?25h[?0c.
[....] Starting OpenBSD Secure Shell server: sshd[?25l[?1c7[1G[[32m ok [39;49m8[?25h[?0c.
[    6.462891] kt: running test for light, case 6, T2546
[    6.462891] 
[    6.466834] kt: starting test light_test_create_destroy_16_parallel
[    6.471893] kt: end of test
[    6.473853] kt: starting test light_test_create_destroy_16_parallel
[    6.478410] kt: end of test
[    6.480120] 
[    6.481130] dump_desc: [create_16_sum]
[    6.483184] dump_desc evts: 1 0 3 2 4 11 9 7 5 13 6 8 10 12 14 15
[    6.487305] dump_desc   ts: 0 0 0 0 0 0 0 0 0 0 0 0 0 0 0 0
[    6.490687] dump_desc  ret:
[    6.492212] 
[    6.492919] dump_desc: [destroy_16_sum]
[    6.496236] dump_desc evts: 1 0 3 2 4 11 9 7 5 13 6 8 10 12 14 15
[    6.500025] dump_desc   ts: 0 0 0 0 0 0 0 0 0 0 0 0 0 0 0 0
[    6.502751] dump_desc  ret: 0 0 0 0 0 0 0 0 0 0 0 0 0 0 0 0
[    6.506698] LIGHT_SUCCESS
[    6.510418] kt: running test for light, case 6, T2580
[    6.510418] 
[    6.514550] kt: starting test light_test_create_destroy_16_parallel
[    6.519410] kt: end of test
[    6.521624] kt: starting test light_test_create_destroy_16_parallel
[    6.526834] kt: end of test
[    6.528508] 
[    6.529623] dump_desc: [create_16_sum]
[    6.532377] dump_desc evts: 16 22 19 20 17 25 18 21 24 27 29 28 26 23 30 31
[    6.536698] dump_desc   ts: 0 0 0 0 0 0 0 0 0 0 0 0 0 0 0 0
[    6.540187] dump_desc  ret:
[    6.542016] 
[    6.542949] dump_desc: [destroy_16_sum]
[    6.545386] dump_desc evts: 16 22 19 20 17 25 18 21 24 27 29 28 26 23 30 31
[    6.549580] dump_desc   ts: 0 0 0 0 0 0 0 0 0 0 0 0 0 0 0 0
[    6.553110] dump_desc  ret: 0 0 0 0 0 0 0 0 0 0 0 0 0 0 0 0
[    6.556567] LIGHT_SUCCESS
[    6.558222] bash (2580) used greatest stack depth: 12104 bytes left
[    6.558742] kt: running test for light, case 6, T2613
[    6.558742] 
[    6.558744] kt: starting test light_test_create_destroy_16_parallel
[    6.562162] kt: end of test
[    6.562163] kt: starting test light_test_create_destroy_16_parallel
[    6.563600] kt: end of test
[    6.563601] 
[    6.563602] dump_desc: [create_16_sum]
[    6.563606] dump_desc evts: 40 38 36 44 43 42 41 39 37 35 34 33 32 45 46 47
[    6.563609] dump_desc   ts: 0 0 0 0 0 0 0 0 0 1 0 0 0 0 0 0
[    6.563609] dump_desc  ret:
[    6.563610] 
[    6.563610] dump_desc: [destroy_16_sum]
[    6.563613] dump_desc evts: 40 38 36 44 43 42 41 39 37 35 34 33 32 45 46 47
[    6.563615] dump_desc   ts: 0 0 0 0 0 0 0 0 0 0 0 0 0 0 0 0
[    6.563616] dump_desc  ret: 0 0 0 0 0 0 0 0 0 0 0 0 0 0 0 0
[    6.563617] LIGHT_SUCCESS
[    6.564249] kt: running test for light, case 6, T2646
[    6.564249] 
[    6.564251] kt: starting test light_test_create_destroy_16_parallel
[    6.582565] kt: end of test
[    6.582567] kt: starting test light_test_create_destroy_16_parallel
[    6.583704] kt: end of test
[    6.583705] 
[    6.583706] dump_desc: [create_16_sum]
[    6.583709] dump_desc evts: 51 50 49 48 52 53 54 55 56 61 60 59 58 57 62 63
[    6.583711] dump_desc   ts: 0 0 0 0 0 0 0 0 0 0 0 0 0 0 0 0
[    6.583712] dump_desc  ret:
[    6.583712] 
[    6.583713] dump_desc: [destroy_16_sum]
[    6.583723] dump_desc evts: 51 50 49 48 52 53 54 55 56 61 60 59 58 57 62 63
[    6.583725] dump_desc   ts: 0 0 0 0 0 0 0 0 0 0 0 0 0 0 0 0
[    6.583727] dump_desc  ret: 0 0 0 0 0 0 0 0 0 0 0 0 0 0 0 0
[    6.583727] LIGHT_SUCCESS
[    6.584422] kt: running test for light, case 6, T2679
[    6.584422] 
[    6.584423] kt: starting test light_test_create_destroy_16_parallel
[    6.609533] kt: end of test
[    6.609535] kt: starting test light_test_create_destroy_16_parallel
[    6.610604] kt: end of test
[    6.610604] 
[    6.610605] dump_desc: [create_16_sum]
[    6.610607] dump_desc evts: 64 65 66 67 68 69 70 71 72 73 74 75 76 77 78 79
[    6.610608] dump_desc   ts: 0 0 0 0 0 0 0 0 0 0 0 0 0 0 0 0
[    6.610609] dump_desc  ret:
[    6.610609] 
[    6.610609] dump_desc: [destroy_16_sum]
[    6.610611] dump_desc evts: 64 65 66 67 68 69 70 71 72 73 74 75 76 77 78 79
[    6.610612] dump_desc   ts: 0 0 0 0 0 0 0 0 0 0 0 0 0 0 0 0
[    6.610614] dump_desc  ret: 0 0 0 0 0 0 0 0 0 0 0 0 0 0 0 0
[    6.610614] LIGHT_SUCCESS
[    6.635559] bash (2679) used greatest stack depth: 12048 bytes left
[    6.636356] kt: running test for light, case 6, T2712
[    6.636356] 
[    6.638305] kt: starting test light_test_create_destroy_16_parallel
[    6.641009] kt: end of test
[    6.641862] kt: starting test light_test_create_destroy_16_parallel
[    6.644724] kt: end of test
[    6.645647] 
[    6.646114] dump_desc: [create_16_sum]
[    6.646764] dump_desc evts: 82 81 80 83 84 85 86 87 88 89 90 91 92 93 94 95
[    6.648654] dump_desc   ts: 0 0 0 0 0 0 0 0 0 0 0 0 0 0 0 0
[    6.650472] dump_desc  ret:
[    6.651192] 
[    6.651469] dump_desc: [destroy_16_sum]
[    6.652891] dump_desc evts: 82 81 80 83 84 85 86 87 88 89 90 91 92 93 94 95
[    6.654473] dump_desc   ts: 0 0 0 0 0 0 0 0 0 0 0 0 0 0 0 0
[    6.656247] dump_desc  ret: 0 0 0 0 0 0 0 0 0 0 0 0 0 0 0 0
[    6.658170] LIGHT_SUCCESS
[    6.659675] kt: running test for light, case 6, T2745
[    6.659675] 
[    6.662296] kt: starting test light_test_create_destroy_16_parallel
[    6.665727] kt: end of test
[    6.666943] kt: starting test light_test_create_destroy_16_parallel
[    6.670260] kt: end of test
[    6.671210] 
[    6.671831] dump_desc: [create_16_sum]
[    6.672993] dump_desc evts: 101 100 99 98 97 96 102 103 104 105 106 107 108 109 110 111
[    6.675835] dump_desc   ts: 0 0 0 0 0 0 0 0 0 0 0 0 0 0 0 0
[    6.678156] dump_desc  ret:
[    6.678933] 
[    6.680152] dump_desc: [destroy_16_sum]
[    6.681856] dump_desc evts: 101 100 99 98 97 96 102 103 104 105 106 107 108 109 110 111
[    6.684243] dump_desc   ts: 0 0 0 0 0 0 0 0 0 0 0 0 0 0 0 0
[    6.686353] dump_desc  ret: 0 0 0 0 0 0 0 0 0 0 0 0 0 0 0 0
[    6.688501] LIGHT_SUCCESS
[    6.690319] kt: running test for light, case 6, T2778
[    6.690319] 
[    6.692191] kt: starting test light_test_create_destroy_16_parallel
[    6.695067] kt: end of test
[    6.696062] kt: starting test light_test_create_destroy_16_parallel
[    6.699125] kt: end of test
[    6.699960] 
[    6.700443] dump_desc: [create_16_sum]
[    6.701362] dump_desc evts: 113 112 114 115 116 117 118 119 120 121 122 123 124 125 126 127
[    6.703943] dump_desc   ts: 0 0 0 0 0 0 0 0 0 0 0 0 0 0 0 0
[    6.706257] dump_desc  ret:
[    6.706864] 
[    6.708225] dump_desc: [destroy_16_sum]
[    6.709314] dump_desc evts: 113 112 114 115 116 117 118 119 120 121 122 123 124 125 126 127
[    6.712061] dump_desc   ts: 0 0 0 0 0 0 0 0 0 0 0 0 0 0 0 0
[    6.714335] dump_desc  ret: 0 0 0 0 0 0 0 0 0 0 0 0 0 0 0 0
[    6.716617] LIGHT_SUCCESS
[    9.066857] kmemleak: 1 new suspected memory leaks (see /sys/kernel/debug/kmemleak)
INIT: SwitchingINIT: Sending processes the TERM signal
[[36minfo[39;49m] Using makefile-style concurrent boot in runlevel 0.
[....] Asking all remaining processes to terminate...[?25l[?1c7[1G[[32m ok [39;49m8[?25h[?0cdone.
[....] All processes ended within 1 seconds...[?25l[?1c7[1G[[32m ok [39;49m8[?25h[?0cdone.
[....] Stopping enhanced syslogd: rsyslogd[?25l[?1c7[1G[[32m ok [39;49m8[?25h[?0c.
[....] Deconfiguring network interfaces...Internet Systems Consortium DHCP Client 4.2.2
Copyright 2004-2011 Internet Systems Consortium.
All rights reserved.
For info, please visit https://www.isc.org/software/dhcp/

Listening on LPF/eth0/52:54:00:12:34:56
Sending on   LPF/eth0/52:54:00:12:34:56
Sending on   Socket/fallback
DHCPRELEASE on eth0 to 10.0.2.2 port 67
[?25l[?1c7[1G[[32m ok [39;49m8[?25h[?0cdone.
[[36minfo[39;49m] Saving the system clock.
[[36minfo[39;49m] Hardware Clock updated to Tue Nov  1 18:00:29 UTC 2016.
[....] Deactivating swap...[?25l[?1c7[1G[[32m ok [39;49m8[?25h[?0cdone.
[....] Unmounting local filesystems...[?25l[?1c7[1G[[32m ok [39;49m8[?25h[?0cdone.
[   20.158578] EXT4-fs (sda): re-mounted. Opts: (null)
[[36minfo[39;49m] Will now halt.
[   23.180340] sd 0:0:0:0: [sda] Synchronizing SCSI cache
[   23.181796] sd 0:0:0:0: [sda] Stopping disk
[   23.659741] ACPI: Preparing to enter system sleep state S5
[   23.660402] reboot: Power down
[   23.662406] acpi_power_off called
