early console in setup code
early console in decompress_kernel

Decompressing Linux... Parsing ELF... done.
Booting the kernel.
[    0.000000] Initializing cgroup subsys cpuset
[    0.000000] Initializing cgroup subsys cpu
[    0.000000] Initializing cgroup subsys cpuacct
[    0.000000] Linux version 4.2.0-team50-kt (progman@m91p) (gcc version 5.4.0 20160609 (Ubuntu 5.4.0-6ubuntu1~16.04.2) ) #113 SMP Tue Nov 1 01:38:20 EDT 2016
[    0.000000] Command line: console=ttyS0 root=/dev/sda debug earlyprintk=serial
[    0.000000] x86/fpu: Legacy x87 FPU detected.
[    0.000000] x86/fpu: Using 'lazy' FPU context switches.
[    0.000000] e820: BIOS-provided physical RAM map:
[    0.000000] BIOS-e820: [mem 0x0000000000000000-0x000000000009fbff] usable
[    0.000000] BIOS-e820: [mem 0x000000000009fc00-0x000000000009ffff] reserved
[    0.000000] BIOS-e820: [mem 0x00000000000f0000-0x00000000000fffff] reserved
[    0.000000] BIOS-e820: [mem 0x0000000000100000-0x00000000bffdefff] usable
[    0.000000] BIOS-e820: [mem 0x00000000bffdf000-0x00000000bfffffff] reserved
[    0.000000] BIOS-e820: [mem 0x00000000feffc000-0x00000000feffffff] reserved
[    0.000000] BIOS-e820: [mem 0x00000000fffc0000-0x00000000ffffffff] reserved
[    0.000000] BIOS-e820: [mem 0x0000000100000000-0x000000013fffffff] usable
[    0.000000] bootconsole [earlyser0] enabled
[    0.000000] NX (Execute Disable) protection: active
[    0.000000] SMBIOS 2.8 present.
[    0.000000] DMI: QEMU Standard PC (i440FX + PIIX, 1996), BIOS Ubuntu-1.8.2-1ubuntu1 04/01/2014
[    0.000000] Hypervisor detected: KVM
[    0.000000] e820: update [mem 0x00000000-0x00000fff] usable ==> reserved
[    0.000000] e820: remove [mem 0x000a0000-0x000fffff] usable
[    0.000000] e820: last_pfn = 0x140000 max_arch_pfn = 0x400000000
[    0.000000] MTRR default type: write-back
[    0.000000] MTRR fixed ranges enabled:
[    0.000000]   00000-9FFFF write-back
[    0.000000]   A0000-BFFFF uncachable
[    0.000000]   C0000-FFFFF write-protect
[    0.000000] MTRR variable ranges enabled:
[    0.000000]   0 base 00C0000000 mask FFC0000000 uncachable
[    0.000000]   1 disabled
[    0.000000]   2 disabled
[    0.000000]   3 disabled
[    0.000000]   4 disabled
[    0.000000]   5 disabled
[    0.000000]   6 disabled
[    0.000000]   7 disabled
[    0.000000] x86/PAT: PAT not supported by CPU.
[    0.000000] e820: last_pfn = 0xbffdf max_arch_pfn = 0x400000000
[    0.000000] found SMP MP-table at [mem 0x000f6600-0x000f660f] mapped at [ffff8800000f6600]
[    0.000000] Scanning 1 areas for low memory corruption
[    0.000000] Base memory trampoline at [ffff880000099000] 99000 size 24576
[    0.000000] init_memory_mapping: [mem 0x00000000-0x000fffff]
[    0.000000]  [mem 0x00000000-0x000fffff] page 4k
[    0.000000] BRK [0x022bd000, 0x022bdfff] PGTABLE
[    0.000000] BRK [0x022be000, 0x022befff] PGTABLE
[    0.000000] BRK [0x022bf000, 0x022bffff] PGTABLE
[    0.000000] init_memory_mapping: [mem 0x13fe00000-0x13fffffff]
[    0.000000]  [mem 0x13fe00000-0x13fffffff] page 2M
[    0.000000] BRK [0x022c0000, 0x022c0fff] PGTABLE
[    0.000000] init_memory_mapping: [mem 0x120000000-0x13fdfffff]
[    0.000000]  [mem 0x120000000-0x13fdfffff] page 2M
[    0.000000] init_memory_mapping: [mem 0x00100000-0xbffdefff]
[    0.000000]  [mem 0x00100000-0x001fffff] page 4k
[    0.000000]  [mem 0x00200000-0xbfdfffff] page 2M
[    0.000000]  [mem 0xbfe00000-0xbffdefff] page 4k
[    0.000000] init_memory_mapping: [mem 0x100000000-0x11fffffff]
[    0.000000]  [mem 0x100000000-0x11fffffff] page 2M
[    0.000000] ACPI: Early table checksum verification disabled
[    0.000000] ACPI: RSDP 0x00000000000F65B0 000014 (v00 BOCHS )
[    0.000000] ACPI: RSDT 0x00000000BFFE1511 000034 (v01 BOCHS  BXPCRSDT 00000001 BXPC 00000001)
[    0.000000] ACPI: FACP 0x00000000BFFE0954 000074 (v01 BOCHS  BXPCFACP 00000001 BXPC 00000001)
[    0.000000] ACPI: DSDT 0x00000000BFFDFD80 000BD4 (v01 BOCHS  BXPCDSDT 00000001 BXPC 00000001)
[    0.000000] ACPI: FACS 0x00000000BFFDFD40 000040
[    0.000000] ACPI: SSDT 0x00000000BFFE09C8 000A81 (v01 BOCHS  BXPCSSDT 00000001 BXPC 00000001)
[    0.000000] ACPI: APIC 0x00000000BFFE1449 000090 (v01 BOCHS  BXPCAPIC 00000001 BXPC 00000001)
[    0.000000] ACPI: HPET 0x00000000BFFE14D9 000038 (v01 BOCHS  BXPCHPET 00000001 BXPC 00000001)
[    0.000000] ACPI: Local APIC address 0xfee00000
[    0.000000] No NUMA configuration found
[    0.000000] Faking a node at [mem 0x0000000000000000-0x000000013fffffff]
[    0.000000] NODE_DATA(0) allocated [mem 0x13fff9000-0x13fffcfff]
[    0.000000] kvm-clock: Using msrs 4b564d01 and 4b564d00
[    0.000000] kvm-clock: cpu 0, msr 1:3fff8001, primary cpu clock
[    0.000000] clocksource: kvm-clock: mask: 0xffffffffffffffff max_cycles: 0x1cd42e4dffb, max_idle_ns: 881590591483 ns
[    0.000000]  [ffffea0000000000-ffffea0004ffffff] PMD -> [ffff88013b600000-ffff88013f5fffff] on node 0
[    0.000000] Zone ranges:
[    0.000000]   DMA      [mem 0x0000000000001000-0x0000000000ffffff]
[    0.000000]   DMA32    [mem 0x0000000001000000-0x00000000ffffffff]
[    0.000000]   Normal   [mem 0x0000000100000000-0x000000013fffffff]
[    0.000000] Movable zone start for each node
[    0.000000] Early memory node ranges
[    0.000000]   node   0: [mem 0x0000000000001000-0x000000000009efff]
[    0.000000]   node   0: [mem 0x0000000000100000-0x00000000bffdefff]
[    0.000000]   node   0: [mem 0x0000000100000000-0x000000013fffffff]
[    0.000000] Initmem setup node 0 [mem 0x0000000000001000-0x000000013fffffff]
[    0.000000] On node 0 totalpages: 1048445
[    0.000000]   DMA zone: 64 pages used for memmap
[    0.000000]   DMA zone: 21 pages reserved
[    0.000000]   DMA zone: 3998 pages, LIFO batch:0
[    0.000000]   DMA32 zone: 12224 pages used for memmap
[    0.000000]   DMA32 zone: 782303 pages, LIFO batch:31
[    0.000000]   Normal zone: 4096 pages used for memmap
[    0.000000]   Normal zone: 262144 pages, LIFO batch:31
[    0.000000] ACPI: PM-Timer IO Port: 0x608
[    0.000000] ACPI: Local APIC address 0xfee00000
[    0.000000] ACPI: LAPIC_NMI (acpi_id[0xff] dfl dfl lint[0x1])
[    0.000000] IOAPIC[0]: apic_id 0, version 17, address 0xfec00000, GSI 0-23
[    0.000000] ACPI: INT_SRC_OVR (bus 0 bus_irq 0 global_irq 2 dfl dfl)
[    0.000000] ACPI: INT_SRC_OVR (bus 0 bus_irq 5 global_irq 5 high level)
[    0.000000] ACPI: INT_SRC_OVR (bus 0 bus_irq 9 global_irq 9 high level)
[    0.000000] ACPI: INT_SRC_OVR (bus 0 bus_irq 10 global_irq 10 high level)
[    0.000000] ACPI: INT_SRC_OVR (bus 0 bus_irq 11 global_irq 11 high level)
[    0.000000] ACPI: IRQ0 used by override.
[    0.000000] ACPI: IRQ5 used by override.
[    0.000000] ACPI: IRQ9 used by override.
[    0.000000] ACPI: IRQ10 used by override.
[    0.000000] ACPI: IRQ11 used by override.
[    0.000000] Using ACPI (MADT) for SMP configuration information
[    0.000000] ACPI: HPET id: 0x8086a201 base: 0xfed00000
[    0.000000] smpboot: Allowing 4 CPUs, 0 hotplug CPUs
[    0.000000] PM: Registered nosave memory: [mem 0x00000000-0x00000fff]
[    0.000000] PM: Registered nosave memory: [mem 0x0009f000-0x0009ffff]
[    0.000000] PM: Registered nosave memory: [mem 0x000a0000-0x000effff]
[    0.000000] PM: Registered nosave memory: [mem 0x000f0000-0x000fffff]
[    0.000000] PM: Registered nosave memory: [mem 0xbffdf000-0xbfffffff]
[    0.000000] PM: Registered nosave memory: [mem 0xc0000000-0xfeffbfff]
[    0.000000] PM: Registered nosave memory: [mem 0xfeffc000-0xfeffffff]
[    0.000000] PM: Registered nosave memory: [mem 0xff000000-0xfffbffff]
[    0.000000] PM: Registered nosave memory: [mem 0xfffc0000-0xffffffff]
[    0.000000] e820: [mem 0xc0000000-0xfeffbfff] available for PCI devices
[    0.000000] Booting paravirtualized kernel on KVM
[    0.000000] clocksource: refined-jiffies: mask: 0xffffffff max_cycles: 0xffffffff, max_idle_ns: 1910969940391419 ns
[    0.000000] setup_percpu: NR_CPUS:64 nr_cpumask_bits:64 nr_cpu_ids:4 nr_node_ids:1
[    0.000000] PERCPU: Embedded 31 pages/cpu @ffff88013fc00000 s89624 r8192 d29160 u524288
[    0.000000] pcpu-alloc: s89624 r8192 d29160 u524288 alloc=1*2097152
[    0.000000] pcpu-alloc: [0] 0 1 2 3 
[    0.000000] KVM setup async PF for cpu 0
[    0.000000] kvm-stealtime: cpu 0, msr 13fc0d440
[    0.000000] Built 1 zonelists in Node order, mobility grouping on.  Total pages: 1032040
[    0.000000] Policy zone: Normal
[    0.000000] Kernel command line: console=ttyS0 root=/dev/sda debug earlyprintk=serial
[    0.000000] PID hash table entries: 4096 (order: 3, 32768 bytes)
[    0.000000] Calgary: detecting Calgary via BIOS EBDA area
[    0.000000] Calgary: Unable to locate Rio Grande table in EBDA - bailing!
[    0.000000] Memory: 4042292K/4193780K available (8706K kernel code, 1107K rwdata, 2792K rodata, 2776K init, 924K bss, 151488K reserved, 0K cma-reserved)
[    0.000000] SLUB: HWalign=64, Order=0-3, MinObjects=0, CPUs=4, Nodes=1
[    0.000000] Hierarchical RCU implementation.
[    0.000000] 	Additional per-CPU info printed with stalls.
[    0.000000] 	Build-time adjustment of leaf fanout to 64.
[    0.000000] 	RCU restricting CPUs from NR_CPUS=64 to nr_cpu_ids=4.
[    0.000000] RCU: Adjusting geometry for rcu_fanout_leaf=64, nr_cpu_ids=4
[    0.000000] NR_IRQS:4352 nr_irqs:456 16
[    0.000000] Console: colour VGA+ 80x25
[    0.000000] console [ttyS0] enabled
[    0.000000] console [ttyS0] enabled
[    0.000000] bootconsole [earlyser0] disabled
[    0.000000] bootconsole [earlyser0] disabled
[    0.000000] clocksource: hpet: mask: 0xffffffff max_cycles: 0xffffffff, max_idle_ns: 19112604467 ns
[    0.000000] hpet clockevent registered
[    0.000000] tsc: Detected 3392.294 MHz processor
[    0.002000] Calibrating delay loop (skipped) preset value.. 6784.58 BogoMIPS (lpj=3392294)
[    0.002306] pid_max: default: 32768 minimum: 301
[    0.003020] ACPI: Core revision 20150619
[    0.017823] ACPI: All ACPI Tables successfully acquired
[    0.018464] Security Framework initialized
[    0.019003] SELinux:  Initializing.
[    0.019386] SELinux:  Starting in permissive mode
[    0.020469] Dentry cache hash table entries: 524288 (order: 10, 4194304 bytes)
[    0.022523] Inode-cache hash table entries: 262144 (order: 9, 2097152 bytes)
[    0.023337] Mount-cache hash table entries: 8192 (order: 4, 65536 bytes)
[    0.024018] Mountpoint-cache hash table entries: 8192 (order: 4, 65536 bytes)
[    0.025589] Initializing cgroup subsys freezer
[    0.026091] mce: CPU supports 10 MCE banks
[    0.026569] Last level iTLB entries: 4KB 0, 2MB 0, 4MB 0
[    0.027004] Last level dTLB entries: 4KB 0, 2MB 0, 4MB 0, 1GB 0
[    0.028138] Freeing SMP alternatives memory: 32K (ffffffff821cc000 - ffffffff821d4000)
[    0.032622] ..TIMER: vector=0x30 apic1=0 pin1=2 apic2=-1 pin2=-1
[    0.033000] smpboot: CPU0: Intel QEMU Virtual CPU version 2.5+ (fam: 06, model: 06, stepping: 03)
[    0.033208] Performance Events: Broken PMU hardware detected, using software events only.
[    0.034002] Failed to access perfctr msr (MSR c2 is 0)
[    0.035451] x86: Booting SMP configuration:
[    0.035942] .... node  #0, CPUs:      #1
[    0.002000] kvm-clock: cpu 1, msr 1:3fff8041, secondary cpu clock
[    0.039016] KVM setup async PF for cpu 1
[    0.039552]  #2
[    0.039552] kvm-stealtime: cpu 1, msr 13fc8d440
[    0.002000] kvm-clock: cpu 2, msr 1:3fff8081, secondary cpu clock
[    0.043019] KVM setup async PF for cpu 2
[    0.043646]  #3
[    0.043646] kvm-stealtime: cpu 2, msr 13fd0d440
[    0.002000] kvm-clock: cpu 3, msr 1:3fff80c1, secondary cpu clock
[    0.045024] x86: Booted up 1 node, 4 CPUs
[    0.045016] KVM setup async PF for cpu 3
[    0.045016] kvm-stealtime: cpu 3, msr 13fd8d440
[    0.047002] smpboot: Total of 4 processors activated (27138.35 BogoMIPS)
[    0.048364] devtmpfs: initialized
[    0.050159] kworker/u8:0 (26) used greatest stack depth: 14408 bytes left
[    0.050415] clocksource: jiffies: mask: 0xffffffff max_cycles: 0xffffffff, max_idle_ns: 1911260446275000 ns
[    0.050510] RTC time: 18:00:34, date: 11/01/16
[    0.051163] NET: Registered protocol family 16
[    0.053619] kworker/u8:0 (28) used greatest stack depth: 13904 bytes left
[    0.059028] cpuidle: using governor ladder
[    0.065019] cpuidle: using governor menu
[    0.065683] ACPI: bus type PCI registered
[    0.066332] PCI: Using configuration type 1 for base access
[    0.097081] ACPI: Added _OSI(Module Device)
[    0.097642] ACPI: Added _OSI(Processor Device)
[    0.098002] ACPI: Added _OSI(3.0 _SCP Extensions)
[    0.098512] ACPI: Added _OSI(Processor Aggregator Device)
[    0.105033] ACPI: Interpreter enabled
[    0.105438] ACPI Exception: AE_NOT_FOUND, While evaluating Sleep State [\_S1_] (20150619/hwxface-580)
[    0.106242] ACPI Exception: AE_NOT_FOUND, While evaluating Sleep State [\_S2_] (20150619/hwxface-580)
[    0.107264] ACPI: (supports S0 S3 S4 S5)
[    0.107710] ACPI: Using IOAPIC for interrupt routing
[    0.108136] PCI: Using host bridge windows from ACPI; if necessary, use "pci=nocrs" and report a bug
[    0.137849] ACPI: PCI Root Bridge [PCI0] (domain 0000 [bus 00-ff])
[    0.138011] acpi PNP0A03:00: _OSC: OS supports [ASPM ClockPM Segments MSI]
[    0.139068] acpi PNP0A03:00: _OSC failed (AE_NOT_FOUND); disabling ASPM
[    0.140095] acpi PNP0A03:00: fail to add MMCONFIG information, can't access extended PCI configuration space under this bridge.
[    0.141393] PCI host bridge to bus 0000:00
[    0.142024] pci_bus 0000:00: root bus resource [bus 00-ff]
[    0.142602] pci_bus 0000:00: root bus resource [io  0x0000-0x0cf7 window]
[    0.143007] pci_bus 0000:00: root bus resource [io  0x0d00-0xffff window]
[    0.144005] pci_bus 0000:00: root bus resource [mem 0x000a0000-0x000bffff window]
[    0.145006] pci_bus 0000:00: root bus resource [mem 0xc0000000-0xfebfffff window]
[    0.146036] pci 0000:00:00.0: [8086:1237] type 00 class 0x060000
[    0.147777] pci 0000:00:01.0: [8086:7000] type 00 class 0x060100
[    0.149598] pci 0000:00:01.1: [8086:7010] type 00 class 0x010180
[    0.151828] pci 0000:00:01.1: reg 0x20: [io  0xc040-0xc04f]
[    0.153224] pci 0000:00:01.1: legacy IDE quirk: reg 0x10: [io  0x01f0-0x01f7]
[    0.154003] pci 0000:00:01.1: legacy IDE quirk: reg 0x14: [io  0x03f6]
[    0.154715] pci 0000:00:01.1: legacy IDE quirk: reg 0x18: [io  0x0170-0x0177]
[    0.155004] pci 0000:00:01.1: legacy IDE quirk: reg 0x1c: [io  0x0376]
[    0.157195] pci 0000:00:01.3: [8086:7113] type 00 class 0x068000
[    0.158125] pci 0000:00:01.3: quirk: [io  0x0600-0x063f] claimed by PIIX4 ACPI
[    0.158884] pci 0000:00:01.3: quirk: [io  0x0700-0x070f] claimed by PIIX4 SMB
[    0.160983] pci 0000:00:02.0: [1234:1111] type 00 class 0x030000
[    0.162392] pci 0000:00:02.0: reg 0x10: [mem 0xfd000000-0xfdffffff pref]
[    0.164347] pci 0000:00:02.0: reg 0x18: [mem 0xfebf0000-0xfebf0fff]
[    0.168470] pci 0000:00:02.0: reg 0x30: [mem 0xfebe0000-0xfebeffff pref]
[    0.170512] pci 0000:00:03.0: [8086:100e] type 00 class 0x020000
[    0.172317] pci 0000:00:03.0: reg 0x10: [mem 0xfebc0000-0xfebdffff]
[    0.173574] pci 0000:00:03.0: reg 0x14: [io  0xc000-0xc03f]
[    0.177006] pci 0000:00:03.0: reg 0x30: [mem 0xfeb80000-0xfebbffff pref]
[    0.181112] ACPI: PCI Interrupt Link [LNKA] (IRQs 5 *10 11)
[    0.182674] ACPI: PCI Interrupt Link [LNKB] (IRQs 5 *10 11)
[    0.183668] ACPI: PCI Interrupt Link [LNKC] (IRQs 5 10 *11)
[    0.185096] ACPI: PCI Interrupt Link [LNKD] (IRQs 5 10 *11)
[    0.185939] ACPI: PCI Interrupt Link [LNKS] (IRQs *9)
[    0.189419] ACPI: Enabled 16 GPEs in block 00 to 0F
[    0.190267] vgaarb: setting as boot device: PCI:0000:00:02.0
[    0.190650] vgaarb: device added: PCI:0000:00:02.0,decodes=io+mem,owns=io+mem,locks=none
[    0.192010] vgaarb: loaded
[    0.192010] vgaarb: bridge control possible 0000:00:02.0
[    0.193358] SCSI subsystem initialized
[    0.194089] libata version 3.00 loaded.
[    0.195031] ACPI: bus type USB registered
[    0.195346] usbcore: registered new interface driver usbfs
[    0.196030] usbcore: registered new interface driver hub
[    0.197005] usbcore: registered new device driver usb
[    0.197173] pps_core: LinuxPPS API ver. 1 registered
[    0.198001] pps_core: Software ver. 5.3.6 - Copyright 2005-2007 Rodolfo Giometti <giometti@linux.it>
[    0.199003] PTP clock support registered
[    0.200265] Advanced Linux Sound Architecture Driver Initialized.
[    0.201037] PCI: Using ACPI for IRQ routing
[    0.201037] PCI: pci_cache_line_size set to 64 bytes
[    0.201596] e820: reserve RAM buffer [mem 0x0009fc00-0x0009ffff]
[    0.202004] e820: reserve RAM buffer [mem 0xbffdf000-0xbfffffff]
[    0.204065] NetLabel: Initializing
[    0.204408] NetLabel:  domain hash size = 128
[    0.204870] NetLabel:  protocols = UNLABELED CIPSOv4
[    0.205094] NetLabel:  unlabeled traffic allowed by default
[    0.206149] HPET: 3 timers in total, 0 timers will be used for per-cpu timer
[    0.207015] hpet0: at MMIO 0xfed00000, IRQs 2, 8, 0
[    0.207570] hpet0: 3 comparators, 64-bit 100.000000 MHz counter
[    0.216074] clocksource: Switched to clocksource kvm-clock
[    0.261327] pnp: PnP ACPI init
[    0.262059] pnp 00:00: Plug and Play ACPI device, IDs PNP0b00 (active)
[    0.262988] pnp 00:01: Plug and Play ACPI device, IDs PNP0303 (active)
[    0.263931] pnp 00:02: Plug and Play ACPI device, IDs PNP0f13 (active)
[    0.264791] pnp 00:03: [dma 2]
[    0.265275] pnp 00:03: Plug and Play ACPI device, IDs PNP0700 (active)
[    0.266286] pnp 00:04: Plug and Play ACPI device, IDs PNP0400 (active)
[    0.267286] pnp 00:05: Plug and Play ACPI device, IDs PNP0501 (active)
[    0.269333] pnp: PnP ACPI: found 6 devices
[    0.271904] kworker/u8:0 (536) used greatest stack depth: 13680 bytes left
[    0.286177] clocksource: acpi_pm: mask: 0xffffff max_cycles: 0xffffff, max_idle_ns: 2085701024 ns
[    0.287144] pci_bus 0000:00: resource 4 [io  0x0000-0x0cf7 window]
[    0.287825] pci_bus 0000:00: resource 5 [io  0x0d00-0xffff window]
[    0.288502] pci_bus 0000:00: resource 6 [mem 0x000a0000-0x000bffff window]
[    0.289259] pci_bus 0000:00: resource 7 [mem 0xc0000000-0xfebfffff window]
[    0.290142] NET: Registered protocol family 2
[    0.291105] TCP established hash table entries: 32768 (order: 6, 262144 bytes)
[    0.291952] TCP bind hash table entries: 32768 (order: 7, 524288 bytes)
[    0.292705] TCP: Hash tables configured (established 32768 bind 32768)
[    0.293472] UDP hash table entries: 2048 (order: 4, 65536 bytes)
[    0.294129] UDP-Lite hash table entries: 2048 (order: 4, 65536 bytes)
[    0.295078] NET: Registered protocol family 1
[    0.295829] RPC: Registered named UNIX socket transport module.
[    0.296482] RPC: Registered udp transport module.
[    0.296978] RPC: Registered tcp transport module.
[    0.297463] RPC: Registered tcp NFSv4.1 backchannel transport module.
[    0.298149] pci 0000:00:00.0: Limiting direct PCI/PCI transfers
[    0.298784] pci 0000:00:01.0: PIIX3: Enabling Passive Release
[    0.299403] pci 0000:00:01.0: Activating ISA DMA hang workarounds
[    0.300074] pci 0000:00:02.0: Video device with shadowed ROM
[    0.300686] PCI: CLS 0 bytes, default 64
[    0.301308] PCI-DMA: Using software bounce buffering for IO (SWIOTLB)
[    0.301988] software IO TLB [mem 0xbbfdf000-0xbffdf000] (64MB) mapped at [ffff8800bbfdf000-ffff8800bffdefff]
[    0.303262] microcode: CPU0 sig=0x663, pf=0x1, revision=0x1
[    0.304087] microcode: CPU1 sig=0x663, pf=0x1, revision=0x1
[    0.304741] microcode: CPU2 sig=0x663, pf=0x1, revision=0x1
[    0.305369] microcode: CPU3 sig=0x663, pf=0x1, revision=0x1
[    0.306168] microcode: Microcode Update Driver: v2.00 <tigran@aivazian.fsnet.co.uk>, Peter Oruba
[    0.308489] Scanning for low memory corruption every 60 seconds
[    0.310493] futex hash table entries: 1024 (order: 4, 65536 bytes)
[    0.311245] audit: initializing netlink subsys (disabled)
[    0.311853] audit: type=2000 audit(1478023234.930:1): initialized
[    0.313310] HugeTLB registered 2 MB page size, pre-allocated 0 pages
[    0.328244] VFS: Disk quotas dquot_6.6.0
[    0.329001] VFS: Dquot-cache hash table entries: 512 (order 0, 4096 bytes)
[    0.333610] NFS: Registering the id_resolver key type
[    0.334253] Key type id_resolver registered
[    0.334722] Key type id_legacy registered
[    0.335414] 9p: Installing v9fs 9p2000 file system support
[    0.336564] SELinux:  Registering netfilter hooks
[    0.339543] Block layer SCSI generic (bsg) driver version 0.4 loaded (major 251)
[    0.340343] io scheduler noop registered
[    0.340794] io scheduler deadline registered
[    0.341698] io scheduler cfq registered (default)
[    0.342509] pci_hotplug: PCI Hot Plug PCI Core version: 0.5
[    0.343561] input: Power Button as /devices/LNXSYSTM:00/LNXPWRBN:00/input/input0
[    0.344343] ACPI: Power Button [PWRF]
[    0.345983] Serial: 8250/16550 driver, 4 ports, IRQ sharing enabled
[    0.369782] 00:05: ttyS0 at I/O 0x3f8 (irq = 4, base_baud = 115200) is a 16550A
[    0.374166] Non-volatile memory driver v1.3
[    0.375148] Linux agpgart interface v0.103
[    0.375946] [drm] Initialized drm 1.1.0 20060810
[    0.389740] loop: module loaded
[    0.391000] ata_piix 0000:00:01.1: version 2.13
[    0.395493] scsi host0: ata_piix
[    0.396938] scsi host1: ata_piix
[    0.398049] ata1: PATA max MWDMA2 cmd 0x1f0 ctl 0x3f6 bmdma 0xc040 irq 14
[    0.399147] ata2: PATA max MWDMA2 cmd 0x170 ctl 0x376 bmdma 0xc048 irq 15
[    0.400549] e100: Intel(R) PRO/100 Network Driver, 3.5.24-k2-NAPI
[    0.401293] e100: Copyright(c) 1999-2006 Intel Corporation
[    0.402040] e1000: Intel(R) PRO/1000 Network Driver - version 7.3.21-k8-NAPI
[    0.402948] e1000: Copyright (c) 1999-2006 Intel Corporation.
[    0.551467] ata1.01: NODEV after polling detection
[    0.552173] ata2.01: NODEV after polling detection
[    0.553073] ata1.00: ATA-7: QEMU HARDDISK, 2.5+, max UDMA/100
[    0.553783] ata1.00: 2099200 sectors, multi 16: LBA48 
[    0.554444] ata2.00: ATAPI: QEMU DVD-ROM, 2.5+, max UDMA/100
[    0.555495] ata1.00: configured for MWDMA2
[    0.555953] ata2.00: configured for MWDMA2
[    0.556231] scsi 0:0:0:0: Direct-Access     ATA      QEMU HARDDISK    2.5+ PQ: 0 ANSI: 5
[    0.557467] sd 0:0:0:0: Attached scsi generic sg0 type 0
[    0.557526] sd 0:0:0:0: [sda] 2099200 512-byte logical blocks: (1.07 GB/1.00 GiB)
[    0.557742] sd 0:0:0:0: [sda] Write Protect is off
[    0.557744] sd 0:0:0:0: [sda] Mode Sense: 00 3a 00 00
[    0.557796] sd 0:0:0:0: [sda] Write cache: enabled, read cache: enabled, doesn't support DPO or FUA
[    0.562700] scsi 1:0:0:0: CD-ROM            QEMU     QEMU DVD-ROM     2.5+ PQ: 0 ANSI: 5
[    0.565512] sd 0:0:0:0: [sda] Attached SCSI disk
[    0.575529] sr 1:0:0:0: [sr0] scsi3-mmc drive: 4x/4x cd/rw xa/form2 tray
[    0.576348] cdrom: Uniform CD-ROM driver Revision: 3.20
[    0.578146] sr 1:0:0:0: Attached scsi CD-ROM sr0
[    0.579245] sr 1:0:0:0: Attached scsi generic sg1 type 5
[    0.999642] ACPI: PCI Interrupt Link [LNKC] enabled at IRQ 11
[    1.296865] e1000 0000:00:03.0 eth0: (PCI:33MHz:32-bit) 52:54:00:12:34:56
[    1.297672] e1000 0000:00:03.0 eth0: Intel(R) PRO/1000 Network Connection
[    1.298489] sky2: driver version 1.30
[    1.299473] ehci_hcd: USB 2.0 'Enhanced' Host Controller (EHCI) Driver
[    1.300380] ehci-pci: EHCI PCI platform driver
[    1.301052] ohci_hcd: USB 1.1 'Open' Host Controller (OHCI) Driver
[    1.301763] ohci-pci: OHCI PCI platform driver
[    1.302440] uhci_hcd: USB Universal Host Controller Interface driver
[    1.303487] usbcore: registered new interface driver usblp
[    1.304457] usbcore: registered new interface driver usb-storage
[    1.305081] tsc: Refined TSC clocksource calibration: 3392.382 MHz
[    1.305083] clocksource: tsc: mask: 0xffffffffffffffff max_cycles: 0x30e63239e35, max_idle_ns: 440795230997 ns
[    1.307373] i8042: PNP: PS/2 Controller [PNP0303:KBD,PNP0f13:MOU] at 0x60,0x64 irq 1,12
[    1.309207] serio: i8042 KBD port at 0x60,0x64 irq 1
[    1.309986] serio: i8042 AUX port at 0x60,0x64 irq 12
[    1.311523] mousedev: PS/2 mouse device common for all mice
[    1.313034] rtc_cmos 00:00: RTC can wake from S4
[    1.314258] input: AT Translated Set 2 keyboard as /devices/platform/i8042/serio0/input/input1
[    1.315466] rtc_cmos 00:00: rtc core: registered rtc_cmos as rtc0
[    1.316479] rtc_cmos 00:00: alarms up to one day, 114 bytes nvram, hpet irqs
[    1.318806] device-mapper: ioctl: 4.32.0-ioctl (2015-6-26) initialised: dm-devel@redhat.com
[    1.320306] hidraw: raw HID events driver (C) Jiri Kosina
[    1.322791] usbcore: registered new interface driver usbhid
[    1.323421] usbhid: USB HID core driver
[    1.325522] Netfilter messages via NETLINK v0.30.
[    1.326198] nf_conntrack version 0.5.0 (16384 buckets, 65536 max)
[    1.327272] ctnetlink v0.93: registering with nfnetlink.
[    1.328033] ip_tables: (C) 2000-2006 Netfilter Core Team
[    1.328943] Initializing XFRM netlink socket
[    1.330563] NET: Registered protocol family 10
[    1.331887] ip6_tables: (C) 2000-2006 Netfilter Core Team
[    1.332776] sit: IPv6 over IPv4 tunneling driver
[    1.334136] NET: Registered protocol family 17
[    1.334667] 9pnet: Installing 9P2000 support
[    1.335261] Key type dns_resolver registered
[    1.337772] registered taskstats version 1
[    1.338335] kmemleak: Kernel memory leak detector initialized
[    1.338337] kmemleak: Automatic memory scanning thread started
[    1.339978]   Magic number: 8:974:37
[    1.340378] bdi 7:2: hash matches
[    1.340823] console [netcon0] enabled
[    1.341217] netconsole: network logging started
[    1.342310] PM: Hibernation image not present or could not be loaded.
[    1.343001] ALSA device list:
[    1.343351]   No soundcards found.
[    1.924862] input: ImExPS/2 Generic Explorer Mouse as /devices/platform/i8042/serio1/input/input3
[    1.927942] md: Waiting for all devices to be available before autodetect
[    1.929430] md: If you don't use raid, use raid=noautodetect
[    1.933155] md: Autodetecting RAID arrays.
[    1.934021] md: Scanned 0 and added 0 devices.
[    1.934936] md: autorun ...
[    1.935591] md: ... autorun DONE.
[    1.937222] EXT4-fs (sda): couldn't mount as ext3 due to feature incompatibilities
[    1.939506] EXT4-fs (sda): couldn't mount as ext2 due to feature incompatibilities
[    1.948190] EXT4-fs (sda): mounted filesystem with ordered data mode. Opts: (null)
[    1.950324] VFS: Mounted root (ext4 filesystem) readonly on device 8:0.
[    1.952826] devtmpfs: mounted
[    1.954001] Freeing unused kernel memory: 2776K (ffffffff81f16000 - ffffffff821cc000)
[    1.955529] Write protecting the kernel read-only data: 14336k
[    1.957153] Freeing unused kernel memory: 1520K (ffff880001884000 - ffff880001a00000)
[    1.958894] Freeing unused kernel memory: 1304K (ffff880001cba000 - ffff880001e00000)
SELinux:  Could not open policy file <= /etc/selinux/targeted/policy/policy.29:  No such file or directory
INIT: version 2.88 booting
[    2.007638] stty (975) used greatest stack depth: 13128 bytes left
[[36minfo[39;4[    2.051528] echo (983) used greatest stack depth: 12928 bytes left
9m] Using makefile-style concurrent boot in runlevel S.
[....] Starting the hotplug events dispatcher: udevd[    2.186088] udevd[1083]: starting version 175
[?25l[?1c7[1G[[32m ok [39;49m8[?25h[?0c.
[....] Synthesizing the initial hotplug events...[    2.298528] scsi_id (1218) used greatest stack depth: 12640 bytes left
[?25l[?1c7[1G[[32m ok [39;49m8[?25h[?0cdone.
[....] Waiting for /dev to be fully populated...[?25l[?1c7[1G[[32m ok [39;49m8[?25h[?0cdone.
[    2.370219] random: nonblocking pool is initialized
[....] Activating swap...[?25l[?1c7[1G[[32m ok [39;49m8[?25h[?0cdone.
[    2.450950] EXT4-fs (sda): re-mounted. Opts: (null)
[....] Creating compatibility symlink from /etc/mtab to /proc/mounts. ...[?25l[?1c7[1G[[33mwarn[39;49m8[?25h[?0c [33m(warning).[39;49m
[....] Cleaning up temporary files... /tmp[?25l[?1c7[1G[[32m ok [39;49m8[?25h[?0c.
[....] Activating lvm and md swap...[?25l[?1c7[1G[[32m ok [39;49m8[?25h[?0cdone.
[....] Checking file systems...fsck from util-linux 2.20.1
[?25l[?1c7[1G[[32m ok [39;49m8[?25h[?0cdone.
[....] Mounting local filesystems...[?25l[?1c7[1G[[32m ok [39;49m8[?25h[?0cdone.
[....] Activating swapfile swap...[?25l[?1c7[1G[[32m ok [39;49m8[?25h[?0cdone.
[....] Cleaning up temporary files...[?25l[?1c7[1G[[32m ok [39;49m8[?25h[?0c.
[....] Setting kernel variables ...[?25l[?1c7[1G[[32m ok [39;49m8[?25h[?0cdone.
[....] Configuring network interfaces...[    3.026552] ip (2282) used greatest stack depth: 12232 bytes left
Internet Systems Consortium DHCP Client 4.2.2
Copyright 2004-2011 Internet Systems Consortium.
All rights reserved.
For info, please visit https://www.isc.org/software/dhcp/

[    3.079956] e1000: eth0 NIC Link is Up 1000 Mbps Full Duplex, Flow Control: RX
Listening on LPF/eth0/52:54:00:12:34:56
Sending on   LPF/eth0/52:54:00:12:34:56
Sending on   Socket/fallback
DHCPDISCOVER on eth0 to 255.255.255.255 port 67 interval 3
DHCPREQUEST on eth0 to 255.255.255.255 port 67
DHCPOFFER from 10.0.2.2
DHCPACK from 10.0.2.2
bound to 10.0.2.15 -- renewal in 37017 seconds.
[?25l[?1c7[1G[[32m ok [39;49m8[?25h[?0cdone.
[....] Cleaning up temporary files...[?25l[?1c7[1G[[32m ok [39;49m8[?25h[?0c.
INIT: Entering runlevel: 2
[[36minfo[39;49m] Using makefile-style concurrent boot in runlevel 2.
[....] Starting enhanced syslogd: rsyslogd[?25l[?1c7[1G[[32m ok [39;49m8[?25h[?0c.
[....] Starting periodic command scheduler: cron[?25l[?1c7[1G[[32m ok [39;49m8[?25h[?0c.
[....] Starting OpenBSD Secure Shell server: sshd[?25l[?1c7[1G[[32m ok [39;49m8[?25h[?0c.
[    6.371957] kt: running test for light, case 7, T2547
[    6.371957] 
[    6.375826] kt: starting test light_test_lots_of_wait_on_one_signal_destroy
[    6.583213] kt: end of test
[    6.585409] 
[    6.586841] dump_desc: [create_destroy]
[    6.589448] dump_desc evts: 0
[    6.591773] dump_desc   ts: 0 201 201 201
[    6.594702] dump_desc  ret: 0 0 0
[    6.597337] 
[    6.598443] dump_desc: [sum_wait]
[    6.601064] dump_desc evts: 0
[    6.603165] dump_desc   ts: 201 201 201 201 201 201 201 201 201 201 201 201 201 201 201
[    6.609406] dump_desc  ret: 0 0 0 0 0 0 0 0 0 0 0 0 0 0 0
[    6.613495] LIGHT_SUCCESS
[    6.616154] kt: running test for light, case 7, T2565
[    6.616154] 
[    6.619925] kt: starting test light_test_lots_of_wait_on_one_signal_destroy
[    6.826263] kt: end of test
[    6.827756] 
[    6.828877] dump_desc: [create_destroy]
[    6.831763] dump_desc evts: 1
[    6.833714] dump_desc   ts: 0 201 201 201
[    6.838076] dump_desc  ret: 0 0 0
[    6.841187] 
[    6.842748] dump_desc: [sum_wait]
[    6.845586] dump_desc evts: 1
[    6.848494] dump_desc   ts: 201 201 201 201 201 201 201 201 201 201 201 201 201 201 201
[    6.852803] dump_desc  ret: 0 0 0 0 0 0 0 0 0 0 0 0 0 0 0
[    6.856626] LIGHT_SUCCESS
[    6.859538] kt: running test for light, case 7, T2582
[    6.859538] 
[    6.863400] kt: starting test light_test_lots_of_wait_on_one_signal_destroy
[    7.070318] kt: end of test
[    7.071872] 
[    7.072804] dump_desc: [create_destroy]
[    7.076045] dump_desc evts: 2
[    7.078511] dump_desc   ts: 0 201 201 201
[    7.081846] dump_desc  ret: 0 0 0
[    7.084743] 
[    7.085728] dump_desc: [sum_wait]
[    7.088226] dump_desc evts: 2
[    7.090366] dump_desc   ts: 201 201 200 200 200 200 200 200 200 200 200 200 200 200 200
[    7.095352] dump_desc  ret: 0 0 0 0 0 0 0 0 0 0 0 0 0 0 0
[    7.099233] LIGHT_SUCCESS
[    7.102268] kt: running test for light, case 7, T2599
[    7.102268] 
[    7.106336] kt: starting test light_test_lots_of_wait_on_one_signal_destroy
[    7.313245] kt: end of test
[    7.314777] 
[    7.315793] dump_desc: [create_destroy]
[    7.318746] dump_desc evts: 3
[    7.321343] dump_desc   ts: 0 201 201 201
[    7.324702] dump_desc  ret: 0 0 0
[    7.327715] 
[    7.329145] dump_desc: [sum_wait]
[    7.331385] dump_desc evts: 3
[    7.335082] dump_desc   ts: 201 201 201 201 201 201 201 201 201 201 201 201 201 201 201
[    7.339604] dump_desc  ret: 0 0 0 0 0 0 0 0 0 0 0 0 0 0 0
[    7.343588] LIGHT_SUCCESS
[    7.346406] kt: running test for light, case 7, T2616
[    7.346406] 
[    7.351051] kt: starting test light_test_lots_of_wait_on_one_signal_destroy
[    7.558306] kt: end of test
[    7.560169] 
[    7.560896] dump_desc: [create_destroy]
[    7.563357] dump_desc evts: 4
[    7.565789] dump_desc   ts: 0 201 201 201
[    7.569773] dump_desc  ret: 0 0 0
[    7.572830] 
[    7.573749] dump_desc: [sum_wait]
[    7.575967] dump_desc evts: 4
[    7.579423] dump_desc   ts: 201 201 201 201 201 201 201 201 201 201 201 201 201 201 201
[    7.585460] dump_desc  ret: 0 0 0 0 0 0 0 0 0 0 0 0 0 0 0
[    7.590299] LIGHT_SUCCESS
[    7.593623] kt: running test for light, case 7, T2633
[    7.593623] 
[    7.597463] kt: starting test light_test_lots_of_wait_on_one_signal_destroy
[    7.806215] kt: end of test
[    7.807434] 
[    7.808386] dump_desc: [create_destroy]
[    7.810978] dump_desc evts: 5
[    7.813104] dump_desc   ts: 0 201 201 201
[    7.816368] dump_desc  ret: 0 0 0
[    7.819088] 
[    7.820618] dump_desc: [sum_wait]
[    7.823702] dump_desc evts: 5
[    7.826065] dump_desc   ts: 201 201 201 201 201 201 201 201 201 201 201 201 201 201 201
[    7.831875] dump_desc  ret: 0 0 0 0 0 0 0 0 0 0 0 0 0 0 0
[    7.835868] LIGHT_SUCCESS
[    7.838760] kt: running test for light, case 7, T2650
[    7.838760] 
[    7.842925] kt: starting test light_test_lots_of_wait_on_one_signal_destroy
[    8.050293] kt: end of test
[    8.052620] 
[    8.053317] dump_desc: [create_destroy]
[    8.055927] dump_desc evts: 6
[    8.058247] dump_desc   ts: 0 201 201 201
[    8.061471] dump_desc  ret: 0 0 0
[    8.063849] 
[    8.065328] dump_desc: [sum_wait]
[    8.068418] dump_desc evts: 6
[    8.071140] dump_desc   ts: 201 201 201 201 201 201 201 201 201 201 201 201 201 201 201
[    8.077221] dump_desc  ret: 0 0 0 0 0 0 0 0 0 0 0 0 0 0 0
[    8.079972] LIGHT_SUCCESS
[    8.084298] kt: running test for light, case 7, T2667
[    8.084298] 
[    8.088156] kt: starting test light_test_lots_of_wait_on_one_signal_destroy
[    8.295308] kt: end of test
[    8.296374] 
[    8.297259] dump_desc: [create_destroy]
[    8.299167] dump_desc evts: 7
[    8.300733] dump_desc   ts: 0 201 201 201
[    8.304007] dump_desc  ret: 0 0 0
[    8.306443] 
[    8.307633] dump_desc: [sum_wait]
[    8.309968] dump_desc evts: 7
[    8.312022] dump_desc   ts: 201 201 201 201 201 201 201 201 201 201 201 201 201 201 201
[    8.317040] dump_desc  ret: 0 0 0 0 0 0 0 0 0 0 0 0 0 0 0
[    8.320533] LIGHT_SUCCESS
[   10.668831] kmemleak: 1 new suspected memory leaks (see /sys/kernel/debug/kmemleak)
INIT: Switching to runlevel: 0
INIT: Sending processes the TERM signal
[[36minfo[39;49m] Using makefile-style concurrent boot in runlevel 0.
[....] Asking all remaining processes to terminate...[?25l[?1c7[1G[[32m ok [39;49m8[?25h[?0cdone.
[....] All processes ended within 1 seconds...[?25l[?1c7[1G[[32m ok [39;49m8[?25h[?0cdone.
[....] Stopping enhanced syslogd: rsyslogd[?25l[?1c7[1G[[32m ok [39;49m8[?25h[?0c.
[....] Deconfiguring network interfaces...Internet Systems Consortium DHCP Client 4.2.2
Copyright 2004-2011 Internet Systems Consortium.
All rights reserved.
For info, please visit https://www.isc.org/software/dhcp/

Listening on LPF/eth0/52:54:00:12:34:56
Sending on   LPF/eth0/52:54:00:12:34:56
Sending on   Socket/fallback
DHCPRELEASE on eth0 to 10.0.2.2 port 67
[?25l[?1c7[1G[[32m ok [39;49m8[?25h[?0cdone.
[[36minfo[39;49m] Saving the system clock.
[[36minfo[39;49m] Hardware Clock updated to Tue Nov  1 18:00:56 UTC 2016.
[....] Deactivating swap...[?25l[?1c7[1G[[32m ok [39;49m8[?25h[?0cdone.
[....] Unmounting local filesystems...[?25l[?1c7[1G[[32m ok [39;49m8[?25h[?0cdone.
[   22.010144] EXT4-fs (sda): re-mounted. Opts: (null)
[[36minfo[39;49m] Will now halt.
[   25.038571] sd 0:0:0:0: [sda] Synchronizing SCSI cache
[   25.039310] sd 0:0:0:0: [sda] Stopping disk
[   25.450122] ACPI: Preparing to enter system sleep state S5
[   25.450709] reboot: Power down
[   25.451707] acpi_power_off called
