early console in setup code
early console in decompress_kernel

Decompressing Linux... Parsing ELF... done.
Booting the kernel.
[    0.000000] Initializing cgroup subsys cpuset
[    0.000000] Initializing cgroup subsys cpu
[    0.000000] Initializing cgroup subsys cpuacct
[    0.000000] Linux version 4.2.0-team50-kt (progman@m91p) (gcc version 5.4.0 20160609 (Ubuntu 5.4.0-6ubuntu1~16.04.2) ) #113 SMP Tue Nov 1 01:38:20 EDT 2016
[    0.000000] Command line: console=ttyS0 root=/dev/sda debug earlyprintk=serial
[    0.000000] x86/fpu: Legacy x87 FPU detected.
[    0.000000] x86/fpu: Using 'lazy' FPU context switches.
[    0.000000] e820: BIOS-provided physical RAM map:
[    0.000000] BIOS-e820: [mem 0x0000000000000000-0x000000000009fbff] usable
[    0.000000] BIOS-e820: [mem 0x000000000009fc00-0x000000000009ffff] reserved
[    0.000000] BIOS-e820: [mem 0x00000000000f0000-0x00000000000fffff] reserved
[    0.000000] BIOS-e820: [mem 0x0000000000100000-0x00000000bffdefff] usable
[    0.000000] BIOS-e820: [mem 0x00000000bffdf000-0x00000000bfffffff] reserved
[    0.000000] BIOS-e820: [mem 0x00000000feffc000-0x00000000feffffff] reserved
[    0.000000] BIOS-e820: [mem 0x00000000fffc0000-0x00000000ffffffff] reserved
[    0.000000] BIOS-e820: [mem 0x0000000100000000-0x000000013fffffff] usable
[    0.000000] bootconsole [earlyser0] enabled
[    0.000000] NX (Execute Disable) protection: active
[    0.000000] SMBIOS 2.8 present.
[    0.000000] DMI: QEMU Standard PC (i440FX + PIIX, 1996), BIOS Ubuntu-1.8.2-1ubuntu1 04/01/2014
[    0.000000] Hypervisor detected: KVM
[    0.000000] e820: update [mem 0x00000000-0x00000fff] usable ==> reserved
[    0.000000] e820: remove [mem 0x000a0000-0x000fffff] usable
[    0.000000] e820: last_pfn = 0x140000 max_arch_pfn = 0x400000000
[    0.000000] MTRR default type: write-back
[    0.000000] MTRR fixed ranges enabled:
[    0.000000]   00000-9FFFF write-back
[    0.000000]   A0000-BFFFF uncachable
[    0.000000]   C0000-FFFFF write-protect
[    0.000000] MTRR variable ranges enabled:
[    0.000000]   0 base 00C0000000 mask FFC0000000 uncachable
[    0.000000]   1 disabled
[    0.000000]   2 disabled
[    0.000000]   3 disabled
[    0.000000]   4 disabled
[    0.000000]   5 disabled
[    0.000000]   6 disabled
[    0.000000]   7 disabled
[    0.000000] x86/PAT: PAT not supported by CPU.
[    0.000000] e820: last_pfn = 0xbffdf max_arch_pfn = 0x400000000
[    0.000000] found SMP MP-table at [mem 0x000f6600-0x000f660f] mapped at [ffff8800000f6600]
[    0.000000] Scanning 1 areas for low memory corruption
[    0.000000] Base memory trampoline at [ffff880000099000] 99000 size 24576
[    0.000000] init_memory_mapping: [mem 0x00000000-0x000fffff]
[    0.000000]  [mem 0x00000000-0x000fffff] page 4k
[    0.000000] BRK [0x022bd000, 0x022bdfff] PGTABLE
[    0.000000] BRK [0x022be000, 0x022befff] PGTABLE
[    0.000000] BRK [0x022bf000, 0x022bffff] PGTABLE
[    0.000000] init_memory_mapping: [mem 0x13fe00000-0x13fffffff]
[    0.000000]  [mem 0x13fe00000-0x13fffffff] page 2M
[    0.000000] BRK [0x022c0000, 0x022c0fff] PGTABLE
[    0.000000] init_memory_mapping: [mem 0x120000000-0x13fdfffff]
[    0.000000]  [mem 0x120000000-0x13fdfffff] page 2M
[    0.000000] init_memory_mapping: [mem 0x00100000-0xbffdefff]
[    0.000000]  [mem 0x00100000-0x001fffff] page 4k
[    0.000000]  [mem 0x00200000-0xbfdfffff] page 2M
[    0.000000]  [mem 0xbfe00000-0xbffdefff] page 4k
[    0.000000] init_memory_mapping: [mem 0x100000000-0x11fffffff]
[    0.000000]  [mem 0x100000000-0x11fffffff] page 2M
[    0.000000] ACPI: Early table checksum verification disabled
[    0.000000] ACPI: RSDP 0x00000000000F65B0 000014 (v00 BOCHS )
[    0.000000] ACPI: RSDT 0x00000000BFFE1511 000034 (v01 BOCHS  BXPCRSDT 00000001 BXPC 00000001)
[    0.000000] ACPI: FACP 0x00000000BFFE0954 000074 (v01 BOCHS  BXPCFACP 00000001 BXPC 00000001)
[    0.000000] ACPI: DSDT 0x00000000BFFDFD80 000BD4 (v01 BOCHS  BXPCDSDT 00000001 BXPC 00000001)
[    0.000000] ACPI: FACS 0x00000000BFFDFD40 000040
[    0.000000] ACPI: SSDT 0x00000000BFFE09C8 000A81 (v01 BOCHS  BXPCSSDT 00000001 BXPC 00000001)
[    0.000000] ACPI: APIC 0x00000000BFFE1449 000090 (v01 BOCHS  BXPCAPIC 00000001 BXPC 00000001)
[    0.000000] ACPI: HPET 0x00000000BFFE14D9 000038 (v01 BOCHS  BXPCHPET 00000001 BXPC 00000001)
[    0.000000] ACPI: Local APIC address 0xfee00000
[    0.000000] No NUMA configuration found
[    0.000000] Faking a node at [mem 0x0000000000000000-0x000000013fffffff]
[    0.000000] NODE_DATA(0) allocated [mem 0x13fff9000-0x13fffcfff]
[    0.000000] kvm-clock: Using msrs 4b564d01 and 4b564d00
[    0.000000] kvm-clock: cpu 0, msr 1:3fff8001, primary cpu clock
[    0.000000] clocksource: kvm-clock: mask: 0xffffffffffffffff max_cycles: 0x1cd42e4dffb, max_idle_ns: 881590591483 ns
[    0.000000]  [ffffea0000000000-ffffea0004ffffff] PMD -> [ffff88013b600000-ffff88013f5fffff] on node 0
[    0.000000] Zone ranges:
[    0.000000]   DMA      [mem 0x0000000000001000-0x0000000000ffffff]
[    0.000000]   DMA32    [mem 0x0000000001000000-0x00000000ffffffff]
[    0.000000]   Normal   [mem 0x0000000100000000-0x000000013fffffff]
[    0.000000] Movable zone start for each node
[    0.000000] Early memory node ranges
[    0.000000]   node   0: [mem 0x0000000000001000-0x000000000009efff]
[    0.000000]   node   0: [mem 0x0000000000100000-0x00000000bffdefff]
[    0.000000]   node   0: [mem 0x0000000100000000-0x000000013fffffff]
[    0.000000] Initmem setup node 0 [mem 0x0000000000001000-0x000000013fffffff]
[    0.000000] On node 0 totalpages: 1048445
[    0.000000]   DMA zone: 64 pages used for memmap
[    0.000000]   DMA zone: 21 pages reserved
[    0.000000]   DMA zone: 3998 pages, LIFO batch:0
[    0.000000]   DMA32 zone: 12224 pages used for memmap
[    0.000000]   DMA32 zone: 782303 pages, LIFO batch:31
[    0.000000]   Normal zone: 4096 pages used for memmap
[    0.000000]   Normal zone: 262144 pages, LIFO batch:31
[    0.000000] ACPI: PM-Timer IO Port: 0x608
[    0.000000] ACPI: Local APIC address 0xfee00000
[    0.000000] ACPI: LAPIC_NMI (acpi_id[0xff] dfl dfl lint[0x1])
[    0.000000] IOAPIC[0]: apic_id 0, version 17, address 0xfec00000, GSI 0-23
[    0.000000] ACPI: INT_SRC_OVR (bus 0 bus_irq 0 global_irq 2 dfl dfl)
[    0.000000] ACPI: INT_SRC_OVR (bus 0 bus_irq 5 global_irq 5 high level)
[    0.000000] ACPI: INT_SRC_OVR (bus 0 bus_irq 9 global_irq 9 high level)
[    0.000000] ACPI: INT_SRC_OVR (bus 0 bus_irq 10 global_irq 10 high level)
[    0.000000] ACPI: INT_SRC_OVR (bus 0 bus_irq 11 global_irq 11 high level)
[    0.000000] ACPI: IRQ0 used by override.
[    0.000000] ACPI: IRQ5 used by override.
[    0.000000] ACPI: IRQ9 used by override.
[    0.000000] ACPI: IRQ10 used by override.
[    0.000000] ACPI: IRQ11 used by override.
[    0.000000] Using ACPI (MADT) for SMP configuration information
[    0.000000] ACPI: HPET id: 0x8086a201 base: 0xfed00000
[    0.000000] smpboot: Allowing 4 CPUs, 0 hotplug CPUs
[    0.000000] PM: Registered nosave memory: [mem 0x00000000-0x00000fff]
[    0.000000] PM: Registered nosave memory: [mem 0x0009f000-0x0009ffff]
[    0.000000] PM: Registered nosave memory: [mem 0x000a0000-0x000effff]
[    0.000000] PM: Registered nosave memory: [mem 0x000f0000-0x000fffff]
[    0.000000] PM: Registered nosave memory: [mem 0xbffdf000-0xbfffffff]
[    0.000000] PM: Registered nosave memory: [mem 0xc0000000-0xfeffbfff]
[    0.000000] PM: Registered nosave memory: [mem 0xfeffc000-0xfeffffff]
[    0.000000] PM: Registered nosave memory: [mem 0xff000000-0xfffbffff]
[    0.000000] PM: Registered nosave memory: [mem 0xfffc0000-0xffffffff]
[    0.000000] e820: [mem 0xc0000000-0xfeffbfff] available for PCI devices
[    0.000000] Booting paravirtualized kernel on KVM
[    0.000000] clocksource: refined-jiffies: mask: 0xffffffff max_cycles: 0xffffffff, max_idle_ns: 1910969940391419 ns
[    0.000000] setup_percpu: NR_CPUS:64 nr_cpumask_bits:64 nr_cpu_ids:4 nr_node_ids:1
[    0.000000] PERCPU: Embedded 31 pages/cpu @ffff88013fc00000 s89624 r8192 d29160 u524288
[    0.000000] pcpu-alloc: s89624 r8192 d29160 u524288 alloc=1*2097152
[    0.000000] pcpu-alloc: [0] 0 1 2 3 
[    0.000000] KVM setup async PF for cpu 0
[    0.000000] kvm-stealtime: cpu 0, msr 13fc0d440
[    0.000000] Built 1 zonelists in Node order, mobility grouping on.  Total pages: 1032040
[    0.000000] Policy zone: Normal
[    0.000000] Kernel command line: console=ttyS0 root=/dev/sda debug earlyprintk=serial
[    0.000000] PID hash table entries: 4096 (order: 3, 32768 bytes)
[    0.000000] Calgary: detecting Calgary via BIOS EBDA area
[    0.000000] Calgary: Unable to locate Rio Grande table in EBDA - bailing!
[    0.000000] Memory: 4042292K/4193780K available (8706K kernel code, 1107K rwdata, 2792K rodata, 2776K init, 924K bss, 151488K reserved, 0K cma-reserved)
[    0.000000] SLUB: HWalign=64, Order=0-3, MinObjects=0, CPUs=4, Nodes=1
[    0.000000] Hierarchical RCU implementation.
[    0.000000] 	Additional per-CPU info printed with stalls.
[    0.000000] 	Build-time adjustment of leaf fanout to 64.
[    0.000000] 	RCU restricting CPUs from NR_CPUS=64 to nr_cpu_ids=4.
[    0.000000] RCU: Adjusting geometry for rcu_fanout_leaf=64, nr_cpu_ids=4
[    0.000000] NR_IRQS:4352 nr_irqs:456 16
[    0.000000] Console: colour VGA+ 80x25
[    0.000000] console [ttyS0] enabled
[    0.000000] console [ttyS0] enabled
[    0.000000] bootconsole [earlyser0] disabled
[    0.000000] bootconsole [earlyser0] disabled
[    0.000000] clocksource: hpet: mask: 0xffffffff max_cycles: 0xffffffff, max_idle_ns: 19112604467 ns
[    0.000000] hpet clockevent registered
[    0.000000] tsc: Detected 3392.294 MHz processor
[    0.003000] Calibrating delay loop (skipped) preset value.. 6784.58 BogoMIPS (lpj=3392294)
[    0.003004] pid_max: default: 32768 minimum: 301
[    0.003524] ACPI: Core revision 20150619
[    0.018473] ACPI: All ACPI Tables successfully acquired
[    0.019106] Security Framework initialized
[    0.019557] SELinux:  Initializing.
[    0.020012] SELinux:  Starting in permissive mode
[    0.021017] Dentry cache hash table entries: 524288 (order: 10, 4194304 bytes)
[    0.023010] Inode-cache hash table entries: 262144 (order: 9, 2097152 bytes)
[    0.024171] Mount-cache hash table entries: 8192 (order: 4, 65536 bytes)
[    0.024897] Mountpoint-cache hash table entries: 8192 (order: 4, 65536 bytes)
[    0.026233] Initializing cgroup subsys freezer
[    0.026798] mce: CPU supports 10 MCE banks
[    0.027037] Last level iTLB entries: 4KB 0, 2MB 0, 4MB 0
[    0.027603] Last level dTLB entries: 4KB 0, 2MB 0, 4MB 0, 1GB 0
[    0.028137] Freeing SMP alternatives memory: 32K (ffffffff821cc000 - ffffffff821d4000)
[    0.032689] ..TIMER: vector=0x30 apic1=0 pin1=2 apic2=-1 pin2=-1
[    0.033000] smpboot: CPU0: Intel QEMU Virtual CPU version 2.5+ (fam: 06, model: 06, stepping: 03)
[    0.033034] Performance Events: Broken PMU hardware detected, using software events only.
[    0.034002] Failed to access perfctr msr (MSR c2 is 0)
[    0.035357] x86: Booting SMP configuration:
[    0.035857] .... node  #0, CPUs:      #1
[    0.003000] kvm-clock: cpu 1, msr 1:3fff8041, secondary cpu clock
[    0.039017] KVM setup async PF for cpu 1
[    0.039863]  #2
[    0.039863] kvm-stealtime: cpu 1, msr 13fc8d440
[    0.003000] kvm-clock: cpu 2, msr 1:3fff8081, secondary cpu clock
[    0.042020] KVM setup async PF for cpu 2
[    0.042494]  #3
[    0.042495] kvm-stealtime: cpu 2, msr 13fd0d440
[    0.003000] kvm-clock: cpu 3, msr 1:3fff80c1, secondary cpu clock
[    0.045023] x86: Booted up 1 node, 4 CPUs
[    0.045015] KVM setup async PF for cpu 3
[    0.045015] kvm-stealtime: cpu 3, msr 13fd8d440
[    0.046868] smpboot: Total of 4 processors activated (27138.35 BogoMIPS)
[    0.048199] devtmpfs: initialized
[    0.049629] kworker/u8:0 (26) used greatest stack depth: 14272 bytes left
[    0.050095] clocksource: jiffies: mask: 0xffffffff max_cycles: 0xffffffff, max_idle_ns: 1911260446275000 ns
[    0.050293] RTC time: 18:01:01, date: 11/01/16
[    0.050607] NET: Registered protocol family 16
[    0.052104] kworker/u8:0 (29) used greatest stack depth: 13904 bytes left
[    0.058011] cpuidle: using governor ladder
[    0.062013] cpuidle: using governor menu
[    0.062657] ACPI: bus type PCI registered
[    0.063265] PCI: Using configuration type 1 for base access
[    0.067824] kworker/u8:0 (88) used greatest stack depth: 13680 bytes left
[    0.069002] kworker/u8:0 (109) used greatest stack depth: 13624 bytes left
[    0.086272] ACPI: Added _OSI(Module Device)
[    0.087010] ACPI: Added _OSI(Processor Device)
[    0.087472] ACPI: Added _OSI(3.0 _SCP Extensions)
[    0.088002] ACPI: Added _OSI(Processor Aggregator Device)
[    0.095204] ACPI: Interpreter enabled
[    0.095611] ACPI Exception: AE_NOT_FOUND, While evaluating Sleep State [\_S1_] (20150619/hwxface-580)
[    0.096568] ACPI Exception: AE_NOT_FOUND, While evaluating Sleep State [\_S2_] (20150619/hwxface-580)
[    0.097591] ACPI: (supports S0 S3 S4 S5)
[    0.098001] ACPI: Using IOAPIC for interrupt routing
[    0.098597] PCI: Using host bridge windows from ACPI; if necessary, use "pci=nocrs" and report a bug
[    0.126504] ACPI: PCI Root Bridge [PCI0] (domain 0000 [bus 00-ff])
[    0.127011] acpi PNP0A03:00: _OSC: OS supports [ASPM ClockPM Segments MSI]
[    0.127781] acpi PNP0A03:00: _OSC failed (AE_NOT_FOUND); disabling ASPM
[    0.128066] acpi PNP0A03:00: fail to add MMCONFIG information, can't access extended PCI configuration space under this bridge.
[    0.129304] PCI host bridge to bus 0000:00
[    0.129763] pci_bus 0000:00: root bus resource [bus 00-ff]
[    0.130014] pci_bus 0000:00: root bus resource [io  0x0000-0x0cf7 window]
[    0.131005] pci_bus 0000:00: root bus resource [io  0x0d00-0xffff window]
[    0.131695] pci_bus 0000:00: root bus resource [mem 0x000a0000-0x000bffff window]
[    0.132005] pci_bus 0000:00: root bus resource [mem 0xc0000000-0xfebfffff window]
[    0.133035] pci 0000:00:00.0: [8086:1237] type 00 class 0x060000
[    0.135272] pci 0000:00:01.0: [8086:7000] type 00 class 0x060100
[    0.137081] pci 0000:00:01.1: [8086:7010] type 00 class 0x010180
[    0.139373] pci 0000:00:01.1: reg 0x20: [io  0xc040-0xc04f]
[    0.140836] pci 0000:00:01.1: legacy IDE quirk: reg 0x10: [io  0x01f0-0x01f7]
[    0.141002] pci 0000:00:01.1: legacy IDE quirk: reg 0x14: [io  0x03f6]
[    0.142002] pci 0000:00:01.1: legacy IDE quirk: reg 0x18: [io  0x0170-0x0177]
[    0.143002] pci 0000:00:01.1: legacy IDE quirk: reg 0x1c: [io  0x0376]
[    0.144605] pci 0000:00:01.3: [8086:7113] type 00 class 0x068000
[    0.145267] pci 0000:00:01.3: quirk: [io  0x0600-0x063f] claimed by PIIX4 ACPI
[    0.146008] pci 0000:00:01.3: quirk: [io  0x0700-0x070f] claimed by PIIX4 SMB
[    0.147911] pci 0000:00:02.0: [1234:1111] type 00 class 0x030000
[    0.149367] pci 0000:00:02.0: reg 0x10: [mem 0xfd000000-0xfdffffff pref]
[    0.151659] pci 0000:00:02.0: reg 0x18: [mem 0xfebf0000-0xfebf0fff]
[    0.156011] pci 0000:00:02.0: reg 0x30: [mem 0xfebe0000-0xfebeffff pref]
[    0.157856] pci 0000:00:03.0: [8086:100e] type 00 class 0x020000
[    0.158630] pci 0000:00:03.0: reg 0x10: [mem 0xfebc0000-0xfebdffff]
[    0.159577] pci 0000:00:03.0: reg 0x14: [io  0xc000-0xc03f]
[    0.163322] pci 0000:00:03.0: reg 0x30: [mem 0xfeb80000-0xfebbffff pref]
[    0.167768] ACPI: PCI Interrupt Link [LNKA] (IRQs 5 *10 11)
[    0.169546] ACPI: PCI Interrupt Link [LNKB] (IRQs 5 *10 11)
[    0.170694] ACPI: PCI Interrupt Link [LNKC] (IRQs 5 10 *11)
[    0.171656] ACPI: PCI Interrupt Link [LNKD] (IRQs 5 10 *11)
[    0.172354] ACPI: PCI Interrupt Link [LNKS] (IRQs *9)
[    0.176413] ACPI: Enabled 16 GPEs in block 00 to 0F
[    0.177244] vgaarb: setting as boot device: PCI:0000:00:02.0
[    0.177612] vgaarb: device added: PCI:0000:00:02.0,decodes=io+mem,owns=io+mem,locks=none
[    0.178010] vgaarb: loaded
[    0.179516] vgaarb: bridge control possible 0000:00:02.0
[    0.180550] SCSI subsystem initialized
[    0.181089] libata version 3.00 loaded.
[    0.181725] ACPI: bus type USB registered
[    0.182169] usbcore: registered new interface driver usbfs
[    0.183250] usbcore: registered new interface driver hub
[    0.183879] usbcore: registered new device driver usb
[    0.184274] pps_core: LinuxPPS API ver. 1 registered
[    0.185008] pps_core: Software ver. 5.3.6 - Copyright 2005-2007 Rodolfo Giometti <giometti@linux.it>
[    0.186054] PTP clock support registered
[    0.187215] Advanced Linux Sound Architecture Driver Initialized.
[    0.187977] PCI: Using ACPI for IRQ routing
[    0.188006] PCI: pci_cache_line_size set to 64 bytes
[    0.188577] e820: reserve RAM buffer [mem 0x0009fc00-0x0009ffff]
[    0.189005] e820: reserve RAM buffer [mem 0xbffdf000-0xbfffffff]
[    0.191297] NetLabel: Initializing
[    0.191383] NetLabel:  domain hash size = 128
[    0.192008] NetLabel:  protocols = UNLABELED CIPSOv4
[    0.192561] NetLabel:  unlabeled traffic allowed by default
[    0.193137] HPET: 3 timers in total, 0 timers will be used for per-cpu timer
[    0.194032] hpet0: at MMIO 0xfed00000, IRQs 2, 8, 0
[    0.195117] hpet0: 3 comparators, 64-bit 100.000000 MHz counter
[    0.201050] clocksource: Switched to clocksource kvm-clock
[    0.253357] pnp: PnP ACPI init
[    0.254067] pnp 00:00: Plug and Play ACPI device, IDs PNP0b00 (active)
[    0.255295] pnp 00:01: Plug and Play ACPI device, IDs PNP0303 (active)
[    0.256215] pnp 00:02: Plug and Play ACPI device, IDs PNP0f13 (active)
[    0.257088] pnp 00:03: [dma 2]
[    0.257552] pnp 00:03: Plug and Play ACPI device, IDs PNP0700 (active)
[    0.258553] pnp 00:04: Plug and Play ACPI device, IDs PNP0400 (active)
[    0.259655] pnp 00:05: Plug and Play ACPI device, IDs PNP0501 (active)
[    0.261940] pnp: PnP ACPI: found 6 devices
[    0.278083] clocksource: acpi_pm: mask: 0xffffff max_cycles: 0xffffff, max_idle_ns: 2085701024 ns
[    0.279163] pci_bus 0000:00: resource 4 [io  0x0000-0x0cf7 window]
[    0.279879] pci_bus 0000:00: resource 5 [io  0x0d00-0xffff window]
[    0.280540] pci_bus 0000:00: resource 6 [mem 0x000a0000-0x000bffff window]
[    0.281271] pci_bus 0000:00: resource 7 [mem 0xc0000000-0xfebfffff window]
[    0.282110] NET: Registered protocol family 2
[    0.283020] TCP established hash table entries: 32768 (order: 6, 262144 bytes)
[    0.283905] TCP bind hash table entries: 32768 (order: 7, 524288 bytes)
[    0.284672] TCP: Hash tables configured (established 32768 bind 32768)
[    0.285396] UDP hash table entries: 2048 (order: 4, 65536 bytes)
[    0.286037] UDP-Lite hash table entries: 2048 (order: 4, 65536 bytes)
[    0.286953] NET: Registered protocol family 1
[    0.287762] RPC: Registered named UNIX socket transport module.
[    0.288598] RPC: Registered udp transport module.
[    0.289125] RPC: Registered tcp transport module.
[    0.289614] RPC: Registered tcp NFSv4.1 backchannel transport module.
[    0.290370] pci 0000:00:00.0: Limiting direct PCI/PCI transfers
[    0.291018] pci 0000:00:01.0: PIIX3: Enabling Passive Release
[    0.291650] pci 0000:00:01.0: Activating ISA DMA hang workarounds
[    0.292328] pci 0000:00:02.0: Video device with shadowed ROM
[    0.292943] PCI: CLS 0 bytes, default 64
[    0.293731] PCI-DMA: Using software bounce buffering for IO (SWIOTLB)
[    0.294522] software IO TLB [mem 0xbbfdf000-0xbffdf000] (64MB) mapped at [ffff8800bbfdf000-ffff8800bffdefff]
[    0.295852] microcode: CPU0 sig=0x663, pf=0x1, revision=0x1
[    0.296643] microcode: CPU1 sig=0x663, pf=0x1, revision=0x1
[    0.297569] microcode: CPU2 sig=0x663, pf=0x1, revision=0x1
[    0.298245] microcode: CPU3 sig=0x663, pf=0x1, revision=0x1
[    0.299321] microcode: Microcode Update Driver: v2.00 <tigran@aivazian.fsnet.co.uk>, Peter Oruba
[    0.302088] Scanning for low memory corruption every 60 seconds
[    0.304400] futex hash table entries: 1024 (order: 4, 65536 bytes)
[    0.305140] audit: initializing netlink subsys (disabled)
[    0.305740] audit: type=2000 audit(1478023261.762:1): initialized
[    0.307251] HugeTLB registered 2 MB page size, pre-allocated 0 pages
[    0.323805] VFS: Disk quotas dquot_6.6.0
[    0.324648] VFS: Dquot-cache hash table entries: 512 (order 0, 4096 bytes)
[    0.329565] NFS: Registering the id_resolver key type
[    0.330202] Key type id_resolver registered
[    0.330679] Key type id_legacy registered
[    0.331336] 9p: Installing v9fs 9p2000 file system support
[    0.332582] SELinux:  Registering netfilter hooks
[    0.335794] Block layer SCSI generic (bsg) driver version 0.4 loaded (major 251)
[    0.336580] io scheduler noop registered
[    0.337074] io scheduler deadline registered
[    0.338288] io scheduler cfq registered (default)
[    0.339173] pci_hotplug: PCI Hot Plug PCI Core version: 0.5
[    0.340313] input: Power Button as /devices/LNXSYSTM:00/LNXPWRBN:00/input/input0
[    0.341107] ACPI: Power Button [PWRF]
[    0.343139] Serial: 8250/16550 driver, 4 ports, IRQ sharing enabled
[    0.366564] 00:05: ttyS0 at I/O 0x3f8 (irq = 4, base_baud = 115200) is a 16550A
[    0.371122] Non-volatile memory driver v1.3
[    0.371998] Linux agpgart interface v0.103
[    0.373089] [drm] Initialized drm 1.1.0 20060810
[    0.386151] loop: module loaded
[    0.387416] ata_piix 0000:00:01.1: version 2.13
[    0.391963] scsi host0: ata_piix
[    0.393170] scsi host1: ata_piix
[    0.394070] ata1: PATA max MWDMA2 cmd 0x1f0 ctl 0x3f6 bmdma 0xc040 irq 14
[    0.394846] ata2: PATA max MWDMA2 cmd 0x170 ctl 0x376 bmdma 0xc048 irq 15
[    0.396206] e100: Intel(R) PRO/100 Network Driver, 3.5.24-k2-NAPI
[    0.396988] e100: Copyright(c) 1999-2006 Intel Corporation
[    0.397736] e1000: Intel(R) PRO/1000 Network Driver - version 7.3.21-k8-NAPI
[    0.398618] e1000: Copyright (c) 1999-2006 Intel Corporation.
[    0.546386] ata1.01: NODEV after polling detection
[    0.547698] ata2.01: NODEV after polling detection
[    0.548692] ata2.00: ATAPI: QEMU DVD-ROM, 2.5+, max UDMA/100
[    0.549771] ata1.00: ATA-7: QEMU HARDDISK, 2.5+, max UDMA/100
[    0.550627] ata1.00: 2099200 sectors, multi 16: LBA48 
[    0.551848] ata2.00: configured for MWDMA2
[    0.552911] ata1.00: configured for MWDMA2
[    0.553802] scsi 0:0:0:0: Direct-Access     ATA      QEMU HARDDISK    2.5+ PQ: 0 ANSI: 5
[    0.555717] sd 0:0:0:0: [sda] 2099200 512-byte logical blocks: (1.07 GB/1.00 GiB)
[    0.556053] sd 0:0:0:0: Attached scsi generic sg0 type 0
[    0.557139] scsi 1:0:0:0: CD-ROM            QEMU     QEMU DVD-ROM     2.5+ PQ: 0 ANSI: 5
[    0.558632] sd 0:0:0:0: [sda] Write Protect is off
[    0.559384] sd 0:0:0:0: [sda] Mode Sense: 00 3a 00 00
[    0.560278] sd 0:0:0:0: [sda] Write cache: enabled, read cache: enabled, doesn't support DPO or FUA
[    0.563543] sd 0:0:0:0: [sda] Attached SCSI disk
[    0.569608] sr 1:0:0:0: [sr0] scsi3-mmc drive: 4x/4x cd/rw xa/form2 tray
[    0.570699] cdrom: Uniform CD-ROM driver Revision: 3.20
[    0.572658] sr 1:0:0:0: Attached scsi CD-ROM sr0
[    0.574118] sr 1:0:0:0: Attached scsi generic sg1 type 5
[    0.997733] ACPI: PCI Interrupt Link [LNKC] enabled at IRQ 11
[    1.297099] tsc: Refined TSC clocksource calibration: 3392.375 MHz
[    1.297903] clocksource: tsc: mask: 0xffffffffffffffff max_cycles: 0x30e62bcdfce, max_idle_ns: 440795249041 ns
[    1.298694] e1000 0000:00:03.0 eth0: (PCI:33MHz:32-bit) 52:54:00:12:34:56
[    1.298697] e1000 0000:00:03.0 eth0: Intel(R) PRO/1000 Network Connection
[    1.298777] sky2: driver version 1.30
[    1.299321] ehci_hcd: USB 2.0 'Enhanced' Host Controller (EHCI) Driver
[    1.299325] ehci-pci: EHCI PCI platform driver
[    1.299403] ohci_hcd: USB 1.1 'Open' Host Controller (OHCI) Driver
[    1.299418] ohci-pci: OHCI PCI platform driver
[    1.299491] uhci_hcd: USB Universal Host Controller Interface driver
[    1.299711] usbcore: registered new interface driver usblp
[    1.299815] usbcore: registered new interface driver usb-storage
[    1.299971] i8042: PNP: PS/2 Controller [PNP0303:KBD,PNP0f13:MOU] at 0x60,0x64 irq 1,12
[    1.301711] serio: i8042 KBD port at 0x60,0x64 irq 1
[    1.301723] serio: i8042 AUX port at 0x60,0x64 irq 12
[    1.302487] mousedev: PS/2 mouse device common for all mice
[    1.303212] rtc_cmos 00:00: RTC can wake from S4
[    1.304411] rtc_cmos 00:00: rtc core: registered rtc_cmos as rtc0
[    1.304974] input: AT Translated Set 2 keyboard as /devices/platform/i8042/serio0/input/input1
[    1.305371] rtc_cmos 00:00: alarms up to one day, 114 bytes nvram, hpet irqs
[    1.306387] device-mapper: ioctl: 4.32.0-ioctl (2015-6-26) initialised: dm-devel@redhat.com
[    1.306550] hidraw: raw HID events driver (C) Jiri Kosina
[    1.308248] usbcore: registered new interface driver usbhid
[    1.308248] usbhid: USB HID core driver
[    1.309837] Netfilter messages via NETLINK v0.30.
[    1.309920] nf_conntrack version 0.5.0 (16384 buckets, 65536 max)
[    1.310469] ctnetlink v0.93: registering with nfnetlink.
[    1.310736] ip_tables: (C) 2000-2006 Netfilter Core Team
[    1.311039] Initializing XFRM netlink socket
[    1.312387] NET: Registered protocol family 10
[    1.313213] ip6_tables: (C) 2000-2006 Netfilter Core Team
[    1.313566] sit: IPv6 over IPv4 tunneling driver
[    1.314485] NET: Registered protocol family 17
[    1.314559] 9pnet: Installing 9P2000 support
[    1.314681] Key type dns_resolver registered
[    1.317128] registered taskstats version 1
[    1.317223] kmemleak: Kernel memory leak detector initialized
[    1.317846] kmemleak: Automatic memory scanning thread started
[    1.317900]   Magic number: 8:974:37
[    1.317912] bdi 7:2: hash matches
[    1.323691] console [netcon0] enabled
[    1.324105] netconsole: network logging started
[    1.325267] PM: Hibernation image not present or could not be loaded.
[    1.326030] ALSA device list:
[    1.326343]   No soundcards found.
[    1.923949] input: ImExPS/2 Generic Explorer Mouse as /devices/platform/i8042/serio1/input/input3
[    1.928282] md: Waiting for all devices to be available before autodetect
[    1.929914] md: If you don't use raid, use raid=noautodetect
[    1.934185] md: Autodetecting RAID arrays.
[    1.935109] md: Scanned 0 and added 0 devices.
[    1.936213] md: autorun ...
[    1.936819] md: ... autorun DONE.
[    1.938779] EXT4-fs (sda): couldn't mount as ext3 due to feature incompatibilities
[    1.941981] EXT4-fs (sda): couldn't mount as ext2 due to feature incompatibilities
[    1.952429] EXT4-fs (sda): mounted filesystem with ordered data mode. Opts: (null)
[    1.954108] VFS: Mounted root (ext4 filesystem) readonly on device 8:0.
[    1.956735] devtmpfs: mounted
[    1.958213] Freeing unused kernel memory: 2776K (ffffffff81f16000 - ffffffff821cc000)
[    1.959875] Write protecting the kernel read-only data: 14336k
[    1.962175] Freeing unused kernel memory: 1520K (ffff880001884000 - ffff880001a00000)
[    1.964200] Freeing unused kernel memory: 1304K (ffff880001cba000 - ffff880001e00000)
SELinux:  Could not open policy file <= /etc/selinux/targeted/policy/policy.29:  No such file or directory
INIT: version 2.88 booting
[    2.015679] stty (975) used greatest stack depth: 13128 bytes left
[    2.042716] startpar (978) used greatest stack depth: 13120 bytes left
[[36minfo[39;49m] Using makefile-style concurrent boot in runlevel S.
[    2.175853] ps (1066) used greatest stack depth: 12992 bytes left
[....] Starting the hotplug events dispatcher: udevd[    2.206618] udevd[1083]: starting version 175
[?25l[?1c7[1G[[32m ok [39;49m8[?25h[?0c.
[....] Synthesizing the initial hotplug events...[    2.263787] modprobe (1114) used greatest stack depth: 12928 bytes left
[    2.282212] pci-db (1142) used greatest stack depth: 12800 bytes left
[?25l[?1c7[1G[[32m ok [39;49m8[?25h[?0cdone.
[....] Waiting for /dev to be fully populated...[    2.350112] cdrom_id (1212) used greatest stack depth: 12792 bytes left
[?25l[?1c7[1G[[32m ok [39;49m8[?25h[?0cdone.
[    2.401515] random: nonblocking pool is initialized
[....] Activating swap...[?25l[?1c7[1G[[32m ok [39;49m8[?25h[?0cdone.
[    2.483668] EXT4-fs (sda): re-mounted. Opts: (null)
[....] Creating compatibility symlink from /etc/mtab to /proc/mounts. ...[?25l[?1c7[1G[[33mwarn[39;49m8[?25h[?0c [33m(warning).[39;49m
[....] Cleaning up temporary files... /tmp[?25l[?1c7[1G[[32m ok [39;49m8[?25h[?0c.
[....] Activating lvm and md swap...[?25l[?1c7[1G[[32m ok [39;49m8[?25h[?0cdone.
[....] Checking file systems...fsck from util-linux 2.20.1
[?25l[?1c7[1G[[32m ok [39;49m8[?25h[?0cdone.
[....] Mounting local filesystems...[?25l[?1c7[1G[[32m ok [39;49m8[?25h[?0cdone.
[....] Activating swapfile swap...[?25l[?1c7[1G[[32m ok [39;49m8[?25h[?0cdone.
[....] Cleaning up temporary files...[?25l[?1c7[1G[[32m ok [39;49m8[?25h[?0c.
[....] Setting kernel variables ...[?25l[?1c7[1G[[32m ok [39;49m8[?25h[?0cdone.
[....] Configuring network interfaces...[    3.057856] ip (2267) used greatest stack depth: 12232 bytes left
Internet Systems Consortium DHCP Client 4.2.2
Copyright 2004-2011 Internet Systems Consortium.
All rights reserved.
For info, please visit https://www.isc.org/software/dhcp/

[    3.103706] e1000: eth0 NIC Link is Up 1000 Mbps Full Duplex, Flow Control: RX
Listening on LPF/eth0/52:54:00:12:34:56
Sending on   LPF/eth0/52:54:00:12:34:56
Sending on   Socket/fallback
DHCPDISCOVER on eth0 to 255.255.255.255 port 67 interval 6
DHCPREQUEST on eth0 to 255.255.255.255 port 67
DHCPOFFER from 10.0.2.2
DHCPACK from 10.0.2.2
bound to 10.0.2.15 -- renewal in 33249 seconds.
[?25l[?1c7[1G[[32m ok [39;49m8[?25h[?0cdone.
[....] Cleaning up temporary files...[?25l[?1c7[1G[[32m ok [39;49m8[?25h[?0c.
INIT: Entering runlevel: 2
[[36minfo[39;49m] Using makefile-style concurrent boot in runlevel 2.
[....] Starting enhanced syslogd: rsyslogd[?25l[?1c7[1G[[32m ok [39;49m8[?25h[?0c.
[....] Starting periodic command scheduler: cron[?25l[?1c7[1G[[32m ok [39;49m8[?25h[?0c.
[....] Starting OpenBSD Secure Shell server: sshd[?25l[?1c7[1G[[32m ok [39;49m8[?25h[?0c.
[    6.398748] kt: running test for light, case 8, T2533
[    6.398748] 
[    6.403194] kt: starting test light_test_lots_of_wait_on_many_signal_selfdestroy
[    6.510288] kt: end of test
[    6.511971] 
[    6.512565] dump_desc: [signal]
[    6.515021] dump_desc evts:
[    6.517096] dump_desc   ts: 101 101
[    6.519166] dump_desc  ret: 0 0
[    6.521381] 
[    6.522469] dump_desc: [sum_create]
[    6.524870] dump_desc evts: 1 0 4 2 3 5 13 12 11 10 9 8 7 6 14
[    6.528499] dump_desc   ts: 0 0 0 0 0 0 0 0 0 0 0 0 0 0 0
[    6.532878] dump_desc  ret:
[    6.534898] 
[    6.535968] dump_desc: [sum_wait]
[    6.538694] dump_desc evts:
[    6.540770] dump_desc   ts: 101 101 101 101 101 101 101 101 101 101 101 101 101 101 101
[    6.546172] dump_desc  ret: 0 0 0 0 0 0 0 0 0 0 0 0 0 0 0
[    6.550612] 
[    6.551984] dump_desc: [sum_destroy]
[    6.553872] dump_desc evts:
[    6.556295] dump_desc   ts:
[    6.557885] dump_desc  ret: 0 0 0 0 0 0 0 0 0 0 0 0 0 0 0
[    6.562201] 
[    6.562955] dump_desc: [sum_wait2]
[    6.565840] dump_desc evts:
[    6.567826] dump_desc   ts: 101 101 101 101 101 101 101 101 101 101 101 101 101 101 101
[    6.571957] dump_desc  ret: -22 -22 -22 -22 -22 -22 -22 -22 -22 -22 -22 -22 -22 -22 -22
[    6.575548] LIGHT_SUCCESS
[    6.578118] kt: running test for light, case 8, T2551
[    6.578118] 
[    6.581946] kt: starting test light_test_lots_of_wait_on_many_signal_selfdestroy
[    6.690298] kt: end of test
[    6.692331] 
[    6.693415] dump_desc: [signal]
[    6.695954] dump_desc evts:
[    6.698096] dump_desc   ts: 101 101
[    6.699716] dump_desc  ret: 0 0
[    6.702056] 
[    6.702872] dump_desc: [sum_create]
[    6.704618] dump_desc evts: 27 26 25 24 23 22 21 20 19 18 17 16 15 28 29
[    6.709093] dump_desc   ts: 0 0 0 0 0 0 0 0 0 0 0 0 0 0 0
[    6.713531] dump_desc  ret:
[    6.715753] 
[    6.716657] dump_desc: [sum_wait]
[    6.718378] dump_desc evts:
[    6.720909] dump_desc   ts: 101 101 101 101 101 101 101 101 101 101 101 101 101 101 101
[    6.724938] dump_desc  ret: 0 0 0 0 0 0 0 0 0 0 0 0 0 0 0
[    6.728296] 
[    6.729885] dump_desc: [sum_destroy]
[    6.732052] dump_desc evts:
[    6.735273] dump_desc   ts:
[    6.737436] dump_desc  ret: 0 0 0 0 0 0 0 0 0 0 0 0 0 0 0
[    6.742326] 
[    6.743960] dump_desc: [sum_wait2]
[    6.746466] dump_desc evts:
[    6.749638] dump_desc   ts: 101 101 101 101 101 101 101 101 101 101 101 101 101 101 101
[    6.753733] dump_desc  ret: -22 -22 -22 -22 -22 -22 -22 -22 -22 -22 -22 -22 -22 -22 -22
[    6.758128] LIGHT_SUCCESS
[    6.761237] kt: running test for light, case 8, T2568
[    6.761237] 
[    6.764832] kt: starting test light_test_lots_of_wait_on_many_signal_selfdestroy
[    6.872250] kt: end of test
[    6.874196] 
[    6.875103] dump_desc: [signal]
[    6.876565] dump_desc evts:
[    6.878882] dump_desc   ts: 101 101
[    6.880786] dump_desc  ret: 0 0
[    6.883277] 
[    6.884176] dump_desc: [sum_create]
[    6.885786] dump_desc evts: 31 30 32 33 34 35 36 37 38 39 40 41 42 43 44
[    6.890168] dump_desc   ts: 0 0 0 0 0 0 0 0 0 0 0 0 0 0 0
[    6.893885] dump_desc  ret:
[    6.896223] 
[    6.897197] dump_desc: [sum_wait]
[    6.899508] dump_desc evts:
[    6.901477] dump_desc   ts: 101 101 101 101 101 101 101 101 101 101 101 101 101 101 101
[    6.907046] dump_desc  ret: 0 0 0 0 0 0 0 0 0 0 0 0 0 0 0
[    6.909610] 
[    6.911681] dump_desc: [sum_destroy]
[    6.913467] dump_desc evts:
[    6.915158] dump_desc   ts:
[    6.916478] dump_desc  ret: 0 0 0 0 0 0 0 0 0 0 0 0 0 0 0
[    6.919868] 
[    6.921075] dump_desc: [sum_wait2]
[    6.922921] dump_desc evts:
[    6.924952] dump_desc   ts: 101 101 101 101 101 101 101 101 101 101 101 101 101 101 101
[    6.928742] dump_desc  ret: -22 -22 -22 -22 -22 -22 -22 -22 -22 -22 -22 -22 -22 -22 -22
[    6.932072] LIGHT_SUCCESS
[    6.934204] kt: running test for light, case 8, T2585
[    6.934204] 
[    6.937847] kt: starting test light_test_lots_of_wait_on_many_signal_selfdestroy
[    7.046283] kt: end of test
[    7.048129] 
[    7.049192] dump_desc: [signal]
[    7.051841] dump_desc evts:
[    7.054817] dump_desc   ts: 101 101
[    7.057641] dump_desc  ret: 0 0
[    7.060464] 
[    7.061793] dump_desc: [sum_create]
[    7.063355] dump_desc evts: 46 45 47 48 49 50 51 52 53 54 55 56 57 58 59
[    7.068891] dump_desc   ts: 0 0 0 0 0 0 0 0 0 0 0 0 0 0 0
[    7.072903] dump_desc  ret:
[    7.075454] 
[    7.076646] dump_desc: [sum_wait]
[    7.079691] dump_desc evts:
[    7.081543] dump_desc   ts: 101 101 101 101 101 101 101 101 101 101 101 101 101 101 101
[    7.086908] dump_desc  ret: 0 0 0 0 0 0 0 0 0 0 0 0 0 0 0
[    7.090589] 
[    7.091667] dump_desc: [sum_destroy]
[    7.094201] dump_desc evts:
[    7.096421] dump_desc   ts:
[    7.098275] dump_desc  ret: 0 0 0 0 0 0 0 0 0 0 0 0 0 0 0
[    7.102164] 
[    7.103209] dump_desc: [sum_wait2]
[    7.105288] dump_desc evts:
[    7.107852] dump_desc   ts: 101 101 101 101 101 101 101 101 101 101 101 101 101 101 101
[    7.112062] dump_desc  ret: -22 -22 -22 -22 -22 -22 -22 -22 -22 -22 -22 -22 -22 -22 -22
[    7.115770] LIGHT_SUCCESS
[    7.118188] kt: running test for light, case 8, T2602
[    7.118188] 
[    7.121239] kt: starting test light_test_lots_of_wait_on_many_signal_selfdestroy
[    7.227228] kt: end of test
[    7.229753] 
[    7.230906] dump_desc: [signal]
[    7.233968] dump_desc evts:
[    7.236549] dump_desc   ts: 101 101
[    7.239051] dump_desc  ret: 0 0
[    7.241795] 
[    7.243523] dump_desc: [sum_create]
[    7.246545] dump_desc evts: 60 61 62 63 65 64 66 67 68 71 70 69 72 73 74
[    7.250913] dump_desc   ts: 0 0 0 0 0 0 0 0 0 0 0 0 0 0 0
[    7.254126] dump_desc  ret:
[    7.256538] 
[    7.258205] dump_desc: [sum_wait]
[    7.260650] dump_desc evts:
[    7.262630] dump_desc   ts: 101 101 101 101 101 101 101 101 101 101 101 101 101 101 101
[    7.267874] dump_desc  ret: 0 0 0 0 0 0 0 0 0 0 0 0 0 0 0
[    7.271984] 
[    7.272782] dump_desc: [sum_destroy]
[    7.275261] dump_desc evts:
[    7.277336] dump_desc   ts:
[    7.279312] dump_desc  ret: 0 0 0 0 0 0 0 0 0 0 0 0 0 0 0
[    7.282176] 
[    7.282904] dump_desc: [sum_wait2]
[    7.285914] dump_desc evts:
[    7.288559] dump_desc   ts: 101 101 101 101 101 101 101 101 101 101 101 101 101 101 101
[    7.292950] dump_desc  ret: -22 -22 -22 -22 -22 -22 -22 -22 -22 -22 -22 -22 -22 -22 -22
[    7.296640] LIGHT_SUCCESS
[    7.298882] kt: running test for light, case 8, T2619
[    7.298882] 
[    7.301982] kt: starting test light_test_lots_of_wait_on_many_signal_selfdestroy
[    7.408235] kt: end of test
[    7.411389] 
[    7.412429] dump_desc: [signal]
[    7.414693] dump_desc evts:
[    7.416533] dump_desc   ts: 101 101
[    7.419159] dump_desc  ret: 0 0
[    7.421144] 
[    7.421944] dump_desc: [sum_create]
[    7.425061] dump_desc evts: 81 80 79 78 77 76 75 88 87 86 85 84 83 82 89
[    7.428678] dump_desc   ts: 0 0 0 0 0 0 0 0 0 0 0 0 0 0 0
[    7.433099] dump_desc  ret:
[    7.435571] 
[    7.436762] dump_desc: [sum_wait]
[    7.439528] dump_desc evts:
[    7.441492] dump_desc   ts: 101 101 101 101 101 101 101 101 101 101 101 101 101 101 101
[    7.447245] dump_desc  ret: 0 0 0 0 0 0 0 0 0 0 0 0 0 0 0
[    7.451665] 
[    7.453035] dump_desc: [sum_destroy]
[    7.455287] dump_desc evts:
[    7.457923] dump_desc   ts:
[    7.459616] dump_desc  ret: 0 0 0 0 0 0 0 0 0 0 0 0 0 0 0
[    7.464092] 
[    7.465085] dump_desc: [sum_wait2]
[    7.466988] dump_desc evts:
[    7.469162] dump_desc   ts: 101 101 101 101 101 101 101 101 101 101 101 101 101 101 101
[    7.472369] dump_desc  ret: -22 -22 -22 -22 -22 -22 -22 -22 -22 -22 -22 -22 -22 -22 -22
[    7.475887] LIGHT_SUCCESS
[    7.479277] kt: running test for light, case 8, T2636
[    7.479277] 
[    7.482683] kt: starting test light_test_lots_of_wait_on_many_signal_selfdestroy
[    7.590221] kt: end of test
[    7.591609] 
[    7.592450] dump_desc: [signal]
[    7.594994] dump_desc evts:
[    7.596861] dump_desc   ts: 101 101
[    7.599550] dump_desc  ret: 0 0
[    7.601863] 
[    7.602805] dump_desc: [sum_create]
[    7.605489] dump_desc evts: 97 96 98 99 100 101 102 103 104 94 93 92 91 90 95
[    7.611372] dump_desc   ts: 0 0 0 0 0 0 0 0 0 0 0 0 0 0 0
[    7.614069] dump_desc  ret:
[    7.616632] 
[    7.617641] dump_desc: [sum_wait]
[    7.619328] dump_desc evts:
[    7.622109] dump_desc   ts: 101 101 101 101 101 100 100 100 100 101 101 101 101 101 101
[    7.625740] dump_desc  ret: 0 0 0 0 0 0 0 0 0 0 0 0 0 0 0
[    7.628874] 
[    7.630667] dump_desc: [sum_destroy]
[    7.632904] dump_desc evts:
[    7.635818] dump_desc   ts:
[    7.637435] dump_desc  ret: 0 0 0 0 0 0 0 0 0 0 0 0 0 0 0
[    7.641492] 
[    7.642667] dump_desc: [sum_wait2]
[    7.645491] dump_desc evts:
[    7.646837] dump_desc   ts: 101 101 101 101 101 100 100 100 100 101 101 101 101 101 101
[    7.651246] dump_desc  ret: -22 -22 -22 -22 -22 -22 -22 -22 -22 -22 -22 -22 -22 -22 -22
[    7.655511] LIGHT_SUCCESS
[    7.658712] kt: running test for light, case 8, T2653
[    7.658712] 
[    7.662371] kt: starting test light_test_lots_of_wait_on_many_signal_selfdestroy
[    7.769276] kt: end of test
[    7.771189] 
[    7.772661] dump_desc: [signal]
[    7.775264] dump_desc evts:
[    7.777470] dump_desc   ts: 101 101
[    7.780234] dump_desc  ret: 0 0
[    7.782818] 
[    7.784236] dump_desc: [sum_create]
[    7.786681] dump_desc evts: 105 106 107 108 109 110 111 112 113 114 115 116 117 118 119
[    7.791576] dump_desc   ts: 0 0 0 0 0 0 0 0 0 0 0 0 0 0 0
[    7.795247] dump_desc  ret:
[    7.797178] 
[    7.798205] dump_desc: [sum_wait]
[    7.800697] dump_desc evts:
[    7.802812] dump_desc   ts: 101 101 101 101 101 101 101 101 101 101 101 101 101 101 101
[    7.808252] dump_desc  ret: 0 0 0 0 0 0 0 0 0 0 0 0 0 0 0
[    7.812446] 
[    7.813973] dump_desc: [sum_destroy]
[    7.816202] dump_desc evts:
[    7.818936] dump_desc   ts:
[    7.820505] dump_desc  ret: 0 0 0 0 0 0 0 0 0 0 0 0 0 0 0
[    7.823833] 
[    7.825043] dump_desc: [sum_wait2]
[    7.826697] dump_desc evts:
[    7.829248] dump_desc   ts: 101 101 101 101 101 101 101 101 101 101 101 101 101 101 101
[    7.832769] dump_desc  ret: -22 -22 -22 -22 -22 -22 -22 -22 -22 -22 -22 -22 -22 -22 -22
[    7.836359] LIGHT_SUCCESS
[   10.179093] kmemleak: 1 new suspected memory leaks (see /sys/kernel/debug/kmemleak)
INIT: Switching to runlevel: 0
INIT: Sending processes the TERM signal
[[36minfo[39;49m] Using makefile-style concurrent boot in runlevel 0.
[....] Asking all remaining processes to terminate...[?25l[?1c7[1G[[32m ok [39;49m8[?25h[?0cdone.
[....] All processes ended within 1 seconds...[?25l[?1c7[1G[[32m ok [39;49m8[?25h[?0cdone.
[....] Stopping enhanced syslogd: rsyslogd[?25l[?1c7[1G[[32m ok [39;49m8[?25h[?0c.
[....] Deconfiguring network interfaces...Internet Systems Consortium DHCP Client 4.2.2
Copyright 2004-2011 Internet Systems Consortium.
All rights reserved.
For info, please visit https://www.isc.org/software/dhcp/

Listening on LPF/eth0/52:54:00:12:34:56
Sending on   LPF/eth0/52:54:00:12:34:56
Sending on   Socket/fallback
DHCPRELEASE on eth0 to 10.0.2.2 port 67
[?25l[?1c7[1G[[32m ok [39;49m8[?25h[?0cdone.
[[36minfo[39;49m] Saving the system clock.
[[36minfo[39;49m] Hardware Clock updated to Tue Nov  1 18:01:22 UTC 2016.
[....] Deactivating swap...[?25l[?1c7[1G[[32m ok [39;49m8[?25h[?0cdone.
[....] Unmounting local filesystems...[?25l[?1c7[1G[[32m ok [39;49m8[?25h[?0cdone.
[   21.158066] EXT4-fs (sda): re-mounted. Opts: (null)
[[36minfo[39;49m] Will now halt.
[   24.180819] sd 0:0:0:0: [sda] Synchronizing SCSI cache
[   24.181555] sd 0:0:0:0: [sda] Stopping disk
[   24.593414] ACPI: Preparing to enter system sleep state S5
[   24.594026] reboot: Power down
[   24.595008] acpi_power_off called
