early console in setup code
early console in decompress_kernel

Decompressing Linux... Parsing ELF... done.
Booting the kernel.
[    0.000000] Initializing cgroup subsys cpuset
[    0.000000] Initializing cgroup subsys cpu
[    0.000000] Initializing cgroup subsys cpuacct
[    0.000000] Linux version 4.2.0-team50-kt (progman@m91p) (gcc version 5.4.0 20160609 (Ubuntu 5.4.0-6ubuntu1~16.04.2) ) #113 SMP Tue Nov 1 01:38:20 EDT 2016
[    0.000000] Command line: console=ttyS0 root=/dev/sda debug earlyprintk=serial
[    0.000000] x86/fpu: Legacy x87 FPU detected.
[    0.000000] x86/fpu: Using 'lazy' FPU context switches.
[    0.000000] e820: BIOS-provided physical RAM map:
[    0.000000] BIOS-e820: [mem 0x0000000000000000-0x000000000009fbff] usable
[    0.000000] BIOS-e820: [mem 0x000000000009fc00-0x000000000009ffff] reserved
[    0.000000] BIOS-e820: [mem 0x00000000000f0000-0x00000000000fffff] reserved
[    0.000000] BIOS-e820: [mem 0x0000000000100000-0x00000000bffdefff] usable
[    0.000000] BIOS-e820: [mem 0x00000000bffdf000-0x00000000bfffffff] reserved
[    0.000000] BIOS-e820: [mem 0x00000000feffc000-0x00000000feffffff] reserved
[    0.000000] BIOS-e820: [mem 0x00000000fffc0000-0x00000000ffffffff] reserved
[    0.000000] BIOS-e820: [mem 0x0000000100000000-0x000000013fffffff] usable
[    0.000000] bootconsole [earlyser0] enabled
[    0.000000] NX (Execute Disable) protection: active
[    0.000000] SMBIOS 2.8 present.
[    0.000000] DMI: QEMU Standard PC (i440FX + PIIX, 1996), BIOS Ubuntu-1.8.2-1ubuntu1 04/01/2014
[    0.000000] Hypervisor detected: KVM
[    0.000000] e820: update [mem 0x00000000-0x00000fff] usable ==> reserved
[    0.000000] e820: remove [mem 0x000a0000-0x000fffff] usable
[    0.000000] e820: last_pfn = 0x140000 max_arch_pfn = 0x400000000
[    0.000000] MTRR default type: write-back
[    0.000000] MTRR fixed ranges enabled:
[    0.000000]   00000-9FFFF write-back
[    0.000000]   A0000-BFFFF uncachable
[    0.000000]   C0000-FFFFF write-protect
[    0.000000] MTRR variable ranges enabled:
[    0.000000]   0 base 00C0000000 mask FFC0000000 uncachable
[    0.000000]   1 disabled
[    0.000000]   2 disabled
[    0.000000]   3 disabled
[    0.000000]   4 disabled
[    0.000000]   5 disabled
[    0.000000]   6 disabled
[    0.000000]   7 disabled
[    0.000000] x86/PAT: PAT not supported by CPU.
[    0.000000] e820: last_pfn = 0xbffdf max_arch_pfn = 0x400000000
[    0.000000] found SMP MP-table at [mem 0x000f6600-0x000f660f] mapped at [ffff8800000f6600]
[    0.000000] Scanning 1 areas for low memory corruption
[    0.000000] Base memory trampoline at [ffff880000099000] 99000 size 24576
[    0.000000] init_memory_mapping: [mem 0x00000000-0x000fffff]
[    0.000000]  [mem 0x00000000-0x000fffff] page 4k
[    0.000000] BRK [0x022bd000, 0x022bdfff] PGTABLE
[    0.000000] BRK [0x022be000, 0x022befff] PGTABLE
[    0.000000] BRK [0x022bf000, 0x022bffff] PGTABLE
[    0.000000] init_memory_mapping: [mem 0x13fe00000-0x13fffffff]
[    0.000000]  [mem 0x13fe00000-0x13fffffff] page 2M
[    0.000000] BRK [0x022c0000, 0x022c0fff] PGTABLE
[    0.000000] init_memory_mapping: [mem 0x120000000-0x13fdfffff]
[    0.000000]  [mem 0x120000000-0x13fdfffff] page 2M
[    0.000000] init_memory_mapping: [mem 0x00100000-0xbffdefff]
[    0.000000]  [mem 0x00100000-0x001fffff] page 4k
[    0.000000]  [mem 0x00200000-0xbfdfffff] page 2M
[    0.000000]  [mem 0xbfe00000-0xbffdefff] page 4k
[    0.000000] init_memory_mapping: [mem 0x100000000-0x11fffffff]
[    0.000000]  [mem 0x100000000-0x11fffffff] page 2M
[    0.000000] ACPI: Early table checksum verification disabled
[    0.000000] ACPI: RSDP 0x00000000000F65B0 000014 (v00 BOCHS )
[    0.000000] ACPI: RSDT 0x00000000BFFE1511 000034 (v01 BOCHS  BXPCRSDT 00000001 BXPC 00000001)
[    0.000000] ACPI: FACP 0x00000000BFFE0954 000074 (v01 BOCHS  BXPCFACP 00000001 BXPC 00000001)
[    0.000000] ACPI: DSDT 0x00000000BFFDFD80 000BD4 (v01 BOCHS  BXPCDSDT 00000001 BXPC 00000001)
[    0.000000] ACPI: FACS 0x00000000BFFDFD40 000040
[    0.000000] ACPI: SSDT 0x00000000BFFE09C8 000A81 (v01 BOCHS  BXPCSSDT 00000001 BXPC 00000001)
[    0.000000] ACPI: APIC 0x00000000BFFE1449 000090 (v01 BOCHS  BXPCAPIC 00000001 BXPC 00000001)
[    0.000000] ACPI: HPET 0x00000000BFFE14D9 000038 (v01 BOCHS  BXPCHPET 00000001 BXPC 00000001)
[    0.000000] ACPI: Local APIC address 0xfee00000
[    0.000000] No NUMA configuration found
[    0.000000] Faking a node at [mem 0x0000000000000000-0x000000013fffffff]
[    0.000000] NODE_DATA(0) allocated [mem 0x13fff9000-0x13fffcfff]
[    0.000000] kvm-clock: Using msrs 4b564d01 and 4b564d00
[    0.000000] kvm-clock: cpu 0, msr 1:3fff8001, primary cpu clock
[    0.000000] clocksource: kvm-clock: mask: 0xffffffffffffffff max_cycles: 0x1cd42e4dffb, max_idle_ns: 881590591483 ns
[    0.000000]  [ffffea0000000000-ffffea0004ffffff] PMD -> [ffff88013b600000-ffff88013f5fffff] on node 0
[    0.000000] Zone ranges:
[    0.000000]   DMA      [mem 0x0000000000001000-0x0000000000ffffff]
[    0.000000]   DMA32    [mem 0x0000000001000000-0x00000000ffffffff]
[    0.000000]   Normal   [mem 0x0000000100000000-0x000000013fffffff]
[    0.000000] Movable zone start for each node
[    0.000000] Early memory node ranges
[    0.000000]   node   0: [mem 0x0000000000001000-0x000000000009efff]
[    0.000000]   node   0: [mem 0x0000000000100000-0x00000000bffdefff]
[    0.000000]   node   0: [mem 0x0000000100000000-0x000000013fffffff]
[    0.000000] Initmem setup node 0 [mem 0x0000000000001000-0x000000013fffffff]
[    0.000000] On node 0 totalpages: 1048445
[    0.000000]   DMA zone: 64 pages used for memmap
[    0.000000]   DMA zone: 21 pages reserved
[    0.000000]   DMA zone: 3998 pages, LIFO batch:0
[    0.000000]   DMA32 zone: 12224 pages used for memmap
[    0.000000]   DMA32 zone: 782303 pages, LIFO batch:31
[    0.000000]   Normal zone: 4096 pages used for memmap
[    0.000000]   Normal zone: 262144 pages, LIFO batch:31
[    0.000000] ACPI: PM-Timer IO Port: 0x608
[    0.000000] ACPI: Local APIC address 0xfee00000
[    0.000000] ACPI: LAPIC_NMI (acpi_id[0xff] dfl dfl lint[0x1])
[    0.000000] IOAPIC[0]: apic_id 0, version 17, address 0xfec00000, GSI 0-23
[    0.000000] ACPI: INT_SRC_OVR (bus 0 bus_irq 0 global_irq 2 dfl dfl)
[    0.000000] ACPI: INT_SRC_OVR (bus 0 bus_irq 5 global_irq 5 high level)
[    0.000000] ACPI: INT_SRC_OVR (bus 0 bus_irq 9 global_irq 9 high level)
[    0.000000] ACPI: INT_SRC_OVR (bus 0 bus_irq 10 global_irq 10 high level)
[    0.000000] ACPI: INT_SRC_OVR (bus 0 bus_irq 11 global_irq 11 high level)
[    0.000000] ACPI: IRQ0 used by override.
[    0.000000] ACPI: IRQ5 used by override.
[    0.000000] ACPI: IRQ9 used by override.
[    0.000000] ACPI: IRQ10 used by override.
[    0.000000] ACPI: IRQ11 used by override.
[    0.000000] Using ACPI (MADT) for SMP configuration information
[    0.000000] ACPI: HPET id: 0x8086a201 base: 0xfed00000
[    0.000000] smpboot: Allowing 4 CPUs, 0 hotplug CPUs
[    0.000000] PM: Registered nosave memory: [mem 0x00000000-0x00000fff]
[    0.000000] PM: Registered nosave memory: [mem 0x0009f000-0x0009ffff]
[    0.000000] PM: Registered nosave memory: [mem 0x000a0000-0x000effff]
[    0.000000] PM: Registered nosave memory: [mem 0x000f0000-0x000fffff]
[    0.000000] PM: Registered nosave memory: [mem 0xbffdf000-0xbfffffff]
[    0.000000] PM: Registered nosave memory: [mem 0xc0000000-0xfeffbfff]
[    0.000000] PM: Registered nosave memory: [mem 0xfeffc000-0xfeffffff]
[    0.000000] PM: Registered nosave memory: [mem 0xff000000-0xfffbffff]
[    0.000000] PM: Registered nosave memory: [mem 0xfffc0000-0xffffffff]
[    0.000000] e820: [mem 0xc0000000-0xfeffbfff] available for PCI devices
[    0.000000] Booting paravirtualized kernel on KVM
[    0.000000] clocksource: refined-jiffies: mask: 0xffffffff max_cycles: 0xffffffff, max_idle_ns: 1910969940391419 ns
[    0.000000] setup_percpu: NR_CPUS:64 nr_cpumask_bits:64 nr_cpu_ids:4 nr_node_ids:1
[    0.000000] PERCPU: Embedded 31 pages/cpu @ffff88013fc00000 s89624 r8192 d29160 u524288
[    0.000000] pcpu-alloc: s89624 r8192 d29160 u524288 alloc=1*2097152
[    0.000000] pcpu-alloc: [0] 0 1 2 3 
[    0.000000] KVM setup async PF for cpu 0
[    0.000000] kvm-stealtime: cpu 0, msr 13fc0d440
[    0.000000] Built 1 zonelists in Node order, mobility grouping on.  Total pages: 1032040
[    0.000000] Policy zone: Normal
[    0.000000] Kernel command line: console=ttyS0 root=/dev/sda debug earlyprintk=serial
[    0.000000] PID hash table entries: 4096 (order: 3, 32768 bytes)
[    0.000000] Calgary: detecting Calgary via BIOS EBDA area
[    0.000000] Calgary: Unable to locate Rio Grande table in EBDA - bailing!
[    0.000000] Memory: 4042292K/4193780K available (8706K kernel code, 1107K rwdata, 2792K rodata, 2776K init, 924K bss, 151488K reserved, 0K cma-reserved)
[    0.000000] SLUB: HWalign=64, Order=0-3, MinObjects=0, CPUs=4, Nodes=1
[    0.000000] Hierarchical RCU implementation.
[    0.000000] 	Additional per-CPU info printed with stalls.
[    0.000000] 	Build-time adjustment of leaf fanout to 64.
[    0.000000] 	RCU restricting CPUs from NR_CPUS=64 to nr_cpu_ids=4.
[    0.000000] RCU: Adjusting geometry for rcu_fanout_leaf=64, nr_cpu_ids=4
[    0.000000] NR_IRQS:4352 nr_irqs:456 16
[    0.000000] Console: colour VGA+ 80x25
[    0.000000] console [ttyS0] enabled
[    0.000000] console [ttyS0] enabled
[    0.000000] bootconsole [earlyser0] disabled
[    0.000000] bootconsole [earlyser0] disabled
[    0.000000] clocksource: hpet: mask: 0xffffffff max_cycles: 0xffffffff, max_idle_ns: 19112604467 ns
[    0.000000] hpet clockevent registered
[    0.000000] tsc: Detected 3392.294 MHz processor
[    0.002000] Calibrating delay loop (skipped) preset value.. 6784.58 BogoMIPS (lpj=3392294)
[    0.002301] pid_max: default: 32768 minimum: 301
[    0.003024] ACPI: Core revision 20150619
[    0.018151] ACPI: All ACPI Tables successfully acquired
[    0.018888] Security Framework initialized
[    0.019003] SELinux:  Initializing.
[    0.019425] SELinux:  Starting in permissive mode
[    0.020461] Dentry cache hash table entries: 524288 (order: 10, 4194304 bytes)
[    0.022663] Inode-cache hash table entries: 262144 (order: 9, 2097152 bytes)
[    0.023282] Mount-cache hash table entries: 8192 (order: 4, 65536 bytes)
[    0.024017] Mountpoint-cache hash table entries: 8192 (order: 4, 65536 bytes)
[    0.025596] Initializing cgroup subsys freezer
[    0.026088] mce: CPU supports 10 MCE banks
[    0.026578] Last level iTLB entries: 4KB 0, 2MB 0, 4MB 0
[    0.027003] Last level dTLB entries: 4KB 0, 2MB 0, 4MB 0, 1GB 0
[    0.028137] Freeing SMP alternatives memory: 32K (ffffffff821cc000 - ffffffff821d4000)
[    0.032368] ..TIMER: vector=0x30 apic1=0 pin1=2 apic2=-1 pin2=-1
[    0.033000] smpboot: CPU0: Intel QEMU Virtual CPU version 2.5+ (fam: 06, model: 06, stepping: 03)
[    0.033270] Performance Events: Broken PMU hardware detected, using software events only.
[    0.034002] Failed to access perfctr msr (MSR c2 is 0)
[    0.036252] x86: Booting SMP configuration:
[    0.036891] .... node  #0, CPUs:      #1
[    0.002000] kvm-clock: cpu 1, msr 1:3fff8041, secondary cpu clock
[    0.040019] KVM setup async PF for cpu 1
[    0.040757]  #2
[    0.040757] kvm-stealtime: cpu 1, msr 13fc8d440
[    0.002000] kvm-clock: cpu 2, msr 1:3fff8081, secondary cpu clock
[    0.043025] KVM setup async PF for cpu 2
[    0.043566]  #3
[    0.043566] kvm-stealtime: cpu 2, msr 13fd0d440
[    0.002000] kvm-clock: cpu 3, msr 1:3fff80c1, secondary cpu clock
[    0.046035] x86: Booted up 1 node, 4 CPUs
[    0.046023] KVM setup async PF for cpu 3
[    0.046023] kvm-stealtime: cpu 3, msr 13fd8d440
[    0.048004] smpboot: Total of 4 processors activated (27138.35 BogoMIPS)
[    0.049243] devtmpfs: initialized
[    0.051146] kworker/u8:0 (26) used greatest stack depth: 14408 bytes left
[    0.051505] clocksource: jiffies: mask: 0xffffffff max_cycles: 0xffffffff, max_idle_ns: 1911260446275000 ns
[    0.052004] RTC time: 18:01:27, date: 11/01/16
[    0.052452] NET: Registered protocol family 16
[    0.055053] kworker/u8:0 (28) used greatest stack depth: 13904 bytes left
[    0.060063] cpuidle: using governor ladder
[    0.065030] cpuidle: using governor menu
[    0.065675] ACPI: bus type PCI registered
[    0.066346] PCI: Using configuration type 1 for base access
[    0.074607] kworker/u8:0 (141) used greatest stack depth: 13680 bytes left
[    0.099172] ACPI: Added _OSI(Module Device)
[    0.099656] ACPI: Added _OSI(Processor Device)
[    0.100003] ACPI: Added _OSI(3.0 _SCP Extensions)
[    0.101006] ACPI: Added _OSI(Processor Aggregator Device)
[    0.107673] ACPI: Interpreter enabled
[    0.108008] ACPI Exception: AE_NOT_FOUND, While evaluating Sleep State [\_S1_] (20150619/hwxface-580)
[    0.109007] ACPI Exception: AE_NOT_FOUND, While evaluating Sleep State [\_S2_] (20150619/hwxface-580)
[    0.110029] ACPI: (supports S0 S3 S4 S5)
[    0.110580] ACPI: Using IOAPIC for interrupt routing
[    0.111100] PCI: Using host bridge windows from ACPI; if necessary, use "pci=nocrs" and report a bug
[    0.140003] ACPI: PCI Root Bridge [PCI0] (domain 0000 [bus 00-ff])
[    0.141011] acpi PNP0A03:00: _OSC: OS supports [ASPM ClockPM Segments MSI]
[    0.141035] acpi PNP0A03:00: _OSC failed (AE_NOT_FOUND); disabling ASPM
[    0.142072] acpi PNP0A03:00: fail to add MMCONFIG information, can't access extended PCI configuration space under this bridge.
[    0.144000] PCI host bridge to bus 0000:00
[    0.144006] pci_bus 0000:00: root bus resource [bus 00-ff]
[    0.144583] pci_bus 0000:00: root bus resource [io  0x0000-0x0cf7 window]
[    0.145005] pci_bus 0000:00: root bus resource [io  0x0d00-0xffff window]
[    0.146013] pci_bus 0000:00: root bus resource [mem 0x000a0000-0x000bffff window]
[    0.146829] pci_bus 0000:00: root bus resource [mem 0xc0000000-0xfebfffff window]
[    0.148035] pci 0000:00:00.0: [8086:1237] type 00 class 0x060000
[    0.149494] pci 0000:00:01.0: [8086:7000] type 00 class 0x060100
[    0.151281] pci 0000:00:01.1: [8086:7010] type 00 class 0x010180
[    0.154005] pci 0000:00:01.1: reg 0x20: [io  0xc040-0xc04f]
[    0.155412] pci 0000:00:01.1: legacy IDE quirk: reg 0x10: [io  0x01f0-0x01f7]
[    0.156002] pci 0000:00:01.1: legacy IDE quirk: reg 0x14: [io  0x03f6]
[    0.156714] pci 0000:00:01.1: legacy IDE quirk: reg 0x18: [io  0x0170-0x0177]
[    0.158002] pci 0000:00:01.1: legacy IDE quirk: reg 0x1c: [io  0x0376]
[    0.159228] pci 0000:00:01.3: [8086:7113] type 00 class 0x068000
[    0.160229] pci 0000:00:01.3: quirk: [io  0x0600-0x063f] claimed by PIIX4 ACPI
[    0.160977] pci 0000:00:01.3: quirk: [io  0x0700-0x070f] claimed by PIIX4 SMB
[    0.163000] pci 0000:00:02.0: [1234:1111] type 00 class 0x030000
[    0.164009] pci 0000:00:02.0: reg 0x10: [mem 0xfd000000-0xfdffffff pref]
[    0.166008] pci 0000:00:02.0: reg 0x18: [mem 0xfebf0000-0xfebf0fff]
[    0.170467] pci 0000:00:02.0: reg 0x30: [mem 0xfebe0000-0xfebeffff pref]
[    0.173023] pci 0000:00:03.0: [8086:100e] type 00 class 0x020000
[    0.174358] pci 0000:00:03.0: reg 0x10: [mem 0xfebc0000-0xfebdffff]
[    0.175614] pci 0000:00:03.0: reg 0x14: [io  0xc000-0xc03f]
[    0.179004] pci 0000:00:03.0: reg 0x30: [mem 0xfeb80000-0xfebbffff pref]
[    0.183888] ACPI: PCI Interrupt Link [LNKA] (IRQs 5 *10 11)
[    0.185069] ACPI: PCI Interrupt Link [LNKB] (IRQs 5 *10 11)
[    0.186306] ACPI: PCI Interrupt Link [LNKC] (IRQs 5 10 *11)
[    0.187665] ACPI: PCI Interrupt Link [LNKD] (IRQs 5 10 *11)
[    0.188427] ACPI: PCI Interrupt Link [LNKS] (IRQs *9)
[    0.192277] ACPI: Enabled 16 GPEs in block 00 to 0F
[    0.193166] vgaarb: setting as boot device: PCI:0000:00:02.0
[    0.193673] vgaarb: device added: PCI:0000:00:02.0,decodes=io+mem,owns=io+mem,locks=none
[    0.195209] vgaarb: loaded
[    0.195517] vgaarb: bridge control possible 0000:00:02.0
[    0.197066] SCSI subsystem initialized
[    0.197123] libata version 3.00 loaded.
[    0.198093] ACPI: bus type USB registered
[    0.199039] usbcore: registered new interface driver usbfs
[    0.200076] usbcore: registered new interface driver hub
[    0.200098] usbcore: registered new device driver usb
[    0.201185] pps_core: LinuxPPS API ver. 1 registered
[    0.201784] pps_core: Software ver. 5.3.6 - Copyright 2005-2007 Rodolfo Giometti <giometti@linux.it>
[    0.203197] PTP clock support registered
[    0.204344] Advanced Linux Sound Architecture Driver Initialized.
[    0.205169] PCI: Using ACPI for IRQ routing
[    0.205169] PCI: pci_cache_line_size set to 64 bytes
[    0.205602] e820: reserve RAM buffer [mem 0x0009fc00-0x0009ffff]
[    0.206005] e820: reserve RAM buffer [mem 0xbffdf000-0xbfffffff]
[    0.208217] NetLabel: Initializing
[    0.208455] NetLabel:  domain hash size = 128
[    0.209009] NetLabel:  protocols = UNLABELED CIPSOv4
[    0.209591] NetLabel:  unlabeled traffic allowed by default
[    0.211088] HPET: 3 timers in total, 0 timers will be used for per-cpu timer
[    0.211088] hpet0: at MMIO 0xfed00000, IRQs 2, 8, 0
[    0.212012] hpet0: 3 comparators, 64-bit 100.000000 MHz counter
[    0.218081] clocksource: Switched to clocksource kvm-clock
[    0.263088] pnp: PnP ACPI init
[    0.263729] pnp 00:00: Plug and Play ACPI device, IDs PNP0b00 (active)
[    0.264624] pnp 00:01: Plug and Play ACPI device, IDs PNP0303 (active)
[    0.265562] pnp 00:02: Plug and Play ACPI device, IDs PNP0f13 (active)
[    0.266444] pnp 00:03: [dma 2]
[    0.266907] pnp 00:03: Plug and Play ACPI device, IDs PNP0700 (active)
[    0.267884] pnp 00:04: Plug and Play ACPI device, IDs PNP0400 (active)
[    0.268855] pnp 00:05: Plug and Play ACPI device, IDs PNP0501 (active)
[    0.270969] pnp: PnP ACPI: found 6 devices
[    0.287095] clocksource: acpi_pm: mask: 0xffffff max_cycles: 0xffffff, max_idle_ns: 2085701024 ns
[    0.288208] pci_bus 0000:00: resource 4 [io  0x0000-0x0cf7 window]
[    0.288941] pci_bus 0000:00: resource 5 [io  0x0d00-0xffff window]
[    0.289626] pci_bus 0000:00: resource 6 [mem 0x000a0000-0x000bffff window]
[    0.290333] pci_bus 0000:00: resource 7 [mem 0xc0000000-0xfebfffff window]
[    0.291575] NET: Registered protocol family 2
[    0.292607] TCP established hash table entries: 32768 (order: 6, 262144 bytes)
[    0.293444] TCP bind hash table entries: 32768 (order: 7, 524288 bytes)
[    0.294185] TCP: Hash tables configured (established 32768 bind 32768)
[    0.294927] UDP hash table entries: 2048 (order: 4, 65536 bytes)
[    0.295645] UDP-Lite hash table entries: 2048 (order: 4, 65536 bytes)
[    0.296612] NET: Registered protocol family 1
[    0.297360] RPC: Registered named UNIX socket transport module.
[    0.297968] RPC: Registered udp transport module.
[    0.298463] RPC: Registered tcp transport module.
[    0.298945] RPC: Registered tcp NFSv4.1 backchannel transport module.
[    0.299618] pci 0000:00:00.0: Limiting direct PCI/PCI transfers
[    0.300241] pci 0000:00:01.0: PIIX3: Enabling Passive Release
[    0.300841] pci 0000:00:01.0: Activating ISA DMA hang workarounds
[    0.301506] pci 0000:00:02.0: Video device with shadowed ROM
[    0.302122] PCI: CLS 0 bytes, default 64
[    0.302722] PCI-DMA: Using software bounce buffering for IO (SWIOTLB)
[    0.303415] software IO TLB [mem 0xbbfdf000-0xbffdf000] (64MB) mapped at [ffff8800bbfdf000-ffff8800bffdefff]
[    0.304642] microcode: CPU0 sig=0x663, pf=0x1, revision=0x1
[    0.305336] microcode: CPU1 sig=0x663, pf=0x1, revision=0x1
[    0.305978] microcode: CPU2 sig=0x663, pf=0x1, revision=0x1
[    0.306674] microcode: CPU3 sig=0x663, pf=0x1, revision=0x1
[    0.307603] microcode: Microcode Update Driver: v2.00 <tigran@aivazian.fsnet.co.uk>, Peter Oruba
[    0.310258] Scanning for low memory corruption every 60 seconds
[    0.312231] futex hash table entries: 1024 (order: 4, 65536 bytes)
[    0.313276] audit: initializing netlink subsys (disabled)
[    0.313895] audit: type=2000 audit(1478023287.768:1): initialized
[    0.315706] HugeTLB registered 2 MB page size, pre-allocated 0 pages
[    0.330212] VFS: Disk quotas dquot_6.6.0
[    0.330913] VFS: Dquot-cache hash table entries: 512 (order 0, 4096 bytes)
[    0.335419] NFS: Registering the id_resolver key type
[    0.335977] Key type id_resolver registered
[    0.336513] Key type id_legacy registered
[    0.337135] 9p: Installing v9fs 9p2000 file system support
[    0.338294] SELinux:  Registering netfilter hooks
[    0.341107] Block layer SCSI generic (bsg) driver version 0.4 loaded (major 251)
[    0.341918] io scheduler noop registered
[    0.342329] io scheduler deadline registered
[    0.343240] io scheduler cfq registered (default)
[    0.343989] pci_hotplug: PCI Hot Plug PCI Core version: 0.5
[    0.345039] input: Power Button as /devices/LNXSYSTM:00/LNXPWRBN:00/input/input0
[    0.345804] ACPI: Power Button [PWRF]
[    0.347412] Serial: 8250/16550 driver, 4 ports, IRQ sharing enabled
[    0.370812] 00:05: ttyS0 at I/O 0x3f8 (irq = 4, base_baud = 115200) is a 16550A
[    0.373833] Non-volatile memory driver v1.3
[    0.374452] Linux agpgart interface v0.103
[    0.375109] [drm] Initialized drm 1.1.0 20060810
[    0.384918] loop: module loaded
[    0.385774] ata_piix 0000:00:01.1: version 2.13
[    0.389449] scsi host0: ata_piix
[    0.390446] scsi host1: ata_piix
[    0.391238] ata1: PATA max MWDMA2 cmd 0x1f0 ctl 0x3f6 bmdma 0xc040 irq 14
[    0.391940] ata2: PATA max MWDMA2 cmd 0x170 ctl 0x376 bmdma 0xc048 irq 15
[    0.393121] e100: Intel(R) PRO/100 Network Driver, 3.5.24-k2-NAPI
[    0.393758] e100: Copyright(c) 1999-2006 Intel Corporation
[    0.394413] e1000: Intel(R) PRO/1000 Network Driver - version 7.3.21-k8-NAPI
[    0.395153] e1000: Copyright (c) 1999-2006 Intel Corporation.
[    0.544526] ata1.01: NODEV after polling detection
[    0.545202] ata2.01: NODEV after polling detection
[    0.545945] ata1.00: ATA-7: QEMU HARDDISK, 2.5+, max UDMA/100
[    0.547202] ata1.00: 2099200 sectors, multi 16: LBA48 
[    0.547849] ata2.00: ATAPI: QEMU DVD-ROM, 2.5+, max UDMA/100
[    0.548822] ata1.00: configured for MWDMA2
[    0.549725] ata2.00: configured for MWDMA2
[    0.549962] scsi 0:0:0:0: Direct-Access     ATA      QEMU HARDDISK    2.5+ PQ: 0 ANSI: 5
[    0.550915] sd 0:0:0:0: [sda] 2099200 512-byte logical blocks: (1.07 GB/1.00 GiB)
[    0.551114] sd 0:0:0:0: [sda] Write Protect is off
[    0.551116] sd 0:0:0:0: [sda] Mode Sense: 00 3a 00 00
[    0.551221] sd 0:0:0:0: [sda] Write cache: enabled, read cache: enabled, doesn't support DPO or FUA
[    0.551248] sd 0:0:0:0: Attached scsi generic sg0 type 0
[    0.553698] sd 0:0:0:0: [sda] Attached SCSI disk
[    0.555871] scsi 1:0:0:0: CD-ROM            QEMU     QEMU DVD-ROM     2.5+ PQ: 0 ANSI: 5
[    0.567743] sr 1:0:0:0: [sr0] scsi3-mmc drive: 4x/4x cd/rw xa/form2 tray
[    0.568481] cdrom: Uniform CD-ROM driver Revision: 3.20
[    0.570300] sr 1:0:0:0: Attached scsi CD-ROM sr0
[    0.571554] sr 1:0:0:0: Attached scsi generic sg1 type 5
[    0.992240] ACPI: PCI Interrupt Link [LNKC] enabled at IRQ 11
[    1.290960] e1000 0000:00:03.0 eth0: (PCI:33MHz:32-bit) 52:54:00:12:34:56
[    1.291702] e1000 0000:00:03.0 eth0: Intel(R) PRO/1000 Network Connection
[    1.292536] sky2: driver version 1.30
[    1.293485] ehci_hcd: USB 2.0 'Enhanced' Host Controller (EHCI) Driver
[    1.294629] ehci-pci: EHCI PCI platform driver
[    1.295372] ohci_hcd: USB 1.1 'Open' Host Controller (OHCI) Driver
[    1.296348] ohci-pci: OHCI PCI platform driver
[    1.297047] uhci_hcd: USB Universal Host Controller Interface driver
[    1.298222] usbcore: registered new interface driver usblp
[    1.299250] usbcore: registered new interface driver usb-storage
[    1.300493] i8042: PNP: PS/2 Controller [PNP0303:KBD,PNP0f13:MOU] at 0x60,0x64 irq 1,12
[    1.302847] serio: i8042 KBD port at 0x60,0x64 irq 1
[    1.303999] serio: i8042 AUX port at 0x60,0x64 irq 12
[    1.306201] mousedev: PS/2 mouse device common for all mice
[    1.308182] input: AT Translated Set 2 keyboard as /devices/platform/i8042/serio0/input/input1
[    1.309724] rtc_cmos 00:00: RTC can wake from S4
[    1.310341] tsc: Refined TSC clocksource calibration: 3392.380 MHz
[    1.311162] clocksource: tsc: mask: 0xffffffffffffffff max_cycles: 0x30e630798d1, max_idle_ns: 440795290543 ns
[    1.311506] rtc_cmos 00:00: rtc core: registered rtc_cmos as rtc0
[    1.311718] rtc_cmos 00:00: alarms up to one day, 114 bytes nvram, hpet irqs
[    1.312547] device-mapper: ioctl: 4.32.0-ioctl (2015-6-26) initialised: dm-devel@redhat.com
[    1.312723] hidraw: raw HID events driver (C) Jiri Kosina
[    1.314858] usbcore: registered new interface driver usbhid
[    1.314859] usbhid: USB HID core driver
[    1.316503] Netfilter messages via NETLINK v0.30.
[    1.316535] nf_conntrack version 0.5.0 (16384 buckets, 65536 max)
[    1.316915] ctnetlink v0.93: registering with nfnetlink.
[    1.317157] ip_tables: (C) 2000-2006 Netfilter Core Team
[    1.317423] Initializing XFRM netlink socket
[    1.318578] NET: Registered protocol family 10
[    1.319274] ip6_tables: (C) 2000-2006 Netfilter Core Team
[    1.319518] sit: IPv6 over IPv4 tunneling driver
[    1.320367] NET: Registered protocol family 17
[    1.320443] 9pnet: Installing 9P2000 support
[    1.320525] Key type dns_resolver registered
[    1.322788] registered taskstats version 1
[    1.322895] kmemleak: Kernel memory leak detector initialized
[    1.322897] kmemleak: Automatic memory scanning thread started
[    1.323557]   Magic number: 8:974:37
[    1.323568] bdi 7:2: hash matches
[    1.329022] console [netcon0] enabled
[    1.329793] netconsole: network logging started
[    1.331632] PM: Hibernation image not present or could not be loaded.
[    1.332586] ALSA device list:
[    1.332986]   No soundcards found.
[    1.940404] input: ImExPS/2 Generic Explorer Mouse as /devices/platform/i8042/serio1/input/input3
[    1.943688] md: Waiting for all devices to be available before autodetect
[    1.946316] md: If you don't use raid, use raid=noautodetect
[    1.950331] md: Autodetecting RAID arrays.
[    1.951579] md: Scanned 0 and added 0 devices.
[    1.952821] md: autorun ...
[    1.953656] md: ... autorun DONE.
[    1.955312] EXT4-fs (sda): couldn't mount as ext3 due to feature incompatibilities
[    1.957447] EXT4-fs (sda): couldn't mount as ext2 due to feature incompatibilities
[    1.967653] EXT4-fs (sda): mounted filesystem with ordered data mode. Opts: (null)
[    1.969530] VFS: Mounted root (ext4 filesystem) readonly on device 8:0.
[    1.971711] devtmpfs: mounted
[    1.972842] Freeing unused kernel memory: 2776K (ffffffff81f16000 - ffffffff821cc000)
[    1.974272] Write protecting the kernel read-only data: 14336k
[    1.975860] Freeing unused kernel memory: 1520K (ffff880001884000 - ffff880001a00000)
[    1.977642] Freeing unused kernel memory: 1304K (ffff880001cba000 - ffff880001e00000)
SELinux:  Could not open policy file <= /etc/selinux/targeted/policy/policy.29:  No such file or directory
INIT: version 2.88 booting
[    2.028415] stty (976) used greatest stack depth: 13128 bytes left
[[36minfo[39;49m] Using makefile-style concurrent boot in runlevel S.
[    2.171220] udevadm (1070) used greatest stack depth: 13120 bytes left
[    2.185956] mknod (1076) used greatest stack depth: 12968 bytes left
[....] Starting the hotplug events dispatcher: udevd[    2.197513] udevd[1084]: starting version 175
[?25l[?1c7[1G[[32m ok [39;49m8[?25h[?0c.
[....] Synthesizing the initial hotplug events...[    2.249209] modprobe (1115) used greatest stack depth: 12800 bytes left
[    2.260370] ata_id (1134) used greatest stack depth: 12648 bytes left
[?25l[?1c7[1G[[32m ok [39;49m8[?25h[?0cdone.
[    2.284811] pci-db (1159) used greatest stack depth: 12592 bytes left
[....] Waiting for /dev to be fully populated...[?25l[?1c7[1G[[32m ok [39;49m8[?25h[?0cdone.
[    2.375801] random: nonblocking pool is initialized
[....] Activating swap...[?25l[?1c7[1G[[32m ok [39;49m8[?25h[?0cdone.
[    2.457495] EXT4-fs (sda): re-mounted. Opts: (null)
[....] Creating compatibility symlink from /etc/mtab to /proc/mounts. ...[?25l[?1c7[1G[[33mwarn[39;49m8[?25h[?0c [33m(warning).[39;49m
[....] Cleaning up temporary files... /tmp[?25l[?1c7[1G[[32m ok [39;49m8[?25h[?0c.
[....] Activating lvm and md swap...[?25l[?1c7[1G[[32m ok [39;49m8[?25h[?0cdone.
[....] Checking file systems...fsck from util-linux 2.20.1
[?25l[?1c7[1G[[32m ok [39;49m8[?25h[?0cdone.
[....] Mounting local filesystems...[?25l[?1c7[1G[[32m ok [39;49m8[?25h[?0cdone.
[....] Activating swapfile swap...[?25l[?1c7[1G[[32m ok [39;49m8[?25h[?0cdone.
[....] Cleaning up temporary files...[?25l[?1c7[1G[[32m ok [39;49m8[?25h[?0c.
[....] Setting kernel variables ...[?25l[?1c7[1G[[32m ok [39;49m8[?25h[?0cdone.
[....] Configuring network interfaces...[    3.054914] ip (2273) used greatest stack depth: 12232 bytes left
Internet Systems Consortium DHCP Client 4.2.2
Copyright 2004-2011 Internet Systems Consortium.
All rights reserved.
For info, please visit https://www.isc.org/software/dhcp/

[    3.108468] IPv6: ADDRCONF(NETDEV_UP): eth0: link is not ready
[    3.110026] e1000: eth0 NIC Link is Up 1000 Mbps Full Duplex, Flow Control: RX
[    3.111549] IPv6: ADDRCONF(NETDEV_CHANGE): eth0: link becomes ready
Listening on LPF/eth0/52:54:00:12:34:56
Sending on   LPF/eth0/52:54:00:12:34:56
Sending on   Socket/fallback
DHCPDISCOVER on eth0 to 255.255.255.255 port 67 interval 6
DHCPREQUEST on eth0 to 255.255.255.255 port 67
DHCPOFFER from 10.0.2.2
DHCPACK from 10.0.2.2
bound to 10.0.2.15 -- renewal in 35399 seconds.
[?25l[?1c7[1G[[32m ok [39;49m8[?25h[?0cdone.
[....] Cleaning up temporary files...[?25l[?1c7[1G[[32m ok [39;49m8[?25h[?0c.
INIT: Entering runlevel: 2
[[36minfo[39;49m] Using makefile-style concurrent boot in runlevel 2.
[....] Starting enhanced syslogd: rsyslogd[?25l[?1c7[1G[[32m ok [39;49m8[?25h[?0c.
[....] Starting periodic command scheduler: cron[?25l[?1c7[1G[[32m ok [39;49m8[?25h[?0c.
[....] Starting OpenBSD Secure Shell server: sshd[?25l[?1c7[1G[[32m ok [39;49m8[?25h[?0c.
[    6.401833] kt: running test for light, case 9, T2541
[    6.401833] 
[    6.405977] kt: starting test light_test_3thread_on_5event_selfdestroy
[    6.918140] kt: end of test
[    6.920763] 
[    6.922271] dump_desc: [signal]
[    6.924807] dump_desc evts:
[    6.927311] dump_desc   ts: 101 101 202 202 303 303 404 404 505 505
[    6.932619] dump_desc  ret: 0 0 0 0 0 0 0 0 0 0
[    6.936144] 
[    6.936855] dump_desc: [sum_create_wait]
[    6.939619] dump_desc evts: 0 1 2 3 4
[    6.941945] dump_desc   ts: 101 101 101 202 202 202 303 303 303 404 404 404 505 505 505
[    6.947252] dump_desc  ret: 0 0 0 0 0 0 0 0 0 0 0 0 0 0 0
[    6.949858] 
[    6.951807] dump_desc: [sum_destroy]
[    6.953872] dump_desc evts:
[    6.956337] dump_desc   ts: 101 101 101 202 202 202 303 303 303 404 404 404 505 505 505
[    6.960574] dump_desc  ret: -22 -22 0 -22 0 -22 -22 -22 0 -22 0 -22 0 -22 -22
[    6.964393] LIGHT_SUCCESS
[    6.967775] kt: running test for light, case 9, T2559
[    6.967775] 
[    6.971150] kt: starting test light_test_3thread_on_5event_selfdestroy
[    7.482156] kt: end of test
[    7.483854] 
[    7.485054] dump_desc: [signal]
[    7.487206] dump_desc evts:
[    7.489424] dump_desc   ts: 101 101 202 202 303 303 404 404 505 505
[    7.493161] dump_desc  ret: 0 0 0 0 0 0 0 0 0 0
[    7.496997] 
[    7.498415] dump_desc: [sum_create_wait]
[    7.500428] dump_desc evts: 6 5 7 9 8
[    7.503412] dump_desc   ts: 101 101 101 202 202 202 303 303 303 404 404 404 505 505 505
[    7.507947] dump_desc  ret: 0 0 0 0 0 0 0 0 0 0 0 0 0 0 0
[    7.511695] 
[    7.513037] dump_desc: [sum_destroy]
[    7.514742] dump_desc evts:
[    7.517227] dump_desc   ts: 101 101 101 202 202 202 303 303 303 404 404 404 505 505 505
[    7.520653] dump_desc  ret: -22 -22 0 -22 0 -22 -22 -22 0 -22 -22 0 -22 0 -22
[    7.523759] LIGHT_SUCCESS
[    7.526899] kt: running test for light, case 9, T2576
[    7.526899] 
[    7.530420] kt: starting test light_test_3thread_on_5event_selfdestroy
[    8.041174] kt: end of test
[    8.042368] 
[    8.043523] dump_desc: [signal]
[    8.045425] dump_desc evts:
[    8.047840] dump_desc   ts: 101 101 202 202 303 303 404 404 505 505
[    8.051739] dump_desc  ret: 0 0 0 0 0 0 0 0 0 0
[    8.055811] 
[    8.057782] dump_desc: [sum_create_wait]
[    8.059987] dump_desc evts: 10 11 12 13 14
[    8.064097] dump_desc   ts: 101 101 101 202 202 202 303 303 303 404 404 404 505 505 505
[    8.068006] dump_desc  ret: 0 0 0 0 0 0 0 0 0 0 0 0 0 0 0
[    8.073826] 
[    8.074818] dump_desc: [sum_destroy]
[    8.076565] dump_desc evts:
[    8.078819] dump_desc   ts: 101 101 101 202 202 202 303 303 303 404 404 404 505 505 505
[    8.082834] dump_desc  ret: -22 -22 0 -22 0 -22 -22 0 -22 -22 0 -22 -22 0 -22
[    8.087159] LIGHT_SUCCESS
[    8.090900] kt: running test for light, case 9, T2593
[    8.090900] 
[    8.095052] kt: starting test light_test_3thread_on_5event_selfdestroy
[    8.604185] kt: end of test
[    8.606125] 
[    8.606850] dump_desc: [signal]
[    8.610217] dump_desc evts:
[    8.612253] dump_desc   ts: 101 101 202 202 303 303 404 404 505 505
[    8.617454] dump_desc  ret: 0 0 0 0 0 0 0 0 0 0
[    8.622197] 
[    8.623696] dump_desc: [sum_create_wait]
[    8.626154] dump_desc evts: 15 16 17 18 19
[    8.629600] dump_desc   ts: 101 101 101 202 202 202 303 303 303 404 404 404 505 505 505
[    8.635342] dump_desc  ret: 0 0 0 0 0 0 0 0 0 0 0 0 0 0 0
[    8.639597] 
[    8.641475] dump_desc: [sum_destroy]
[    8.643401] dump_desc evts:
[    8.645847] dump_desc   ts: 101 101 101 202 202 202 303 303 303 404 404 404 505 505 505
[    8.649623] dump_desc  ret: -22 -22 0 -22 0 -22 -22 0 -22 -22 -22 0 0 -22 -22
[    8.652814] LIGHT_SUCCESS
[    8.655978] kt: running test for light, case 9, T2610
[    8.655978] 
[    8.659364] kt: starting test light_test_3thread_on_5event_selfdestroy
[    9.170126] kt: end of test
[    9.171589] 
[    9.172740] dump_desc: [signal]
[    9.174921] dump_desc evts:
[    9.178886] dump_desc   ts: 101 101 202 202 303 303 404 404 505 505
[    9.182649] dump_desc  ret: 0 0 0 0 0 0 0 0 0 0
[    9.186899] 
[    9.189663] dump_desc: [sum_create_wait]
[    9.192261] dump_desc evts: 20 21 22 24 23
[    9.196495] dump_desc   ts: 101 101 100 202 201 201 302 302 302 403 403 403 504 504 504
[    9.202591] dump_desc  ret: 0 0 0 0 0 0 0 0 0 0 0 0 0 0 0
[    9.206875] 
[    9.208561] dump_desc: [sum_destroy]
[    9.210373] dump_desc evts:
[    9.212135] dump_desc   ts: 101 101 100 202 201 201 302 302 302 403 403 403 504 504 504
[    9.216171] dump_desc  ret: -22 -22 0 0 -22 -22 -22 0 -22 -22 -22 0 -22 0 -22
[    9.220634] LIGHT_SUCCESS
[    9.223992] kt: running test for light, case 9, T2627
[    9.223992] 
[    9.228241] kt: starting test light_test_3thread_on_5event_selfdestroy
[    9.739128] kt: end of test
[    9.742778] 
[    9.744253] dump_desc: [signal]
[    9.746805] dump_desc evts:
[    9.748484] dump_desc   ts: 101 101 202 202 303 303 404 404 505 505
[    9.753087] dump_desc  ret: 0 0 0 0 0 0 0 0 0 0
[    9.756642] 
[    9.757695] dump_desc: [sum_create_wait]
[    9.760512] dump_desc evts: 25 26 29 28 27
[    9.763114] dump_desc   ts: 101 101 101 202 202 202 303 303 303 404 404 404 505 505 505
[    9.769185] dump_desc  ret: 0 0 0 0 0 0 0 0 0 0 0 0 0 0 0
[    9.774212] 
[    9.774957] dump_desc: [sum_destroy]
[    9.777798] dump_desc evts:
[    9.779401] dump_desc   ts: 101 101 101 202 202 202 303 303 303 404 404 404 505 505 505
[    9.784891] dump_desc  ret: -22 0 -22 -22 -22 0 -22 -22 0 -22 0 -22 -22 0 -22
[    9.789149] LIGHT_SUCCESS
[    9.792113] kt: running test for light, case 9, T2645
[    9.792113] 
[    9.798039] kt: starting test light_test_3thread_on_5event_selfdestroy
[   10.308127] kt: end of test
[   10.309863] 
[   10.311567] dump_desc: [signal]
[   10.314727] dump_desc evts:
[   10.317455] dump_desc   ts: 101 101 202 202 303 303 404 404 505 505
[   10.323236] dump_desc  ret: 0 0 0 0 0 0 0 0 0 0
[   10.327554] 
[   10.328993] dump_desc: [sum_create_wait]
[   10.332694] dump_desc evts: 30 31 32 33 34
[   10.336383] dump_desc   ts: 101 101 101 202 202 202 303 303 303 404 404 404 505 505 505
[   10.343335] dump_desc  ret: 0 0 0 0 0 0 0 0 0 0 0 0 0 0 0
[   10.346968] 
[   10.349314] dump_desc: [sum_destroy]
[   10.351701] dump_desc evts:
[   10.353033] dump_desc   ts: 101 101 101 202 202 202 303 303 303 404 404 404 505 505 505
[   10.357641] dump_desc  ret: -22 -22 0 -22 -22 0 -22 -22 0 -22 0 -22 0 -22 -22
[   10.361875] LIGHT_SUCCESS
[   10.365576] kt: running test for light, case 9, T2662
[   10.365576] 
[   10.369707] kt: starting test light_test_3thread_on_5event_selfdestroy
[   10.879210] kt: end of test
[   10.880305] 
[   10.881289] dump_desc: [signal]
[   10.884082] dump_desc evts:
[   10.886744] dump_desc   ts: 101 101 202 202 303 303 404 404 505 505
[   10.891680] dump_desc  ret: 0 0 0 0 0 0 0 0 0 0
[   10.894968] 
[   10.896176] dump_desc: [sum_create_wait]
[   10.899870] dump_desc evts: 35 36 39 38 37
[   10.903283] dump_desc   ts: 101 101 101 202 202 202 303 303 303 404 404 404 505 505 505
[   10.910150] dump_desc  ret: 0 0 0 0 0 0 0 0 0 0 0 0 0 0 0
[   10.914873] 
[   10.916283] dump_desc: [sum_destroy]
[   10.918438] dump_desc evts:
[   10.918955] dump_desc   ts: 101 101 101 202 202 202 303 303 303 404 404 404 505 505 505
[   10.921979] dump_desc  ret: -22 0 -22 -22 -22 0 -22 0 -22 -22 -22 0 -22 -22 0
[   10.926859] LIGHT_SUCCESS
[   13.273433] kmemleak: 1 new suspected memory leaks (see /sys/kernel/debug/kmemleak)
INIT: Switching to runINIT: Sending processes the TERM signal
[[36minfo[39;49m] Using makefile-style concurrent boot in runlevel 0.
[....] Asking all remaining processes to terminate...[?25l[?1c7[1G[[32m ok [39;49m8[?25h[?0cdone.
[....] All processes ended within 1 seconds...[?25l[?1c7[1G[[32m ok [39;49m8[?25h[?0cdone.
[....] Stopping enhanced syslogd: rsyslogd[?25l[?1c7[1G[[32m ok [39;49m8[?25h[?0c.
[....] Deconfiguring network interfaces...Internet Systems Consortium DHCP Client 4.2.2
Copyright 2004-2011 Internet Systems Consortium.
All rights reserved.
For info, please visit https://www.isc.org/software/dhcp/

Listening on LPF/eth0/52:54:00:12:34:56
Sending on   LPF/eth0/52:54:00:12:34:56
Sending on   Socket/fallback
DHCPRELEASE on eth0 to 10.0.2.2 port 67
[?25l[?1c7[1G[[32m ok [39;49m8[?25h[?0cdone.
[[36minfo[39;49m] Saving the system clock.
[[36minfo[39;49m] Hardware Clock updated to Tue Nov  1 18:01:52 UTC 2016.
[....] Deactivating swap...[?25l[?1c7[1G[[32m ok [39;49m8[?25h[?0cdone.
[....] Unmounting local filesystems...[?25l[?1c7[1G[[32m ok [39;49m8[?25h[?0cdone.
[   25.140654] EXT4-fs (sda): re-mounted. Opts: (null)
[[36minfo[39;49m] Will now halt.
[   28.168377] sd 0:0:0:0: [sda] Synchronizing SCSI cache
[   28.169085] sd 0:0:0:0: [sda] Stopping disk
[   28.654347] ACPI: Preparing to enter system sleep state S5
[   28.655000] reboot: Power down
[   28.656712] acpi_power_off called
